[2026-10-02T15:03:58Z] === campaign driver up, 63 h of budget left ===
[2026-10-02T15:03:58Z]     net_plumber: /home/ubuntu/fave-project/net_plumber/build/net_plumber
[2026-10-02T15:03:58Z] --- phase A: the cheap matrix, 51 cells ---
[run ] wl_example_np                wl_example --backend netplumber --expect-violations 0 --limit-class v5 --limit-rss 32768 --limit-wall 86400 --memory-floor 2000 --status-every 60 --out /home/ubuntu/fave-project/fave/bench/campaigns/results_v5_20261002/wl_example_np.json
{"workload": "wl_example", "engine": "netplumber", "status": "completed", "outcome": "correct", "limit_class": "v5", "limit_tripped": "none", "wall_s": 2.125, "peak_rss_mb": 84, "violations": 0, "checks": 10, "verdict_valid": true}
[run ] wl_ifi_np                    wl_ifi --backend netplumber --limit-class v5 --limit-rss 32768 --limit-wall 86400 --memory-floor 2000 --status-every 60 --out /home/ubuntu/fave-project/fave/bench/campaigns/results_v5_20261002/wl_ifi_np.json
{"workload": "wl_ifi", "engine": "netplumber", "status": "completed", "outcome": "measured", "limit_class": "v5", "limit_tripped": "none", "wall_s": 2.075, "peak_rss_mb": 67, "violations": 27, "checks": 299, "verdict_valid": true}
[run ] wl_cloud_np                  wl_cloud --backend netplumber --limit-class v5 --limit-rss 32768 --limit-wall 86400 --memory-floor 2000 --status-every 60 --out /home/ubuntu/fave-project/fave/bench/campaigns/results_v5_20261002/wl_cloud_np.json
{"workload": "wl_cloud", "engine": "netplumber", "status": "completed", "outcome": "measured", "limit_class": "v5", "limit_tripped": "none", "wall_s": 2.226, "peak_rss_mb": 229, "violations": 58, "checks": 71, "verdict_valid": true}
[run ] wl_tum_np                    wl_tum --backend netplumber --limit-class v5 --limit-rss 32768 --limit-wall 86400 --memory-floor 2000 --status-every 60 --out /home/ubuntu/fave-project/fave/bench/campaigns/results_v5_20261002/wl_tum_np.json
{"workload": "wl_tum", "engine": "netplumber", "status": "completed", "outcome": "error", "limit_class": "v5", "limit_tripped": "none", "wall_s": 5.84, "peak_rss_mb": 442, "violations": 0, "checks": null, "verdict_valid": false}
[warn] wl_tum_np exited 1; recorded and continuing
[run ] wl_up_np                     wl_up --backend netplumber --limit-class v5 --limit-rss 32768 --limit-wall 86400 --memory-floor 2000 --status-every 60 --out /home/ubuntu/fave-project/fave/bench/campaigns/results_v5_20261002/wl_up_np.json
{"workload": "wl_up", "engine": "netplumber", "status": "completed", "outcome": "measured", "limit_class": "v5", "limit_tripped": "none", "wall_s": 21.966, "peak_rss_mb": 3759, "violations": 0, "checks": 18811, "verdict_valid": true}
[run ] wl_stanford_np               wl_stanford --backend netplumber --limit-class v5 --limit-rss 32768 --limit-wall 86400 --memory-floor 2000 --status-every 60 --out /home/ubuntu/fave-project/fave/bench/campaigns/results_v5_20261002/wl_stanford_np.json
{"workload": "wl_stanford", "engine": "netplumber", "status": "completed", "outcome": "measured", "limit_class": "v5", "limit_tripped": "none", "wall_s": 6.496, "peak_rss_mb": 992, "violations": 75, "checks": 240, "verdict_valid": true}
[run ] wl_airtel1_np                wl_airtel1 --backend netplumber --expect-violations 0 --limit-class v5 --limit-rss 32768 --limit-wall 86400 --memory-floor 2000 --status-every 60 --out /home/ubuntu/fave-project/fave/bench/campaigns/results_v5_20261002/wl_airtel1_np.json
{"workload": "wl_airtel1", "engine": "netplumber", "status": "completed", "outcome": "correct", "limit_class": "v5", "limit_tripped": "none", "wall_s": 5.241, "peak_rss_mb": 366, "violations": 0, "checks": 256, "verdict_valid": true}
[run ] wl_airtel2_np                wl_airtel2 --backend netplumber --expect-violations 0 --limit-class v5 --limit-rss 32768 --limit-wall 86400 --memory-floor 2000 --status-every 60 --out /home/ubuntu/fave-project/fave/bench/campaigns/results_v5_20261002/wl_airtel2_np.json
{"workload": "wl_airtel2", "engine": "netplumber", "status": "completed", "outcome": "correct", "limit_class": "v5", "limit_tripped": "none", "wall_s": 5.241, "peak_rss_mb": 368, "violations": 0, "checks": 256, "verdict_valid": true}
[run ] wl_i2_np                     wl_i2 --backend netplumber --limit-class v5 --limit-rss 32768 --limit-wall 86400 --memory-floor 2000 --status-every 60 --out /home/ubuntu/fave-project/fave/bench/campaigns/results_v5_20261002/wl_i2_np.json
{"workload": "wl_i2", "engine": "netplumber", "status": "completed", "outcome": "measured", "limit_class": "v5", "limit_tripped": "none", "wall_s": 65.127, "peak_rss_mb": 1899, "violations": 11, "checks": 72, "verdict_valid": true}
[run ] wl_example_ndd               wl_example --apkeep-engine ndd --backend apkeep --expect-violations 0 --limit-class v5 --limit-rss 32768 --limit-wall 86400 --memory-floor 2000 --status-every 60 --out /home/ubuntu/fave-project/fave/bench/campaigns/results_v5_20261002/wl_example_ndd.json
{"workload": "wl_example", "engine": "ndd", "status": "completed", "outcome": "wrong_verdict", "limit_class": "v5", "limit_tripped": "none", "wall_s": 2.127, "peak_rss_mb": 1834, "violations": 1, "checks": 10, "verdict_valid": true}
[warn] wl_example_ndd exited 1; recorded and continuing
[run ] wl_ifi_ndd                   wl_ifi --apkeep-engine ndd --backend apkeep --limit-class v5 --limit-rss 32768 --limit-wall 86400 --memory-floor 2000 --status-every 60 --out /home/ubuntu/fave-project/fave/bench/campaigns/results_v5_20261002/wl_ifi_ndd.json
{"workload": "wl_ifi", "engine": "ndd", "status": "completed", "outcome": "measured", "limit_class": "v5", "limit_tripped": "none", "wall_s": 2.008, "peak_rss_mb": 1414, "violations": 27, "checks": 299, "verdict_valid": true}
[run ] wl_cloud_ndd                 wl_cloud --apkeep-engine ndd --backend apkeep --limit-class v5 --limit-rss 32768 --limit-wall 86400 --memory-floor 2000 --status-every 60 --out /home/ubuntu/fave-project/fave/bench/campaigns/results_v5_20261002/wl_cloud_ndd.json
{"workload": "wl_cloud", "engine": "ndd", "status": "completed", "outcome": "measured", "limit_class": "v5", "limit_tripped": "none", "wall_s": 2.227, "peak_rss_mb": 2035, "violations": 57, "checks": 71, "verdict_valid": true}
[run ] wl_tum_ndd                   wl_tum --apkeep-engine ndd --backend apkeep --limit-class v5 --limit-rss 32768 --limit-wall 86400 --memory-floor 2000 --status-every 60 --out /home/ubuntu/fave-project/fave/bench/campaigns/results_v5_20261002/wl_tum_ndd.json
{"workload": "wl_tum", "engine": "ndd", "status": "completed", "outcome": "error", "limit_class": "v5", "limit_tripped": "none", "wall_s": 4.187, "peak_rss_mb": 1940, "violations": 0, "checks": null, "verdict_valid": false}
[warn] wl_tum_ndd exited 1; recorded and continuing
[run ] wl_up_ndd                    wl_up --apkeep-engine ndd --backend apkeep --limit-class v5 --limit-rss 32768 --limit-wall 86400 --memory-floor 2000 --status-every 60 --out /home/ubuntu/fave-project/fave/bench/campaigns/results_v5_20261002/wl_up_ndd.json
{"workload": "wl_up", "engine": "ndd", "status": "completed", "outcome": "measured", "limit_class": "v5", "limit_tripped": "none", "wall_s": 9.048, "peak_rss_mb": 2002, "violations": 0, "checks": 18811, "verdict_valid": true}
[run ] wl_stanford_ndd              wl_stanford --apkeep-engine ndd --backend apkeep --limit-class v5 --limit-rss 32768 --limit-wall 86400 --memory-floor 2000 --status-every 60 --out /home/ubuntu/fave-project/fave/bench/campaigns/results_v5_20261002/wl_stanford_ndd.json
{"workload": "wl_stanford", "engine": "ndd", "status": "completed", "outcome": "measured", "limit_class": "v5", "limit_tripped": "none", "wall_s": 3.183, "peak_rss_mb": 2152, "violations": 75, "checks": 240, "verdict_valid": true}
[run ] wl_airtel1_ndd               wl_airtel1 --apkeep-engine ndd --backend apkeep --expect-violations 0 --limit-class v5 --limit-rss 32768 --limit-wall 86400 --memory-floor 2000 --status-every 60 --out /home/ubuntu/fave-project/fave/bench/campaigns/results_v5_20261002/wl_airtel1_ndd.json
{"workload": "wl_airtel1", "engine": "ndd", "status": "completed", "outcome": "correct", "limit_class": "v5", "limit_tripped": "none", "wall_s": 3.633, "peak_rss_mb": 2058, "violations": 0, "checks": 256, "verdict_valid": true}
[run ] wl_airtel2_ndd               wl_airtel2 --apkeep-engine ndd --backend apkeep --expect-violations 0 --limit-class v5 --limit-rss 32768 --limit-wall 86400 --memory-floor 2000 --status-every 60 --out /home/ubuntu/fave-project/fave/bench/campaigns/results_v5_20261002/wl_airtel2_ndd.json
{"workload": "wl_airtel2", "engine": "ndd", "status": "completed", "outcome": "correct", "limit_class": "v5", "limit_tripped": "none", "wall_s": 3.686, "peak_rss_mb": 2072, "violations": 0, "checks": 256, "verdict_valid": true}
[run ] wl_i2_ndd                    wl_i2 --apkeep-engine ndd --backend apkeep --limit-class v5 --limit-rss 32768 --limit-wall 86400 --memory-floor 2000 --status-every 60 --out /home/ubuntu/fave-project/fave/bench/campaigns/results_v5_20261002/wl_i2_ndd.json
