backend: apkeep {'impl': 'authors+fave', 'upstream': 'XJTU-NetVerify/NDD c8414b43 (ndd/FAVE_CHANGES.md)', 'engine': 'ndd', 'faithful_vlan': True}
master: open and bind unix socket
master: start handler thread
master: listen on socket
worker: completed task switch in 0.00011515617370605469 seconds.
worker: completed task switch in 4.363059997558594e-05 seconds.
worker: completed task switch in 4.792213439941406e-05 seconds.
worker: completed task switch in 2.0742416381835938e-05 seconds.
worker: completed task switch in 2.288818359375e-05 seconds.
worker: completed task switch in 2.5272369384765625e-05 seconds.
worker: completed task switch in 2.5987625122070312e-05 seconds.
worker: completed task switch in 2.6941299438476562e-05 seconds.
worker: completed task switch in 4.410743713378906e-05 seconds.
worker: completed task switch in 2.2172927856445312e-05 seconds.
worker: completed task switch in 2.288818359375e-05 seconds.
worker: completed task switch in 3.695487976074219e-05 seconds.
worker: completed task switch in 1.52587890625e-05 seconds.
worker: completed task switch in 1.5735626220703125e-05 seconds.
worker: completed task switch in 1.5974044799804688e-05 seconds.
worker: completed task switch in 1.4543533325195312e-05 seconds.
worker: completed task switch in 1.7881393432617188e-05 seconds.
worker: completed task switch in 1.71661376953125e-05 seconds.
worker: completed task switch in 2.2411346435546875e-05 seconds.
worker: completed task switch in 2.3603439331054688e-05 seconds.
worker: completed task switch in 3.337860107421875e-05 seconds.
worker: completed task switch in 2.2411346435546875e-05 seconds.
worker: completed task switch in 2.288818359375e-05 seconds.
worker: completed task switch in 4.00543212890625e-05 seconds.
worker: completed task switch in 2.193450927734375e-05 seconds.
worker: completed task switch in 2.193450927734375e-05 seconds.
worker: completed task switch in 3.266334533691406e-05 seconds.
worker: completed task switch in 2.1457672119140625e-05 seconds.
worker: completed task switch in 2.86102294921875e-05 seconds.
worker: completed task switch in 3.457069396972656e-05 seconds.
worker: completed task switch in 2.2649765014648438e-05 seconds.
worker: completed task switch in 2.193450927734375e-05 seconds.
worker: completed task switch in 3.337860107421875e-05 seconds.
worker: completed task switch in 2.193450927734375e-05 seconds.
worker: completed task switch in 2.2172927856445312e-05 seconds.
worker: completed task switch in 4.1961669921875e-05 seconds.
worker: completed task switch in 1.4781951904296875e-05 seconds.
worker: completed task switch in 3.552436828613281e-05 seconds.
worker: completed task switch in 1.7404556274414062e-05 seconds.
worker: completed task switch in 1.430511474609375e-05 seconds.
worker: completed task switch in 1.2874603271484375e-05 seconds.
worker: completed task switch in 1.5497207641601562e-05 seconds.
worker: completed task switch in 2.47955322265625e-05 seconds.
worker: completed task switch in 2.765655517578125e-05 seconds.
worker: completed task switch in 3.5762786865234375e-05 seconds.
worker: completed task switch in 1.3828277587890625e-05 seconds.
worker: completed task switch in 3.457069396972656e-05 seconds.
worker: completed task switch in 1.4781951904296875e-05 seconds.
worker: completed task links in 0.0019576549530029297 seconds.
worker: completed task switch_command in 0.000850677490234375 seconds.
worker: completed task switch_command in 0.015274286270141602 seconds.
worker: completed task switch_command in 0.0008473396301269531 seconds.
worker: completed task switch_command in 0.00030994415283203125 seconds.
worker: completed task switch_command in 0.01383209228515625 seconds.
worker: completed task switch_command in 0.0004951953887939453 seconds.
worker: completed task switch_command in 0.0017559528350830078 seconds.
worker: completed task switch_command in 0.003026247024536133 seconds.
worker: completed task switch_command in 0.0005993843078613281 seconds.
worker: completed task switch_command in 0.0014140605926513672 seconds.
worker: completed task switch_command in 0.0032300949096679688 seconds.
worker: completed task switch_command in 0.0006570816040039062 seconds.
worker: completed task switch_command in 0.0043795108795166016 seconds.
worker: completed task switch_command in 0.0029549598693847656 seconds.
worker: completed task switch_command in 0.00020837783813476562 seconds.
worker: completed task switch_command in 0.0045511722564697266 seconds.
worker: completed task switch_command in 0.002286195755004883 seconds.
worker: completed task switch_command in 0.00017571449279785156 seconds.
worker: completed task switch_command in 0.0022537708282470703 seconds.
worker: completed task switch_command in 0.0026895999908447266 seconds.
worker: completed task switch_command in 0.0012700557708740234 seconds.
worker: completed task switch_command in 0.0023283958435058594 seconds.
worker: completed task switch_command in 0.0024535655975341797 seconds.
worker: completed task switch_command in 0.0010018348693847656 seconds.
worker: completed task switch_command in 0.0016436576843261719 seconds.
worker: completed task switch_command in 0.002408266067504883 seconds.
worker: completed task switch_command in 0.0005815029144287109 seconds.
worker: completed task switch_command in 0.0016353130340576172 seconds.
worker: completed task switch_command in 0.0018558502197265625 seconds.
worker: completed task switch_command in 0.0006046295166015625 seconds.
worker: completed task switch_command in 0.0011489391326904297 seconds.
worker: completed task switch_command in 0.0023064613342285156 seconds.
worker: completed task switch_command in 0.000690460205078125 seconds.
worker: completed task switch_command in 0.001035451889038086 seconds.
worker: completed task switch_command in 0.001538991928100586 seconds.
worker: completed task switch_command in 0.0006399154663085938 seconds.
worker: completed task switch_command in 0.007182598114013672 seconds.
worker: completed task switch_command in 0.004038572311401367 seconds.
worker: completed task switch_command in 0.0002143383026123047 seconds.
worker: completed task switch_command in 0.004292011260986328 seconds.
worker: completed task switch_command in 0.0029020309448242188 seconds.
worker: completed task switch_command in 0.0001952648162841797 seconds.
worker: completed task switch_command in 0.014359235763549805 seconds.
worker: completed task switch_command in 0.004645586013793945 seconds.
worker: completed task switch_command in 0.028332948684692383 seconds.
worker: completed task switch_command in 0.0010542869567871094 seconds.
worker: completed task switch_command in 0.0018093585968017578 seconds.
worker: completed task switch_command in 0.005785942077636719 seconds.
worker: completed task probe in 0.00011277198791503906 seconds.
worker: completed task probe in 2.09808349609375e-05 seconds.
worker: completed task probe in 1.5974044799804688e-05 seconds.
worker: completed task probe in 1.4543533325195312e-05 seconds.
worker: completed task probe in 1.3828277587890625e-05 seconds.
worker: completed task probe in 1.430511474609375e-05 seconds.
worker: completed task probe in 1.4781951904296875e-05 seconds.
worker: completed task probe in 1.33514404296875e-05 seconds.
worker: completed task probe in 1.3113021850585938e-05 seconds.
worker: completed task probe in 1.33514404296875e-05 seconds.
worker: completed task probe in 1.33514404296875e-05 seconds.
worker: completed task probe in 1.2874603271484375e-05 seconds.
worker: completed task probe in 1.2874603271484375e-05 seconds.
worker: completed task probe in 1.3113021850585938e-05 seconds.
worker: completed task probe in 1.1920928955078125e-05 seconds.
worker: completed task probe in 1.2159347534179688e-05 seconds.
worker: completed task links in 0.0013496875762939453 seconds.
worker: completed task generators in 0.00018286705017089844 seconds.
worker: completed task links in 5.245208740234375e-05 seconds.
apkeep: 2050 out-stage rule(s) can never fire -- shadowed by a higher-priority rule on the same arrival port
apkeep: out stage emitted as 681 element(s) carrying 2731 rule(s) -- the cost the P7a collapse used to avoid
apkeep: VLAN guardrail denominator: 3417 rewrite rule(s), 2063 admission rule(s), across 41 HSA stage table(s); faithful_vlan=True (modelled)
apkeep: in.coza_rtr discriminates among its ingress ports; demultiplexed into 2 element(s): in.coza_rtr@500001, in.coza_rtr@500012
apkeep: in.cozb_rtr discriminates among its ingress ports; demultiplexed into 2 element(s): in.cozb_rtr@600001, in.cozb_rtr@600010
apkeep: in.goza_rtr discriminates among its ingress ports; demultiplexed into 2 element(s): in.goza_rtr@700001, in.goza_rtr@700007
apkeep: in.gozb_rtr discriminates among its ingress ports; demultiplexed into 2 element(s): in.gozb_rtr@800001, in.gozb_rtr@800007
apkeep: in.soza_rtr discriminates among its ingress ports; demultiplexed into 2 element(s): in.soza_rtr@1300001, in.soza_rtr@1300010
apkeep: in.sozb_rtr discriminates among its ingress ports; demultiplexed into 2 element(s): in.sozb_rtr@1400001, in.sozb_rtr@1400010
apkeep: ingress demultiplexing split 6 device(s) into 12 element(s) -- a representational cost of the AP model, not a change to the FaVe model
apkeep: in.bbra_rtr has 8 ingress-restricted forwarding rule(s), accounted for by faithful VLAN admission (per-port ACLElement)
apkeep: in.bbrb_rtr has 7 ingress-restricted forwarding rule(s), accounted for by faithful VLAN admission (per-port ACLElement)
apkeep: in.boza_rtr has 76 ingress-restricted forwarding rule(s), accounted for by faithful VLAN admission (per-port ACLElement)
apkeep: in.bozb_rtr has 75 ingress-restricted forwarding rule(s), accounted for by faithful VLAN admission (per-port ACLElement)
apkeep: in.poza_rtr has 68 ingress-restricted forwarding rule(s), accounted for by faithful VLAN admission (per-port ACLElement)
apkeep: in.pozb_rtr has 119 ingress-restricted forwarding rule(s), accounted for by faithful VLAN admission (per-port ACLElement)
apkeep: in.roza_rtr has 38 ingress-restricted forwarding rule(s), accounted for by faithful VLAN admission (per-port ACLElement)
apkeep: in.rozb_rtr has 38 ingress-restricted forwarding rule(s), accounted for by faithful VLAN admission (per-port ACLElement)
apkeep: in.yoza_rtr has 94 ingress-restricted forwarding rule(s), accounted for by faithful VLAN admission (per-port ACLElement)
apkeep: in.yozb_rtr has 65 ingress-restricted forwarding rule(s), accounted for by faithful VLAN admission (per-port ACLElement)
worker: completed task check_compliance in 0.8126487731933594 seconds.
worker: completed task report in 0.0007603168487548828 seconds.
worker: initiate stopping
worker: completed task stop in 8.225440979003906e-05 seconds.
worker: stop handler after 1.8010585308074951 seconds.
master: close receiving socket
master: join queue
master: join handler thread
master: finished run
master: stop reporter
