backend: apkeep {'impl': 'authors+fave', 'upstream': 'XJTU-NetVerify/NDD c8414b43 (ndd/FAVE_CHANGES.md)', 'engine': 'ndd', 'faithful_vlan': True}
master: open and bind unix socket
master: start handler thread
master: listen on socket
worker: completed task packet_filter in 0.03505706787109375 seconds.
worker: completed task switch in 0.0003669261932373047 seconds.
worker: completed task switch in 1.7642974853515625e-05 seconds.
worker: completed task packet_filter in 0.0001475811004638672 seconds.
worker: completed task packet_filter in 0.00021219253540039062 seconds.
worker: completed task packet_filter in 0.0002665519714355469 seconds.
worker: completed task packet_filter in 0.0002765655517578125 seconds.
worker: completed task packet_filter in 0.00019598007202148438 seconds.
worker: completed task packet_filter in 0.0001823902130126953 seconds.
worker: completed task packet_filter in 0.0001842975616455078 seconds.
worker: completed task packet_filter in 0.0002551078796386719 seconds.
worker: completed task packet_filter in 0.00017404556274414062 seconds.
worker: completed task switch in 2.2172927856445312e-05 seconds.
worker: completed task packet_filter in 0.0005424022674560547 seconds.
worker: completed task packet_filter in 0.0005052089691162109 seconds.
worker: completed task packet_filter in 0.0007662773132324219 seconds.
worker: completed task packet_filter in 0.0005269050598144531 seconds.
worker: completed task packet_filter in 0.0008096694946289062 seconds.
worker: completed task packet_filter in 0.00011754035949707031 seconds.
worker: completed task switch in 2.0265579223632812e-05 seconds.
worker: completed task packet_filter in 0.0005016326904296875 seconds.
worker: completed task packet_filter in 0.0005884170532226562 seconds.
worker: completed task packet_filter in 0.0007450580596923828 seconds.
worker: completed task packet_filter in 0.0005381107330322266 seconds.
worker: completed task packet_filter in 0.0008153915405273438 seconds.
worker: completed task packet_filter in 0.0001232624053955078 seconds.
worker: completed task switch in 2.1457672119140625e-05 seconds.
worker: completed task packet_filter in 0.0005109310150146484 seconds.
worker: completed task packet_filter in 0.0005948543548583984 seconds.
worker: completed task packet_filter in 0.0007460117340087891 seconds.
worker: completed task packet_filter in 0.0005230903625488281 seconds.
worker: completed task packet_filter in 0.0008094310760498047 seconds.
worker: completed task packet_filter in 0.0001201629638671875 seconds.
worker: completed task switch in 2.0265579223632812e-05 seconds.
worker: completed task packet_filter in 0.0005083084106445312 seconds.
worker: completed task packet_filter in 0.0009284019470214844 seconds.
worker: completed task packet_filter in 0.0007441043853759766 seconds.
worker: completed task packet_filter in 0.0005190372467041016 seconds.
worker: completed task packet_filter in 0.000873565673828125 seconds.
worker: completed task packet_filter in 0.00013184547424316406 seconds.
worker: completed task switch in 1.9073486328125e-05 seconds.
worker: completed task packet_filter in 0.0004971027374267578 seconds.
worker: completed task packet_filter in 0.0005986690521240234 seconds.
worker: completed task packet_filter in 0.0007922649383544922 seconds.
worker: completed task packet_filter in 0.0005364418029785156 seconds.
worker: completed task packet_filter in 0.0008039474487304688 seconds.
worker: completed task packet_filter in 0.00011587142944335938 seconds.
worker: completed task switch in 1.9788742065429688e-05 seconds.
worker: completed task packet_filter in 0.00048732757568359375 seconds.
worker: completed task packet_filter in 0.0008318424224853516 seconds.
worker: completed task packet_filter in 0.0007414817810058594 seconds.
worker: completed task packet_filter in 0.0005280971527099609 seconds.
worker: completed task packet_filter in 0.0007843971252441406 seconds.
worker: completed task packet_filter in 0.00011372566223144531 seconds.
worker: completed task switch in 1.9550323486328125e-05 seconds.
worker: completed task packet_filter in 0.0004870891571044922 seconds.
worker: completed task packet_filter in 0.0005843639373779297 seconds.
worker: completed task packet_filter in 0.000743865966796875 seconds.
worker: completed task packet_filter in 0.0005331039428710938 seconds.
worker: completed task packet_filter in 0.0008237361907958984 seconds.
worker: completed task packet_filter in 0.00011491775512695312 seconds.
worker: completed task switch in 1.8358230590820312e-05 seconds.
worker: completed task packet_filter in 0.0005037784576416016 seconds.
worker: completed task packet_filter in 0.0009253025054931641 seconds.
worker: completed task packet_filter in 0.00074005126953125 seconds.
worker: completed task packet_filter in 0.0005300045013427734 seconds.
worker: completed task packet_filter in 0.0008013248443603516 seconds.
worker: completed task packet_filter in 0.00013256072998046875 seconds.
worker: completed task switch in 1.9311904907226562e-05 seconds.
worker: completed task packet_filter in 0.0005137920379638672 seconds.
worker: completed task packet_filter in 0.0005810260772705078 seconds.
worker: completed task packet_filter in 0.0007605552673339844 seconds.
worker: completed task packet_filter in 0.0005362033843994141 seconds.
worker: completed task packet_filter in 0.0008177757263183594 seconds.
worker: completed task packet_filter in 0.00011539459228515625 seconds.
worker: completed task switch in 1.9550323486328125e-05 seconds.
worker: completed task packet_filter in 0.0005314350128173828 seconds.
worker: completed task packet_filter in 0.0005896091461181641 seconds.
worker: completed task packet_filter in 0.0007519721984863281 seconds.
worker: completed task packet_filter in 0.0005297660827636719 seconds.
worker: completed task packet_filter in 0.0008211135864257812 seconds.
worker: completed task packet_filter in 0.00011515617370605469 seconds.
worker: completed task switch in 1.8596649169921875e-05 seconds.
worker: completed task packet_filter in 0.0005044937133789062 seconds.
worker: completed task packet_filter in 0.0005879402160644531 seconds.
worker: completed task packet_filter in 0.0007395744323730469 seconds.
worker: completed task packet_filter in 0.0005447864532470703 seconds.
worker: completed task packet_filter in 0.0008115768432617188 seconds.
worker: completed task packet_filter in 0.0001342296600341797 seconds.
worker: completed task switch in 1.9788742065429688e-05 seconds.
worker: completed task packet_filter in 0.0005092620849609375 seconds.
worker: completed task packet_filter in 0.0009243488311767578 seconds.
worker: completed task packet_filter in 0.0007646083831787109 seconds.
worker: completed task packet_filter in 0.0005431175231933594 seconds.
worker: completed task packet_filter in 0.0008261203765869141 seconds.
worker: completed task packet_filter in 0.00011444091796875 seconds.
worker: completed task switch in 1.8835067749023438e-05 seconds.
worker: completed task packet_filter in 0.0005128383636474609 seconds.
worker: completed task packet_filter in 0.0005848407745361328 seconds.
worker: completed task packet_filter in 0.0007531642913818359 seconds.
worker: completed task packet_filter in 0.0005459785461425781 seconds.
worker: completed task packet_filter in 0.0008492469787597656 seconds.
worker: completed task packet_filter in 0.00012683868408203125 seconds.
worker: completed task switch in 1.9788742065429688e-05 seconds.
worker: completed task packet_filter in 0.0005097389221191406 seconds.
worker: completed task packet_filter in 0.000614166259765625 seconds.
worker: completed task packet_filter in 0.0007843971252441406 seconds.
worker: completed task packet_filter in 0.0005381107330322266 seconds.
worker: completed task packet_filter in 0.000843048095703125 seconds.
worker: completed task packet_filter in 0.00012421607971191406 seconds.
worker: completed task switch in 1.9788742065429688e-05 seconds.
worker: completed task packet_filter in 0.0005679130554199219 seconds.
worker: completed task packet_filter in 0.0006623268127441406 seconds.
worker: completed task packet_filter in 0.0007822513580322266 seconds.
worker: completed task packet_filter in 0.0005605220794677734 seconds.
worker: completed task packet_filter in 0.0008351802825927734 seconds.
worker: completed task packet_filter in 0.00011944770812988281 seconds.
worker: completed task switch in 2.0742416381835938e-05 seconds.
worker: completed task packet_filter in 0.0005085468292236328 seconds.
worker: completed task packet_filter in 0.0009717941284179688 seconds.
worker: completed task packet_filter in 0.0007765293121337891 seconds.
worker: completed task packet_filter in 0.0005385875701904297 seconds.
worker: completed task packet_filter in 0.0008490085601806641 seconds.
worker: completed task packet_filter in 0.00012874603271484375 seconds.
worker: completed task switch in 1.9788742065429688e-05 seconds.
worker: completed task packet_filter in 0.0005152225494384766 seconds.
worker: completed task packet_filter in 0.0006055831909179688 seconds.
worker: completed task packet_filter in 0.0007770061492919922 seconds.
worker: completed task packet_filter in 0.0005619525909423828 seconds.
worker: completed task packet_filter in 0.0008473396301269531 seconds.
worker: completed task packet_filter in 0.0001201629638671875 seconds.
worker: completed task switch in 1.9550323486328125e-05 seconds.
worker: completed task packet_filter in 0.0005071163177490234 seconds.
worker: completed task packet_filter in 0.0006124973297119141 seconds.
worker: completed task packet_filter in 0.0007781982421875 seconds.
worker: completed task packet_filter in 0.0005681514739990234 seconds.
worker: completed task packet_filter in 0.0008375644683837891 seconds.
worker: completed task packet_filter in 0.00012063980102539062 seconds.
worker: completed task switch in 1.9550323486328125e-05 seconds.
worker: completed task packet_filter in 0.0005195140838623047 seconds.
worker: completed task packet_filter in 0.0006020069122314453 seconds.
worker: completed task packet_filter in 0.0007879734039306641 seconds.
worker: completed task packet_filter in 0.0005457401275634766 seconds.
worker: completed task packet_filter in 0.0008356571197509766 seconds.
worker: completed task packet_filter in 0.00011515617370605469 seconds.
worker: completed task switch in 1.9550323486328125e-05 seconds.
worker: completed task packet_filter in 0.0005102157592773438 seconds.
worker: completed task packet_filter in 0.0009543895721435547 seconds.
worker: completed task packet_filter in 0.0007483959197998047 seconds.
worker: completed task packet_filter in 0.0005583763122558594 seconds.
worker: completed task packet_filter in 0.0008225440979003906 seconds.
worker: completed task packet_filter in 0.0001232624053955078 seconds.
worker: completed task switch in 2.002716064453125e-05 seconds.
worker: completed task packet_filter in 0.0005195140838623047 seconds.
worker: completed task packet_filter in 0.0006015300750732422 seconds.
worker: completed task packet_filter in 0.0007901191711425781 seconds.
worker: completed task packet_filter in 0.0005400180816650391 seconds.
worker: completed task packet_filter in 0.0008330345153808594 seconds.
worker: completed task packet_filter in 0.00012040138244628906 seconds.
worker: completed task links in 0.0008654594421386719 seconds.
worker: completed task switch_command in 0.0014944076538085938 seconds.
worker: completed task switch_command in 0.00022983551025390625 seconds.
worker: completed task switch_command in 6.699562072753906e-05 seconds.
worker: completed task switch_command in 9.083747863769531e-05 seconds.
worker: completed task switch_command in 8.225440979003906e-05 seconds.
worker: completed task switch_command in 7.581710815429688e-05 seconds.
worker: completed task switch_command in 7.510185241699219e-05 seconds.
worker: completed task switch_command in 7.2479248046875e-05 seconds.
worker: completed task switch_command in 7.009506225585938e-05 seconds.
worker: completed task switch_command in 7.295608520507812e-05 seconds.
worker: completed task switch_command in 6.604194641113281e-05 seconds.
worker: completed task switch_command in 7.05718994140625e-05 seconds.
worker: completed task switch_command in 0.0001595020294189453 seconds.
worker: completed task switch_command in 0.0001239776611328125 seconds.
worker: completed task switch_command in 7.677078247070312e-05 seconds.
worker: completed task switch_command in 7.62939453125e-05 seconds.
worker: completed task switch_command in 8.106231689453125e-05 seconds.
worker: completed task switch_command in 0.00013685226440429688 seconds.
worker: completed task switch_command in 7.05718994140625e-05 seconds.
worker: completed task switch_command in 0.00013566017150878906 seconds.
worker: completed task switch_command in 8.463859558105469e-05 seconds.
worker: completed task switch_command in 7.796287536621094e-05 seconds.
worker: completed task switch_command in 6.890296936035156e-05 seconds.
worker: completed task switch_command in 0.0003783702850341797 seconds.
worker: completed task switch_command in 7.367134094238281e-05 seconds.
worker: completed task switch_command in 7.033348083496094e-05 seconds.
worker: completed task switch_command in 0.00013256072998046875 seconds.
worker: completed task switch_command in 8.225440979003906e-05 seconds.
worker: completed task switch_command in 6.794929504394531e-05 seconds.
worker: completed task switch_command in 7.224082946777344e-05 seconds.
worker: completed task switch_command in 6.437301635742188e-05 seconds.
worker: completed task switch_command in 7.557868957519531e-05 seconds.
worker: completed task switch_command in 7.295608520507812e-05 seconds.
worker: completed task switch_command in 0.0001709461212158203 seconds.
worker: completed task switch_command in 7.724761962890625e-05 seconds.
worker: completed task switch_command in 6.818771362304688e-05 seconds.
worker: completed task switch_command in 7.462501525878906e-05 seconds.
worker: completed task switch_command in 7.295608520507812e-05 seconds.
worker: completed task switch_command in 7.033348083496094e-05 seconds.
worker: completed task switch_command in 6.556510925292969e-05 seconds.
worker: completed task switch_command in 0.00012159347534179688 seconds.
worker: completed task switch_command in 7.581710815429688e-05 seconds.
worker: completed task switch_command in 0.00011277198791503906 seconds.
worker: completed task switch_command in 7.510185241699219e-05 seconds.
worker: completed task switch_command in 6.890296936035156e-05 seconds.
worker: completed task switch_command in 6.747245788574219e-05 seconds.
worker: completed task switch_command in 6.961822509765625e-05 seconds.
worker: completed task switch_command in 0.00012564659118652344 seconds.
worker: completed task switch_command in 7.843971252441406e-05 seconds.
worker: completed task switch_command in 7.176399230957031e-05 seconds.
worker: completed task switch_command in 6.937980651855469e-05 seconds.
worker: completed task switch_command in 7.557868957519531e-05 seconds.
worker: completed task switch_command in 0.00011587142944335938 seconds.
worker: completed task switch_command in 6.961822509765625e-05 seconds.
worker: completed task switch_command in 0.00013208389282226562 seconds.
worker: completed task switch_command in 7.62939453125e-05 seconds.
worker: completed task switch_command in 6.937980651855469e-05 seconds.
worker: completed task switch_command in 6.67572021484375e-05 seconds.
worker: completed task switch_command in 6.818771362304688e-05 seconds.
worker: completed task switch_command in 7.62939453125e-05 seconds.
worker: completed task switch_command in 6.747245788574219e-05 seconds.
worker: completed task switch_command in 0.0001747608184814453 seconds.
worker: completed task switch_command in 7.581710815429688e-05 seconds.
worker: completed task switch_command in 7.081031799316406e-05 seconds.
worker: completed task switch_command in 6.961822509765625e-05 seconds.
worker: completed task switch_command in 6.747245788574219e-05 seconds.
worker: completed task switch_command in 7.200241088867188e-05 seconds.
worker: completed task switch_command in 7.915496826171875e-05 seconds.
worker: completed task switch_command in 0.0001373291015625 seconds.
worker: completed task switch_command in 8.082389831542969e-05 seconds.
worker: completed task switch_command in 6.818771362304688e-05 seconds.
worker: completed task switch_command in 0.00011849403381347656 seconds.
worker: completed task switch_command in 6.67572021484375e-05 seconds.
worker: completed task switch_command in 6.723403930664062e-05 seconds.
worker: completed task switch_command in 7.05718994140625e-05 seconds.
worker: completed task switch_command in 0.00013017654418945312 seconds.
worker: completed task switch_command in 7.843971252441406e-05 seconds.
worker: completed task switch_command in 7.081031799316406e-05 seconds.
worker: completed task switch_command in 6.961822509765625e-05 seconds.
worker: completed task switch_command in 7.748603820800781e-05 seconds.
worker: completed task switch_command in 0.00010609626770019531 seconds.
worker: completed task switch_command in 7.176399230957031e-05 seconds.
worker: completed task switch_command in 0.0001361370086669922 seconds.
worker: completed task switch_command in 7.152557373046875e-05 seconds.
worker: completed task switch_command in 7.319450378417969e-05 seconds.
worker: completed task switch_command in 7.104873657226562e-05 seconds.
worker: completed task switch_command in 7.009506225585938e-05 seconds.
worker: completed task switch_command in 6.771087646484375e-05 seconds.
worker: completed task switch_command in 6.818771362304688e-05 seconds.
worker: completed task switch_command in 0.000164031982421875 seconds.
worker: completed task switch_command in 8.082389831542969e-05 seconds.
worker: completed task switch_command in 7.271766662597656e-05 seconds.
worker: completed task switch_command in 6.914138793945312e-05 seconds.
worker: completed task switch_command in 7.009506225585938e-05 seconds.
worker: completed task switch_command in 6.580352783203125e-05 seconds.
worker: completed task switch_command in 6.771087646484375e-05 seconds.
worker: completed task switch_command in 0.00012755393981933594 seconds.
worker: completed task switch_command in 7.581710815429688e-05 seconds.
worker: completed task switch_command in 7.390975952148438e-05 seconds.
worker: completed task switch_command in 0.000102996826171875 seconds.
worker: completed task switch_command in 7.033348083496094e-05 seconds.
worker: completed task switch_command in 7.081031799316406e-05 seconds.
worker: completed task switch_command in 6.246566772460938e-05 seconds.
worker: completed task switch_command in 0.00014519691467285156 seconds.
worker: completed task switch_command in 7.915496826171875e-05 seconds.
worker: completed task switch_command in 6.961822509765625e-05 seconds.
worker: completed task switch_command in 6.842613220214844e-05 seconds.
worker: completed task switch_command in 7.82012939453125e-05 seconds.
worker: completed task switch_command in 7.295608520507812e-05 seconds.
worker: completed task switch_command in 0.00011134147644042969 seconds.
worker: completed task switch_command in 0.0001277923583984375 seconds.
worker: completed task switch_command in 7.581710815429688e-05 seconds.
worker: completed task switch_command in 7.486343383789062e-05 seconds.
worker: completed task switch_command in 7.128715515136719e-05 seconds.
worker: completed task switch_command in 7.271766662597656e-05 seconds.
worker: completed task switch_command in 6.866455078125e-05 seconds.
worker: completed task switch_command in 6.604194641113281e-05 seconds.
worker: completed task switch_command in 0.0001342296600341797 seconds.
worker: completed task switch_command in 0.00011992454528808594 seconds.
worker: completed task switch_command in 6.914138793945312e-05 seconds.
worker: completed task switch_command in 6.842613220214844e-05 seconds.
worker: completed task switch_command in 6.747245788574219e-05 seconds.
worker: completed task switch_command in 7.271766662597656e-05 seconds.
worker: completed task switch_command in 6.4849853515625e-05 seconds.
worker: completed task switch_command in 0.00012350082397460938 seconds.
worker: completed task switch_command in 7.867813110351562e-05 seconds.
worker: completed task switch_command in 7.534027099609375e-05 seconds.
worker: completed task switch_command in 6.937980651855469e-05 seconds.
worker: completed task switch_command in 0.00011134147644042969 seconds.
worker: completed task switch_command in 7.033348083496094e-05 seconds.
worker: completed task switch_command in 6.556510925292969e-05 seconds.
worker: completed task switch_command in 0.00012564659118652344 seconds.
worker: completed task switch_command in 7.2479248046875e-05 seconds.
worker: completed task switch_command in 6.914138793945312e-05 seconds.
worker: completed task switch_command in 6.914138793945312e-05 seconds.
worker: completed task switch_command in 7.462501525878906e-05 seconds.
worker: completed task switch_command in 6.532669067382812e-05 seconds.
worker: completed task switch_command in 0.00034737586975097656 seconds.
worker: completed task switch_command in 0.00012636184692382812 seconds.
worker: completed task switch_command in 7.748603820800781e-05 seconds.
worker: completed task switch_command in 7.05718994140625e-05 seconds.
worker: completed task switch_command in 6.604194641113281e-05 seconds.
worker: completed task switch_command in 6.842613220214844e-05 seconds.
worker: completed task switch_command in 8.034706115722656e-05 seconds.
worker: completed task switch_command in 7.152557373046875e-05 seconds.
worker: completed task switch_command in 0.00014019012451171875 seconds.
worker: completed task switch_command in 7.748603820800781e-05 seconds.
worker: completed task switch_command in 0.0001125335693359375 seconds.
worker: completed task switch_command in 6.437301635742188e-05 seconds.
worker: completed task switch_command in 6.747245788574219e-05 seconds.
worker: completed task switch_command in 7.987022399902344e-05 seconds.
worker: completed task switch_command in 7.43865966796875e-05 seconds.
worker: completed task switch_command in 0.00013113021850585938 seconds.
worker: completed task switch_command in 7.605552673339844e-05 seconds.
worker: completed task switch_command in 7.05718994140625e-05 seconds.
worker: completed task switch_command in 6.461143493652344e-05 seconds.
worker: completed task switch_command in 0.00010991096496582031 seconds.
worker: completed task switch_command in 7.510185241699219e-05 seconds.
worker: completed task switch_command in 6.747245788574219e-05 seconds.
worker: completed task probe in 9.131431579589844e-05 seconds.
worker: completed task probe in 4.839897155761719e-05 seconds.
worker: completed task probe in 7.081031799316406e-05 seconds.
worker: completed task probe in 3.933906555175781e-05 seconds.
worker: completed task probe in 3.7670135498046875e-05 seconds.
worker: completed task probe in 3.552436828613281e-05 seconds.
worker: completed task probe in 3.62396240234375e-05 seconds.
worker: completed task probe in 3.600120544433594e-05 seconds.
worker: completed task probe in 3.504753112792969e-05 seconds.
worker: completed task probe in 3.504753112792969e-05 seconds.
worker: completed task probe in 4.1961669921875e-05 seconds.
worker: completed task probe in 3.4809112548828125e-05 seconds.
worker: completed task probe in 3.457069396972656e-05 seconds.
worker: completed task probe in 3.504753112792969e-05 seconds.
worker: completed task probe in 3.743171691894531e-05 seconds.
worker: completed task probe in 3.933906555175781e-05 seconds.
worker: completed task probe in 4.00543212890625e-05 seconds.
worker: completed task probe in 3.790855407714844e-05 seconds.
worker: completed task probe in 3.4809112548828125e-05 seconds.
worker: completed task probe in 3.981590270996094e-05 seconds.
worker: completed task probe in 4.00543212890625e-05 seconds.
worker: completed task probe in 3.457069396972656e-05 seconds.
worker: completed task probe in 4.5299530029296875e-05 seconds.
worker: completed task probe in 3.4809112548828125e-05 seconds.
worker: completed task probe in 3.361701965332031e-05 seconds.
worker: completed task probe in 3.337860107421875e-05 seconds.
worker: completed task probe in 4.029273986816406e-05 seconds.
worker: completed task probe in 3.600120544433594e-05 seconds.
worker: completed task probe in 3.719329833984375e-05 seconds.
worker: completed task probe in 3.647804260253906e-05 seconds.
worker: completed task probe in 4.00543212890625e-05 seconds.
worker: completed task probe in 3.457069396972656e-05 seconds.
worker: completed task probe in 3.457069396972656e-05 seconds.
worker: completed task probe in 3.409385681152344e-05 seconds.
worker: completed task probe in 4.315376281738281e-05 seconds.
worker: completed task probe in 3.409385681152344e-05 seconds.
worker: completed task probe in 3.314018249511719e-05 seconds.
worker: completed task probe in 3.314018249511719e-05 seconds.
worker: completed task probe in 3.4332275390625e-05 seconds.
worker: completed task probe in 3.361701965332031e-05 seconds.
worker: completed task probe in 3.933906555175781e-05 seconds.
worker: completed task probe in 3.504753112792969e-05 seconds.
worker: completed task probe in 3.4332275390625e-05 seconds.
worker: completed task probe in 3.457069396972656e-05 seconds.
worker: completed task probe in 3.5762786865234375e-05 seconds.
worker: completed task probe in 3.361701965332031e-05 seconds.
worker: completed task probe in 3.8623809814453125e-05 seconds.
worker: completed task probe in 3.6716461181640625e-05 seconds.
worker: completed task probe in 3.409385681152344e-05 seconds.
worker: completed task probe in 3.457069396972656e-05 seconds.
worker: completed task probe in 8.416175842285156e-05 seconds.
worker: completed task probe in 3.528594970703125e-05 seconds.
worker: completed task probe in 3.7670135498046875e-05 seconds.
worker: completed task probe in 3.647804260253906e-05 seconds.
worker: completed task probe in 3.4809112548828125e-05 seconds.
worker: completed task probe in 3.504753112792969e-05 seconds.
worker: completed task probe in 3.4809112548828125e-05 seconds.
worker: completed task probe in 3.838539123535156e-05 seconds.
worker: completed task probe in 4.029273986816406e-05 seconds.
worker: completed task probe in 3.4809112548828125e-05 seconds.
worker: completed task probe in 3.600120544433594e-05 seconds.
worker: completed task probe in 3.337860107421875e-05 seconds.
worker: completed task probe in 3.3855438232421875e-05 seconds.
worker: completed task probe in 3.4332275390625e-05 seconds.
worker: completed task probe in 3.886222839355469e-05 seconds.
worker: completed task probe in 3.790855407714844e-05 seconds.
worker: completed task probe in 3.457069396972656e-05 seconds.
worker: completed task probe in 3.361701965332031e-05 seconds.
worker: completed task probe in 3.600120544433594e-05 seconds.
worker: completed task probe in 3.457069396972656e-05 seconds.
worker: completed task probe in 3.5762786865234375e-05 seconds.
worker: completed task probe in 3.695487976074219e-05 seconds.
worker: completed task probe in 3.4332275390625e-05 seconds.
worker: completed task probe in 3.361701965332031e-05 seconds.
worker: completed task probe in 3.3855438232421875e-05 seconds.
worker: completed task probe in 3.719329833984375e-05 seconds.
worker: completed task probe in 3.6716461181640625e-05 seconds.
worker: completed task probe in 3.910064697265625e-05 seconds.
worker: completed task probe in 3.337860107421875e-05 seconds.
worker: completed task probe in 3.409385681152344e-05 seconds.
worker: completed task probe in 3.4809112548828125e-05 seconds.
worker: completed task probe in 3.647804260253906e-05 seconds.
worker: completed task probe in 3.600120544433594e-05 seconds.
worker: completed task probe in 3.6716461181640625e-05 seconds.
worker: completed task probe in 3.2901763916015625e-05 seconds.
worker: completed task probe in 3.933906555175781e-05 seconds.
worker: completed task probe in 3.504753112792969e-05 seconds.
worker: completed task probe in 3.361701965332031e-05 seconds.
worker: completed task probe in 3.838539123535156e-05 seconds.
worker: completed task probe in 3.552436828613281e-05 seconds.
worker: completed task probe in 3.504753112792969e-05 seconds.
worker: completed task probe in 3.4332275390625e-05 seconds.
worker: completed task probe in 4.076957702636719e-05 seconds.
worker: completed task probe in 3.361701965332031e-05 seconds.
worker: completed task probe in 3.552436828613281e-05 seconds.
worker: completed task probe in 3.552436828613281e-05 seconds.
worker: completed task probe in 3.3855438232421875e-05 seconds.
worker: completed task probe in 3.4809112548828125e-05 seconds.
worker: completed task probe in 3.337860107421875e-05 seconds.
worker: completed task probe in 3.647804260253906e-05 seconds.
worker: completed task probe in 3.838539123535156e-05 seconds.
worker: completed task probe in 3.62396240234375e-05 seconds.
worker: completed task probe in 3.4332275390625e-05 seconds.
worker: completed task probe in 3.528594970703125e-05 seconds.
worker: completed task probe in 3.3855438232421875e-05 seconds.
worker: completed task probe in 3.3855438232421875e-05 seconds.
worker: completed task probe in 3.6716461181640625e-05 seconds.
worker: completed task probe in 3.457069396972656e-05 seconds.
worker: completed task probe in 3.337860107421875e-05 seconds.
worker: completed task probe in 3.5762786865234375e-05 seconds.
worker: completed task probe in 3.4332275390625e-05 seconds.
worker: completed task probe in 3.314018249511719e-05 seconds.
worker: completed task probe in 3.552436828613281e-05 seconds.
worker: completed task probe in 3.4332275390625e-05 seconds.
worker: completed task probe in 3.361701965332031e-05 seconds.
worker: completed task probe in 3.3855438232421875e-05 seconds.
worker: completed task probe in 3.981590270996094e-05 seconds.
worker: completed task probe in 3.361701965332031e-05 seconds.
worker: completed task probe in 3.647804260253906e-05 seconds.
worker: completed task probe in 3.5762786865234375e-05 seconds.
worker: completed task probe in 3.361701965332031e-05 seconds.
worker: completed task probe in 4.220008850097656e-05 seconds.
worker: completed task probe in 3.457069396972656e-05 seconds.
worker: completed task probe in 3.504753112792969e-05 seconds.
worker: completed task probe in 6.961822509765625e-05 seconds.
worker: completed task probe in 3.9577484130859375e-05 seconds.
worker: completed task probe in 3.743171691894531e-05 seconds.
worker: completed task probe in 4.100799560546875e-05 seconds.
worker: completed task probe in 3.504753112792969e-05 seconds.
worker: completed task probe in 3.457069396972656e-05 seconds.
worker: completed task probe in 3.886222839355469e-05 seconds.
worker: completed task probe in 3.552436828613281e-05 seconds.
worker: completed task probe in 3.4809112548828125e-05 seconds.
worker: completed task probe in 3.552436828613281e-05 seconds.
worker: completed task probe in 3.4332275390625e-05 seconds.
worker: completed task probe in 4.00543212890625e-05 seconds.
worker: completed task probe in 3.62396240234375e-05 seconds.
worker: completed task links in 0.00036597251892089844 seconds.
worker: completed task generators in 0.0019605159759521484 seconds.
worker: completed task links in 0.0003287792205810547 seconds.
apkeep: dmz.uni-potsdam.de discriminates among its ingress ports; demultiplexed into 2 element(s): dmz.uni-potsdam.de@1, dmz.uni-potsdam.de@2
apkeep: wifi.uni-potsdam.de discriminates among its ingress ports; demultiplexed into 2 element(s): wifi.uni-potsdam.de@1, wifi.uni-potsdam.de@3
apkeep: ingress demultiplexing split 2 device(s) into 4 element(s) -- a representational cost of the AP model, not a change to the FaVe model
worker: completed task check_compliance in 0.48906922340393066 seconds.
worker: completed task report in 0.002883434295654297 seconds.
worker: initiate stopping
worker: completed task stop in 9.059906005859375e-05 seconds.
worker: stop handler after 3.6478657722473145 seconds.
master: close receiving socket
master: join queue
master: join handler thread
master: finished run
master: stop reporter
