backend: apkeep {'impl': 'authors+fave', 'upstream': 'XJTU-NetVerify/apkeep 7b71bff4 (apkeep/FAVE_CHANGES.md)', 'engine': 'bdd', 'faithful_vlan': True}
master: open and bind unix socket
master: start handler thread
master: listen on socket
worker: completed task packet_filter in 0.0355074405670166 seconds.
worker: completed task switch in 0.0003743171691894531 seconds.
worker: completed task switch in 1.7642974853515625e-05 seconds.
worker: completed task packet_filter in 0.00012946128845214844 seconds.
worker: completed task packet_filter in 0.00021576881408691406 seconds.
worker: completed task packet_filter in 0.0002455711364746094 seconds.
worker: completed task packet_filter in 0.0002536773681640625 seconds.
worker: completed task packet_filter in 0.00019025802612304688 seconds.
worker: completed task packet_filter in 0.00018668174743652344 seconds.
worker: completed task packet_filter in 0.00017642974853515625 seconds.
worker: completed task packet_filter in 0.00025153160095214844 seconds.
worker: completed task packet_filter in 0.0001709461212158203 seconds.
worker: completed task switch in 2.193450927734375e-05 seconds.
worker: completed task packet_filter in 0.0005474090576171875 seconds.
worker: completed task packet_filter in 0.0004954338073730469 seconds.
worker: completed task packet_filter in 0.0007560253143310547 seconds.
worker: completed task packet_filter in 0.0005283355712890625 seconds.
worker: completed task packet_filter in 0.0008149147033691406 seconds.
worker: completed task packet_filter in 0.00013113021850585938 seconds.
worker: completed task switch in 2.09808349609375e-05 seconds.
worker: completed task packet_filter in 0.0004992485046386719 seconds.
worker: completed task packet_filter in 0.0005631446838378906 seconds.
worker: completed task packet_filter in 0.0007364749908447266 seconds.
worker: completed task packet_filter in 0.0005342960357666016 seconds.
worker: completed task packet_filter in 0.0007898807525634766 seconds.
worker: completed task packet_filter in 0.00012421607971191406 seconds.
worker: completed task switch in 2.0503997802734375e-05 seconds.
worker: completed task packet_filter in 0.0004858970642089844 seconds.
worker: completed task packet_filter in 0.0005750656127929688 seconds.
worker: completed task packet_filter in 0.0007274150848388672 seconds.
worker: completed task packet_filter in 0.0005245208740234375 seconds.
worker: completed task packet_filter in 0.0008130073547363281 seconds.
worker: completed task packet_filter in 0.00011181831359863281 seconds.
worker: completed task switch in 1.9073486328125e-05 seconds.
worker: completed task packet_filter in 0.0004937648773193359 seconds.
worker: completed task packet_filter in 0.001004934310913086 seconds.
worker: completed task packet_filter in 0.0007388591766357422 seconds.
worker: completed task packet_filter in 0.0005457401275634766 seconds.
worker: completed task packet_filter in 0.0007913112640380859 seconds.
worker: completed task packet_filter in 0.00011396408081054688 seconds.
worker: completed task switch in 1.8358230590820312e-05 seconds.
worker: completed task packet_filter in 0.0005009174346923828 seconds.
worker: completed task packet_filter in 0.0005674362182617188 seconds.
worker: completed task packet_filter in 0.0007340908050537109 seconds.
worker: completed task packet_filter in 0.0005214214324951172 seconds.
worker: completed task packet_filter in 0.00080108642578125 seconds.
worker: completed task packet_filter in 0.00010943412780761719 seconds.
worker: completed task switch in 1.8358230590820312e-05 seconds.
worker: completed task packet_filter in 0.000492095947265625 seconds.
worker: completed task packet_filter in 0.0005664825439453125 seconds.
worker: completed task packet_filter in 0.0007221698760986328 seconds.
worker: completed task packet_filter in 0.0005180835723876953 seconds.
worker: completed task packet_filter in 0.0008032321929931641 seconds.
worker: completed task packet_filter in 0.00010943412780761719 seconds.
worker: completed task switch in 2.574920654296875e-05 seconds.
worker: completed task packet_filter in 0.0004851818084716797 seconds.
worker: completed task packet_filter in 0.0005810260772705078 seconds.
worker: completed task packet_filter in 0.0007393360137939453 seconds.
worker: completed task packet_filter in 0.0005481243133544922 seconds.
worker: completed task packet_filter in 0.0008628368377685547 seconds.
worker: completed task packet_filter in 0.000118255615234375 seconds.
worker: completed task switch in 1.8835067749023438e-05 seconds.
worker: completed task packet_filter in 0.0005204677581787109 seconds.
worker: completed task packet_filter in 0.000934600830078125 seconds.
worker: completed task packet_filter in 0.0007486343383789062 seconds.
worker: completed task packet_filter in 0.0005390644073486328 seconds.
worker: completed task packet_filter in 0.0008192062377929688 seconds.
worker: completed task packet_filter in 0.0001232624053955078 seconds.
worker: completed task switch in 1.9073486328125e-05 seconds.
worker: completed task packet_filter in 0.0005056858062744141 seconds.
worker: completed task packet_filter in 0.0005908012390136719 seconds.
worker: completed task packet_filter in 0.0008897781372070312 seconds.
worker: completed task packet_filter in 0.0005512237548828125 seconds.
worker: completed task packet_filter in 0.0008294582366943359 seconds.
worker: completed task packet_filter in 0.00011777877807617188 seconds.
worker: completed task switch in 1.8596649169921875e-05 seconds.
worker: completed task packet_filter in 0.0005035400390625 seconds.
worker: completed task packet_filter in 0.0005931854248046875 seconds.
worker: completed task packet_filter in 0.0007627010345458984 seconds.
worker: completed task packet_filter in 0.0005426406860351562 seconds.
worker: completed task packet_filter in 0.0008192062377929688 seconds.
worker: completed task packet_filter in 0.00011730194091796875 seconds.
worker: completed task switch in 1.8596649169921875e-05 seconds.
worker: completed task packet_filter in 0.0005283355712890625 seconds.
worker: completed task packet_filter in 0.0005695819854736328 seconds.
worker: completed task packet_filter in 0.0007607936859130859 seconds.
worker: completed task packet_filter in 0.0005319118499755859 seconds.
worker: completed task packet_filter in 0.0008273124694824219 seconds.
worker: completed task packet_filter in 0.00015163421630859375 seconds.
worker: completed task switch in 1.9073486328125e-05 seconds.
worker: completed task packet_filter in 0.000507354736328125 seconds.
worker: completed task packet_filter in 0.0009369850158691406 seconds.
worker: completed task packet_filter in 0.0007500648498535156 seconds.
worker: completed task packet_filter in 0.0005595684051513672 seconds.
worker: completed task packet_filter in 0.0008211135864257812 seconds.
worker: completed task packet_filter in 0.00011348724365234375 seconds.
worker: completed task switch in 1.9073486328125e-05 seconds.
worker: completed task packet_filter in 0.0005190372467041016 seconds.
worker: completed task packet_filter in 0.0005943775177001953 seconds.
worker: completed task packet_filter in 0.0007572174072265625 seconds.
worker: completed task packet_filter in 0.0005481243133544922 seconds.
worker: completed task packet_filter in 0.0008180141448974609 seconds.
worker: completed task packet_filter in 0.00011420249938964844 seconds.
worker: completed task switch in 1.811981201171875e-05 seconds.
worker: completed task packet_filter in 0.0005056858062744141 seconds.
worker: completed task packet_filter in 0.0005934238433837891 seconds.
worker: completed task packet_filter in 0.0007660388946533203 seconds.
worker: completed task packet_filter in 0.0005452632904052734 seconds.
worker: completed task packet_filter in 0.0008311271667480469 seconds.
worker: completed task packet_filter in 0.00011467933654785156 seconds.
worker: completed task switch in 1.811981201171875e-05 seconds.
worker: completed task packet_filter in 0.0005555152893066406 seconds.
worker: completed task packet_filter in 0.0006175041198730469 seconds.
worker: completed task packet_filter in 0.0007760524749755859 seconds.
worker: completed task packet_filter in 0.0005452632904052734 seconds.
worker: completed task packet_filter in 0.0008444786071777344 seconds.
worker: completed task packet_filter in 0.00011801719665527344 seconds.
worker: completed task switch in 1.8835067749023438e-05 seconds.
worker: completed task packet_filter in 0.000507354736328125 seconds.
worker: completed task packet_filter in 0.0009703636169433594 seconds.
worker: completed task packet_filter in 0.0007724761962890625 seconds.
worker: completed task packet_filter in 0.0005419254302978516 seconds.
worker: completed task packet_filter in 0.0008656978607177734 seconds.
worker: completed task packet_filter in 0.00012445449829101562 seconds.
worker: completed task switch in 2.0503997802734375e-05 seconds.
worker: completed task packet_filter in 0.0005137920379638672 seconds.
worker: completed task packet_filter in 0.0005993843078613281 seconds.
worker: completed task packet_filter in 0.0007634162902832031 seconds.
worker: completed task packet_filter in 0.0005357265472412109 seconds.
worker: completed task packet_filter in 0.000827789306640625 seconds.
worker: completed task packet_filter in 0.00011754035949707031 seconds.
worker: completed task switch in 1.8358230590820312e-05 seconds.
worker: completed task packet_filter in 0.0005061626434326172 seconds.
worker: completed task packet_filter in 0.0005896091461181641 seconds.
worker: completed task packet_filter in 0.0007531642913818359 seconds.
worker: completed task packet_filter in 0.0005447864532470703 seconds.
worker: completed task packet_filter in 0.0008127689361572266 seconds.
worker: completed task packet_filter in 0.00012159347534179688 seconds.
worker: completed task switch in 1.8835067749023438e-05 seconds.
worker: completed task packet_filter in 0.0005064010620117188 seconds.
worker: completed task packet_filter in 0.0005910396575927734 seconds.
worker: completed task packet_filter in 0.0007791519165039062 seconds.
worker: completed task packet_filter in 0.0005340576171875 seconds.
worker: completed task packet_filter in 0.0008490085601806641 seconds.
worker: completed task packet_filter in 0.00011587142944335938 seconds.
worker: completed task switch in 1.7881393432617188e-05 seconds.
worker: completed task packet_filter in 0.0005207061767578125 seconds.
worker: completed task packet_filter in 0.0009808540344238281 seconds.
worker: completed task packet_filter in 0.0007977485656738281 seconds.
worker: completed task packet_filter in 0.0005624294281005859 seconds.
worker: completed task packet_filter in 0.0008285045623779297 seconds.
worker: completed task packet_filter in 0.00011992454528808594 seconds.
worker: completed task switch in 2.0265579223632812e-05 seconds.
worker: completed task packet_filter in 0.0005156993865966797 seconds.
worker: completed task packet_filter in 0.0006010532379150391 seconds.
worker: completed task packet_filter in 0.0007717609405517578 seconds.
worker: completed task packet_filter in 0.0005509853363037109 seconds.
worker: completed task packet_filter in 0.0008213520050048828 seconds.
worker: completed task packet_filter in 0.00011587142944335938 seconds.
worker: completed task links in 0.0008032321929931641 seconds.
worker: completed task switch_command in 0.0014700889587402344 seconds.
worker: completed task switch_command in 0.00022459030151367188 seconds.
worker: completed task switch_command in 6.365776062011719e-05 seconds.
worker: completed task switch_command in 8.606910705566406e-05 seconds.
worker: completed task switch_command in 7.534027099609375e-05 seconds.
worker: completed task switch_command in 8.106231689453125e-05 seconds.
worker: completed task switch_command in 7.033348083496094e-05 seconds.
worker: completed task switch_command in 7.581710815429688e-05 seconds.
worker: completed task switch_command in 6.890296936035156e-05 seconds.
worker: completed task switch_command in 7.081031799316406e-05 seconds.
worker: completed task switch_command in 6.866455078125e-05 seconds.
worker: completed task switch_command in 6.866455078125e-05 seconds.
worker: completed task switch_command in 0.0001385211944580078 seconds.
worker: completed task switch_command in 0.0001201629638671875 seconds.
worker: completed task switch_command in 7.081031799316406e-05 seconds.
worker: completed task switch_command in 7.200241088867188e-05 seconds.
worker: completed task switch_command in 7.033348083496094e-05 seconds.
worker: completed task switch_command in 0.00013875961303710938 seconds.
worker: completed task switch_command in 7.128715515136719e-05 seconds.
worker: completed task switch_command in 0.0001289844512939453 seconds.
worker: completed task switch_command in 7.319450378417969e-05 seconds.
worker: completed task switch_command in 7.987022399902344e-05 seconds.
worker: completed task switch_command in 7.176399230957031e-05 seconds.
worker: completed task switch_command in 0.0003790855407714844 seconds.
worker: completed task switch_command in 7.200241088867188e-05 seconds.
worker: completed task switch_command in 6.580352783203125e-05 seconds.
worker: completed task switch_command in 0.0001316070556640625 seconds.
worker: completed task switch_command in 7.700920104980469e-05 seconds.
worker: completed task switch_command in 7.033348083496094e-05 seconds.
worker: completed task switch_command in 6.866455078125e-05 seconds.
worker: completed task switch_command in 7.05718994140625e-05 seconds.
worker: completed task switch_command in 6.818771362304688e-05 seconds.
worker: completed task switch_command in 0.00020551681518554688 seconds.
worker: completed task switch_command in 0.00016355514526367188 seconds.
worker: completed task switch_command in 7.271766662597656e-05 seconds.
worker: completed task switch_command in 6.794929504394531e-05 seconds.
worker: completed task switch_command in 7.891654968261719e-05 seconds.
worker: completed task switch_command in 6.651878356933594e-05 seconds.
worker: completed task switch_command in 6.985664367675781e-05 seconds.
worker: completed task switch_command in 6.747245788574219e-05 seconds.
worker: completed task switch_command in 0.00012302398681640625 seconds.
worker: completed task switch_command in 7.295608520507812e-05 seconds.
worker: completed task switch_command in 0.00010013580322265625 seconds.
worker: completed task switch_command in 7.128715515136719e-05 seconds.
worker: completed task switch_command in 6.532669067382812e-05 seconds.
worker: completed task switch_command in 6.270408630371094e-05 seconds.
worker: completed task switch_command in 6.747245788574219e-05 seconds.
worker: completed task switch_command in 0.000133514404296875 seconds.
worker: completed task switch_command in 7.43865966796875e-05 seconds.
worker: completed task switch_command in 7.152557373046875e-05 seconds.
worker: completed task switch_command in 6.413459777832031e-05 seconds.
worker: completed task switch_command in 7.128715515136719e-05 seconds.
worker: completed task switch_command in 0.00010037422180175781 seconds.
worker: completed task switch_command in 7.43865966796875e-05 seconds.
worker: completed task switch_command in 0.0001251697540283203 seconds.
worker: completed task switch_command in 7.62939453125e-05 seconds.
worker: completed task switch_command in 6.842613220214844e-05 seconds.
worker: completed task switch_command in 6.389617919921875e-05 seconds.
worker: completed task switch_command in 7.128715515136719e-05 seconds.
worker: completed task switch_command in 6.67572021484375e-05 seconds.
worker: completed task switch_command in 6.914138793945312e-05 seconds.
worker: completed task switch_command in 0.0001575946807861328 seconds.
worker: completed task switch_command in 7.462501525878906e-05 seconds.
worker: completed task switch_command in 7.700920104980469e-05 seconds.
worker: completed task switch_command in 6.818771362304688e-05 seconds.
worker: completed task switch_command in 6.508827209472656e-05 seconds.
worker: completed task switch_command in 6.67572021484375e-05 seconds.
worker: completed task switch_command in 7.390975952148438e-05 seconds.
worker: completed task switch_command in 0.00012922286987304688 seconds.
worker: completed task switch_command in 7.414817810058594e-05 seconds.
worker: completed task switch_command in 6.723403930664062e-05 seconds.
worker: completed task switch_command in 0.00010395050048828125 seconds.
worker: completed task switch_command in 6.532669067382812e-05 seconds.
worker: completed task switch_command in 6.556510925292969e-05 seconds.
worker: completed task switch_command in 6.580352783203125e-05 seconds.
worker: completed task switch_command in 0.0001227855682373047 seconds.
worker: completed task switch_command in 7.414817810058594e-05 seconds.
worker: completed task switch_command in 7.462501525878906e-05 seconds.
worker: completed task switch_command in 7.176399230957031e-05 seconds.
worker: completed task switch_command in 6.937980651855469e-05 seconds.
worker: completed task switch_command in 0.0001010894775390625 seconds.
worker: completed task switch_command in 7.009506225585938e-05 seconds.
worker: completed task switch_command in 0.00013136863708496094 seconds.
worker: completed task switch_command in 7.987022399902344e-05 seconds.
worker: completed task switch_command in 6.747245788574219e-05 seconds.
worker: completed task switch_command in 7.43865966796875e-05 seconds.
worker: completed task switch_command in 6.866455078125e-05 seconds.
worker: completed task switch_command in 6.341934204101562e-05 seconds.
worker: completed task switch_command in 6.461143493652344e-05 seconds.
worker: completed task switch_command in 0.00015997886657714844 seconds.
worker: completed task switch_command in 7.510185241699219e-05 seconds.
worker: completed task switch_command in 6.818771362304688e-05 seconds.
worker: completed task switch_command in 6.67572021484375e-05 seconds.
worker: completed task switch_command in 6.580352783203125e-05 seconds.
worker: completed task switch_command in 6.008148193359375e-05 seconds.
worker: completed task switch_command in 6.890296936035156e-05 seconds.
worker: completed task switch_command in 0.0001220703125 seconds.
worker: completed task switch_command in 8.153915405273438e-05 seconds.
worker: completed task switch_command in 7.104873657226562e-05 seconds.
worker: completed task switch_command in 9.608268737792969e-05 seconds.
worker: completed task switch_command in 6.747245788574219e-05 seconds.
worker: completed task switch_command in 6.866455078125e-05 seconds.
worker: completed task switch_command in 6.723403930664062e-05 seconds.
worker: completed task switch_command in 0.00012445449829101562 seconds.
worker: completed task switch_command in 7.510185241699219e-05 seconds.
worker: completed task switch_command in 6.580352783203125e-05 seconds.
worker: completed task switch_command in 6.532669067382812e-05 seconds.
worker: completed task switch_command in 6.937980651855469e-05 seconds.
worker: completed task switch_command in 6.651878356933594e-05 seconds.
worker: completed task switch_command in 9.989738464355469e-05 seconds.
worker: completed task switch_command in 0.00012373924255371094 seconds.
worker: completed task switch_command in 7.367134094238281e-05 seconds.
worker: completed task switch_command in 6.747245788574219e-05 seconds.
worker: completed task switch_command in 6.699562072753906e-05 seconds.
worker: completed task switch_command in 8.368492126464844e-05 seconds.
worker: completed task switch_command in 6.532669067382812e-05 seconds.
worker: completed task switch_command in 6.914138793945312e-05 seconds.
worker: completed task switch_command in 0.0001201629638671875 seconds.
worker: completed task switch_command in 0.00010442733764648438 seconds.
worker: completed task switch_command in 7.200241088867188e-05 seconds.
worker: completed task switch_command in 6.4849853515625e-05 seconds.
worker: completed task switch_command in 6.985664367675781e-05 seconds.
worker: completed task switch_command in 6.508827209472656e-05 seconds.
worker: completed task switch_command in 6.699562072753906e-05 seconds.
worker: completed task switch_command in 0.00012159347534179688 seconds.
worker: completed task switch_command in 7.200241088867188e-05 seconds.
worker: completed task switch_command in 6.842613220214844e-05 seconds.
worker: completed task switch_command in 6.890296936035156e-05 seconds.
worker: completed task switch_command in 0.00011038780212402344 seconds.
worker: completed task switch_command in 6.961822509765625e-05 seconds.
worker: completed task switch_command in 6.461143493652344e-05 seconds.
worker: completed task switch_command in 0.0001266002655029297 seconds.
worker: completed task switch_command in 7.581710815429688e-05 seconds.
worker: completed task switch_command in 7.104873657226562e-05 seconds.
worker: completed task switch_command in 7.557868957519531e-05 seconds.
worker: completed task switch_command in 6.461143493652344e-05 seconds.
worker: completed task switch_command in 6.556510925292969e-05 seconds.
worker: completed task switch_command in 0.0003619194030761719 seconds.
worker: completed task switch_command in 0.00012969970703125 seconds.
worker: completed task switch_command in 7.176399230957031e-05 seconds.
worker: completed task switch_command in 7.05718994140625e-05 seconds.
worker: completed task switch_command in 6.532669067382812e-05 seconds.
worker: completed task switch_command in 6.651878356933594e-05 seconds.
worker: completed task switch_command in 6.556510925292969e-05 seconds.
worker: completed task switch_command in 9.560585021972656e-05 seconds.
worker: completed task switch_command in 0.0001366138458251953 seconds.
worker: completed task switch_command in 7.700920104980469e-05 seconds.
worker: completed task switch_command in 0.00010538101196289062 seconds.
worker: completed task switch_command in 6.914138793945312e-05 seconds.
worker: completed task switch_command in 6.937980651855469e-05 seconds.
worker: completed task switch_command in 6.580352783203125e-05 seconds.
worker: completed task switch_command in 6.937980651855469e-05 seconds.
worker: completed task switch_command in 0.0001373291015625 seconds.
worker: completed task switch_command in 8.463859558105469e-05 seconds.
worker: completed task switch_command in 7.486343383789062e-05 seconds.
worker: completed task switch_command in 6.604194641113281e-05 seconds.
worker: completed task switch_command in 0.00010776519775390625 seconds.
worker: completed task switch_command in 7.033348083496094e-05 seconds.
worker: completed task switch_command in 6.890296936035156e-05 seconds.
worker: completed task probe in 7.963180541992188e-05 seconds.
worker: completed task probe in 5.3882598876953125e-05 seconds.
worker: completed task probe in 6.961822509765625e-05 seconds.
worker: completed task probe in 3.910064697265625e-05 seconds.
worker: completed task probe in 3.6716461181640625e-05 seconds.
worker: completed task probe in 3.5762786865234375e-05 seconds.
worker: completed task probe in 3.4809112548828125e-05 seconds.
worker: completed task probe in 3.457069396972656e-05 seconds.
worker: completed task probe in 3.457069396972656e-05 seconds.
worker: completed task probe in 3.6716461181640625e-05 seconds.
worker: completed task probe in 3.5762786865234375e-05 seconds.
worker: completed task probe in 3.886222839355469e-05 seconds.
worker: completed task probe in 3.4809112548828125e-05 seconds.
worker: completed task probe in 3.457069396972656e-05 seconds.
worker: completed task probe in 3.409385681152344e-05 seconds.
worker: completed task probe in 3.4332275390625e-05 seconds.
worker: completed task probe in 4.124641418457031e-05 seconds.
worker: completed task probe in 3.457069396972656e-05 seconds.
worker: completed task probe in 3.4809112548828125e-05 seconds.
worker: completed task probe in 3.3855438232421875e-05 seconds.
worker: completed task probe in 3.409385681152344e-05 seconds.
worker: completed task probe in 3.552436828613281e-05 seconds.
worker: completed task probe in 3.933906555175781e-05 seconds.
worker: completed task probe in 3.552436828613281e-05 seconds.
worker: completed task probe in 3.3855438232421875e-05 seconds.
worker: completed task probe in 4.267692565917969e-05 seconds.
worker: completed task probe in 3.4332275390625e-05 seconds.
worker: completed task probe in 3.337860107421875e-05 seconds.
worker: completed task probe in 3.719329833984375e-05 seconds.
worker: completed task probe in 3.4809112548828125e-05 seconds.
worker: completed task probe in 3.886222839355469e-05 seconds.
worker: completed task probe in 3.409385681152344e-05 seconds.
worker: completed task probe in 3.552436828613281e-05 seconds.
worker: completed task probe in 3.409385681152344e-05 seconds.
worker: completed task probe in 3.6716461181640625e-05 seconds.
worker: completed task probe in 3.62396240234375e-05 seconds.
worker: completed task probe in 3.5762786865234375e-05 seconds.
worker: completed task probe in 3.314018249511719e-05 seconds.
worker: completed task probe in 3.457069396972656e-05 seconds.
worker: completed task probe in 3.504753112792969e-05 seconds.
worker: completed task probe in 3.7670135498046875e-05 seconds.
worker: completed task probe in 3.457069396972656e-05 seconds.
worker: completed task probe in 3.504753112792969e-05 seconds.
worker: completed task probe in 3.4809112548828125e-05 seconds.
worker: completed task probe in 3.4332275390625e-05 seconds.
worker: completed task probe in 3.647804260253906e-05 seconds.
worker: completed task probe in 3.719329833984375e-05 seconds.
worker: completed task probe in 3.528594970703125e-05 seconds.
worker: completed task probe in 3.337860107421875e-05 seconds.
worker: completed task probe in 3.3855438232421875e-05 seconds.
worker: completed task probe in 7.224082946777344e-05 seconds.
worker: completed task probe in 3.719329833984375e-05 seconds.
worker: completed task probe in 3.695487976074219e-05 seconds.
worker: completed task probe in 3.8623809814453125e-05 seconds.
worker: completed task probe in 3.4332275390625e-05 seconds.
worker: completed task probe in 3.504753112792969e-05 seconds.
worker: completed task probe in 3.457069396972656e-05 seconds.
worker: completed task probe in 3.4809112548828125e-05 seconds.
worker: completed task probe in 3.62396240234375e-05 seconds.
worker: completed task probe in 3.528594970703125e-05 seconds.
worker: completed task probe in 3.314018249511719e-05 seconds.
worker: completed task probe in 3.62396240234375e-05 seconds.
worker: completed task probe in 3.409385681152344e-05 seconds.
worker: completed task probe in 3.361701965332031e-05 seconds.
worker: completed task probe in 3.528594970703125e-05 seconds.
worker: completed task probe in 3.4332275390625e-05 seconds.
worker: completed task probe in 3.528594970703125e-05 seconds.
worker: completed task probe in 3.266334533691406e-05 seconds.
worker: completed task probe in 3.409385681152344e-05 seconds.
worker: completed task probe in 3.337860107421875e-05 seconds.
worker: completed task probe in 3.528594970703125e-05 seconds.
worker: completed task probe in 3.7670135498046875e-05 seconds.
worker: completed task probe in 3.62396240234375e-05 seconds.
worker: completed task probe in 3.409385681152344e-05 seconds.
worker: completed task probe in 3.409385681152344e-05 seconds.
worker: completed task probe in 3.24249267578125e-05 seconds.
worker: completed task probe in 4.6253204345703125e-05 seconds.
worker: completed task probe in 3.504753112792969e-05 seconds.
worker: completed task probe in 3.361701965332031e-05 seconds.
worker: completed task probe in 3.3855438232421875e-05 seconds.
worker: completed task probe in 3.337860107421875e-05 seconds.
worker: completed task probe in 3.266334533691406e-05 seconds.
worker: completed task probe in 3.814697265625e-05 seconds.
worker: completed task probe in 3.457069396972656e-05 seconds.
worker: completed task probe in 3.504753112792969e-05 seconds.
worker: completed task probe in 3.552436828613281e-05 seconds.
worker: completed task probe in 3.5762786865234375e-05 seconds.
worker: completed task probe in 3.5762786865234375e-05 seconds.
worker: completed task probe in 3.5762786865234375e-05 seconds.
worker: completed task probe in 3.4332275390625e-05 seconds.
worker: completed task probe in 3.409385681152344e-05 seconds.
worker: completed task probe in 3.3855438232421875e-05 seconds.
worker: completed task probe in 3.528594970703125e-05 seconds.
worker: completed task probe in 3.266334533691406e-05 seconds.
worker: completed task probe in 3.552436828613281e-05 seconds.
worker: completed task probe in 3.409385681152344e-05 seconds.
worker: completed task probe in 3.4332275390625e-05 seconds.
worker: completed task probe in 3.457069396972656e-05 seconds.
worker: completed task probe in 3.3855438232421875e-05 seconds.
worker: completed task probe in 3.3855438232421875e-05 seconds.
worker: completed task probe in 3.647804260253906e-05 seconds.
worker: completed task probe in 3.528594970703125e-05 seconds.
worker: completed task probe in 3.2901763916015625e-05 seconds.
worker: completed task probe in 3.62396240234375e-05 seconds.
worker: completed task probe in 3.552436828613281e-05 seconds.
worker: completed task probe in 3.3855438232421875e-05 seconds.
worker: completed task probe in 3.719329833984375e-05 seconds.
worker: completed task probe in 3.528594970703125e-05 seconds.
worker: completed task probe in 3.337860107421875e-05 seconds.
worker: completed task probe in 3.361701965332031e-05 seconds.
worker: completed task probe in 3.314018249511719e-05 seconds.
worker: completed task probe in 3.2901763916015625e-05 seconds.
worker: completed task probe in 3.552436828613281e-05 seconds.
worker: completed task probe in 3.504753112792969e-05 seconds.
worker: completed task probe in 3.2901763916015625e-05 seconds.
worker: completed task probe in 3.5762786865234375e-05 seconds.
worker: completed task probe in 3.4332275390625e-05 seconds.
worker: completed task probe in 3.8623809814453125e-05 seconds.
worker: completed task probe in 3.6716461181640625e-05 seconds.
worker: completed task probe in 3.528594970703125e-05 seconds.
worker: completed task probe in 3.457069396972656e-05 seconds.
worker: completed task probe in 3.457069396972656e-05 seconds.
worker: completed task probe in 3.361701965332031e-05 seconds.
worker: completed task probe in 3.62396240234375e-05 seconds.
worker: completed task probe in 6.866455078125e-05 seconds.
worker: completed task probe in 3.814697265625e-05 seconds.
worker: completed task probe in 3.5762786865234375e-05 seconds.
worker: completed task probe in 3.695487976074219e-05 seconds.
worker: completed task probe in 3.457069396972656e-05 seconds.
worker: completed task probe in 3.4332275390625e-05 seconds.
worker: completed task probe in 3.838539123535156e-05 seconds.
worker: completed task probe in 3.4332275390625e-05 seconds.
worker: completed task probe in 3.409385681152344e-05 seconds.
worker: completed task probe in 3.337860107421875e-05 seconds.
worker: completed task probe in 3.552436828613281e-05 seconds.
worker: completed task probe in 3.266334533691406e-05 seconds.
worker: completed task probe in 3.552436828613281e-05 seconds.
worker: completed task links in 0.00035381317138671875 seconds.
worker: completed task generators in 0.0019023418426513672 seconds.
worker: completed task links in 0.00032067298889160156 seconds.
apkeep: dmz.uni-potsdam.de discriminates among its ingress ports; demultiplexed into 2 element(s): dmz.uni-potsdam.de@1, dmz.uni-potsdam.de@2
apkeep: wifi.uni-potsdam.de discriminates among its ingress ports; demultiplexed into 2 element(s): wifi.uni-potsdam.de@1, wifi.uni-potsdam.de@3
apkeep: ingress demultiplexing split 2 device(s) into 4 element(s) -- a representational cost of the AP model, not a change to the FaVe model
worker: completed task check_compliance in 132.34953451156616 seconds.
worker: completed task report in 0.0028913021087646484 seconds.
worker: initiate stopping
worker: completed task stop in 9.679794311523438e-05 seconds.
worker: stop handler after 136.26476097106934 seconds.
master: close receiving socket
master: join queue
master: join handler thread
master: finished run
master: stop reporter
