loop found for [171.66.255.128/26]: || bbra_rtr,te7/1 bbrb_rtr,te7/1 bbrb_rtr,te6/1 coza_rtr,te3/1 coza_rtr,te2/1 coza_rtr_outACL_te2/1_out,inport coza_rtr_outACL_te2/1_out,permit bbra_rtr,te7/2 bbra_rtr,te7/1
loop found for [171.66.255.128/26]: || bbra_rtr,te7/1 bbrb_rtr,te7/1 bbrb_rtr,te6/1 sozb_rtr,te2/1 sozb_rtr,te3/1 sozb_rtr_outACL_te3/1_out,inport sozb_rtr_outACL_te3/1_out,permit bbra_rtr,te7/2 bbra_rtr,te7/1
loop found for [171.66.255.128/26]: || bbra_rtr,te7/1 bbrb_rtr,te7/1 bbrb_rtr,te6/3 yozb_rtr,te1/1 yozb_rtr,te1/2 yoza_rtr,te1/2 yoza_rtr,te7/1 bbrb_rtr,te7/4 bbrb_rtr,te6/1 coza_rtr,te3/1 coza_rtr,te2/1 coza_rtr_outACL_te2/1_out,inport coza_rtr_outACL_te2/1_out,permit bbra_rtr,te7/2 bbra_rtr,te7/1
loop found for [171.66.255.128/26]: || bbra_rtr,te7/1 bbrb_rtr,te7/1 bbrb_rtr,te6/3 yozb_rtr,te1/1 yozb_rtr,te1/2 yoza_rtr,te1/2 yoza_rtr,te7/1 bbrb_rtr,te7/4 bbrb_rtr,te6/1 sozb_rtr,te2/1 sozb_rtr,te3/1 sozb_rtr_outACL_te3/1_out,inport sozb_rtr_outACL_te3/1_out,permit bbra_rtr,te7/2 bbra_rtr,te7/1
loop found for [171.66.255.128/26]: || bbra_rtr,te7/1 bbrb_rtr,te7/1 bbrb_rtr,te6/3 yozb_rtr,te1/1 yozb_rtr,te1/2 yoza_rtr,te1/2 yoza_rtr,te7/1 bbrb_rtr,te7/4 bbrb_rtr,te7/2 cozb_rtr,te2/1 cozb_rtr,te3/1 cozb_rtr_outACL_te3/1_out,inport cozb_rtr_outACL_te3/1_out,permit bbra_rtr,te6/1 bbra_rtr,te7/1
loop found for [171.66.255.128/26]: || bbra_rtr,te7/1 bbrb_rtr,te7/1 bbrb_rtr,te6/3 yozb_rtr,te1/1 yozb_rtr,te1/2 yoza_rtr,te1/2 yoza_rtr,te7/1 bbrb_rtr,te7/4 bbrb_rtr,te7/2 soza_rtr,te3/1 soza_rtr,te2/1 soza_rtr_outACL_te2/1_out,inport soza_rtr_outACL_te2/1_out,permit bbra_rtr,te6/1 bbra_rtr,te7/1
loop found for [171.66.255.128/26]: || bbra_rtr,te7/1 bbrb_rtr,te7/1 bbrb_rtr,te7/2 cozb_rtr,te2/1 cozb_rtr,te3/1 cozb_rtr_outACL_te3/1_out,inport cozb_rtr_outACL_te3/1_out,permit bbra_rtr,te6/1 bbra_rtr,te7/1
loop found for [171.66.255.128/26]: || bbra_rtr,te7/1 bbrb_rtr,te7/1 bbrb_rtr,te7/2 soza_rtr,te3/1 soza_rtr,te2/1 soza_rtr_outACL_te2/1_out,inport soza_rtr_outACL_te2/1_out,permit bbra_rtr,te6/1 bbra_rtr,te7/1
loop found for [171.66.255.128/26]: || bbrb_rtr,te6/3 yozb_rtr,te1/1 yozb_rtr,te1/2 yoza_rtr,te1/2 yoza_rtr,te7/1 bbrb_rtr,te7/4 bbrb_rtr,te6/3
loop found for [172.20.0.171/32]: || bbra_rtr,te7/1 bbrb_rtr,te7/1 bbrb_rtr,te1/1 goza_rtr,te3/1 goza_rtr,te2/1 bbra_rtr,te7/3 bbra_rtr,te7/1
loop found for [172.20.0.171/32]: || bbra_rtr,te7/1 bbrb_rtr,te7/1 bbrb_rtr,te1/1 pozb_rtr,te2/1 pozb_rtr,te3/1 bbra_rtr,te7/3 bbra_rtr,te7/1
loop found for [172.20.0.203/32]: || bbra_rtr,te7/1 bbrb_rtr,te7/1 bbrb_rtr,te1/3 boza_rtr,te3/1 boza_rtr,te2/1 bbra_rtr,te1/4 bbra_rtr,te7/1
loop found for [172.20.0.203/32]: || bbra_rtr,te7/1 bbrb_rtr,te7/1 bbrb_rtr,te1/3 rozb_rtr,te2/1 rozb_rtr,te3/1 bbra_rtr,te1/4 bbra_rtr,te7/1
loop found for [172.20.0.235/32]: || bbra_rtr,te7/1 bbrb_rtr,te7/1 bbrb_rtr,te7/2 gozb_rtr,te2/1 gozb_rtr,te3/1 bbra_rtr,te6/1 bbra_rtr,te7/1
loop found for [172.20.0.235/32]: || bbra_rtr,te7/1 bbrb_rtr,te7/1 bbrb_rtr,te7/2 poza_rtr,te3/1 poza_rtr,te2/1 bbra_rtr,te6/1 bbra_rtr,te7/1
loop found for [172.20.0.75/32]: || bbra_rtr,te7/1 bbrb_rtr,te7/1 bbrb_rtr,te6/3 bozb_rtr,te2/1 bozb_rtr,te3/1 bbra_rtr,te1/3 bbra_rtr,te7/1
loop found for [172.20.0.75/32]: || bbra_rtr,te7/1 bbrb_rtr,te7/1 bbrb_rtr,te6/3 roza_rtr,te3/1 roza_rtr,te2/1 bbra_rtr,te1/3 bbra_rtr,te7/1
loop found for [172.20.0.75/32]: || bbra_rtr,te7/1 bbrb_rtr,te7/1 bbrb_rtr,te6/3 yozb_rtr,te1/1 yozb_rtr,te2/1 bbra_rtr,te1/3 bbra_rtr,te7/1
loop found for [172.20.10.128/27]: || yoza_rtr,te1/2 yozb_rtr,te1/2 yozb_rtr,te1/3 yozb_rtr_178_te1/3_out,inport yozb_rtr_178_te1/3_out,permit yozb_rtr_168_te1/3_out,inport yozb_rtr_168_te1/3_out,permit yoza_rtr_175_te1/1_in,inport yoza_rtr_175_te1/1_in,permit yoza_rtr_174_te1/1_in,inport yoza_rtr_174_te1/1_in,permit yoza_rtr,te1/1 yoza_rtr,te1/2
loop found for [172.26.4.154/31, 172.26.4.156/30, 172.26.4.152/32]: || yoza_rtr,te1/1 yoza_rtr_178_te1/1_out,inport yoza_rtr_178_te1/1_out,permit yoza_rtr_168_te1/1_out,inport yoza_rtr_168_te1/1_out,permit yozb_rtr_174_te1/3_in,inport yozb_rtr_174_te1/3_in,permit yozb_rtr_175_te1/3_in,inport yozb_rtr_175_te1/3_in,permit yozb_rtr,te1/3 yozb_rtr,te1/2 yoza_rtr,te1/2 yoza_rtr,te1/1
