[1/72] source.atla -> probe.chic: reachable=True (4.6898s)
[2/72] source.hous -> probe.chic: reachable=True (7.2992s)
[3/72] source.kans -> probe.chic: reachable=True (5.8543s)
[4/72] source.losa -> probe.chic: reachable=True (6.0379s)
[5/72] source.newy32aoa -> probe.chic: reachable=True (103.0297s)
[6/72] source.salt -> probe.chic: reachable=True (9.8944s)
[7/72] source.seat -> probe.chic: reachable=True (7.1541s)
[8/72] source.wash -> probe.chic: reachable=True (10.4309s)
[9/72] source.atla -> probe.hous: reachable=True (4.5016s)
[10/72] source.chic -> probe.hous: reachable=False (132.4052s)
[11/72] source.kans -> probe.hous: reachable=True (5.1341s)
[12/72] source.losa -> probe.hous: reachable=True (4.5658s)
[13/72] source.newy32aoa -> probe.hous: reachable=True (5.1203s)
[14/72] source.salt -> probe.hous: reachable=True (4.5726s)
[15/72] source.seat -> probe.hous: reachable=True (6.8315s)
[16/72] source.wash -> probe.hous: reachable=True (113.9083s)
[17/72] source.atla -> probe.kans: reachable=False (144.2821s)
[18/72] source.chic -> probe.kans: reachable=False (315.0692s)
[19/72] source.hous -> probe.kans: reachable=True (23.6272s)
[20/72] source.losa -> probe.kans: reachable=True (5.6196s)
[21/72] source.newy32aoa -> probe.kans: reachable=False (151.5645s)
[22/72] source.salt -> probe.kans: reachable=True (4.5430s)
[23/72] source.seat -> probe.kans: reachable=True (6.0344s)
[24/72] source.wash -> probe.kans: reachable=False (201.8210s)
[25/72] source.atla -> probe.losa: reachable=True (5.8580s)
[26/72] source.chic -> probe.losa: reachable=False (115.7356s)
[27/72] source.hous -> probe.losa: reachable=True (7.0835s)
[28/72] source.kans -> probe.losa: reachable=True (28.9186s)
[29/72] source.newy32aoa -> probe.losa: reachable=True (4.9898s)
[30/72] source.salt -> probe.losa: reachable=True (7.3115s)
[31/72] source.seat -> probe.losa: reachable=True (7.9223s)
[32/72] source.wash -> probe.losa: reachable=True (5.0940s)
[33/72] source.atla -> probe.newy32aoa: reachable=True (95.4674s)
[34/72] source.chic -> probe.newy32aoa: reachable=True (9.9125s)
[35/72] source.hous -> probe.newy32aoa: reachable=True (7.2374s)
[36/72] source.kans -> probe.newy32aoa: reachable=True (134.2423s)
[37/72] source.losa -> probe.newy32aoa: reachable=True (7.8017s)
[38/72] source.salt -> probe.newy32aoa: reachable=True (6.1125s)
[39/72] source.seat -> probe.newy32aoa: reachable=True (188.5543s)
[40/72] source.wash -> probe.newy32aoa: reachable=True (9.4002s)
[41/72] source.atla -> probe.salt: reachable=True (117.8812s)
[42/72] source.chic -> probe.salt: reachable=False (103.7747s)
[43/72] source.hous -> probe.salt: reachable=True (8.6666s)
[44/72] source.kans -> probe.salt: reachable=True (5.5734s)
[45/72] source.losa -> probe.salt: reachable=True (7.8102s)
[46/72] source.newy32aoa -> probe.salt: reachable=True (91.6268s)
[47/72] source.seat -> probe.salt: reachable=True (7.3163s)
[48/72] source.wash -> probe.salt: reachable=True (134.6091s)
[49/72] source.atla -> probe.seat: reachable=False (113.3346s)
[50/72] source.chic -> probe.seat: reachable=False (117.0899s)
[51/72] source.hous -> probe.seat: reachable=True (6.1721s)
[52/72] source.kans -> probe.seat: reachable=True (7.2862s)
[53/72] source.losa -> probe.seat: reachable=True (6.4615s)
[54/72] source.newy32aoa -> probe.seat: reachable=False (52.3222s)
[55/72] source.salt -> probe.seat: reachable=True (109.7545s)
[56/72] source.wash -> probe.seat: reachable=False (65.6619s)
[57/72] source.atla -> probe.wash: reachable=True (5.0966s)
[58/72] source.chic -> probe.wash: reachable=True (4.6661s)
[59/72] source.hous -> probe.wash: reachable=True (23.2194s)
[60/72] source.kans -> probe.wash: reachable=True (8.9146s)
[61/72] source.losa -> probe.wash: reachable=True (8.1996s)
[62/72] source.newy32aoa -> probe.wash: reachable=True (5.0060s)
[63/72] source.salt -> probe.wash: reachable=True (7.4024s)
[64/72] source.seat -> probe.wash: reachable=True (9.5753s)
[65/72] source.chic -> probe.atla: reachable=True (43.8111s)
[66/72] source.hous -> probe.atla: reachable=True (6.1929s)
[67/72] source.kans -> probe.atla: reachable=True (8.1431s)
[68/72] source.losa -> probe.atla: reachable=True (4.8504s)
[69/72] source.newy32aoa -> probe.atla: reachable=True (5.1981s)
[70/72] source.salt -> probe.atla: reachable=True (156.2863s)
[71/72] source.seat -> probe.atla: reachable=True (7.9331s)
[72/72] source.wash -> probe.atla: reachable=True (128.7615s)
