{"workload": "wl_i2", "engine": "ad6", "status": "completed", "outcome": "measured", "limit_class": "v5", "limit_tripped": "none", "wall_s": 3800.577, "peak_rss_mb": 10497, "violations": 11, "checks": 72, "verdict_valid": true}
enerate topology, routes, and probes...
generated topology, routes, and probes.
backend ad6 needs no netplumber process; not starting one
starting aggregator (backend: ad6 --grounding flow --solver cadical195)...
started aggregator.
wait for fave
initialize topology...
topology sent to fave
initialize routes...
routes sent to fave
initialize probes...
probes sent to fave
initialize sources...
sources sent to fave
checking flow trees...
checked flow trees.
SKIPPED anomaly check: backend ad6 does not implement it (this run's verdict covers compliance only)
generating report...
report generated.
wait for fave
stopping fave and netplumber...
fave ordered to stop
