reusing the inputs stamped in bench/wl_berkeley (13402846 rules)
INFO:wl_berkeley:reusing the inputs stamped in bench/wl_berkeley (13402846 rules)
deleting old logs and measurements...
INFO:wl_berkeley:deleting old logs and measurements...
deleted old logs and measurements.
INFO:wl_berkeley:deleted old logs and measurements.
generate policy matrix...
INFO:wl_berkeley:generate policy matrix...
generated policy matrix.
INFO:wl_berkeley:generated policy matrix.
convert policy matrix to checks...
INFO:wl_berkeley:convert policy matrix to checks...
converted policy matrix.
INFO:wl_berkeley:converted policy matrix.
backend apkeep needs no netplumber process; not starting one
INFO:wl_berkeley:backend apkeep needs no netplumber process; not starting one
starting aggregator (backend: apkeep --apkeep-engine bdd)...
INFO:wl_berkeley:starting aggregator (backend: apkeep --apkeep-engine bdd)...
started aggregator.
INFO:wl_berkeley:started aggregator.
wait for fave
INFO:wl_berkeley:wait for fave
initialize topology...
INFO:wl_berkeley:initialize topology...
topology sent to fave
INFO:wl_berkeley:topology sent to fave
initialize routes...
INFO:wl_berkeley:initialize routes...
routes sent to fave
INFO:wl_berkeley:routes sent to fave
initialize probes...
INFO:wl_berkeley:initialize probes...
probes sent to fave
INFO:wl_berkeley:probes sent to fave
initialize sources...
INFO:wl_berkeley:initialize sources...
sources sent to fave
INFO:wl_berkeley:sources sent to fave
checking flow trees...
INFO:wl_berkeley:checking flow trees...
100000 16 0
200000 32 0
300000 26 0
400000 52 3
500000 23 2
600000 20 2
700000 60 0
800000 55 0
900000 20 398
1000000 62 0
1100000 56 6
1200000 67 0
1300000 45 0
1400000 60 0
1500000 44 0
1600000 55 0
1700000 56 2
1800000 77 0
1900000 28 0
2000000 36 3
2100000 70 3
2200000 42 0
2300000 33 24
2400000 51 9
2500000 64 24
2600000 69 21
2700000 46 10
2800000 39 24
2900000 60 11
3000000 36 11
3100000 58 11
3200000 65 11
3300000 62 11
3400000 73 28
3500000 44 9
3600000 60 2
3700000 71 2
3800000 37 2
3900000 61 0
4000000 51 0
4100000 41 3
4200000 53 2
4300000 63 4
4400000 48 0
4500000 51 6
4600000 57 13
4700000 29 10
4800000 73 10
4900000 78 8
5000000 34 30
5100000 59 29
5200000 46 23
5300000 52 8
5400000 44 26
5500000 55 21
5600000 40 3
5700000 35 24
5800000 52 27
5900000 46 27
6000000 65 0
6100000 74 3
6200000 53 0
6300000 54 2
6400000 44 0
6500000 39 0
6600000 54 0
6700000 68 0
6800000 53 0
6900000 41 10
7000000 60 0
7100000 60 24
7200000 70 8
7300000 73 11
7400000 76 22
7500000 67 9
7600000 61 10
7700000 48 12
7800000 49 25
7900000 61 25
8000000 32 11
8100000 69 8
8200000 54 9
8300000 69 10
8400000 47 0
8500000 56 3
8600000 35 3
8700000 37 0
8800000 36 0
8900000 73 0
9000000 38 0
9100000 59 0
9200000 38 0
9300000 49 0
9400000 39 4
9500000 42 10
9600000 62 11
9700000 56 10
9800000 67 14
9900000 58 11
10000000 59 20
10100000 47 11
10200000 53 12
10300000 63 10
10400000 66 3
10500000 70 24
10600000 68 3
10700000 55 3
10800000 34 0
10900000 37 0
11000000 44 0
11100000 58 3
11200000 41 0
11300000 36 0
11400000 50 5
11500000 72 4
11600000 60 4
11700000 74 0
11800000 63 0
11900000 35 21
12000000 54 23
12100000 58 11
12200000 51 9
12300000 72 28
12400000 39 11
12500000 51 13
12600000 46 9
12700000 59 7
12800000 49 28
12900000 47 11
13000000 71 25
13100000 84 4
13200000 57 0
13300000 36 3
13400000 35 3
13500000 58 2
13600000 51 2
13700000 46 0
13800000 71 0
13900000 75 0
14000000 67 0
14100000 72 4
14200000 82 3
14300000 55 12
14400000 70 21
14500000 42 23
14600000 63 9
14700000 69 11
14800000 44 12
14900000 43 27
15000000 47 23
15100000 49 10
15200000 62 10
15300000 65 10
15400000 56 29
15500000 80 24
15600000 65 0
15700000 34 0
15800000 58 0
15900000 77 2
16000000 62 5
16100000 47 4
16200000 67 4
16300000 62 0
16400000 58 4
16500000 78 4
16600000 81 23
16700000 73 22
16800000 80 11
16900000 59 23
17000000 82 8
17100000 46 4
17200000 74 28
17300000 72 26
17400000 53 23
17500000 48 8
17600000 41 26
17700000 59 30
17800000 56 24
17900000 37 25
18000000 56 0
18100000 39 2
18200000 83 3
18300000 42 0
18400000 63 4
18500000 61 4
18600000 79 0
18700000 58 4
18800000 40 0
18900000 56 5
19000000 47 11
19100000 78 12
19200000 81 11
19300000 46 13
19400000 84 26
19500000 46 8
19600000 56 11
19700000 64 31
19800000 37 27
19900000 42 37
20000000 84 26
20100000 67 25
20200000 61 27
20300000 66 20
20400000 53 4
20500000 67 13
20600000 69 8
20700000 52 28
20800000 75 10
20900000 44 30
21000000 41 29
21100000 45 12
21200000 40 3
21300000 35 11
21400000 47 27
21500000 81 0
21600000 47 2
21700000 59 5
21800000 55 0
21900000 79 0
22000000 35 0
22100000 82 0
22200000 49 4
22300000 57 0
22400000 54 0
22500000 62 4
22600000 79 5
22700000 41 9
22800000 45 11
22900000 48 29
23000000 48 24
23100000 65 11
23200000 70 29
23300000 73 51
23400000 79 34
23500000 37 11
23600000 79 28
23700000 60 12
23800000 51 13
23900000 59 3
24000000 47 0
24100000 72 0
24200000 76 0
24300000 70 0
24400000 69 4
24500000 42 0
24600000 40 0
24700000 66 0
24800000 80 5
24900000 79 0
25000000 78 12
25100000 40 8
25200000 49 9
25300000 70 23
25400000 45 22
25500000 85 9
25600000 59 29
25700000 54 8
25800000 38 3
25900000 59 11
26000000 65 9
26100000 69 23
26200000 51 6
checked flow trees.
INFO:wl_berkeley:checked flow trees.
SKIPPED anomaly check: backend apkeep does not implement it (this run's verdict covers compliance only)
INFO:wl_berkeley:SKIPPED anomaly check: backend apkeep does not implement it (this run's verdict covers compliance only)
generating report...
INFO:wl_berkeley:generating report...
report generated.
INFO:wl_berkeley:report generated.
wait for fave
INFO:wl_berkeley:wait for fave
stopping fave and netplumber...
INFO:wl_berkeley:stopping fave and netplumber...
fave ordered to stop
INFO:wl_berkeley:fave ordered to stop
