backend: netplumber {'impl': 'authors+fave', 'upstream': 'hassel-public master 697b35c9', 'np_invert_lpm': False}
master: open and bind unix socket
master: start handler thread
master: listen on socket
worker: completed task switch in 0.0003883838653564453 seconds.
worker: completed task switch in 0.0001392364501953125 seconds.
worker: completed task switch in 0.00010800361633300781 seconds.
worker: completed task switch in 0.000102996826171875 seconds.
worker: completed task switch in 0.00010418891906738281 seconds.
worker: completed task switch in 9.655952453613281e-05 seconds.
worker: completed task switch in 9.059906005859375e-05 seconds.
worker: completed task switch in 0.00010752677917480469 seconds.
worker: completed task switch in 9.679794311523438e-05 seconds.
worker: completed task switch in 9.250640869140625e-05 seconds.
worker: completed task switch in 9.489059448242188e-05 seconds.
worker: completed task switch in 9.489059448242188e-05 seconds.
worker: completed task switch in 9.274482727050781e-05 seconds.
worker: completed task switch in 0.00010204315185546875 seconds.
worker: completed task switch in 0.00012445449829101562 seconds.
worker: completed task switch in 8.845329284667969e-05 seconds.
worker: completed task switch in 9.846687316894531e-05 seconds.
worker: completed task switch in 9.34600830078125e-05 seconds.
worker: completed task switch in 9.226799011230469e-05 seconds.
worker: completed task switch in 9.298324584960938e-05 seconds.
worker: completed task switch in 8.916854858398438e-05 seconds.
worker: completed task switch in 0.00010061264038085938 seconds.
worker: completed task switch in 9.083747863769531e-05 seconds.
worker: completed task links in 0.015189647674560547 seconds.
worker: lpm ordering: sw.s1.1, 195357 rules, longest-first
worker: completed task switch_command in 725.7865827083588 seconds.
worker: lpm ordering: sw.s2.1, 195357 rules, longest-first
worker: completed task switch_command in 771.1106517314911 seconds.
worker: lpm ordering: sw.s3.1, 195357 rules, longest-first
worker: completed task switch_command in 1241.4800972938538 seconds.
worker: lpm ordering: sw.s4.1, 195357 rules, longest-first
worker: completed task switch_command in 1065.6298904418945 seconds.
worker: lpm ordering: sw.s5.1, 195357 rules, longest-first
worker: completed task switch_command in 1353.5484385490417 seconds.
worker: lpm ordering: sw.s6.1, 195357 rules, longest-first
worker: completed task switch_command in 1710.8242378234863 seconds.
worker: lpm ordering: sw.s7.1, 195357 rules, longest-first
worker: completed task switch_command in 1891.0538022518158 seconds.
worker: lpm ordering: sw.s8.1, 195357 rules, longest-first
worker: completed task switch_command in 1884.707279920578 seconds.
worker: lpm ordering: sw.s9.1, 195357 rules, longest-first
worker: completed task switch_command in 1813.677892446518 seconds.
worker: lpm ordering: sw.s10.1, 195357 rules, longest-first
worker: completed task switch_command in 2492.8931741714478 seconds.
worker: lpm ordering: sw.s11.1, 195357 rules, longest-first
worker: completed task switch_command in 2385.094321489334 seconds.
worker: lpm ordering: sw.s12.1, 195357 rules, longest-first
worker: completed task switch_command in 2386.344096183777 seconds.
worker: lpm ordering: sw.s13.1, 195357 rules, longest-first
worker: completed task switch_command in 2589.6795415878296 seconds.
worker: lpm ordering: sw.s14.1, 195357 rules, longest-first
worker: completed task switch_command in 2869.952003479004 seconds.
worker: lpm ordering: sw.s15.1, 195357 rules, longest-first
worker: completed task switch_command in 3126.2465443611145 seconds.
worker: lpm ordering: sw.s16.1, 195357 rules, longest-first
worker: completed task switch_command in 3129.9633371829987 seconds.
worker: lpm ordering: sw.s17.1, 195357 rules, longest-first
worker: completed task switch_command in 3271.085022211075 seconds.
worker: lpm ordering: sw.s18.1, 195357 rules, longest-first
worker: completed task switch_command in 3356.7135334014893 seconds.
worker: lpm ordering: sw.s19.1, 195357 rules, longest-first
worker: completed task switch_command in 3835.850052833557 seconds.
worker: lpm ordering: sw.s20.1, 195357 rules, longest-first
worker: completed task switch_command in 3820.520471572876 seconds.
worker: lpm ordering: sw.s21.1, 195357 rules, longest-first
worker: completed task switch_command in 3933.938786506653 seconds.
worker: lpm ordering: sw.s22.1, 186879 rules, longest-first
worker: completed task switch_command in 3843.9483942985535 seconds.
worker: lpm ordering: sw.s23.1, 186864 rules, longest-first
worker: completed task switch_command in 4251.700430870056 seconds.
worker: completed task probe in 0.12325525283813477 seconds.
worker: completed task probe in 0.0250856876373291 seconds.
worker: completed task probe in 0.023412466049194336 seconds.
worker: completed task probe in 0.020770549774169922 seconds.
worker: completed task probe in 0.0219113826751709 seconds.
worker: completed task probe in 0.022478103637695312 seconds.
worker: completed task probe in 0.023190736770629883 seconds.
worker: completed task probe in 0.02868819236755371 seconds.
worker: completed task probe in 0.017785310745239258 seconds.
worker: completed task probe in 0.018358230590820312 seconds.
worker: completed task probe in 0.018719196319580078 seconds.
worker: completed task probe in 0.0200197696685791 seconds.
worker: completed task probe in 0.022478580474853516 seconds.
worker: completed task probe in 0.02453923225402832 seconds.
worker: completed task probe in 0.02716803550720215 seconds.
worker: completed task probe in 0.03711223602294922 seconds.
worker: completed task probe in 0.037415504455566406 seconds.
worker: completed task probe in 0.03721141815185547 seconds.
worker: completed task probe in 0.03742074966430664 seconds.
worker: completed task probe in 0.036711931228637695 seconds.
worker: completed task probe in 0.03439617156982422 seconds.
worker: completed task probe in 0.03732895851135254 seconds.
worker: completed task probe in 0.034407854080200195 seconds.
worker: completed task links in 0.26576757431030273 seconds.
worker: completed task generators in 0.003573179244995117 seconds.
worker: completed task links in 14.064315557479858 seconds.
worker: completed task check_compliance in 1.330632209777832 seconds.
worker: completed task check_anomalies in 0.0004444122314453125 seconds.
worker: completed task report in 0.0006554126739501953 seconds.
worker: initiate stopping
master: close receiving socket
master: join queue
