backend: netplumber {'impl': 'authors+fave', 'upstream': 'hassel-public master 697b35c9', 'np_invert_lpm': False}
master: open and bind unix socket
master: start handler thread
master: listen on socket
worker: completed task switch in 0.00037026405334472656 seconds.
worker: completed task switch in 0.00012922286987304688 seconds.
worker: completed task switch in 0.0001049041748046875 seconds.
worker: completed task switch in 0.00015783309936523438 seconds.
worker: completed task switch in 0.00011014938354492188 seconds.
worker: completed task switch in 0.00010561943054199219 seconds.
worker: completed task switch in 9.965896606445312e-05 seconds.
worker: completed task switch in 0.00010633468627929688 seconds.
worker: completed task switch in 9.274482727050781e-05 seconds.
worker: completed task switch in 0.00010132789611816406 seconds.
worker: completed task switch in 9.298324584960938e-05 seconds.
worker: completed task switch in 9.226799011230469e-05 seconds.
worker: completed task switch in 0.00010180473327636719 seconds.
worker: completed task switch in 9.942054748535156e-05 seconds.
worker: completed task switch in 0.00011610984802246094 seconds.
worker: completed task switch in 0.00010251998901367188 seconds.
worker: completed task switch in 9.298324584960938e-05 seconds.
worker: completed task switch in 8.606910705566406e-05 seconds.
worker: completed task switch in 8.821487426757812e-05 seconds.
worker: completed task switch in 9.1552734375e-05 seconds.
worker: completed task switch in 8.511543273925781e-05 seconds.
worker: completed task switch in 8.630752563476562e-05 seconds.
worker: completed task switch in 9.441375732421875e-05 seconds.
worker: completed task links in 0.015351057052612305 seconds.
worker: lpm ordering: sw.s1.1, 58996 rules, longest-first
worker: completed task switch_command in 29.813360929489136 seconds.
worker: lpm ordering: sw.s2.1, 58996 rules, longest-first
worker: completed task switch_command in 38.43658518791199 seconds.
worker: lpm ordering: sw.s3.1, 58996 rules, longest-first
worker: completed task switch_command in 46.79648160934448 seconds.
worker: lpm ordering: sw.s4.1, 58996 rules, longest-first
worker: completed task switch_command in 54.30557179450989 seconds.
worker: lpm ordering: sw.s5.1, 58996 rules, longest-first
worker: completed task switch_command in 64.28089714050293 seconds.
worker: lpm ordering: sw.s6.1, 58996 rules, longest-first
worker: completed task switch_command in 67.47291302680969 seconds.
worker: lpm ordering: sw.s7.1, 58996 rules, longest-first
worker: completed task switch_command in 86.30586981773376 seconds.
worker: lpm ordering: sw.s8.1, 58996 rules, longest-first
worker: completed task switch_command in 86.61197066307068 seconds.
worker: lpm ordering: sw.s9.1, 58996 rules, longest-first
worker: completed task switch_command in 83.63562798500061 seconds.
worker: lpm ordering: sw.s10.1, 58996 rules, longest-first
worker: completed task switch_command in 106.34995532035828 seconds.
worker: lpm ordering: sw.s11.1, 58996 rules, longest-first
worker: completed task switch_command in 110.01479434967041 seconds.
worker: lpm ordering: sw.s12.1, 58996 rules, longest-first
worker: completed task switch_command in 113.18833780288696 seconds.
worker: lpm ordering: sw.s13.1, 58996 rules, longest-first
worker: completed task switch_command in 151.43160223960876 seconds.
worker: lpm ordering: sw.s14.1, 58996 rules, longest-first
worker: completed task switch_command in 159.02654576301575 seconds.
worker: lpm ordering: sw.s15.1, 58996 rules, longest-first
worker: completed task switch_command in 149.77003479003906 seconds.
worker: lpm ordering: sw.s16.1, 58996 rules, longest-first
worker: completed task switch_command in 176.16923141479492 seconds.
worker: lpm ordering: sw.s17.1, 58996 rules, longest-first
worker: completed task switch_command in 229.08255195617676 seconds.
worker: lpm ordering: sw.s18.1, 58996 rules, longest-first
worker: completed task switch_command in 212.01776838302612 seconds.
worker: lpm ordering: sw.s19.1, 58996 rules, longest-first
worker: completed task switch_command in 213.94543981552124 seconds.
worker: lpm ordering: sw.s20.1, 58996 rules, longest-first
worker: completed task switch_command in 234.7277603149414 seconds.
worker: lpm ordering: sw.s21.1, 58996 rules, longest-first
worker: completed task switch_command in 237.14356231689453 seconds.
worker: lpm ordering: sw.s22.1, 56452 rules, longest-first
worker: completed task switch_command in 187.8670129776001 seconds.
worker: lpm ordering: sw.s23.1, 56432 rules, longest-first
worker: completed task switch_command in 237.38719844818115 seconds.
worker: completed task probe in 0.04580092430114746 seconds.
worker: completed task probe in 0.01850438117980957 seconds.
worker: completed task probe in 0.01816725730895996 seconds.
worker: completed task probe in 0.013561248779296875 seconds.
worker: completed task probe in 0.013641119003295898 seconds.
worker: completed task probe in 0.0135040283203125 seconds.
worker: completed task probe in 0.01351165771484375 seconds.
worker: completed task probe in 0.016672849655151367 seconds.
worker: completed task probe in 0.017727136611938477 seconds.
worker: completed task probe in 0.018952608108520508 seconds.
worker: completed task probe in 0.020264148712158203 seconds.
worker: completed task probe in 0.012895822525024414 seconds.
worker: completed task probe in 5.91278076171875e-05 seconds.
worker: completed task probe in 4.9114227294921875e-05 seconds.
worker: completed task probe in 5.1975250244140625e-05 seconds.
worker: completed task probe in 4.7206878662109375e-05 seconds.
worker: completed task probe in 4.649162292480469e-05 seconds.
worker: completed task probe in 4.839897155761719e-05 seconds.
worker: completed task probe in 4.744529724121094e-05 seconds.
worker: completed task probe in 4.9591064453125e-05 seconds.
worker: completed task probe in 4.744529724121094e-05 seconds.
worker: completed task probe in 4.649162292480469e-05 seconds.
worker: completed task probe in 4.76837158203125e-05 seconds.
worker: completed task links in 0.032410383224487305 seconds.
worker: completed task generators in 0.001779794692993164 seconds.
worker: completed task links in 3.42863392829895 seconds.
worker: completed task check_compliance in 0.1255335807800293 seconds.
worker: completed task check_anomalies in 0.0003688335418701172 seconds.
worker: completed task report in 0.0007541179656982422 seconds.
worker: initiate stopping
master: close receiving socket
master: join queue
