backend: netplumber {'impl': 'authors+fave', 'upstream': 'hassel-public master 697b35c9', 'np_invert_lpm': False}
master: open and bind unix socket
master: start handler thread
master: listen on socket
worker: completed task switch in 0.0004246234893798828 seconds.
worker: completed task switch in 0.00017023086547851562 seconds.
worker: completed task switch in 0.0001125335693359375 seconds.
worker: completed task switch in 0.00010657310485839844 seconds.
worker: completed task switch in 0.00010251998901367188 seconds.
worker: completed task switch in 9.965896606445312e-05 seconds.
worker: completed task switch in 9.131431579589844e-05 seconds.
worker: completed task switch in 0.00011110305786132812 seconds.
worker: completed task switch in 0.00010013580322265625 seconds.
worker: completed task switch in 9.489059448242188e-05 seconds.
worker: completed task switch in 0.00010347366333007812 seconds.
worker: completed task switch in 9.775161743164062e-05 seconds.
worker: completed task switch in 9.799003601074219e-05 seconds.
worker: completed task switch in 9.799003601074219e-05 seconds.
worker: completed task switch in 0.00013709068298339844 seconds.
worker: completed task switch in 9.393692016601562e-05 seconds.
worker: completed task switch in 9.918212890625e-05 seconds.
worker: completed task switch in 0.00010800361633300781 seconds.
worker: completed task switch in 0.00010085105895996094 seconds.
worker: completed task switch in 9.417533874511719e-05 seconds.
worker: completed task switch in 9.107589721679688e-05 seconds.
worker: completed task switch in 9.703636169433594e-05 seconds.
worker: completed task switch in 0.00010585784912109375 seconds.
worker: completed task links in 0.0158541202545166 seconds.
worker: lpm ordering: sw.s1.1, 20040 rules, longest-first
worker: completed task switch_command in 3.6093380451202393 seconds.
worker: lpm ordering: sw.s2.1, 20040 rules, longest-first
worker: completed task switch_command in 4.383057355880737 seconds.
worker: lpm ordering: sw.s3.1, 20040 rules, longest-first
worker: completed task switch_command in 4.715135812759399 seconds.
worker: lpm ordering: sw.s4.1, 20040 rules, longest-first
worker: completed task switch_command in 5.183182001113892 seconds.
worker: lpm ordering: sw.s5.1, 20040 rules, longest-first
worker: completed task switch_command in 5.409959316253662 seconds.
worker: lpm ordering: sw.s6.1, 20040 rules, longest-first
worker: completed task switch_command in 6.1414055824279785 seconds.
worker: lpm ordering: sw.s7.1, 20040 rules, longest-first
worker: completed task switch_command in 7.5016562938690186 seconds.
worker: lpm ordering: sw.s8.1, 20040 rules, longest-first
worker: completed task switch_command in 7.516893148422241 seconds.
worker: lpm ordering: sw.s9.1, 20040 rules, longest-first
worker: completed task switch_command in 7.334083795547485 seconds.
worker: lpm ordering: sw.s10.1, 20040 rules, longest-first
worker: completed task switch_command in 8.510820150375366 seconds.
worker: lpm ordering: sw.s11.1, 20040 rules, longest-first
worker: completed task switch_command in 8.700270414352417 seconds.
worker: lpm ordering: sw.s12.1, 20040 rules, longest-first
worker: completed task switch_command in 9.542318344116211 seconds.
worker: lpm ordering: sw.s13.1, 20040 rules, longest-first
worker: completed task switch_command in 10.030161619186401 seconds.
worker: lpm ordering: sw.s14.1, 20040 rules, longest-first
worker: completed task switch_command in 10.285311698913574 seconds.
worker: lpm ordering: sw.s15.1, 20040 rules, longest-first
worker: completed task switch_command in 9.710327625274658 seconds.
worker: lpm ordering: sw.s16.1, 20040 rules, longest-first
worker: completed task switch_command in 11.911835670471191 seconds.
worker: lpm ordering: sw.s17.1, 20040 rules, longest-first
worker: completed task switch_command in 11.632506370544434 seconds.
worker: lpm ordering: sw.s18.1, 20040 rules, longest-first
worker: completed task switch_command in 11.82579517364502 seconds.
worker: lpm ordering: sw.s19.1, 20040 rules, longest-first
worker: completed task switch_command in 13.076131582260132 seconds.
worker: lpm ordering: sw.s20.1, 20040 rules, longest-first
worker: completed task switch_command in 12.912311792373657 seconds.
worker: lpm ordering: sw.s21.1, 20040 rules, longest-first
worker: completed task switch_command in 13.747990131378174 seconds.
worker: lpm ordering: sw.s22.1, 19192 rules, longest-first
worker: completed task switch_command in 12.526284217834473 seconds.
worker: lpm ordering: sw.s23.1, 19170 rules, longest-first
worker: completed task switch_command in 13.286650657653809 seconds.
worker: completed task probe in 0.03476834297180176 seconds.
worker: completed task probe in 0.019997119903564453 seconds.
worker: completed task probe in 0.010131120681762695 seconds.
worker: completed task probe in 0.0019807815551757812 seconds.
worker: completed task probe in 7.748603820800781e-05 seconds.
worker: completed task probe in 5.793571472167969e-05 seconds.
worker: completed task probe in 5.5789947509765625e-05 seconds.
worker: completed task probe in 6.4849853515625e-05 seconds.
worker: completed task probe in 5.2928924560546875e-05 seconds.
worker: completed task probe in 5.269050598144531e-05 seconds.
worker: completed task probe in 5.602836608886719e-05 seconds.
worker: completed task probe in 5.316734313964844e-05 seconds.
worker: completed task probe in 5.1021575927734375e-05 seconds.
worker: completed task probe in 5.221366882324219e-05 seconds.
worker: completed task probe in 5.316734313964844e-05 seconds.
worker: completed task probe in 5.14984130859375e-05 seconds.
worker: completed task probe in 5.030632019042969e-05 seconds.
worker: completed task probe in 4.935264587402344e-05 seconds.
worker: completed task probe in 4.935264587402344e-05 seconds.
worker: completed task probe in 6.222724914550781e-05 seconds.
worker: completed task probe in 5.1021575927734375e-05 seconds.
worker: completed task probe in 5.054473876953125e-05 seconds.
worker: completed task probe in 5.054473876953125e-05 seconds.
worker: completed task links in 0.009853601455688477 seconds.
worker: completed task generators in 0.0011267662048339844 seconds.
worker: completed task links in 3.5184409618377686 seconds.
worker: completed task check_compliance in 0.03528571128845215 seconds.
worker: completed task check_anomalies in 0.0004127025604248047 seconds.
worker: completed task report in 0.0007169246673583984 seconds.
worker: initiate stopping
master: close receiving socket
master: join queue
