backend: netplumber {'impl': 'authors+fave', 'upstream': 'hassel-public master 697b35c9', 'np_invert_lpm': False}
master: open and bind unix socket
master: start handler thread
master: listen on socket
worker: completed task switch in 0.0004088878631591797 seconds.
worker: completed task switch in 0.00012826919555664062 seconds.
worker: completed task switch in 0.00010728836059570312 seconds.
worker: completed task switch in 9.965896606445312e-05 seconds.
worker: completed task switch in 0.00010180473327636719 seconds.
worker: completed task switch in 9.72747802734375e-05 seconds.
worker: completed task switch in 8.845329284667969e-05 seconds.
worker: completed task switch in 0.00010800361633300781 seconds.
worker: completed task switch in 9.512901306152344e-05 seconds.
worker: completed task switch in 8.940696716308594e-05 seconds.
worker: completed task switch in 9.1552734375e-05 seconds.
worker: completed task switch in 9.298324584960938e-05 seconds.
worker: completed task switch in 9.036064147949219e-05 seconds.
worker: completed task switch in 9.107589721679688e-05 seconds.
worker: completed task switch in 0.00011491775512695312 seconds.
worker: completed task switch in 8.821487426757812e-05 seconds.
worker: completed task switch in 9.417533874511719e-05 seconds.
worker: completed task switch in 8.869171142578125e-05 seconds.
worker: completed task switch in 8.702278137207031e-05 seconds.
worker: completed task switch in 9.036064147949219e-05 seconds.
worker: completed task switch in 9.179115295410156e-05 seconds.
worker: completed task switch in 9.059906005859375e-05 seconds.
worker: completed task switch in 8.440017700195312e-05 seconds.
worker: completed task links in 0.01244211196899414 seconds.
worker: lpm ordering: sw.s1.1, 20040 rules, longest-first
worker: completed task switch_command in 3.745312213897705 seconds.
worker: lpm ordering: sw.s2.1, 20040 rules, longest-first
worker: completed task switch_command in 4.4214160442352295 seconds.
worker: lpm ordering: sw.s3.1, 20040 rules, longest-first
worker: completed task switch_command in 4.807385444641113 seconds.
worker: lpm ordering: sw.s4.1, 20040 rules, longest-first
worker: completed task switch_command in 5.173882246017456 seconds.
worker: lpm ordering: sw.s5.1, 20040 rules, longest-first
worker: completed task switch_command in 5.118496656417847 seconds.
worker: lpm ordering: sw.s6.1, 20040 rules, longest-first
worker: completed task switch_command in 5.858556032180786 seconds.
worker: lpm ordering: sw.s7.1, 20040 rules, longest-first
worker: completed task switch_command in 7.352583408355713 seconds.
worker: lpm ordering: sw.s8.1, 20040 rules, longest-first
worker: completed task switch_command in 7.250254154205322 seconds.
worker: lpm ordering: sw.s9.1, 20040 rules, longest-first
worker: completed task switch_command in 7.269960165023804 seconds.
worker: lpm ordering: sw.s10.1, 20040 rules, longest-first
worker: completed task switch_command in 8.374292373657227 seconds.
worker: lpm ordering: sw.s11.1, 20040 rules, longest-first
worker: completed task switch_command in 8.62453842163086 seconds.
worker: lpm ordering: sw.s12.1, 20040 rules, longest-first
worker: completed task switch_command in 9.331221342086792 seconds.
worker: lpm ordering: sw.s13.1, 20040 rules, longest-first
worker: completed task switch_command in 9.674132108688354 seconds.
worker: lpm ordering: sw.s14.1, 20040 rules, longest-first
worker: completed task switch_command in 10.296027183532715 seconds.
worker: lpm ordering: sw.s15.1, 20040 rules, longest-first
worker: completed task switch_command in 9.783475160598755 seconds.
worker: lpm ordering: sw.s16.1, 20040 rules, longest-first
worker: completed task switch_command in 11.858114957809448 seconds.
worker: lpm ordering: sw.s17.1, 20040 rules, longest-first
worker: completed task switch_command in 11.469210147857666 seconds.
worker: lpm ordering: sw.s18.1, 20040 rules, longest-first
worker: completed task switch_command in 12.088836908340454 seconds.
worker: lpm ordering: sw.s19.1, 20040 rules, longest-first
worker: completed task switch_command in 12.840087890625 seconds.
worker: lpm ordering: sw.s20.1, 20040 rules, longest-first
worker: completed task switch_command in 12.716485500335693 seconds.
worker: lpm ordering: sw.s21.1, 20040 rules, longest-first
worker: completed task switch_command in 13.933552742004395 seconds.
worker: lpm ordering: sw.s22.1, 19192 rules, longest-first
worker: completed task switch_command in 12.553081274032593 seconds.
worker: lpm ordering: sw.s23.1, 19170 rules, longest-first
worker: completed task switch_command in 13.662317037582397 seconds.
worker: completed task probe in 0.02388143539428711 seconds.
worker: completed task probe in 0.017121553421020508 seconds.
worker: completed task probe in 0.01521444320678711 seconds.
worker: completed task probe in 0.009500980377197266 seconds.
worker: completed task probe in 0.0012619495391845703 seconds.
worker: completed task probe in 5.507469177246094e-05 seconds.
worker: completed task probe in 4.887580871582031e-05 seconds.
worker: completed task probe in 4.839897155761719e-05 seconds.
worker: completed task probe in 4.6253204345703125e-05 seconds.
worker: completed task probe in 4.76837158203125e-05 seconds.
worker: completed task probe in 4.673004150390625e-05 seconds.
worker: completed task probe in 4.57763671875e-05 seconds.
worker: completed task probe in 4.673004150390625e-05 seconds.
worker: completed task probe in 4.506111145019531e-05 seconds.
worker: completed task probe in 4.6253204345703125e-05 seconds.
worker: completed task probe in 4.57763671875e-05 seconds.
worker: completed task probe in 4.6253204345703125e-05 seconds.
worker: completed task probe in 4.553794860839844e-05 seconds.
worker: completed task probe in 4.482269287109375e-05 seconds.
worker: completed task probe in 4.7206878662109375e-05 seconds.
worker: completed task probe in 4.649162292480469e-05 seconds.
worker: completed task probe in 5.793571472167969e-05 seconds.
worker: completed task probe in 4.482269287109375e-05 seconds.
worker: completed task links in 0.010324478149414062 seconds.
worker: completed task generators in 0.0010972023010253906 seconds.
worker: completed task links in 1.0189425945281982 seconds.
worker: completed task check_compliance in 0.03615856170654297 seconds.
worker: completed task check_anomalies in 0.0003757476806640625 seconds.
worker: completed task report in 0.0008313655853271484 seconds.
worker: initiate stopping
master: close receiving socket
master: join queue
