backend: netplumber {'impl': 'authors+fave', 'upstream': 'hassel-public master 697b35c9', 'np_invert_lpm': False}
master: open and bind unix socket
master: start handler thread
master: listen on socket
worker: completed task switch in 0.00039577484130859375 seconds.
worker: completed task switch in 0.00013208389282226562 seconds.
worker: completed task switch in 0.00010347366333007812 seconds.
worker: completed task switch in 9.894371032714844e-05 seconds.
worker: completed task switch in 9.703636169433594e-05 seconds.
worker: completed task switch in 9.202957153320312e-05 seconds.
worker: completed task switch in 8.535385131835938e-05 seconds.
worker: completed task switch in 0.00010204315185546875 seconds.
worker: completed task switch in 9.059906005859375e-05 seconds.
worker: completed task switch in 9.489059448242188e-05 seconds.
worker: completed task switch in 9.083747863769531e-05 seconds.
worker: completed task switch in 8.749961853027344e-05 seconds.
worker: completed task switch in 9.083747863769531e-05 seconds.
worker: completed task switch in 9.489059448242188e-05 seconds.
worker: completed task switch in 0.00011086463928222656 seconds.
worker: completed task switch in 8.58306884765625e-05 seconds.
worker: completed task switch in 9.179115295410156e-05 seconds.
worker: completed task switch in 8.58306884765625e-05 seconds.
worker: completed task switch in 0.00010466575622558594 seconds.
worker: completed task switch in 9.465217590332031e-05 seconds.
worker: completed task switch in 8.368492126464844e-05 seconds.
worker: completed task switch in 9.131431579589844e-05 seconds.
worker: completed task switch in 8.487701416015625e-05 seconds.
worker: completed task links in 0.012317657470703125 seconds.
worker: lpm ordering: sw.s1.1, 20040 rules, longest-first
worker: completed task switch_command in 3.6954267024993896 seconds.
worker: lpm ordering: sw.s2.1, 20040 rules, longest-first
worker: completed task switch_command in 4.311878681182861 seconds.
worker: lpm ordering: sw.s3.1, 20040 rules, longest-first
worker: completed task switch_command in 4.6372246742248535 seconds.
worker: lpm ordering: sw.s4.1, 20040 rules, longest-first
worker: completed task switch_command in 5.172646522521973 seconds.
worker: lpm ordering: sw.s5.1, 20040 rules, longest-first
worker: completed task switch_command in 5.452329158782959 seconds.
worker: lpm ordering: sw.s6.1, 20040 rules, longest-first
worker: completed task switch_command in 6.024245500564575 seconds.
worker: lpm ordering: sw.s7.1, 20040 rules, longest-first
worker: completed task switch_command in 7.371636152267456 seconds.
worker: lpm ordering: sw.s8.1, 20040 rules, longest-first
worker: completed task switch_command in 7.275140047073364 seconds.
worker: lpm ordering: sw.s9.1, 20040 rules, longest-first
worker: completed task switch_command in 7.312680959701538 seconds.
worker: lpm ordering: sw.s10.1, 20040 rules, longest-first
worker: completed task switch_command in 8.284159660339355 seconds.
worker: lpm ordering: sw.s11.1, 20040 rules, longest-first
worker: completed task switch_command in 8.5204439163208 seconds.
worker: lpm ordering: sw.s12.1, 20040 rules, longest-first
worker: completed task switch_command in 8.946868658065796 seconds.
worker: lpm ordering: sw.s13.1, 20040 rules, longest-first
worker: completed task switch_command in 9.77667760848999 seconds.
worker: lpm ordering: sw.s14.1, 20040 rules, longest-first
worker: completed task switch_command in 10.284022331237793 seconds.
worker: lpm ordering: sw.s15.1, 20040 rules, longest-first
worker: completed task switch_command in 9.574003219604492 seconds.
worker: lpm ordering: sw.s16.1, 20040 rules, longest-first
worker: completed task switch_command in 11.421462774276733 seconds.
worker: lpm ordering: sw.s17.1, 20040 rules, longest-first
worker: completed task switch_command in 11.447512149810791 seconds.
worker: lpm ordering: sw.s18.1, 20040 rules, longest-first
worker: completed task switch_command in 11.889684438705444 seconds.
worker: lpm ordering: sw.s19.1, 20040 rules, longest-first
worker: completed task switch_command in 12.618896007537842 seconds.
worker: lpm ordering: sw.s20.1, 20040 rules, longest-first
worker: completed task switch_command in 12.273259162902832 seconds.
worker: lpm ordering: sw.s21.1, 20040 rules, longest-first
worker: completed task switch_command in 13.692085266113281 seconds.
worker: lpm ordering: sw.s22.1, 19192 rules, longest-first
worker: completed task switch_command in 12.614309072494507 seconds.
worker: lpm ordering: sw.s23.1, 19170 rules, longest-first
worker: completed task switch_command in 13.3212251663208 seconds.
worker: completed task probe in 0.026085853576660156 seconds.
worker: completed task probe in 0.017820119857788086 seconds.
worker: completed task probe in 0.017521381378173828 seconds.
worker: completed task probe in 0.01044321060180664 seconds.
worker: completed task probe in 0.0016357898712158203 seconds.
worker: completed task probe in 5.7697296142578125e-05 seconds.
worker: completed task probe in 5.340576171875e-05 seconds.
worker: completed task probe in 4.5299530029296875e-05 seconds.
worker: completed task probe in 4.267692565917969e-05 seconds.
worker: completed task probe in 4.267692565917969e-05 seconds.
worker: completed task probe in 4.5299530029296875e-05 seconds.
worker: completed task probe in 4.1961669921875e-05 seconds.
worker: completed task probe in 4.315376281738281e-05 seconds.
worker: completed task probe in 4.315376281738281e-05 seconds.
worker: completed task probe in 4.363059997558594e-05 seconds.
worker: completed task probe in 4.410743713378906e-05 seconds.
worker: completed task probe in 4.315376281738281e-05 seconds.
worker: completed task probe in 4.363059997558594e-05 seconds.
worker: completed task probe in 4.291534423828125e-05 seconds.
worker: completed task probe in 4.482269287109375e-05 seconds.
worker: completed task probe in 4.291534423828125e-05 seconds.
worker: completed task probe in 4.1961669921875e-05 seconds.
worker: completed task probe in 5.602836608886719e-05 seconds.
worker: completed task links in 0.010555028915405273 seconds.
worker: completed task generators in 0.0012252330780029297 seconds.
worker: completed task links in 1.0685172080993652 seconds.
worker: completed task check_compliance in 0.03562736511230469 seconds.
worker: completed task check_anomalies in 0.00039649009704589844 seconds.
worker: completed task report in 0.0007729530334472656 seconds.
worker: initiate stopping
master: close receiving socket
master: join queue
