[0.006s][info][gc] Using G1
[0.091s][info][gc] GC(0) Pause Full (System.gc()) 11M->2M(80M) 7.461ms
[0.101s][info][gc] GC(1) Pause Full (System.gc()) 4M->2M(32M) 4.727ms
[0.110s][info][gc] GC(2) Pause Full (System.gc()) 3M->3M(32M) 3.847ms
[1.996s][info][gc] GC(3) Pause Young (Concurrent Start) (G1 Humongous Allocation) 7M->5M(32M) 2.013ms
[1.996s][info][gc] GC(4) Concurrent Undo Cycle
[1.996s][info][gc] GC(4) Concurrent Undo Cycle 0.107ms
[2.001s][info][gc] GC(5) Pause Young (Concurrent Start) (G1 Humongous Allocation) 21M->21M(48M) 1.606ms
[2.001s][info][gc] GC(6) Concurrent Mark Cycle
[2.005s][info][gc] GC(6) Pause Remark 29M->29M(72M) 1.245ms
[2.006s][info][gc] GC(6) Pause Cleanup 29M->29M(72M) 0.048ms
[2.006s][info][gc] GC(6) Concurrent Mark Cycle 5.294ms
[2.040s][info][gc] GC(7) Pause Young (Prepare Mixed) (G1 Evacuation Pause) 101M->97M(120M) 2.706ms
[2.220s][info][gc] GC(8) Pause Full (System.gc()) 102M->101M(176M) 12.789ms
[2.226s][info][gc] GC(9) Pause Full (System.gc()) 101M->101M(176M) 5.130ms
[2.348s][info][gc] GC(10) Pause Full (System.gc()) 129M->104M(192M) 16.093ms
[2.406s][info][gc] GC(11) Pause Young (Concurrent Start) (G1 Evacuation Pause) 136M->109M(192M) 4.808ms
[2.406s][info][gc] GC(12) Concurrent Mark Cycle
[2.419s][info][gc] GC(12) Pause Remark 117M->117M(200M) 1.292ms
[2.421s][info][gc] GC(12) Pause Cleanup 117M->117M(200M) 0.063ms
[2.421s][info][gc] GC(12) Concurrent Mark Cycle 14.714ms
[2.472s][info][gc] GC(13) Pause Young (Prepare Mixed) (G1 Evacuation Pause) 149M->115M(608M) 5.670ms
[2.488s][info][gc] GC(14) Pause Full (System.gc()) 115M->114M(456M) 15.703ms
[2.770s][info][gc] GC(15) Pause Young (Normal) (G1 Evacuation Pause) 306M->130M(456M) 8.925ms
[2.974s][info][gc] GC(16) Pause Young (Normal) (G1 Evacuation Pause) 346M->146M(456M) 5.463ms
