backend: veriflow {'impl': 'reimpl-literature', 'vf_fields': '4+10', 'vf_revisit': 'state', 'vf_slicing': 'device', 'vf_budget': 0}
master: open and bind unix socket
master: start handler thread
master: listen on socket
worker: completed task switch in 0.00011968612670898438 seconds.
worker: completed task switch in 3.3855438232421875e-05 seconds.
worker: completed task switch in 2.0742416381835938e-05 seconds.
worker: completed task switch in 1.5497207641601562e-05 seconds.
worker: completed task switch in 1.811981201171875e-05 seconds.
worker: completed task switch in 1.2874603271484375e-05 seconds.
worker: completed task switch in 1.1920928955078125e-05 seconds.
worker: completed task switch in 1.5497207641601562e-05 seconds.
worker: completed task switch in 1.5974044799804688e-05 seconds.
worker: completed task switch in 1.71661376953125e-05 seconds.
worker: completed task switch in 1.3113021850585938e-05 seconds.
worker: completed task switch in 1.4781951904296875e-05 seconds.
worker: completed task switch in 1.1682510375976562e-05 seconds.
worker: completed task switch in 2.8848648071289062e-05 seconds.
worker: completed task switch in 1.3113021850585938e-05 seconds.
worker: completed task switch in 1.4066696166992188e-05 seconds.
worker: completed task links in 0.00016260147094726562 seconds.
worker: completed task switch_command in 0.027855396270751953 seconds.
worker: completed task switch_command in 0.04083371162414551 seconds.
worker: completed task switch_command in 0.011688709259033203 seconds.
worker: completed task switch_command in 0.018111467361450195 seconds.
worker: completed task switch_command in 0.010782241821289062 seconds.
worker: completed task switch_command in 0.0106658935546875 seconds.
worker: completed task switch_command in 0.01084280014038086 seconds.
worker: completed task switch_command in 0.03552722930908203 seconds.
worker: completed task switch_command in 0.02719902992248535 seconds.
worker: completed task switch_command in 0.02267313003540039 seconds.
worker: completed task switch_command in 0.031068801879882812 seconds.
worker: completed task switch_command in 0.011636495590209961 seconds.
worker: completed task switch_command in 0.011152029037475586 seconds.
worker: completed task switch_command in 0.023998737335205078 seconds.
worker: completed task switch_command in 0.040261030197143555 seconds.
worker: completed task switch_command in 0.011742115020751953 seconds.
worker: completed task probe in 0.0002446174621582031 seconds.
worker: completed task probe in 1.8835067749023438e-05 seconds.
worker: completed task probe in 1.3589859008789062e-05 seconds.
worker: completed task probe in 1.3113021850585938e-05 seconds.
worker: completed task probe in 1.0967254638671875e-05 seconds.
worker: completed task probe in 1.0967254638671875e-05 seconds.
worker: completed task probe in 1.239776611328125e-05 seconds.
worker: completed task probe in 1.1444091796875e-05 seconds.
worker: completed task probe in 1.0967254638671875e-05 seconds.
worker: completed task probe in 1.1444091796875e-05 seconds.
worker: completed task probe in 1.049041748046875e-05 seconds.
worker: completed task probe in 1.3113021850585938e-05 seconds.
worker: completed task probe in 1.1682510375976562e-05 seconds.
worker: completed task probe in 1.0728836059570312e-05 seconds.
worker: completed task probe in 1.049041748046875e-05 seconds.
worker: completed task probe in 1.0251998901367188e-05 seconds.
worker: completed task links in 4.220008850097656e-05 seconds.
worker: completed task generators in 0.00016832351684570312 seconds.
worker: completed task links in 3.910064697265625e-05 seconds.
veriflow: built 42016 rules, stamps {'impl': 'reimpl-literature', 'vf_mode': 'bulk', 'vf_node': 'table', 'vf_ports': 'field', 'vf_fields': "4+10:trie=['packet.ipv4.destination'],scan=[]", 'vf_slicing': 'device', 'vf_invert_lpm': False, 'vf_field_order': ['packet.ipv4.destination'], 'vf_inport_expansion': 1.063, 'vf_budget': 0, 'vf_revisit': 'state'}
worker: completed task check_compliance in 1.02351713180542 seconds.
worker: completed task report in 0.0007612705230712891 seconds.
worker: initiate stopping
worker: completed task stop in 6.175041198730469e-05 seconds.
worker: stop handler after 3.238217830657959 seconds.
master: close receiving socket
master: join queue
master: join handler thread
master: finished run
master: stop reporter
