backend: veriflow {'impl': 'reimpl-literature', 'vf_fields': 'plain', 'vf_revisit': 'state', 'vf_slicing': 'device', 'vf_budget': 0}
master: open and bind unix socket
master: start handler thread
master: listen on socket
worker: completed task switch in 0.0001327991485595703 seconds.
worker: completed task switch in 3.62396240234375e-05 seconds.
worker: completed task switch in 1.9550323486328125e-05 seconds.
worker: completed task switch in 1.5735626220703125e-05 seconds.
worker: completed task switch in 1.9311904907226562e-05 seconds.
worker: completed task switch in 1.33514404296875e-05 seconds.
worker: completed task switch in 1.1920928955078125e-05 seconds.
worker: completed task switch in 1.6689300537109375e-05 seconds.
worker: completed task switch in 1.6450881958007812e-05 seconds.
worker: completed task switch in 1.7881393432617188e-05 seconds.
worker: completed task switch in 2.2411346435546875e-05 seconds.
worker: completed task switch in 1.52587890625e-05 seconds.
worker: completed task switch in 1.1920928955078125e-05 seconds.
worker: completed task switch in 1.5974044799804688e-05 seconds.
worker: completed task switch in 1.2636184692382812e-05 seconds.
worker: completed task switch in 3.5762786865234375e-05 seconds.
worker: completed task links in 0.00016808509826660156 seconds.
worker: completed task switch_command in 0.02721571922302246 seconds.
worker: completed task switch_command in 0.041239023208618164 seconds.
worker: completed task switch_command in 0.011945247650146484 seconds.
worker: completed task switch_command in 0.018703222274780273 seconds.
worker: completed task switch_command in 0.010776519775390625 seconds.
worker: completed task switch_command in 0.01063227653503418 seconds.
worker: completed task switch_command in 0.010763168334960938 seconds.
worker: completed task switch_command in 0.035559654235839844 seconds.
worker: completed task switch_command in 0.02789759635925293 seconds.
worker: completed task switch_command in 0.02275848388671875 seconds.
worker: completed task switch_command in 0.0323486328125 seconds.
worker: completed task switch_command in 0.01136016845703125 seconds.
worker: completed task switch_command in 0.011179208755493164 seconds.
worker: completed task switch_command in 0.02364206314086914 seconds.
worker: completed task switch_command in 0.040938615798950195 seconds.
worker: completed task switch_command in 0.011673927307128906 seconds.
worker: completed task probe in 0.0002300739288330078 seconds.
worker: completed task probe in 1.5974044799804688e-05 seconds.
worker: completed task probe in 1.4066696166992188e-05 seconds.
worker: completed task probe in 2.0742416381835938e-05 seconds.
worker: completed task probe in 1.2159347534179688e-05 seconds.
worker: completed task probe in 1.0967254638671875e-05 seconds.
worker: completed task probe in 1.2159347534179688e-05 seconds.
worker: completed task probe in 1.1205673217773438e-05 seconds.
worker: completed task probe in 1.0967254638671875e-05 seconds.
worker: completed task probe in 1.1444091796875e-05 seconds.
worker: completed task probe in 1.049041748046875e-05 seconds.
worker: completed task probe in 1.0728836059570312e-05 seconds.
worker: completed task probe in 1.0728836059570312e-05 seconds.
worker: completed task probe in 1.0967254638671875e-05 seconds.
worker: completed task probe in 1.0251998901367188e-05 seconds.
worker: completed task probe in 1.0251998901367188e-05 seconds.
worker: completed task links in 4.506111145019531e-05 seconds.
worker: completed task generators in 0.0001647472381591797 seconds.
worker: completed task links in 4.506111145019531e-05 seconds.
veriflow: built 42016 rules, stamps {'impl': 'reimpl-literature', 'vf_mode': 'bulk', 'vf_node': 'table', 'vf_ports': 'field', 'vf_fields': 'plain', 'vf_slicing': 'device', 'vf_invert_lpm': False, 'vf_field_order': ['packet.ipv4.destination'], 'vf_inport_expansion': 1.063, 'vf_budget': 0, 'vf_revisit': 'state'}
worker: completed task check_compliance in 1.0242173671722412 seconds.
worker: completed task report in 0.0009033679962158203 seconds.
worker: initiate stopping
worker: completed task stop in 9.775161743164062e-05 seconds.
worker: stop handler after 3.243011474609375 seconds.
master: close receiving socket
master: join queue
master: join handler thread
master: finished run
master: stop reporter
