backend: apkeep {'impl': 'authors+fave', 'upstream': 'XJTU-NetVerify/apkeep 7b71bff4 (apkeep/FAVE_CHANGES.md)', 'engine': 'bdd', 'faithful_vlan': True}
master: open and bind unix socket
master: start handler thread
master: listen on socket
worker: completed task switch in 0.0001239776611328125 seconds.
worker: completed task switch in 3.6716461181640625e-05 seconds.
worker: completed task switch in 1.9788742065429688e-05 seconds.
worker: completed task switch in 1.5735626220703125e-05 seconds.
worker: completed task switch in 1.71661376953125e-05 seconds.
worker: completed task switch in 1.2874603271484375e-05 seconds.
worker: completed task switch in 1.5974044799804688e-05 seconds.
worker: completed task switch in 1.2874603271484375e-05 seconds.
worker: completed task switch in 1.5974044799804688e-05 seconds.
worker: completed task switch in 1.6927719116210938e-05 seconds.
worker: completed task switch in 1.1682510375976562e-05 seconds.
worker: completed task switch in 1.1920928955078125e-05 seconds.
worker: completed task switch in 1.4543533325195312e-05 seconds.
worker: completed task switch in 1.1682510375976562e-05 seconds.
worker: completed task switch in 1.52587890625e-05 seconds.
worker: completed task switch in 1.2874603271484375e-05 seconds.
worker: completed task links in 0.00029206275939941406 seconds.
worker: completed task switch_command in 0.04155755043029785 seconds.
worker: completed task switch_command in 0.06471657752990723 seconds.
worker: completed task switch_command in 0.029186487197875977 seconds.
worker: completed task switch_command in 0.01684737205505371 seconds.
worker: completed task switch_command in 0.017025470733642578 seconds.
worker: completed task switch_command in 0.017360448837280273 seconds.
worker: completed task switch_command in 0.01735067367553711 seconds.
worker: completed task switch_command in 0.08378744125366211 seconds.
worker: completed task switch_command in 0.043517351150512695 seconds.
worker: completed task switch_command in 0.035112857818603516 seconds.
worker: completed task switch_command in 0.06570148468017578 seconds.
worker: completed task switch_command in 0.018341779708862305 seconds.
worker: completed task switch_command in 0.017316818237304688 seconds.
worker: completed task switch_command in 0.036566972732543945 seconds.
worker: completed task switch_command in 0.14781594276428223 seconds.
worker: completed task switch_command in 0.019097328186035156 seconds.
worker: completed task probe in 0.0002129077911376953 seconds.
worker: completed task probe in 1.6927719116210938e-05 seconds.
worker: completed task probe in 1.0251998901367188e-05 seconds.
worker: completed task probe in 9.059906005859375e-06 seconds.
worker: completed task probe in 1.33514404296875e-05 seconds.
worker: completed task probe in 1.0251998901367188e-05 seconds.
worker: completed task probe in 1.1920928955078125e-05 seconds.
worker: completed task probe in 1.1682510375976562e-05 seconds.
worker: completed task probe in 1.9550323486328125e-05 seconds.
worker: completed task probe in 1.2159347534179688e-05 seconds.
worker: completed task probe in 1.1682510375976562e-05 seconds.
worker: completed task probe in 1.0728836059570312e-05 seconds.
worker: completed task probe in 1.1444091796875e-05 seconds.
worker: completed task probe in 1.1682510375976562e-05 seconds.
worker: completed task probe in 1.0967254638671875e-05 seconds.
worker: completed task probe in 1.0728836059570312e-05 seconds.
worker: completed task links in 7.772445678710938e-05 seconds.
worker: completed task generators in 0.0001811981201171875 seconds.
worker: completed task links in 5.91278076171875e-05 seconds.
apkeep: sw.s1 discriminates among its ingress ports; demultiplexed into 5 element(s): sw.s1@101, sw.s1@102, sw.s1@103, sw.s1@105, sw.s1@106
apkeep: sw.s10 discriminates among its ingress ports; demultiplexed into 3 element(s): sw.s10@1001, sw.s10@1002, sw.s10@1004
apkeep: sw.s11 discriminates among its ingress ports; demultiplexed into 2 element(s): sw.s11@1101, sw.s11@1102
apkeep: sw.s12 discriminates among its ingress ports; demultiplexed into 2 element(s): sw.s12@1201, sw.s12@1202
apkeep: sw.s13 discriminates among its ingress ports; demultiplexed into 2 element(s): sw.s13@1301, sw.s13@1302
apkeep: sw.s14 discriminates among its ingress ports; demultiplexed into 3 element(s): sw.s14@1401, sw.s14@1402, sw.s14@1403
apkeep: sw.s15 discriminates among its ingress ports; demultiplexed into 5 element(s): sw.s15@1501, sw.s15@1502, sw.s15@1503, sw.s15@1504, sw.s15@1505
apkeep: sw.s16 discriminates among its ingress ports; demultiplexed into 2 element(s): sw.s16@1601, sw.s16@1602
apkeep: sw.s2 discriminates among its ingress ports; demultiplexed into 9 element(s): sw.s2@201, sw.s2@202, sw.s2@203, sw.s2@204, sw.s2@205, sw.s2@206, sw.s2@207, sw.s2@208, sw.s2@209
apkeep: sw.s3 discriminates among its ingress ports; demultiplexed into 2 element(s): sw.s3@301, sw.s3@302
apkeep: sw.s4 discriminates among its ingress ports; demultiplexed into 2 element(s): sw.s4@401, sw.s4@402
apkeep: sw.s5 discriminates among its ingress ports; demultiplexed into 2 element(s): sw.s5@501, sw.s5@502
apkeep: sw.s6 discriminates among its ingress ports; demultiplexed into 2 element(s): sw.s6@601, sw.s6@602
apkeep: sw.s7 discriminates among its ingress ports; demultiplexed into 2 element(s): sw.s7@701, sw.s7@702
apkeep: sw.s8 discriminates among its ingress ports; demultiplexed into 8 element(s): sw.s8@801, sw.s8@802, sw.s8@803, sw.s8@804, sw.s8@805, sw.s8@806, sw.s8@807, sw.s8@808
apkeep: sw.s9 discriminates among its ingress ports; demultiplexed into 5 element(s): sw.s9@901, sw.s9@902, sw.s9@903, sw.s9@904, sw.s9@905
apkeep: ingress demultiplexing split 16 device(s) into 56 element(s) -- a representational cost of the AP model, not a change to the FaVe model
worker: completed task check_compliance in 1.2804460525512695 seconds.
worker: completed task report in 0.0008568763732910156 seconds.
worker: initiate stopping
worker: completed task stop in 6.818771362304688e-05 seconds.
worker: stop handler after 3.5978879928588867 seconds.
master: close receiving socket
master: join queue
master: join handler thread
master: finished run
master: stop reporter
