backend: apkeep {'impl': 'authors+fave', 'upstream': 'XJTU-NetVerify/apkeep 7b71bff4 (apkeep/FAVE_CHANGES.md)', 'engine': 'bdd', 'faithful_vlan': True}
master: open and bind unix socket
master: start handler thread
master: listen on socket
worker: completed task switch in 0.00014662742614746094 seconds.
worker: completed task switch in 4.553794860839844e-05 seconds.
worker: completed task switch in 1.9550323486328125e-05 seconds.
worker: completed task switch in 1.71661376953125e-05 seconds.
worker: completed task switch in 1.7404556274414062e-05 seconds.
worker: completed task switch in 1.3589859008789062e-05 seconds.
worker: completed task switch in 2.3126602172851562e-05 seconds.
worker: completed task switch in 1.5020370483398438e-05 seconds.
worker: completed task switch in 1.5735626220703125e-05 seconds.
worker: completed task switch in 1.7881393432617188e-05 seconds.
worker: completed task switch in 1.3589859008789062e-05 seconds.
worker: completed task switch in 1.2159347534179688e-05 seconds.
worker: completed task switch in 1.3828277587890625e-05 seconds.
worker: completed task switch in 1.1920928955078125e-05 seconds.
worker: completed task switch in 1.52587890625e-05 seconds.
worker: completed task switch in 1.3589859008789062e-05 seconds.
worker: completed task links in 0.0001914501190185547 seconds.
worker: completed task switch_command in 0.03867959976196289 seconds.
worker: completed task switch_command in 0.06481456756591797 seconds.
worker: completed task switch_command in 0.028673171997070312 seconds.
worker: completed task switch_command in 0.016563892364501953 seconds.
worker: completed task switch_command in 0.016726016998291016 seconds.
worker: completed task switch_command in 0.016884326934814453 seconds.
worker: completed task switch_command in 0.017255306243896484 seconds.
worker: completed task switch_command in 0.08194518089294434 seconds.
worker: completed task switch_command in 0.04413962364196777 seconds.
worker: completed task switch_command in 0.035523176193237305 seconds.
worker: completed task switch_command in 0.01664113998413086 seconds.
worker: completed task switch_command in 0.06468415260314941 seconds.
worker: completed task switch_command in 0.0182344913482666 seconds.
worker: completed task switch_command in 0.03625798225402832 seconds.
worker: completed task switch_command in 0.14679861068725586 seconds.
worker: completed task switch_command in 0.019969701766967773 seconds.
worker: completed task probe in 0.00028586387634277344 seconds.
worker: completed task probe in 1.8596649169921875e-05 seconds.
worker: completed task probe in 1.1920928955078125e-05 seconds.
worker: completed task probe in 8.821487426757812e-06 seconds.
worker: completed task probe in 1.1920928955078125e-05 seconds.
worker: completed task probe in 1.2159347534179688e-05 seconds.
worker: completed task probe in 1.049041748046875e-05 seconds.
worker: completed task probe in 1.1444091796875e-05 seconds.
worker: completed task probe in 1.0728836059570312e-05 seconds.
worker: completed task probe in 1.1682510375976562e-05 seconds.
worker: completed task probe in 1.1444091796875e-05 seconds.
worker: completed task probe in 1.1682510375976562e-05 seconds.
worker: completed task probe in 1.0967254638671875e-05 seconds.
worker: completed task probe in 1.0728836059570312e-05 seconds.
worker: completed task probe in 1.0728836059570312e-05 seconds.
worker: completed task probe in 1.1205673217773438e-05 seconds.
worker: completed task links in 7.843971252441406e-05 seconds.
worker: completed task generators in 0.00017976760864257812 seconds.
worker: completed task links in 5.5789947509765625e-05 seconds.
apkeep: sw.s1 discriminates among its ingress ports; demultiplexed into 3 element(s): sw.s1@101, sw.s1@102, sw.s1@106
apkeep: sw.s10 discriminates among its ingress ports; demultiplexed into 3 element(s): sw.s10@1001, sw.s10@1002, sw.s10@1004
apkeep: sw.s11 discriminates among its ingress ports; demultiplexed into 2 element(s): sw.s11@1101, sw.s11@1102
apkeep: sw.s12 discriminates among its ingress ports; demultiplexed into 2 element(s): sw.s12@1201, sw.s12@1202
apkeep: sw.s13 discriminates among its ingress ports; demultiplexed into 2 element(s): sw.s13@1301, sw.s13@1302
apkeep: sw.s14 discriminates among its ingress ports; demultiplexed into 3 element(s): sw.s14@1401, sw.s14@1402, sw.s14@1403
apkeep: sw.s15 discriminates among its ingress ports; demultiplexed into 7 element(s): sw.s15@1501, sw.s15@1502, sw.s15@1503, sw.s15@1504, sw.s15@1505, sw.s15@1506, sw.s15@1508
apkeep: sw.s16 discriminates among its ingress ports; demultiplexed into 2 element(s): sw.s16@1601, sw.s16@1602
apkeep: sw.s2 discriminates among its ingress ports; demultiplexed into 7 element(s): sw.s2@201, sw.s2@202, sw.s2@203, sw.s2@206, sw.s2@207, sw.s2@208, sw.s2@209
apkeep: sw.s3 discriminates among its ingress ports; demultiplexed into 2 element(s): sw.s3@301, sw.s3@302
apkeep: sw.s4 discriminates among its ingress ports; demultiplexed into 2 element(s): sw.s4@401, sw.s4@402
apkeep: sw.s5 discriminates among its ingress ports; demultiplexed into 2 element(s): sw.s5@501, sw.s5@502
apkeep: sw.s6 discriminates among its ingress ports; demultiplexed into 2 element(s): sw.s6@601, sw.s6@602
apkeep: sw.s7 discriminates among its ingress ports; demultiplexed into 2 element(s): sw.s7@701, sw.s7@702
apkeep: sw.s8 discriminates among its ingress ports; demultiplexed into 7 element(s): sw.s8@801, sw.s8@802, sw.s8@803, sw.s8@804, sw.s8@806, sw.s8@807, sw.s8@808
apkeep: sw.s9 discriminates among its ingress ports; demultiplexed into 5 element(s): sw.s9@901, sw.s9@902, sw.s9@903, sw.s9@905, sw.s9@907
apkeep: ingress demultiplexing split 16 device(s) into 53 element(s) -- a representational cost of the AP model, not a change to the FaVe model
worker: completed task check_compliance in 1.2789032459259033 seconds.
worker: completed task report in 0.0007927417755126953 seconds.
worker: initiate stopping
worker: completed task stop in 0.00010895729064941406 seconds.
worker: stop handler after 3.6011428833007812 seconds.
master: close receiving socket
master: join queue
master: join handler thread
master: finished run
master: stop reporter
