deltanet model from airtel1-only-inserts.csv: 16 devices, 52 links, 39500 rules (38100 read from the trace + 1400 SYNTHESISED delivery rules), 16 roles of which 14 are addressable
INFO:wl_airtel1:deltanet model from airtel1-only-inserts.csv: 16 devices, 52 links, 39500 rules (38100 read from the trace + 1400 SYNTHESISED delivery rules), 16 roles of which 14 are addressable
deleting old logs and measurements...
INFO:wl_airtel1:deleting old logs and measurements...
deleted old logs and measurements.
INFO:wl_airtel1:deleted old logs and measurements.
generate policy matrix...
INFO:wl_airtel1:generate policy matrix...
generated policy matrix.
INFO:wl_airtel1:generated policy matrix.
convert policy matrix to checks...
INFO:wl_airtel1:convert policy matrix to checks...
converted policy matrix.
INFO:wl_airtel1:converted policy matrix.
backend veriflow needs no netplumber process; not starting one
INFO:wl_airtel1:backend veriflow needs no netplumber process; not starting one
starting aggregator (backend: veriflow --vf-fields 4+10 --vf-budget 0)...
INFO:wl_airtel1:starting aggregator (backend: veriflow --vf-fields 4+10 --vf-budget 0)...
started aggregator.
INFO:wl_airtel1:started aggregator.
wait for fave
INFO:wl_airtel1:wait for fave
initialize topology...
INFO:wl_airtel1:initialize topology...
topology sent to fave
INFO:wl_airtel1:topology sent to fave
initialize routes...
INFO:wl_airtel1:initialize routes...
routes sent to fave
INFO:wl_airtel1:routes sent to fave
initialize probes...
INFO:wl_airtel1:initialize probes...
probes sent to fave
INFO:wl_airtel1:probes sent to fave
initialize sources...
INFO:wl_airtel1:initialize sources...
sources sent to fave
INFO:wl_airtel1:sources sent to fave
checking flow trees...
INFO:wl_airtel1:checking flow trees...
checked flow trees.
INFO:wl_airtel1:checked flow trees.
SKIPPED anomaly check: backend veriflow does not implement it (this run's verdict covers compliance only)
INFO:wl_airtel1:SKIPPED anomaly check: backend veriflow does not implement it (this run's verdict covers compliance only)
generating report...
INFO:wl_airtel1:generating report...
report generated.
INFO:wl_airtel1:report generated.
wait for fave
INFO:wl_airtel1:wait for fave
stopping fave and netplumber...
INFO:wl_airtel1:stopping fave and netplumber...
fave ordered to stop
INFO:wl_airtel1:fave ordered to stop
