backend: apkeep {'impl': 'authors+fave', 'upstream': 'XJTU-NetVerify/NDD c8414b43 (ndd/FAVE_CHANGES.md)', 'engine': 'ndd', 'faithful_vlan': True}
master: open and bind unix socket
master: start handler thread
master: listen on socket
worker: completed task switch in 0.00010919570922851562 seconds.
worker: completed task switch in 3.552436828613281e-05 seconds.
worker: completed task switch in 1.9311904907226562e-05 seconds.
worker: completed task switch in 1.9788742065429688e-05 seconds.
worker: completed task switch in 2.0503997802734375e-05 seconds.
worker: completed task switch in 1.3113021850585938e-05 seconds.
worker: completed task switch in 1.3113021850585938e-05 seconds.
worker: completed task switch in 1.4066696166992188e-05 seconds.
worker: completed task switch in 1.5974044799804688e-05 seconds.
worker: completed task switch in 1.52587890625e-05 seconds.
worker: completed task switch in 1.3113021850585938e-05 seconds.
worker: completed task switch in 1.6450881958007812e-05 seconds.
worker: completed task switch in 1.4781951904296875e-05 seconds.
worker: completed task switch in 1.52587890625e-05 seconds.
worker: completed task switch in 1.6689300537109375e-05 seconds.
worker: completed task switch in 1.1920928955078125e-05 seconds.
worker: completed task links in 0.0001747608184814453 seconds.
worker: completed task switch_command in 0.038892507553100586 seconds.
worker: completed task switch_command in 0.06442546844482422 seconds.
worker: completed task switch_command in 0.02810192108154297 seconds.
worker: completed task switch_command in 0.016556978225708008 seconds.
worker: completed task switch_command in 0.01673603057861328 seconds.
worker: completed task switch_command in 0.017286300659179688 seconds.
worker: completed task switch_command in 0.017224788665771484 seconds.
worker: completed task switch_command in 0.07938671112060547 seconds.
worker: completed task switch_command in 0.04456281661987305 seconds.
worker: completed task switch_command in 0.03534746170043945 seconds.
worker: completed task switch_command in 0.01691746711730957 seconds.
worker: completed task switch_command in 0.06953120231628418 seconds.
worker: completed task switch_command in 0.017992496490478516 seconds.
worker: completed task switch_command in 0.03669166564941406 seconds.
worker: completed task switch_command in 0.1556394100189209 seconds.
worker: completed task switch_command in 0.020122289657592773 seconds.
worker: completed task probe in 0.0002465248107910156 seconds.
worker: completed task probe in 1.9311904907226562e-05 seconds.
worker: completed task probe in 1.1205673217773438e-05 seconds.
worker: completed task probe in 8.821487426757812e-06 seconds.
worker: completed task probe in 1.239776611328125e-05 seconds.
worker: completed task probe in 1.0967254638671875e-05 seconds.
worker: completed task probe in 1.1205673217773438e-05 seconds.
worker: completed task probe in 1.1205673217773438e-05 seconds.
worker: completed task probe in 1.0967254638671875e-05 seconds.
worker: completed task probe in 1.1444091796875e-05 seconds.
worker: completed task probe in 1.1444091796875e-05 seconds.
worker: completed task probe in 1.1444091796875e-05 seconds.
worker: completed task probe in 1.1682510375976562e-05 seconds.
worker: completed task probe in 1.1444091796875e-05 seconds.
worker: completed task probe in 1.049041748046875e-05 seconds.
worker: completed task probe in 1.1205673217773438e-05 seconds.
worker: completed task links in 7.128715515136719e-05 seconds.
worker: completed task generators in 0.000179290771484375 seconds.
worker: completed task links in 6.008148193359375e-05 seconds.
apkeep: sw.s1 discriminates among its ingress ports; demultiplexed into 3 element(s): sw.s1@101, sw.s1@102, sw.s1@106
apkeep: sw.s10 discriminates among its ingress ports; demultiplexed into 3 element(s): sw.s10@1001, sw.s10@1002, sw.s10@1004
apkeep: sw.s11 discriminates among its ingress ports; demultiplexed into 2 element(s): sw.s11@1101, sw.s11@1102
apkeep: sw.s12 discriminates among its ingress ports; demultiplexed into 2 element(s): sw.s12@1201, sw.s12@1202
apkeep: sw.s13 discriminates among its ingress ports; demultiplexed into 2 element(s): sw.s13@1301, sw.s13@1302
apkeep: sw.s14 discriminates among its ingress ports; demultiplexed into 3 element(s): sw.s14@1401, sw.s14@1402, sw.s14@1403
apkeep: sw.s15 discriminates among its ingress ports; demultiplexed into 7 element(s): sw.s15@1501, sw.s15@1502, sw.s15@1503, sw.s15@1504, sw.s15@1505, sw.s15@1506, sw.s15@1508
apkeep: sw.s16 discriminates among its ingress ports; demultiplexed into 2 element(s): sw.s16@1601, sw.s16@1602
apkeep: sw.s2 discriminates among its ingress ports; demultiplexed into 7 element(s): sw.s2@201, sw.s2@202, sw.s2@203, sw.s2@206, sw.s2@207, sw.s2@208, sw.s2@209
apkeep: sw.s3 discriminates among its ingress ports; demultiplexed into 2 element(s): sw.s3@301, sw.s3@302
apkeep: sw.s4 discriminates among its ingress ports; demultiplexed into 2 element(s): sw.s4@401, sw.s4@402
apkeep: sw.s5 discriminates among its ingress ports; demultiplexed into 2 element(s): sw.s5@501, sw.s5@502
apkeep: sw.s6 discriminates among its ingress ports; demultiplexed into 2 element(s): sw.s6@601, sw.s6@602
apkeep: sw.s7 discriminates among its ingress ports; demultiplexed into 2 element(s): sw.s7@701, sw.s7@702
apkeep: sw.s8 discriminates among its ingress ports; demultiplexed into 7 element(s): sw.s8@801, sw.s8@802, sw.s8@803, sw.s8@804, sw.s8@806, sw.s8@807, sw.s8@808
apkeep: sw.s9 discriminates among its ingress ports; demultiplexed into 5 element(s): sw.s9@901, sw.s9@902, sw.s9@903, sw.s9@905, sw.s9@907
apkeep: ingress demultiplexing split 16 device(s) into 53 element(s) -- a representational cost of the AP model, not a change to the FaVe model
worker: completed task check_compliance in 0.4972364902496338 seconds.
worker: completed task report in 0.0007808208465576172 seconds.
worker: initiate stopping
worker: completed task stop in 6.651878356933594e-05 seconds.
worker: stop handler after 2.0965535640716553 seconds.
master: close receiving socket
master: join queue
master: join handler thread
master: finished run
master: stop reporter
