backend: veriflow {'impl': 'reimpl-literature', 'vf_fields': 'plain', 'vf_revisit': 'state', 'vf_slicing': 'device', 'vf_budget': 0}
master: open and bind unix socket
master: start handler thread
master: listen on socket
worker: completed task switch in 0.00012063980102539062 seconds.
worker: completed task switch in 4.1484832763671875e-05 seconds.
worker: completed task switch in 1.811981201171875e-05 seconds.
worker: completed task switch in 1.4543533325195312e-05 seconds.
worker: completed task switch in 1.7881393432617188e-05 seconds.
worker: completed task switch in 1.5020370483398438e-05 seconds.
worker: completed task switch in 1.1682510375976562e-05 seconds.
worker: completed task switch in 1.4781951904296875e-05 seconds.
worker: completed task switch in 1.621246337890625e-05 seconds.
worker: completed task switch in 1.7404556274414062e-05 seconds.
worker: completed task switch in 1.2636184692382812e-05 seconds.
worker: completed task switch in 1.5020370483398438e-05 seconds.
worker: completed task switch in 1.1205673217773438e-05 seconds.
worker: completed task switch in 1.5497207641601562e-05 seconds.
worker: completed task switch in 1.4543533325195312e-05 seconds.
worker: completed task switch in 2.3603439331054688e-05 seconds.
worker: completed task links in 0.00016736984252929688 seconds.
worker: completed task switch_command in 0.025554418563842773 seconds.
worker: completed task switch_command in 0.04246258735656738 seconds.
worker: completed task switch_command in 0.011667728424072266 seconds.
worker: completed task switch_command in 0.019212722778320312 seconds.
worker: completed task switch_command in 0.010770082473754883 seconds.
worker: completed task switch_command in 0.010734319686889648 seconds.
worker: completed task switch_command in 0.010710716247558594 seconds.
worker: completed task switch_command in 0.03316760063171387 seconds.
worker: completed task switch_command in 0.028900623321533203 seconds.
worker: completed task switch_command in 0.022501707077026367 seconds.
worker: completed task switch_command in 0.010809183120727539 seconds.
worker: completed task switch_command in 0.03363800048828125 seconds.
worker: completed task switch_command in 0.011377573013305664 seconds.
worker: completed task switch_command in 0.023791074752807617 seconds.
worker: completed task switch_command in 0.04529523849487305 seconds.
worker: completed task switch_command in 0.012086629867553711 seconds.
worker: completed task probe in 0.0002512931823730469 seconds.
worker: completed task probe in 1.811981201171875e-05 seconds.
worker: completed task probe in 1.3828277587890625e-05 seconds.
worker: completed task probe in 1.2874603271484375e-05 seconds.
worker: completed task probe in 1.2636184692382812e-05 seconds.
worker: completed task probe in 1.239776611328125e-05 seconds.
worker: completed task probe in 1.2636184692382812e-05 seconds.
worker: completed task probe in 1.1205673217773438e-05 seconds.
worker: completed task probe in 1.0967254638671875e-05 seconds.
worker: completed task probe in 1.1205673217773438e-05 seconds.
worker: completed task probe in 1.1920928955078125e-05 seconds.
worker: completed task probe in 1.1444091796875e-05 seconds.
worker: completed task probe in 1.1444091796875e-05 seconds.
worker: completed task probe in 1.1205673217773438e-05 seconds.
worker: completed task probe in 1.1205673217773438e-05 seconds.
worker: completed task probe in 1.049041748046875e-05 seconds.
worker: completed task links in 4.220008850097656e-05 seconds.
worker: completed task generators in 0.00016760826110839844 seconds.
worker: completed task links in 4.1484832763671875e-05 seconds.
veriflow: built 42016 rules, stamps {'impl': 'reimpl-literature', 'vf_mode': 'bulk', 'vf_node': 'table', 'vf_ports': 'field', 'vf_fields': 'plain', 'vf_slicing': 'device', 'vf_invert_lpm': False, 'vf_field_order': ['packet.ipv4.destination'], 'vf_inport_expansion': 1.063, 'vf_budget': 0, 'vf_revisit': 'state'}
worker: completed task check_compliance in 1.0271093845367432 seconds.
worker: completed task report in 0.0007703304290771484 seconds.
worker: initiate stopping
worker: completed task stop in 9.012222290039062e-05 seconds.
worker: stop handler after 3.2821204662323 seconds.
master: close receiving socket
master: join queue
master: join handler thread
master: finished run
master: stop reporter
