backend: netplumber {'impl': 'authors+fave', 'upstream': 'hassel-public master 697b35c9'}
master: open and bind unix socket
master: start handler thread
master: listen on socket
worker: completed task switch in 0.0004143714904785156 seconds.
worker: completed task switch in 0.00010800361633300781 seconds.
worker: completed task switch in 0.00012373924255371094 seconds.
worker: completed task switch in 7.82012939453125e-05 seconds.
worker: completed task switch in 9.512901306152344e-05 seconds.
worker: completed task switch in 6.437301635742188e-05 seconds.
worker: completed task switch in 8.7738037109375e-05 seconds.
worker: completed task switch in 6.699562072753906e-05 seconds.
worker: completed task switch in 9.202957153320312e-05 seconds.
worker: completed task switch in 5.698204040527344e-05 seconds.
worker: completed task switch in 8.869171142578125e-05 seconds.
worker: completed task switch in 6.604194641113281e-05 seconds.
worker: completed task switch in 8.463859558105469e-05 seconds.
worker: completed task switch in 5.793571472167969e-05 seconds.
worker: completed task switch in 8.96453857421875e-05 seconds.
worker: completed task switch in 5.7697296142578125e-05 seconds.
worker: completed task switch in 8.559226989746094e-05 seconds.
worker: completed task switch in 6.413459777832031e-05 seconds.
worker: completed task switch in 6.031990051269531e-05 seconds.
worker: completed task switch in 8.58306884765625e-05 seconds.
worker: completed task switch in 5.245208740234375e-05 seconds.
worker: completed task switch in 0.00011539459228515625 seconds.
worker: completed task switch in 6.318092346191406e-05 seconds.
worker: completed task switch in 8.296966552734375e-05 seconds.
worker: completed task switch in 5.53131103515625e-05 seconds.
worker: completed task switch in 9.72747802734375e-05 seconds.
worker: completed task switch in 5.91278076171875e-05 seconds.
worker: completed task switch in 8.797645568847656e-05 seconds.
worker: completed task switch in 5.936622619628906e-05 seconds.
worker: completed task switch in 9.322166442871094e-05 seconds.
worker: completed task switch in 5.555152893066406e-05 seconds.
worker: completed task switch in 8.511543273925781e-05 seconds.
worker: completed task switch in 5.936622619628906e-05 seconds.
worker: completed task switch in 8.797645568847656e-05 seconds.
worker: completed task switch in 6.818771362304688e-05 seconds.
worker: completed task switch in 6.031990051269531e-05 seconds.
worker: completed task switch in 0.00019288063049316406 seconds.
worker: completed task switch in 6.175041198730469e-05 seconds.
worker: completed task switch in 9.059906005859375e-05 seconds.
worker: completed task switch in 5.4836273193359375e-05 seconds.
worker: completed task switch in 0.00012373924255371094 seconds.
worker: completed task switch in 6.318092346191406e-05 seconds.
worker: completed task switch in 8.535385131835938e-05 seconds.
worker: completed task switch in 5.6743621826171875e-05 seconds.
worker: completed task switch in 8.749961853027344e-05 seconds.
worker: completed task switch in 6.318092346191406e-05 seconds.
worker: completed task switch in 8.511543273925781e-05 seconds.
worker: completed task switch in 6.175041198730469e-05 seconds.
worker: completed task switch in 9.012222290039062e-05 seconds.
worker: completed task switch in 5.9604644775390625e-05 seconds.
worker: completed task switch in 8.511543273925781e-05 seconds.
worker: completed task switch in 7.462501525878906e-05 seconds.
worker: completed task switch in 5.507469177246094e-05 seconds.
worker: completed task switch in 8.296966552734375e-05 seconds.
worker: completed task switch in 5.8650970458984375e-05 seconds.
worker: completed task switch in 9.417533874511719e-05 seconds.
worker: completed task switch in 6.413459777832031e-05 seconds.
worker: completed task switch in 8.225440979003906e-05 seconds.
worker: completed task switch in 5.412101745605469e-05 seconds.
worker: completed task switch in 8.96453857421875e-05 seconds.
worker: completed task switch in 5.626678466796875e-05 seconds.
worker: completed task switch in 8.320808410644531e-05 seconds.
worker: completed task switch in 6.556510925292969e-05 seconds.
worker: completed task switch in 8.463859558105469e-05 seconds.
worker: completed task switch in 5.8650970458984375e-05 seconds.
worker: completed task switch in 8.225440979003906e-05 seconds.
worker: completed task switch in 5.9604644775390625e-05 seconds.
worker: completed task switch in 8.845329284667969e-05 seconds.
worker: completed task switch in 6.890296936035156e-05 seconds.
worker: completed task switch in 5.1975250244140625e-05 seconds.
worker: completed task switch in 8.96453857421875e-05 seconds.
worker: completed task switch in 5.984306335449219e-05 seconds.
worker: completed task switch in 9.298324584960938e-05 seconds.
worker: completed task switch in 6.651878356933594e-05 seconds.
worker: completed task switch in 8.273124694824219e-05 seconds.
worker: completed task switch in 5.650520324707031e-05 seconds.
worker: completed task switch in 8.368492126464844e-05 seconds.
worker: completed task switch in 6.079673767089844e-05 seconds.
worker: completed task switch in 9.202957153320312e-05 seconds.
worker: completed task switch in 5.841255187988281e-05 seconds.
worker: completed task switch in 7.867813110351562e-05 seconds.
worker: completed task switch in 6.437301635742188e-05 seconds.
worker: completed task switch in 0.00014925003051757812 seconds.
worker: completed task switch in 5.745887756347656e-05 seconds.
worker: completed task switch in 9.965896606445312e-05 seconds.
worker: completed task switch in 6.246566772460938e-05 seconds.
worker: completed task links in 0.0058019161224365234 seconds.
worker: completed task switch_command in 0.0010633468627929688 seconds.
worker: completed task switch_command in 0.000308990478515625 seconds.
worker: completed task switch_command in 0.0008089542388916016 seconds.
worker: completed task switch_command in 0.00023937225341796875 seconds.
worker: completed task switch_command in 0.001491546630859375 seconds.
worker: completed task switch_command in 0.0013322830200195312 seconds.
worker: completed task switch_command in 0.0009007453918457031 seconds.
worker: completed task switch_command in 0.001268148422241211 seconds.
worker: completed task switch_command in 0.0008835792541503906 seconds.
worker: completed task switch_command in 0.0005967617034912109 seconds.
worker: completed task switch_command in 0.0007588863372802734 seconds.
worker: completed task switch_command in 0.0006003379821777344 seconds.
worker: completed task switch_command in 0.0007817745208740234 seconds.
worker: completed task switch_command in 0.0012927055358886719 seconds.
worker: completed task switch_command in 0.0008833408355712891 seconds.
worker: completed task switch_command in 0.0013155937194824219 seconds.
worker: completed task switch_command in 0.0009217262268066406 seconds.
worker: completed task switch_command in 0.0004680156707763672 seconds.
worker: completed task switch_command in 0.00018095970153808594 seconds.
worker: completed task switch_command in 0.0007703304290771484 seconds.
worker: completed task switch_command in 0.00019812583923339844 seconds.
worker: completed task switch_command in 0.0007488727569580078 seconds.
worker: completed task switch_command in 0.000186920166015625 seconds.
worker: completed task switch_command in 0.0007970333099365234 seconds.
worker: completed task switch_command in 0.00019478797912597656 seconds.
worker: completed task switch_command in 0.0007853507995605469 seconds.
worker: completed task switch_command in 0.0002028942108154297 seconds.
worker: completed task switch_command in 0.0007870197296142578 seconds.
worker: completed task switch_command in 0.00020647048950195312 seconds.
worker: completed task switch_command in 0.0007450580596923828 seconds.
worker: completed task switch_command in 0.0002040863037109375 seconds.
worker: completed task switch_command in 0.0007448196411132812 seconds.
worker: completed task switch_command in 0.00021409988403320312 seconds.
worker: completed task switch_command in 0.0007052421569824219 seconds.
worker: completed task switch_command in 0.0005576610565185547 seconds.
worker: completed task switch_command in 0.00019097328186035156 seconds.
worker: completed task switch_command in 0.0008153915405273438 seconds.
worker: completed task switch_command in 0.00018596649169921875 seconds.
worker: completed task switch_command in 0.0006988048553466797 seconds.
worker: completed task switch_command in 0.0008418560028076172 seconds.
worker: completed task switch_command in 0.0008313655853271484 seconds.
worker: completed task switch_command in 0.0007829666137695312 seconds.
worker: completed task switch_command in 0.0010602474212646484 seconds.
worker: completed task switch_command in 0.00021147727966308594 seconds.
worker: completed task switch_command in 0.0007059574127197266 seconds.
worker: completed task switch_command in 0.00020766258239746094 seconds.
worker: completed task switch_command in 0.0007407665252685547 seconds.
worker: completed task switch_command in 0.0008754730224609375 seconds.
worker: completed task switch_command in 0.0008332729339599609 seconds.
worker: completed task switch_command in 0.0008554458618164062 seconds.
worker: completed task switch_command in 0.0007975101470947266 seconds.
worker: completed task switch_command in 0.00045418739318847656 seconds.
worker: completed task switch_command in 0.0006515979766845703 seconds.
worker: completed task switch_command in 0.0008199214935302734 seconds.
worker: completed task switch_command in 0.0006525516510009766 seconds.
worker: completed task switch_command in 0.0008029937744140625 seconds.
worker: completed task switch_command in 0.0006701946258544922 seconds.
worker: completed task switch_command in 0.0007698535919189453 seconds.
worker: completed task switch_command in 0.00064849853515625 seconds.
worker: completed task switch_command in 0.0008132457733154297 seconds.
worker: completed task switch_command in 0.0008192062377929688 seconds.
worker: completed task switch_command in 0.0008523464202880859 seconds.
worker: completed task switch_command in 0.0008165836334228516 seconds.
worker: completed task switch_command in 0.0008382797241210938 seconds.
worker: completed task switch_command in 0.0008714199066162109 seconds.
worker: completed task switch_command in 0.0008120536804199219 seconds.
worker: completed task switch_command in 0.0008203983306884766 seconds.
worker: completed task switch_command in 0.0008370876312255859 seconds.
worker: completed task switch_command in 0.0008056163787841797 seconds.
worker: completed task switch_command in 0.0006284713745117188 seconds.
worker: completed task switch_command in 0.0008113384246826172 seconds.
worker: completed task switch_command in 0.0009527206420898438 seconds.
worker: completed task switch_command in 0.0008800029754638672 seconds.
worker: completed task switch_command in 0.0013394355773925781 seconds.
worker: completed task switch_command in 0.0009326934814453125 seconds.
worker: completed task switch_command in 0.0005843639373779297 seconds.
worker: completed task switch_command in 0.0007898807525634766 seconds.
worker: completed task switch_command in 0.001169443130493164 seconds.
worker: completed task switch_command in 0.0008175373077392578 seconds.
worker: completed task switch_command in 0.0008568763732910156 seconds.
worker: completed task switch_command in 0.0007891654968261719 seconds.
worker: completed task switch_command in 0.0007033348083496094 seconds.
worker: completed task switch_command in 0.0007951259613037109 seconds.
worker: completed task switch_command in 0.0007579326629638672 seconds.
worker: completed task switch_command in 0.0007970333099365234 seconds.
worker: completed task switch_command in 0.0010325908660888672 seconds.
worker: completed task probe in 0.00015091896057128906 seconds.
worker: completed task probe in 8.678436279296875e-05 seconds.
worker: completed task probe in 7.05718994140625e-05 seconds.
worker: completed task probe in 6.842613220214844e-05 seconds.
worker: completed task probe in 8.368492126464844e-05 seconds.
worker: completed task probe in 6.794929504394531e-05 seconds.
worker: completed task probe in 6.461143493652344e-05 seconds.
worker: completed task probe in 6.175041198730469e-05 seconds.
worker: completed task links in 0.0005052089691162109 seconds.
worker: completed task generators in 0.000446319580078125 seconds.
worker: completed task links in 0.006760120391845703 seconds.
worker: completed task check_compliance in 0.0012483596801757812 seconds.
worker: completed task check_anomalies in 0.00024771690368652344 seconds.
worker: completed task report in 0.0006923675537109375 seconds.
worker: initiate stopping
worker: completed task stop in 0.0036420822143554688 seconds.
worker: stop handler after 1.8888204097747803 seconds.
master: close receiving socket
master: join queue
master: join handler thread
master: finished run
master: stop reporter
