[1/71] source.internet -> probe.dc0_leaf1_host1: reachable=True (0.1304s)
[2/71] source.dc0_leaf1_host1 -> probe.dc0_leaf1_host1: reachable=True (0.0201s)
[3/71] source.dc1_leaf0_host20 -> probe.dc0_leaf1_host1: reachable=True (0.0255s)
[4/71] source.dc1_leaf5_host5 -> probe.dc0_leaf1_host1: reachable=True (0.0207s)
[5/71] source.dc1_leaf6_host0 -> probe.dc0_leaf1_host1: reachable=False (0.0007s)
[6/71] source.dc1_leaf6_host0 -> probe.dc0_leaf1_host1: reachable=True (0.0189s)
[7/71] source.dc1_leaf6_host0 -> probe.dc0_leaf1_host1: reachable=False (0.0011s)
[8/71] source.dc1_leaf6_host2 -> probe.dc0_leaf1_host1: reachable=True (0.0158s)
[9/71] source.dc1_leaf6_host2 -> probe.dc0_leaf1_host1: reachable=True (0.0154s)
[10/71] source.dc1_leaf6_host2 -> probe.dc0_leaf1_host1: reachable=False (0.0005s)
[11/71] source.dc2_leaf7_host6 -> probe.dc0_leaf1_host1: reachable=True (0.0235s)
[12/71] source.dc4_leaf3_host22 -> probe.dc0_leaf1_host1: reachable=True (0.0225s)
[13/71] source.internet -> probe.dc1_leaf0_host20: reachable=True (0.0183s)
[14/71] source.internet -> probe.dc1_leaf0_host20: reachable=False (0.0005s)
[15/71] source.internet -> probe.dc1_leaf0_host20: reachable=False (0.0001s)
[16/71] source.dc0_leaf1_host1 -> probe.dc1_leaf0_host20: reachable=True (0.0209s)
[17/71] source.dc1_leaf0_host20 -> probe.dc1_leaf0_host20: reachable=True (0.0169s)
[18/71] source.dc1_leaf5_host5 -> probe.dc1_leaf0_host20: reachable=True (0.0158s)
[19/71] source.dc1_leaf6_host0 -> probe.dc1_leaf0_host20: reachable=True (0.0160s)
[20/71] source.dc1_leaf6_host2 -> probe.dc1_leaf0_host20: reachable=True (0.0153s)
[21/71] source.dc2_leaf7_host6 -> probe.dc1_leaf0_host20: reachable=True (0.0162s)
[22/71] source.dc4_leaf3_host22 -> probe.dc1_leaf0_host20: reachable=True (0.0164s)
[23/71] source.internet -> probe.dc1_leaf5_host5: reachable=True (0.0155s)
[24/71] source.dc0_leaf1_host1 -> probe.dc1_leaf5_host5: reachable=True (0.0145s)
[25/71] source.dc1_leaf0_host20 -> probe.dc1_leaf5_host5: reachable=True (0.0152s)
[26/71] source.dc1_leaf5_host5 -> probe.dc1_leaf5_host5: reachable=True (0.0159s)
[27/71] source.dc1_leaf6_host0 -> probe.dc1_leaf5_host5: reachable=True (0.0147s)
[28/71] source.dc1_leaf6_host2 -> probe.dc1_leaf5_host5: reachable=True (0.0148s)
[29/71] source.dc2_leaf7_host6 -> probe.dc1_leaf5_host5: reachable=True (0.0186s)
[30/71] source.dc4_leaf3_host22 -> probe.dc1_leaf5_host5: reachable=True (0.0155s)
[31/71] source.internet -> probe.dc1_leaf6_host0: reachable=True (0.0154s)
[32/71] source.dc0_leaf1_host1 -> probe.dc1_leaf6_host0: reachable=True (0.0153s)
[33/71] source.dc1_leaf0_host20 -> probe.dc1_leaf6_host0: reachable=True (0.0149s)
[34/71] source.dc1_leaf5_host5 -> probe.dc1_leaf6_host0: reachable=True (0.0988s)
[35/71] source.dc1_leaf6_host0 -> probe.dc1_leaf6_host0: reachable=True (0.0235s)
[36/71] source.dc1_leaf6_host2 -> probe.dc1_leaf6_host0: reachable=True (0.0184s)
[37/71] source.dc2_leaf7_host6 -> probe.dc1_leaf6_host0: reachable=True (0.0177s)
[38/71] source.dc4_leaf3_host22 -> probe.dc1_leaf6_host0: reachable=True (0.0196s)
[39/71] source.internet -> probe.dc1_leaf6_host2: reachable=True (0.0168s)
[40/71] source.dc0_leaf1_host1 -> probe.dc1_leaf6_host2: reachable=True (0.0155s)
[41/71] source.dc1_leaf0_host20 -> probe.dc1_leaf6_host2: reachable=True (0.0147s)
[42/71] source.dc1_leaf5_host5 -> probe.dc1_leaf6_host2: reachable=True (0.0149s)
[43/71] source.dc1_leaf6_host0 -> probe.dc1_leaf6_host2: reachable=True (0.0149s)
[44/71] source.dc1_leaf6_host2 -> probe.dc1_leaf6_host2: reachable=True (0.0144s)
[45/71] source.dc2_leaf7_host6 -> probe.dc1_leaf6_host2: reachable=True (0.0141s)
[46/71] source.dc4_leaf3_host22 -> probe.dc1_leaf6_host2: reachable=True (0.0149s)
[47/71] source.internet -> probe.dc2_leaf7_host6: reachable=False (0.0012s)
[48/71] source.dc0_leaf1_host1 -> probe.dc2_leaf7_host6: reachable=True (0.0179s)
[49/71] source.dc1_leaf0_host20 -> probe.dc2_leaf7_host6: reachable=True (0.0164s)
[50/71] source.dc1_leaf5_host5 -> probe.dc2_leaf7_host6: reachable=True (0.0178s)
[51/71] source.dc1_leaf6_host0 -> probe.dc2_leaf7_host6: reachable=True (0.0243s)
[52/71] source.dc1_leaf6_host2 -> probe.dc2_leaf7_host6: reachable=True (0.0199s)
[53/71] source.dc2_leaf7_host6 -> probe.dc2_leaf7_host6: reachable=False (0.0011s)
[54/71] source.dc4_leaf3_host22 -> probe.dc2_leaf7_host6: reachable=False (0.0013s)
[55/71] source.internet -> probe.dc4_leaf3_host22: reachable=True (0.0192s)
[56/71] source.internet -> probe.dc4_leaf3_host22: reachable=False (0.0008s)
[57/71] source.internet -> probe.dc4_leaf3_host22: reachable=False (0.0001s)
[58/71] source.dc0_leaf1_host1 -> probe.dc4_leaf3_host22: reachable=True (0.0201s)
[59/71] source.dc1_leaf0_host20 -> probe.dc4_leaf3_host22: reachable=True (0.0210s)
[60/71] source.dc1_leaf5_host5 -> probe.dc4_leaf3_host22: reachable=True (0.0170s)
[61/71] source.dc1_leaf6_host0 -> probe.dc4_leaf3_host22: reachable=True (0.0166s)
[62/71] source.dc1_leaf6_host2 -> probe.dc4_leaf3_host22: reachable=True (0.0156s)
[63/71] source.dc2_leaf7_host6 -> probe.dc4_leaf3_host22: reachable=True (0.0200s)
[64/71] source.dc4_leaf3_host22 -> probe.dc4_leaf3_host22: reachable=True (0.0172s)
[65/71] source.dc0_leaf1_host1 -> probe.internet: reachable=True (0.0164s)
[66/71] source.dc1_leaf0_host20 -> probe.internet: reachable=True (0.0168s)
[67/71] source.dc1_leaf5_host5 -> probe.internet: reachable=True (0.0155s)
[68/71] source.dc1_leaf6_host0 -> probe.internet: reachable=True (0.0150s)
[69/71] source.dc1_leaf6_host2 -> probe.internet: reachable=True (0.0147s)
[70/71] source.dc2_leaf7_host6 -> probe.internet: reachable=False (0.0022s)
[71/71] source.dc4_leaf3_host22 -> probe.internet: reachable=True (0.0165s)
