backend: apkeep {'impl': 'authors+fave', 'upstream': 'XJTU-NetVerify/NDD c8414b43 (ndd/FAVE_CHANGES.md)', 'engine': 'ndd', 'faithful_vlan': True}
master: open and bind unix socket
master: start handler thread
master: listen on socket
worker: completed task switch in 9.369850158691406e-05 seconds.
worker: completed task switch in 2.9325485229492188e-05 seconds.
worker: completed task switch in 2.2172927856445312e-05 seconds.
worker: completed task switch in 1.1205673217773438e-05 seconds.
worker: completed task switch in 1.6689300537109375e-05 seconds.
worker: completed task switch in 9.059906005859375e-06 seconds.
worker: completed task switch in 1.6689300537109375e-05 seconds.
worker: completed task switch in 1.1205673217773438e-05 seconds.
worker: completed task switch in 1.4066696166992188e-05 seconds.
worker: completed task switch in 7.867813110351562e-06 seconds.
worker: completed task switch in 1.5497207641601562e-05 seconds.
worker: completed task switch in 9.775161743164062e-06 seconds.
worker: completed task switch in 1.3113021850585938e-05 seconds.
worker: completed task switch in 7.152557373046875e-06 seconds.
worker: completed task switch in 1.33514404296875e-05 seconds.
worker: completed task switch in 7.62939453125e-06 seconds.
worker: completed task switch in 2.002716064453125e-05 seconds.
worker: completed task switch in 8.821487426757812e-06 seconds.
worker: completed task switch in 8.106231689453125e-06 seconds.
worker: completed task switch in 1.5497207641601562e-05 seconds.
worker: completed task switch in 7.152557373046875e-06 seconds.
worker: completed task switch in 1.6450881958007812e-05 seconds.
worker: completed task switch in 8.106231689453125e-06 seconds.
worker: completed task switch in 1.2874603271484375e-05 seconds.
worker: completed task switch in 8.821487426757812e-06 seconds.
worker: completed task switch in 1.2636184692382812e-05 seconds.
worker: completed task switch in 7.3909759521484375e-06 seconds.
worker: completed task switch in 1.3113021850585938e-05 seconds.
worker: completed task switch in 8.344650268554688e-06 seconds.
worker: completed task switch in 1.2636184692382812e-05 seconds.
worker: completed task switch in 6.9141387939453125e-06 seconds.
worker: completed task switch in 1.3589859008789062e-05 seconds.
worker: completed task switch in 6.9141387939453125e-06 seconds.
worker: completed task switch in 1.430511474609375e-05 seconds.
worker: completed task switch in 8.106231689453125e-06 seconds.
worker: completed task switch in 6.198883056640625e-06 seconds.
worker: completed task switch in 1.4543533325195312e-05 seconds.
worker: completed task switch in 6.4373016357421875e-06 seconds.
worker: completed task switch in 1.2159347534179688e-05 seconds.
worker: completed task switch in 6.198883056640625e-06 seconds.
worker: completed task switch in 1.5497207641601562e-05 seconds.
worker: completed task switch in 9.059906005859375e-06 seconds.
worker: completed task switch in 1.2636184692382812e-05 seconds.
worker: completed task switch in 6.4373016357421875e-06 seconds.
worker: completed task switch in 1.3828277587890625e-05 seconds.
worker: completed task switch in 6.4373016357421875e-06 seconds.
worker: completed task switch in 1.4066696166992188e-05 seconds.
worker: completed task switch in 6.67572021484375e-06 seconds.
worker: completed task switch in 1.1682510375976562e-05 seconds.
worker: completed task switch in 6.67572021484375e-06 seconds.
worker: completed task switch in 1.2159347534179688e-05 seconds.
worker: completed task switch in 1.049041748046875e-05 seconds.
worker: completed task switch in 6.9141387939453125e-06 seconds.
worker: completed task switch in 1.430511474609375e-05 seconds.
worker: completed task switch in 8.821487426757812e-06 seconds.
worker: completed task switch in 1.6689300537109375e-05 seconds.
worker: completed task switch in 7.152557373046875e-06 seconds.
worker: completed task switch in 1.4781951904296875e-05 seconds.
worker: completed task switch in 9.059906005859375e-06 seconds.
worker: completed task switch in 1.239776611328125e-05 seconds.
worker: completed task switch in 7.152557373046875e-06 seconds.
worker: completed task switch in 1.3113021850585938e-05 seconds.
worker: completed task switch in 7.295608520507812e-05 seconds.
worker: completed task switch in 1.5497207641601562e-05 seconds.
worker: completed task switch in 1.0251998901367188e-05 seconds.
worker: completed task switch in 1.2874603271484375e-05 seconds.
worker: completed task switch in 7.62939453125e-06 seconds.
worker: completed task switch in 1.33514404296875e-05 seconds.
worker: completed task switch in 1.1205673217773438e-05 seconds.
worker: completed task switch in 7.152557373046875e-06 seconds.
worker: completed task switch in 1.52587890625e-05 seconds.
worker: completed task switch in 9.298324584960938e-06 seconds.
worker: completed task switch in 1.33514404296875e-05 seconds.
worker: completed task switch in 7.152557373046875e-06 seconds.
worker: completed task switch in 1.33514404296875e-05 seconds.
worker: completed task switch in 6.9141387939453125e-06 seconds.
worker: completed task switch in 1.52587890625e-05 seconds.
worker: completed task switch in 7.152557373046875e-06 seconds.
worker: completed task switch in 1.2636184692382812e-05 seconds.
worker: completed task switch in 6.67572021484375e-06 seconds.
worker: completed task switch in 1.1920928955078125e-05 seconds.
worker: completed task switch in 8.58306884765625e-06 seconds.
worker: completed task switch in 1.8835067749023438e-05 seconds.
worker: completed task switch in 9.059906005859375e-06 seconds.
worker: completed task switch in 1.621246337890625e-05 seconds.
worker: completed task switch in 1.0251998901367188e-05 seconds.
worker: completed task links in 0.00042819976806640625 seconds.
worker: completed task switch_command in 0.0004010200500488281 seconds.
worker: completed task switch_command in 0.00011134147644042969 seconds.
worker: completed task switch_command in 0.00041985511779785156 seconds.
worker: completed task switch_command in 8.726119995117188e-05 seconds.
worker: completed task switch_command in 0.00040531158447265625 seconds.
worker: completed task switch_command in 0.0004665851593017578 seconds.
worker: completed task switch_command in 0.0004019737243652344 seconds.
worker: completed task switch_command in 0.00046443939208984375 seconds.
worker: completed task switch_command in 0.0003719329833984375 seconds.
worker: completed task switch_command in 0.00018262863159179688 seconds.
worker: completed task switch_command in 0.0004150867462158203 seconds.
worker: completed task switch_command in 0.0001938343048095703 seconds.
worker: completed task switch_command in 0.00038623809814453125 seconds.
worker: completed task switch_command in 0.0004639625549316406 seconds.
worker: completed task switch_command in 0.000392913818359375 seconds.
worker: completed task switch_command in 0.0004432201385498047 seconds.
worker: completed task switch_command in 0.00037980079650878906 seconds.
worker: completed task switch_command in 0.00017404556274414062 seconds.
worker: completed task switch_command in 6.079673767089844e-05 seconds.
worker: completed task switch_command in 0.0003895759582519531 seconds.
worker: completed task switch_command in 5.4836273193359375e-05 seconds.
worker: completed task switch_command in 0.00036144256591796875 seconds.
worker: completed task switch_command in 5.5789947509765625e-05 seconds.
worker: completed task switch_command in 0.0006146430969238281 seconds.
worker: completed task switch_command in 5.888938903808594e-05 seconds.
worker: completed task switch_command in 0.0003509521484375 seconds.
worker: completed task switch_command in 5.745887756347656e-05 seconds.
worker: completed task switch_command in 0.0003905296325683594 seconds.
worker: completed task switch_command in 5.817413330078125e-05 seconds.
worker: completed task switch_command in 0.0003829002380371094 seconds.
worker: completed task switch_command in 5.53131103515625e-05 seconds.
worker: completed task switch_command in 0.0003521442413330078 seconds.
worker: completed task switch_command in 5.888938903808594e-05 seconds.
worker: completed task switch_command in 0.0003790855407714844 seconds.
worker: completed task switch_command in 0.0002167224884033203 seconds.
worker: completed task switch_command in 5.221366882324219e-05 seconds.
worker: completed task switch_command in 0.0003821849822998047 seconds.
worker: completed task switch_command in 6.103515625e-05 seconds.
worker: completed task switch_command in 0.0003459453582763672 seconds.
worker: completed task switch_command in 0.0002923011779785156 seconds.
worker: completed task switch_command in 0.00037360191345214844 seconds.
worker: completed task switch_command in 0.0002951622009277344 seconds.
worker: completed task switch_command in 0.0003604888916015625 seconds.
worker: completed task switch_command in 5.5789947509765625e-05 seconds.
worker: completed task switch_command in 0.0003864765167236328 seconds.
worker: completed task switch_command in 5.626678466796875e-05 seconds.
worker: completed task switch_command in 0.00035190582275390625 seconds.
worker: completed task switch_command in 0.0003151893615722656 seconds.
worker: completed task switch_command in 0.0003495216369628906 seconds.
worker: completed task switch_command in 0.0003209114074707031 seconds.
worker: completed task switch_command in 0.00034332275390625 seconds.
worker: completed task switch_command in 0.00017380714416503906 seconds.
worker: completed task switch_command in 0.00025582313537597656 seconds.
worker: completed task switch_command in 0.0003695487976074219 seconds.
worker: completed task switch_command in 0.00021600723266601562 seconds.
worker: completed task switch_command in 0.0003733634948730469 seconds.
worker: completed task switch_command in 0.00022840499877929688 seconds.
worker: completed task switch_command in 0.0006334781646728516 seconds.
worker: completed task switch_command in 0.0002300739288330078 seconds.
worker: completed task switch_command in 0.00039124488830566406 seconds.
worker: completed task switch_command in 0.0002799034118652344 seconds.
worker: completed task switch_command in 0.00035452842712402344 seconds.
worker: completed task switch_command in 0.00031113624572753906 seconds.
worker: completed task switch_command in 0.00035119056701660156 seconds.
worker: completed task switch_command in 0.00031948089599609375 seconds.
worker: completed task switch_command in 0.0003554821014404297 seconds.
worker: completed task switch_command in 0.0003209114074707031 seconds.
worker: completed task switch_command in 0.00035309791564941406 seconds.
worker: completed task switch_command in 0.00028634071350097656 seconds.
worker: completed task switch_command in 0.00022029876708984375 seconds.
worker: completed task switch_command in 0.0003483295440673828 seconds.
worker: completed task switch_command in 0.00037026405334472656 seconds.
worker: completed task switch_command in 0.0003464221954345703 seconds.
worker: completed task switch_command in 0.0005145072937011719 seconds.
worker: completed task switch_command in 0.0003535747528076172 seconds.
worker: completed task switch_command in 0.0001785755157470703 seconds.
worker: completed task switch_command in 0.00039386749267578125 seconds.
worker: completed task switch_command in 0.0002970695495605469 seconds.
worker: completed task switch_command in 0.0003986358642578125 seconds.
worker: completed task switch_command in 0.0002675056457519531 seconds.
worker: completed task switch_command in 0.0003859996795654297 seconds.
worker: completed task switch_command in 0.00024819374084472656 seconds.
worker: completed task switch_command in 0.0003757476806640625 seconds.
worker: completed task switch_command in 0.00025534629821777344 seconds.
worker: completed task switch_command in 0.0003540515899658203 seconds.
worker: completed task switch_command in 0.00063323974609375 seconds.
worker: completed task probe in 3.5762786865234375e-05 seconds.
worker: completed task probe in 1.3828277587890625e-05 seconds.
worker: completed task probe in 1.0251998901367188e-05 seconds.
worker: completed task probe in 8.344650268554688e-06 seconds.
worker: completed task probe in 9.059906005859375e-06 seconds.
worker: completed task probe in 8.106231689453125e-06 seconds.
worker: completed task probe in 8.821487426757812e-06 seconds.
worker: completed task probe in 7.867813110351562e-06 seconds.
worker: completed task links in 3.910064697265625e-05 seconds.
worker: completed task generators in 0.00010538101196289062 seconds.
worker: completed task links in 2.956390380859375e-05 seconds.
apkeep: 3 first-match rewrite(s) dropped as PROVABLY DEAD: gw.internet rule 14 (shadowed by 9); gw.internet rule 16 (shadowed by 6); gw.internet rule 19 (shadowed by 8)
apkeep: 46 forwarding table(s) are first-match, not dst-LPM (541 rules, 25 address rewrites)
worker: completed task check_compliance in 0.09904026985168457 seconds.
worker: completed task report in 0.0008041858673095703 seconds.
worker: initiate stopping
worker: completed task stop in 7.796287536621094e-05 seconds.
worker: stop handler after 1.0116868019104004 seconds.
master: close receiving socket
master: join queue
master: join handler thread
master: finished run
master: stop reporter
