backend: ad6 {'impl': 'first-party', 'translation': 'literal', 'grounding': 'rank', 'solver': 'cadical195', 'lite_acyclic': False}
master: open and bind unix socket
master: start handler thread
master: listen on socket
worker: completed task switch in 0.00012111663818359375 seconds.
worker: completed task switch in 2.8133392333984375e-05 seconds.
worker: completed task switch in 4.0531158447265625e-05 seconds.
worker: completed task switch in 1.52587890625e-05 seconds.
worker: completed task switch in 1.8835067749023438e-05 seconds.
worker: completed task switch in 1.239776611328125e-05 seconds.
worker: completed task switch in 1.9073486328125e-05 seconds.
worker: completed task switch in 1.5020370483398438e-05 seconds.
worker: completed task switch in 1.71661376953125e-05 seconds.
worker: completed task switch in 2.0742416381835938e-05 seconds.
worker: completed task switch in 2.1457672119140625e-05 seconds.
worker: completed task switch in 1.2874603271484375e-05 seconds.
worker: completed task switch in 1.7404556274414062e-05 seconds.
worker: completed task switch in 1.0728836059570312e-05 seconds.
worker: completed task switch in 1.5974044799804688e-05 seconds.
worker: completed task switch in 1.2636184692382812e-05 seconds.
worker: completed task switch in 1.6927719116210938e-05 seconds.
worker: completed task switch in 1.2159347534179688e-05 seconds.
worker: completed task switch in 1.2159347534179688e-05 seconds.
worker: completed task switch in 2.4080276489257812e-05 seconds.
worker: completed task switch in 1.0013580322265625e-05 seconds.
worker: completed task switch in 2.2172927856445312e-05 seconds.
worker: completed task switch in 1.2636184692382812e-05 seconds.
worker: completed task switch in 1.5974044799804688e-05 seconds.
worker: completed task switch in 1.0728836059570312e-05 seconds.
worker: completed task switch in 1.6450881958007812e-05 seconds.
worker: completed task switch in 1.2636184692382812e-05 seconds.
worker: completed task switch in 1.6450881958007812e-05 seconds.
worker: completed task switch in 1.0251998901367188e-05 seconds.
worker: completed task switch in 1.621246337890625e-05 seconds.
worker: completed task switch in 1.1682510375976562e-05 seconds.
worker: completed task switch in 1.6689300537109375e-05 seconds.
worker: completed task switch in 1.0013580322265625e-05 seconds.
worker: completed task switch in 1.5974044799804688e-05 seconds.
worker: completed task switch in 1.5497207641601562e-05 seconds.
worker: completed task switch in 1.0251998901367188e-05 seconds.
worker: completed task switch in 1.5735626220703125e-05 seconds.
worker: completed task switch in 1.2159347534179688e-05 seconds.
worker: completed task switch in 1.5735626220703125e-05 seconds.
worker: completed task switch in 1.0013580322265625e-05 seconds.
worker: completed task switch in 2.6702880859375e-05 seconds.
worker: completed task switch in 1.2874603271484375e-05 seconds.
worker: completed task switch in 1.4781951904296875e-05 seconds.
worker: completed task switch in 1.1920928955078125e-05 seconds.
worker: completed task switch in 1.9311904907226562e-05 seconds.
worker: completed task switch in 9.298324584960938e-06 seconds.
worker: completed task switch in 1.5020370483398438e-05 seconds.
worker: completed task switch in 1.0251998901367188e-05 seconds.
worker: completed task switch in 1.5020370483398438e-05 seconds.
worker: completed task switch in 9.059906005859375e-06 seconds.
worker: completed task switch in 1.6689300537109375e-05 seconds.
worker: completed task switch in 1.1205673217773438e-05 seconds.
worker: completed task switch in 1.33514404296875e-05 seconds.
worker: completed task switch in 1.5974044799804688e-05 seconds.
worker: completed task switch in 9.775161743164062e-06 seconds.
worker: completed task switch in 3.2901763916015625e-05 seconds.
worker: completed task switch in 1.0728836059570312e-05 seconds.
worker: completed task switch in 1.9311904907226562e-05 seconds.
worker: completed task switch in 1.0251998901367188e-05 seconds.
worker: completed task switch in 1.7642974853515625e-05 seconds.
worker: completed task switch in 1.049041748046875e-05 seconds.
worker: completed task switch in 2.0742416381835938e-05 seconds.
worker: completed task switch in 9.775161743164062e-06 seconds.
worker: completed task switch in 1.8358230590820312e-05 seconds.
worker: completed task switch in 1.049041748046875e-05 seconds.
worker: completed task switch in 1.9311904907226562e-05 seconds.
worker: completed task switch in 9.775161743164062e-06 seconds.
worker: completed task switch in 1.71661376953125e-05 seconds.
worker: completed task switch in 1.430511474609375e-05 seconds.
worker: completed task switch in 1.0013580322265625e-05 seconds.
worker: completed task switch in 1.811981201171875e-05 seconds.
worker: completed task switch in 1.2159347534179688e-05 seconds.
worker: completed task switch in 1.8596649169921875e-05 seconds.
worker: completed task switch in 1.0251998901367188e-05 seconds.
worker: completed task switch in 1.6689300537109375e-05 seconds.
worker: completed task switch in 1.0251998901367188e-05 seconds.
worker: completed task switch in 1.7881393432617188e-05 seconds.
worker: completed task switch in 1.0013580322265625e-05 seconds.
worker: completed task switch in 1.6689300537109375e-05 seconds.
worker: completed task switch in 1.0728836059570312e-05 seconds.
worker: completed task switch in 2.3365020751953125e-05 seconds.
worker: completed task switch in 9.5367431640625e-06 seconds.
worker: completed task switch in 4.172325134277344e-05 seconds.
worker: completed task switch in 1.0728836059570312e-05 seconds.
worker: completed task switch in 1.5020370483398438e-05 seconds.
worker: completed task switch in 1.52587890625e-05 seconds.
worker: completed task links in 0.0010080337524414062 seconds.
worker: completed task switch_command in 0.00028824806213378906 seconds.
worker: completed task switch_command in 6.771087646484375e-05 seconds.
worker: completed task switch_command in 0.0002579689025878906 seconds.
worker: completed task switch_command in 5.745887756347656e-05 seconds.
worker: completed task switch_command in 0.0002205371856689453 seconds.
worker: completed task switch_command in 0.00037598609924316406 seconds.
worker: completed task switch_command in 0.0002257823944091797 seconds.
worker: completed task switch_command in 0.00034165382385253906 seconds.
worker: completed task switch_command in 0.0002200603485107422 seconds.
worker: completed task switch_command in 0.00013875961303710938 seconds.
worker: completed task switch_command in 0.00021314620971679688 seconds.
worker: completed task switch_command in 0.00012803077697753906 seconds.
worker: completed task switch_command in 0.0002467632293701172 seconds.
worker: completed task switch_command in 0.0003247261047363281 seconds.
worker: completed task switch_command in 0.0002257823944091797 seconds.
worker: completed task switch_command in 0.00039696693420410156 seconds.
worker: completed task switch_command in 0.00022482872009277344 seconds.
worker: completed task switch_command in 0.00011777877807617188 seconds.
worker: completed task switch_command in 3.719329833984375e-05 seconds.
worker: completed task switch_command in 0.00021839141845703125 seconds.
worker: completed task switch_command in 3.719329833984375e-05 seconds.
worker: completed task switch_command in 0.0002491474151611328 seconds.
worker: completed task switch_command in 4.00543212890625e-05 seconds.
worker: completed task switch_command in 0.000213623046875 seconds.
worker: completed task switch_command in 4.220008850097656e-05 seconds.
worker: completed task switch_command in 0.00022912025451660156 seconds.
worker: completed task switch_command in 3.886222839355469e-05 seconds.
worker: completed task switch_command in 0.0002651214599609375 seconds.
worker: completed task switch_command in 5.650520324707031e-05 seconds.
worker: completed task switch_command in 0.0002338886260986328 seconds.
worker: completed task switch_command in 4.696846008300781e-05 seconds.
worker: completed task switch_command in 0.00022363662719726562 seconds.
worker: completed task switch_command in 4.482269287109375e-05 seconds.
worker: completed task switch_command in 0.00023889541625976562 seconds.
worker: completed task switch_command in 0.0001442432403564453 seconds.
worker: completed task switch_command in 4.1961669921875e-05 seconds.
worker: completed task switch_command in 0.000217437744140625 seconds.
worker: completed task switch_command in 3.695487976074219e-05 seconds.
worker: completed task switch_command in 0.00024390220642089844 seconds.
worker: completed task switch_command in 0.00019216537475585938 seconds.
worker: completed task switch_command in 0.0002315044403076172 seconds.
worker: completed task switch_command in 0.00020575523376464844 seconds.
worker: completed task switch_command in 0.00021576881408691406 seconds.
worker: completed task switch_command in 4.38690185546875e-05 seconds.
worker: completed task switch_command in 0.00020956993103027344 seconds.
worker: completed task switch_command in 3.886222839355469e-05 seconds.
worker: completed task switch_command in 0.00022792816162109375 seconds.
worker: completed task switch_command in 0.0002334117889404297 seconds.
worker: completed task switch_command in 0.0002090930938720703 seconds.
worker: completed task switch_command in 0.0001983642578125 seconds.
worker: completed task switch_command in 0.00023937225341796875 seconds.
worker: completed task switch_command in 0.00012803077697753906 seconds.
worker: completed task switch_command in 0.0001475811004638672 seconds.
worker: completed task switch_command in 0.00021505355834960938 seconds.
worker: completed task switch_command in 0.00015783309936523438 seconds.
worker: completed task switch_command in 0.0005395412445068359 seconds.
worker: completed task switch_command in 0.00015592575073242188 seconds.
worker: completed task switch_command in 0.0002181529998779297 seconds.
worker: completed task switch_command in 0.0001494884490966797 seconds.
worker: completed task switch_command in 0.0002429485321044922 seconds.
worker: completed task switch_command in 0.00019931793212890625 seconds.
worker: completed task switch_command in 0.00023412704467773438 seconds.
worker: completed task switch_command in 0.00021910667419433594 seconds.
worker: completed task switch_command in 0.00021839141845703125 seconds.
worker: completed task switch_command in 0.00019693374633789062 seconds.
worker: completed task switch_command in 0.00021719932556152344 seconds.
worker: completed task switch_command in 0.0002446174621582031 seconds.
worker: completed task switch_command in 0.00021648406982421875 seconds.
worker: completed task switch_command in 0.00018668174743652344 seconds.
worker: completed task switch_command in 0.0001308917999267578 seconds.
worker: completed task switch_command in 0.00024390220642089844 seconds.
worker: completed task switch_command in 0.00023746490478515625 seconds.
worker: completed task switch_command in 0.00021958351135253906 seconds.
worker: completed task switch_command in 0.00038814544677734375 seconds.
worker: completed task switch_command in 0.0002200603485107422 seconds.
worker: completed task switch_command in 0.00012254714965820312 seconds.
worker: completed task switch_command in 0.000209808349609375 seconds.
worker: completed task switch_command in 0.00028395652770996094 seconds.
worker: completed task switch_command in 0.00022792816162109375 seconds.
worker: completed task switch_command in 0.000186920166015625 seconds.
worker: completed task switch_command in 0.00025200843811035156 seconds.
worker: completed task switch_command in 0.00015974044799804688 seconds.
worker: completed task switch_command in 0.00021147727966308594 seconds.
worker: completed task switch_command in 0.00018477439880371094 seconds.
worker: completed task switch_command in 0.00024056434631347656 seconds.
worker: completed task switch_command in 0.00024390220642089844 seconds.
worker: completed task probe in 3.24249267578125e-05 seconds.
worker: completed task probe in 1.71661376953125e-05 seconds.
worker: completed task probe in 1.430511474609375e-05 seconds.
worker: completed task probe in 1.4781951904296875e-05 seconds.
worker: completed task probe in 1.2159347534179688e-05 seconds.
worker: completed task probe in 1.0728836059570312e-05 seconds.
worker: completed task probe in 1.2874603271484375e-05 seconds.
worker: completed task probe in 1.4066696166992188e-05 seconds.
worker: completed task links in 2.86102294921875e-05 seconds.
worker: completed task generators in 0.00010633468627929688 seconds.
worker: completed task links in 2.4080276489257812e-05 seconds.
worker: completed task check_compliance in 55.36736607551575 seconds.
worker: completed task report in 0.0006921291351318359 seconds.
worker: initiate stopping
worker: completed task stop in 7.390975952148438e-05 seconds.
worker: stop handler after 57.192994832992554 seconds.
master: close receiving socket
master: join queue
master: join handler thread
master: finished run
master: stop reporter
