backend: veriflow {'impl': 'reimpl-literature', 'vf_fields': 'plain', 'vf_revisit': 'state', 'vf_slicing': 'device', 'vf_budget': 0}
master: open and bind unix socket
master: start handler thread
master: listen on socket
worker: completed task packet_filter in 0.0005011558532714844 seconds.
worker: completed task switch in 4.029273986816406e-05 seconds.
worker: completed task switch in 1.6450881958007812e-05 seconds.
worker: completed task links in 3.981590270996094e-05 seconds.
worker: completed task switch_command in 0.00025153160095214844 seconds.
worker: completed task switch_command in 5.340576171875e-05 seconds.
worker: completed task switch_command in 4.5299530029296875e-05 seconds.
worker: completed task probe in 7.2479248046875e-05 seconds.
worker: completed task probe in 4.553794860839844e-05 seconds.
worker: completed task probe in 3.528594970703125e-05 seconds.
worker: completed task links in 1.6450881958007812e-05 seconds.
worker: completed task generators in 0.00017786026000976562 seconds.
worker: completed task links in 1.6450881958007812e-05 seconds.
veriflow: built 40 rules, stamps {'impl': 'reimpl-literature', 'vf_mode': 'bulk', 'vf_node': 'table', 'vf_ports': 'field', 'vf_fields': 'plain', 'vf_slicing': 'device', 'vf_invert_lpm': False, 'vf_field_order': ['related', 'packet.ipv6.source', 'packet.ipv6.destination', 'packet.ipv6.proto', 'packet.upper.dport', 'packet.upper.sport', 'in_port', 'out_port'], 'vf_inport_expansion': 1.0, 'vf_budget': 0, 'vf_revisit': 'state'}
worker: completed task check_compliance in 0.009821176528930664 seconds.
worker: completed task report in 0.00064849853515625 seconds.
worker: initiate stopping
worker: completed task stop in 7.486343383789062e-05 seconds.
worker: stop handler after 1.7173900604248047 seconds.
master: close receiving socket
master: join queue
master: join handler thread
master: finished run
master: stop reporter
