backend: apkeep {'impl': 'authors+fave', 'upstream': 'XJTU-NetVerify/apkeep 7b71bff4 (apkeep/FAVE_CHANGES.md)', 'engine': 'bdd', 'faithful_vlan': True}
master: open and bind unix socket
master: start handler thread
master: listen on socket
worker: completed task switch in 0.00014066696166992188 seconds.
worker: completed task switch in 4.2438507080078125e-05 seconds.
worker: completed task switch in 2.8133392333984375e-05 seconds.
worker: completed task switch in 2.3365020751953125e-05 seconds.
worker: completed task switch in 2.1457672119140625e-05 seconds.
worker: completed task switch in 2.002716064453125e-05 seconds.
worker: completed task switch in 4.100799560546875e-05 seconds.
worker: completed task switch in 1.9550323486328125e-05 seconds.
worker: completed task switch in 1.8596649169921875e-05 seconds.
worker: completed task switch in 2.3365020751953125e-05 seconds.
worker: completed task switch in 1.8358230590820312e-05 seconds.
worker: completed task switch in 1.8596649169921875e-05 seconds.
worker: completed task switch in 1.5020370483398438e-05 seconds.
worker: completed task switch in 2.384185791015625e-05 seconds.
worker: completed task switch in 1.7642974853515625e-05 seconds.
worker: completed task switch in 1.6927719116210938e-05 seconds.
worker: completed task switch in 1.7881393432617188e-05 seconds.
worker: completed task switch in 1.811981201171875e-05 seconds.
worker: completed task links in 0.0002231597900390625 seconds.
worker: completed task switch_command in 0.0005512237548828125 seconds.
worker: completed task switch_command in 0.1776435375213623 seconds.
worker: completed task switch_command in 0.007680654525756836 seconds.
worker: completed task switch_command in 0.20473599433898926 seconds.
worker: completed task switch_command in 0.009089469909667969 seconds.
worker: completed task switch_command in 0.32003211975097656 seconds.
worker: completed task switch_command in 0.007755279541015625 seconds.
worker: completed task switch_command in 0.2528538703918457 seconds.
worker: completed task switch_command in 0.008326292037963867 seconds.
worker: completed task switch_command in 0.2819664478302002 seconds.
worker: completed task switch_command in 0.009207010269165039 seconds.
worker: completed task switch_command in 0.3264334201812744 seconds.
worker: completed task switch_command in 0.009724140167236328 seconds.
worker: completed task switch_command in 0.34377622604370117 seconds.
worker: completed task switch_command in 0.008929252624511719 seconds.
worker: completed task switch_command in 0.829906702041626 seconds.
worker: completed task switch_command in 0.010448455810546875 seconds.
worker: completed task switch_command in 0.17452216148376465 seconds.
worker: completed task probe in 0.010426521301269531 seconds.
worker: completed task probe in 2.9087066650390625e-05 seconds.
worker: completed task probe in 1.7642974853515625e-05 seconds.
worker: completed task probe in 1.1682510375976562e-05 seconds.
worker: completed task probe in 1.1444091796875e-05 seconds.
worker: completed task probe in 1.0013580322265625e-05 seconds.
worker: completed task probe in 1.049041748046875e-05 seconds.
worker: completed task probe in 9.298324584960938e-06 seconds.
worker: completed task probe in 1.0013580322265625e-05 seconds.
worker: completed task links in 0.0006325244903564453 seconds.
worker: completed task generators in 0.00015425682067871094 seconds.
worker: completed task links in 4.744529724121094e-05 seconds.
apkeep: in.atla has 4 ingress-restricted forwarding rule(s), accounted for by faithful VLAN admission (per-port ACLElement)
apkeep: in.chic has 4 ingress-restricted forwarding rule(s), accounted for by faithful VLAN admission (per-port ACLElement)
apkeep: in.kans has 12 ingress-restricted forwarding rule(s), accounted for by faithful VLAN admission (per-port ACLElement)
apkeep: in.losa has 4 ingress-restricted forwarding rule(s), accounted for by faithful VLAN admission (per-port ACLElement)
apkeep: in.newy32aoa has 10 ingress-restricted forwarding rule(s), accounted for by faithful VLAN admission (per-port ACLElement)
apkeep: in.salt has 1 ingress-restricted forwarding rule(s), accounted for by faithful VLAN admission (per-port ACLElement)
apkeep: in.seat has 4 ingress-restricted forwarding rule(s), accounted for by faithful VLAN admission (per-port ACLElement)
apkeep: in.wash has 17 ingress-restricted forwarding rule(s), accounted for by faithful VLAN admission (per-port ACLElement)
