backend: veriflow {'impl': 'reimpl-literature', 'vf_fields': '4+10', 'vf_revisit': 'state', 'vf_slicing': 'device', 'vf_budget': 0}
master: open and bind unix socket
master: start handler thread
master: listen on socket
worker: completed task switch in 8.845329284667969e-05 seconds.
worker: completed task switch in 3.266334533691406e-05 seconds.
worker: completed task switch in 2.384185791015625e-05 seconds.
worker: completed task switch in 2.2411346435546875e-05 seconds.
worker: completed task switch in 1.6927719116210938e-05 seconds.
worker: completed task switch in 1.6689300537109375e-05 seconds.
worker: completed task switch in 2.8848648071289062e-05 seconds.
worker: completed task switch in 1.430511474609375e-05 seconds.
worker: completed task switch in 1.3113021850585938e-05 seconds.
worker: completed task switch in 1.3113021850585938e-05 seconds.
worker: completed task switch in 1.5020370483398438e-05 seconds.
worker: completed task switch in 1.4066696166992188e-05 seconds.
worker: completed task switch in 1.1205673217773438e-05 seconds.
worker: completed task switch in 1.811981201171875e-05 seconds.
worker: completed task switch in 1.3828277587890625e-05 seconds.
worker: completed task switch in 1.1444091796875e-05 seconds.
worker: completed task switch in 1.3589859008789062e-05 seconds.
worker: completed task switch in 1.4781951904296875e-05 seconds.
worker: completed task links in 0.00017952919006347656 seconds.
worker: completed task switch_command in 0.00020122528076171875 seconds.
worker: completed task switch_command in 0.10582113265991211 seconds.
worker: completed task switch_command in 0.0040090084075927734 seconds.
worker: completed task switch_command in 0.1370067596435547 seconds.
worker: completed task switch_command in 0.00754547119140625 seconds.
worker: completed task switch_command in 0.09312725067138672 seconds.
worker: completed task switch_command in 0.0048372745513916016 seconds.
worker: completed task switch_command in 0.15123558044433594 seconds.
worker: completed task switch_command in 0.007269382476806641 seconds.
worker: completed task switch_command in 0.17411375045776367 seconds.
worker: completed task switch_command in 0.008090972900390625 seconds.
worker: completed task switch_command in 0.2096259593963623 seconds.
worker: completed task switch_command in 0.007863044738769531 seconds.
worker: completed task switch_command in 0.20551300048828125 seconds.
worker: completed task switch_command in 0.007386445999145508 seconds.
worker: completed task switch_command in 0.09104156494140625 seconds.
worker: completed task switch_command in 0.005568504333496094 seconds.
worker: completed task switch_command in 0.2532954216003418 seconds.
worker: completed task probe in 0.007994651794433594 seconds.
worker: completed task probe in 2.9087066650390625e-05 seconds.
worker: completed task probe in 1.3589859008789062e-05 seconds.
worker: completed task probe in 1.1682510375976562e-05 seconds.
worker: completed task probe in 1.049041748046875e-05 seconds.
worker: completed task probe in 1.0251998901367188e-05 seconds.
worker: completed task probe in 1.430511474609375e-05 seconds.
worker: completed task probe in 1.2636184692382812e-05 seconds.
worker: completed task probe in 1.33514404296875e-05 seconds.
worker: completed task links in 0.0004639625549316406 seconds.
worker: completed task generators in 0.0001399517059326172 seconds.
worker: completed task links in 2.956390380859375e-05 seconds.
veriflow: built 78056 rules, stamps {'impl': 'reimpl-literature', 'vf_mode': 'bulk', 'vf_node': 'table', 'vf_ports': 'field', 'vf_fields': "4+10:trie=['packet.ipv4.destination'],scan=['packet.ether.vlan']", 'vf_slicing': 'device', 'vf_invert_lpm': False, 'vf_field_order': ['packet.ether.vlan', 'packet.ipv4.destination'], 'vf_inport_expansion': 1.003, 'vf_budget': 0, 'vf_revisit': 'state'}
worker: completed task check_compliance in 123.74533557891846 seconds.
worker: completed task report in 0.0007255077362060547 seconds.
worker: initiate stopping
worker: completed task stop in 6.437301635742188e-05 seconds.
worker: stop handler after 127.7660276889801 seconds.
master: close receiving socket
master: join queue
master: join handler thread
master: finished run
master: stop reporter
