backend: ad6 {'impl': 'first-party', 'translation': 'literal', 'grounding': 'rank', 'solver': 'cadical195', 'lite_acyclic': True}
master: open and bind unix socket
master: start handler thread
master: listen on socket
worker: completed task switch in 9.202957153320312e-05 seconds.
worker: completed task switch in 2.9325485229492188e-05 seconds.
worker: completed task switch in 3.5762786865234375e-05 seconds.
worker: completed task switch in 1.9550323486328125e-05 seconds.
worker: completed task switch in 1.6450881958007812e-05 seconds.
worker: completed task switch in 1.4066696166992188e-05 seconds.
worker: completed task switch in 1.9550323486328125e-05 seconds.
worker: completed task switch in 1.3828277587890625e-05 seconds.
worker: completed task switch in 1.0728836059570312e-05 seconds.
worker: completed task switch in 1.2874603271484375e-05 seconds.
worker: completed task switch in 1.1205673217773438e-05 seconds.
worker: completed task switch in 1.3828277587890625e-05 seconds.
worker: completed task switch in 9.775161743164062e-06 seconds.
worker: completed task switch in 2.1696090698242188e-05 seconds.
worker: completed task switch in 1.1444091796875e-05 seconds.
worker: completed task switch in 1.1444091796875e-05 seconds.
worker: completed task switch in 1.2159347534179688e-05 seconds.
worker: completed task switch in 1.33514404296875e-05 seconds.
worker: completed task links in 0.0001418590545654297 seconds.
worker: completed task switch_command in 0.00020885467529296875 seconds.
worker: completed task switch_command in 0.1105804443359375 seconds.
worker: completed task switch_command in 0.004474639892578125 seconds.
worker: completed task switch_command in 0.12175536155700684 seconds.
worker: completed task switch_command in 0.0048334598541259766 seconds.
worker: completed task switch_command in 0.09038591384887695 seconds.
worker: completed task switch_command in 0.005524635314941406 seconds.
worker: completed task switch_command in 0.15232038497924805 seconds.
worker: completed task switch_command in 0.007915496826171875 seconds.
worker: completed task switch_command in 0.17007112503051758 seconds.
worker: completed task switch_command in 0.0075075626373291016 seconds.
worker: completed task switch_command in 0.20594239234924316 seconds.
worker: completed task switch_command in 0.010222196578979492 seconds.
worker: completed task switch_command in 0.2295088768005371 seconds.
worker: completed task switch_command in 0.00917196273803711 seconds.
worker: completed task switch_command in 0.09684085845947266 seconds.
worker: completed task switch_command in 0.006749153137207031 seconds.
worker: completed task switch_command in 0.2714221477508545 seconds.
worker: completed task probe in 0.009959220886230469 seconds.
worker: completed task probe in 3.0517578125e-05 seconds.
worker: completed task probe in 1.4781951904296875e-05 seconds.
worker: completed task probe in 1.2636184692382812e-05 seconds.
worker: completed task probe in 1.5497207641601562e-05 seconds.
worker: completed task probe in 1.0728836059570312e-05 seconds.
worker: completed task probe in 1.1205673217773438e-05 seconds.
worker: completed task probe in 9.5367431640625e-06 seconds.
worker: completed task probe in 1.0251998901367188e-05 seconds.
worker: completed task links in 0.0005245208740234375 seconds.
worker: completed task generators in 0.0001659393310546875 seconds.
worker: completed task links in 2.9325485229492188e-05 seconds.
