[1/72] source.atla -> probe.chic: reachable=True (208.5992s)
[2/72] source.hous -> probe.chic: reachable=True (528.5182s)
[3/72] source.kans -> probe.chic: reachable=True (98.5676s)
[4/72] source.losa -> probe.chic: reachable=True (468.1342s)
[5/72] source.newy32aoa -> probe.chic: reachable=True (43.3384s)
[6/72] source.salt -> probe.chic: reachable=True (264.7222s)
[7/72] source.seat -> probe.chic: reachable=True (143.8551s)
[8/72] source.wash -> probe.chic: reachable=True (21.0967s)
[9/72] source.atla -> probe.hous: reachable=True (17.8966s)
[10/72] source.chic -> probe.hous: reachable=False (43848.8580s)
[11/72] source.kans -> probe.hous: reachable=True (12.3174s)
[12/72] source.losa -> probe.hous: reachable=True (51.6426s)
[13/72] source.newy32aoa -> probe.hous: reachable=True (117.7537s)
[14/72] source.salt -> probe.hous: reachable=True (42.1239s)
[15/72] source.seat -> probe.hous: reachable=True (41.9523s)
[16/72] source.wash -> probe.hous: reachable=True (10.0941s)
[17/72] source.atla -> probe.kans: reachable=False (5816.9647s)
[18/72] source.chic -> probe.kans: reachable=False (2137.0516s)
[19/72] source.hous -> probe.kans: reachable=True (21.0667s)
[20/72] source.losa -> probe.kans: reachable=True (130.1595s)
[21/72] source.newy32aoa -> probe.kans: reachable=False (1715.9244s)
[22/72] source.salt -> probe.kans: reachable=True (94.0986s)
[23/72] source.seat -> probe.kans: reachable=True (267.8022s)
[24/72] source.wash -> probe.kans: reachable=False (1823.4962s)
[25/72] source.atla -> probe.losa: reachable=True (60.3048s)
[26/72] source.chic -> probe.losa: reachable=False (24502.5744s)
[27/72] source.hous -> probe.losa: reachable=True (41.3263s)
[28/72] source.kans -> probe.losa: reachable=True (98.8127s)
[29/72] source.newy32aoa -> probe.losa: reachable=True (315.1763s)
[30/72] source.salt -> probe.losa: reachable=True (67.4819s)
[31/72] source.seat -> probe.losa: reachable=True (27.5144s)
[32/72] source.wash -> probe.losa: reachable=True (66.3936s)
[33/72] source.atla -> probe.newy32aoa: reachable=True (52.9518s)
[34/72] source.chic -> probe.newy32aoa: reachable=True (44.0687s)
[35/72] source.hous -> probe.newy32aoa: reachable=True (212.0390s)
[36/72] source.kans -> probe.newy32aoa: reachable=True (153.5661s)
[37/72] source.losa -> probe.newy32aoa: reachable=True (13.9720s)
[38/72] source.salt -> probe.newy32aoa: reachable=True (29.6605s)
[39/72] source.seat -> probe.newy32aoa: reachable=True (217.2985s)
[40/72] source.wash -> probe.newy32aoa: reachable=True (30.8701s)
[41/72] source.atla -> probe.salt: reachable=True (429.2149s)
[42/72] source.chic -> probe.salt: reachable=False (195.9184s)
[43/72] source.hous -> probe.salt: reachable=True (56.4814s)
[44/72] source.kans -> probe.salt: reachable=True (3.2839s)
[45/72] source.losa -> probe.salt: reachable=True (9.0173s)
[46/72] source.newy32aoa -> probe.salt: reachable=True (362.4392s)
[47/72] source.seat -> probe.salt: reachable=True (26.3858s)
[48/72] source.wash -> probe.salt: reachable=True (91.3017s)
