deleting old logs and measurements...
deleted old logs and measurements.
generate policy matrix...
generated policy matrix.
generate inventory...
generated inventory.
convert policy matrix to checks...
converted policy matrix.
generate topology, routes, and probes...
generated topology, routes, and probes.
backend ad6 needs no netplumber process; not starting one
starting aggregator (backend: ad6 --grounding rank --solver cadical195 --lite-acyclic)...
started aggregator.
wait for fave
initialize topology...
topology sent to fave
initialize routes...
routes sent to fave
initialize probes...
probes sent to fave
initialize sources...
sources sent to fave
checking flow trees...
