backend: ad6 {'impl': 'first-party', 'translation': 'literal', 'grounding': 'rank', 'solver': 'cadical195', 'lite_acyclic': False}
master: open and bind unix socket
master: start handler thread
master: listen on socket
worker: completed task router in 0.0018301010131835938 seconds.
worker: completed task switch in 6.985664367675781e-05 seconds.
worker: completed task switch in 1.6927719116210938e-05 seconds.
worker: completed task switch in 1.33514404296875e-05 seconds.
worker: completed task switch in 1.239776611328125e-05 seconds.
worker: completed task switch in 1.1205673217773438e-05 seconds.
worker: completed task switch in 1.0728836059570312e-05 seconds.
worker: completed task switch in 1.049041748046875e-05 seconds.
worker: completed task switch in 1.049041748046875e-05 seconds.
worker: completed task switch in 1.430511474609375e-05 seconds.
worker: completed task switch in 1.049041748046875e-05 seconds.
worker: completed task switch in 1.1682510375976562e-05 seconds.
worker: completed task switch in 1.0013580322265625e-05 seconds.
worker: completed task switch in 1.0251998901367188e-05 seconds.
worker: completed task switch in 1.0013580322265625e-05 seconds.
worker: completed task switch in 9.059906005859375e-06 seconds.
worker: completed task switch in 8.821487426757812e-06 seconds.
worker: completed task links in 5.8650970458984375e-05 seconds.
worker: completed task switch_command in 0.0019221305847167969 seconds.
worker: completed task switch_command in 5.364418029785156e-05 seconds.
worker: completed task switch_command in 3.314018249511719e-05 seconds.
worker: completed task switch_command in 2.8371810913085938e-05 seconds.
worker: completed task switch_command in 2.5272369384765625e-05 seconds.
worker: completed task switch_command in 2.5510787963867188e-05 seconds.
worker: completed task switch_command in 2.574920654296875e-05 seconds.
worker: completed task switch_command in 2.574920654296875e-05 seconds.
worker: completed task switch_command in 2.7894973754882812e-05 seconds.
worker: completed task switch_command in 2.6464462280273438e-05 seconds.
worker: completed task switch_command in 2.6702880859375e-05 seconds.
worker: completed task switch_command in 2.6226043701171875e-05 seconds.
worker: completed task switch_command in 2.574920654296875e-05 seconds.
worker: completed task switch_command in 2.5033950805664062e-05 seconds.
worker: completed task switch_command in 2.4080276489257812e-05 seconds.
worker: completed task switch_command in 2.47955322265625e-05 seconds.
worker: completed task switch_command in 2.4080276489257812e-05 seconds.
worker: completed task probe in 7.748603820800781e-05 seconds.
worker: completed task probe in 4.7206878662109375e-05 seconds.
worker: completed task probe in 3.910064697265625e-05 seconds.
worker: completed task probe in 3.7670135498046875e-05 seconds.
worker: completed task probe in 3.6716461181640625e-05 seconds.
worker: completed task probe in 3.4809112548828125e-05 seconds.
worker: completed task probe in 3.3855438232421875e-05 seconds.
worker: completed task probe in 3.743171691894531e-05 seconds.
worker: completed task probe in 3.337860107421875e-05 seconds.
worker: completed task probe in 3.24249267578125e-05 seconds.
worker: completed task probe in 1.1444091796875e-05 seconds.
worker: completed task probe in 1.1682510375976562e-05 seconds.
worker: completed task probe in 1.1682510375976562e-05 seconds.
worker: completed task probe in 1.1205673217773438e-05 seconds.
worker: completed task probe in 1.0728836059570312e-05 seconds.
worker: completed task probe in 1.0728836059570312e-05 seconds.
worker: completed task probe in 1.0967254638671875e-05 seconds.
worker: completed task links in 3.170967102050781e-05 seconds.
worker: completed task generators in 0.0001556873321533203 seconds.
worker: completed task links in 3.075599670410156e-05 seconds.
worker: completed task check_compliance in 2.1686043739318848 seconds.
worker: completed task report in 0.0006902217864990234 seconds.
worker: task failed:
Traceback (most recent call last):
  File "/home/ubuntu/fave-project/fave/aggregator/aggregator_service.py", line 415, in _handler
    task_type = self._dispatch(j)
                ^^^^^^^^^^^^^^^^^
  File "/home/ubuntu/fave-project/fave/aggregator/aggregator_service.py", line 322, in _dispatch
    self._dump_aggregator(odir)
  File "/home/ubuntu/fave-project/fave/aggregator/aggregator_service.py", line 818, in _dump_aggregator
    j["mapping"] = self.verification_engine.mapping.to_json()
                   ^^^^^^^^^^^^^^^^^^^^^^^^^^^^^^^^
AttributeError: 'Ad6Adapter' object has no attribute 'mapping'
worker: completed task unknown in 0.00447535514831543 seconds.
worker: initiate stopping
worker: completed task stop in 3.3855438232421875e-05 seconds.
worker: stop handler after 3.828453540802002 seconds.
master: close receiving socket
master: join queue
master: join handler thread
master: finished run
master: stop reporter
