[1/299] source.Internet -> probe.admin.ifi: reachable=True (0.0014s)
[2/299] source.Internet -> probe.admin.ifi: reachable=True (0.0005s)
[3/299] source.cam.ifi -> probe.admin.ifi: reachable=False (0.0001s)
[4/299] source.external.ifi -> probe.admin.ifi: reachable=True (0.0005s)
[5/299] source.external.ifi -> probe.admin.ifi: reachable=True (0.0004s)
[6/299] source.hpc_ic.ifi -> probe.admin.ifi: reachable=False (0.0001s)
[7/299] source.hpc_mgt.ifi -> probe.admin.ifi: reachable=False (0.0001s)
[8/299] source.internal.ifi -> probe.admin.ifi: reachable=True (0.0004s)
[9/299] source.internal.ifi -> probe.admin.ifi: reachable=True (0.0004s)
[10/299] source.lab.ifi -> probe.admin.ifi: reachable=True (0.0004s)
[11/299] source.lab.ifi -> probe.admin.ifi: reachable=True (0.0004s)
[12/299] source.mgt.ifi -> probe.admin.ifi: reachable=False (0.0001s)
[13/299] source.office.ifi -> probe.admin.ifi: reachable=True (0.0004s)
[14/299] source.office.ifi -> probe.admin.ifi: reachable=True (0.0004s)
[15/299] source.pool.ifi -> probe.admin.ifi: reachable=True (0.0004s)
[16/299] source.pool.ifi -> probe.admin.ifi: reachable=True (0.0004s)
[17/299] source.prt.ifi -> probe.admin.ifi: reachable=False (0.0001s)
[18/299] source.san.ifi -> probe.admin.ifi: reachable=False (0.0001s)
[19/299] source.slb.ifi -> probe.admin.ifi: reachable=True (0.0004s)
[20/299] source.slb.ifi -> probe.admin.ifi: reachable=True (0.0004s)
[21/299] source.staff_1.ifi -> probe.admin.ifi: reachable=True (0.0004s)
[22/299] source.staff_1.ifi -> probe.admin.ifi: reachable=True (0.0004s)
[23/299] source.staff_2.ifi -> probe.admin.ifi: reachable=True (0.0004s)
[24/299] source.staff_2.ifi -> probe.admin.ifi: reachable=True (0.0004s)
[25/299] source.vmo.ifi -> probe.admin.ifi: reachable=False (0.0001s)
[26/299] source.Internet -> probe.cam.ifi: reachable=False (0.0002s)
[27/299] source.admin.ifi -> probe.cam.ifi: reachable=False (0.0001s)
[28/299] source.external.ifi -> probe.cam.ifi: reachable=False (0.0001s)
[29/299] source.hpc_ic.ifi -> probe.cam.ifi: reachable=False (0.0000s)
[30/299] source.hpc_mgt.ifi -> probe.cam.ifi: reachable=False (0.0000s)
[31/299] source.internal.ifi -> probe.cam.ifi: reachable=False (0.0000s)
[32/299] source.lab.ifi -> probe.cam.ifi: reachable=False (0.0001s)
[33/299] source.mgt.ifi -> probe.cam.ifi: reachable=False (0.0000s)
[34/299] source.office.ifi -> probe.cam.ifi: reachable=False (0.0001s)
[35/299] source.pool.ifi -> probe.cam.ifi: reachable=False (0.0001s)
[36/299] source.prt.ifi -> probe.cam.ifi: reachable=False (0.0000s)
[37/299] source.san.ifi -> probe.cam.ifi: reachable=False (0.0000s)
[38/299] source.slb.ifi -> probe.cam.ifi: reachable=False (0.0000s)
[39/299] source.staff_1.ifi -> probe.cam.ifi: reachable=False (0.0001s)
[40/299] source.staff_2.ifi -> probe.cam.ifi: reachable=False (0.0001s)
[41/299] source.vmo.ifi -> probe.cam.ifi: reachable=False (0.0000s)
[42/299] source.Internet -> probe.external.ifi: reachable=True (0.0005s)
[43/299] source.admin.ifi -> probe.external.ifi: reachable=True (0.0004s)
[44/299] source.cam.ifi -> probe.external.ifi: reachable=False (0.0000s)
[45/299] source.hpc_ic.ifi -> probe.external.ifi: reachable=False (0.0000s)
[46/299] source.hpc_mgt.ifi -> probe.external.ifi: reachable=False (0.0000s)
[47/299] source.internal.ifi -> probe.external.ifi: reachable=False (0.0000s)
[48/299] source.lab.ifi -> probe.external.ifi: reachable=True (0.0004s)
[49/299] source.mgt.ifi -> probe.external.ifi: reachable=False (0.0000s)
[50/299] source.office.ifi -> probe.external.ifi: reachable=True (0.0004s)
[51/299] source.pool.ifi -> probe.external.ifi: reachable=True (0.0004s)
[52/299] source.prt.ifi -> probe.external.ifi: reachable=False (0.0000s)
[53/299] source.san.ifi -> probe.external.ifi: reachable=False (0.0000s)
[54/299] source.slb.ifi -> probe.external.ifi: reachable=True (0.0004s)
[55/299] source.staff_1.ifi -> probe.external.ifi: reachable=True (0.0004s)
[56/299] source.staff_2.ifi -> probe.external.ifi: reachable=True (0.0004s)
[57/299] source.vmo.ifi -> probe.external.ifi: reachable=False (0.0000s)
[58/299] source.Internet -> probe.hpc_ic.ifi: reachable=False (0.0005s)
[59/299] source.admin.ifi -> probe.hpc_ic.ifi: reachable=False (0.0000s)
[60/299] source.cam.ifi -> probe.hpc_ic.ifi: reachable=False (0.0000s)
[61/299] source.external.ifi -> probe.hpc_ic.ifi: reachable=False (0.0000s)
[62/299] source.hpc_mgt.ifi -> probe.hpc_ic.ifi: reachable=False (0.0000s)
[63/299] source.internal.ifi -> probe.hpc_ic.ifi: reachable=False (0.0000s)
[64/299] source.lab.ifi -> probe.hpc_ic.ifi: reachable=False (0.0000s)
[65/299] source.mgt.ifi -> probe.hpc_ic.ifi: reachable=False (0.0000s)
[66/299] source.office.ifi -> probe.hpc_ic.ifi: reachable=False (0.0000s)
[67/299] source.pool.ifi -> probe.hpc_ic.ifi: reachable=False (0.0000s)
[68/299] source.prt.ifi -> probe.hpc_ic.ifi: reachable=False (0.0000s)
[69/299] source.san.ifi -> probe.hpc_ic.ifi: reachable=False (0.0000s)
[70/299] source.slb.ifi -> probe.hpc_ic.ifi: reachable=False (0.0000s)
[71/299] source.staff_1.ifi -> probe.hpc_ic.ifi: reachable=False (0.0000s)
[72/299] source.staff_2.ifi -> probe.hpc_ic.ifi: reachable=False (0.0000s)
[73/299] source.vmo.ifi -> probe.hpc_ic.ifi: reachable=False (0.0000s)
[74/299] source.Internet -> probe.hpc_mgt.ifi: reachable=False (0.0004s)
[75/299] source.admin.ifi -> probe.hpc_mgt.ifi: reachable=False (0.0000s)
[76/299] source.cam.ifi -> probe.hpc_mgt.ifi: reachable=False (0.0000s)
[77/299] source.external.ifi -> probe.hpc_mgt.ifi: reachable=False (0.0000s)
[78/299] source.hpc_ic.ifi -> probe.hpc_mgt.ifi: reachable=False (0.0000s)
[79/299] source.internal.ifi -> probe.hpc_mgt.ifi: reachable=False (0.0000s)
[80/299] source.lab.ifi -> probe.hpc_mgt.ifi: reachable=False (0.0000s)
[81/299] source.mgt.ifi -> probe.hpc_mgt.ifi: reachable=False (0.0000s)
[82/299] source.office.ifi -> probe.hpc_mgt.ifi: reachable=False (0.0000s)
[83/299] source.pool.ifi -> probe.hpc_mgt.ifi: reachable=False (0.0000s)
[84/299] source.prt.ifi -> probe.hpc_mgt.ifi: reachable=False (0.0000s)
[85/299] source.san.ifi -> probe.hpc_mgt.ifi: reachable=False (0.0000s)
[86/299] source.slb.ifi -> probe.hpc_mgt.ifi: reachable=False (0.0000s)
[87/299] source.staff_1.ifi -> probe.hpc_mgt.ifi: reachable=False (0.0000s)
[88/299] source.staff_2.ifi -> probe.hpc_mgt.ifi: reachable=False (0.0000s)
[89/299] source.vmo.ifi -> probe.hpc_mgt.ifi: reachable=False (0.0000s)
[90/299] source.Internet -> probe.internal.ifi: reachable=False (0.0006s)
[91/299] source.admin.ifi -> probe.internal.ifi: reachable=True (0.0004s)
[92/299] source.cam.ifi -> probe.internal.ifi: reachable=False (0.0000s)
[93/299] source.external.ifi -> probe.internal.ifi: reachable=False (0.0000s)
[94/299] source.hpc_ic.ifi -> probe.internal.ifi: reachable=False (0.0000s)
[95/299] source.hpc_mgt.ifi -> probe.internal.ifi: reachable=False (0.0000s)
[96/299] source.lab.ifi -> probe.internal.ifi: reachable=True (0.0004s)
[97/299] source.mgt.ifi -> probe.internal.ifi: reachable=False (0.0000s)
[98/299] source.office.ifi -> probe.internal.ifi: reachable=True (0.0004s)
[99/299] source.pool.ifi -> probe.internal.ifi: reachable=True (0.0004s)
[100/299] source.prt.ifi -> probe.internal.ifi: reachable=False (0.0000s)
[101/299] source.san.ifi -> probe.internal.ifi: reachable=False (0.0000s)
[102/299] source.slb.ifi -> probe.internal.ifi: reachable=True (0.0004s)
[103/299] source.staff_1.ifi -> probe.internal.ifi: reachable=True (0.0004s)
[104/299] source.staff_2.ifi -> probe.internal.ifi: reachable=True (0.0004s)
[105/299] source.vmo.ifi -> probe.internal.ifi: reachable=False (0.0000s)
[106/299] source.Internet -> probe.lab.ifi: reachable=True (0.0004s)
[107/299] source.Internet -> probe.lab.ifi: reachable=True (0.0004s)
[108/299] source.admin.ifi -> probe.lab.ifi: reachable=True (0.0004s)
[109/299] source.cam.ifi -> probe.lab.ifi: reachable=False (0.0000s)
[110/299] source.external.ifi -> probe.lab.ifi: reachable=True (0.0004s)
[111/299] source.external.ifi -> probe.lab.ifi: reachable=True (0.0004s)
[112/299] source.hpc_ic.ifi -> probe.lab.ifi: reachable=False (0.0000s)
[113/299] source.hpc_mgt.ifi -> probe.lab.ifi: reachable=False (0.0000s)
[114/299] source.internal.ifi -> probe.lab.ifi: reachable=True (0.0004s)
[115/299] source.internal.ifi -> probe.lab.ifi: reachable=True (0.0004s)
[116/299] source.mgt.ifi -> probe.lab.ifi: reachable=False (0.0000s)
[117/299] source.office.ifi -> probe.lab.ifi: reachable=False (0.0001s)
[118/299] source.pool.ifi -> probe.lab.ifi: reachable=False (0.0001s)
[119/299] source.prt.ifi -> probe.lab.ifi: reachable=False (0.0000s)
[120/299] source.san.ifi -> probe.lab.ifi: reachable=False (0.0000s)
[121/299] source.slb.ifi -> probe.lab.ifi: reachable=False (0.0000s)
[122/299] source.staff_1.ifi -> probe.lab.ifi: reachable=False (0.0001s)
[123/299] source.staff_2.ifi -> probe.lab.ifi: reachable=False (0.0001s)
[124/299] source.vmo.ifi -> probe.lab.ifi: reachable=False (0.0000s)
[125/299] source.Internet -> probe.mgt.ifi: reachable=False (0.0004s)
[126/299] source.admin.ifi -> probe.mgt.ifi: reachable=False (0.0000s)
[127/299] source.cam.ifi -> probe.mgt.ifi: reachable=False (0.0000s)
[128/299] source.external.ifi -> probe.mgt.ifi: reachable=False (0.0000s)
[129/299] source.hpc_ic.ifi -> probe.mgt.ifi: reachable=False (0.0000s)
[130/299] source.hpc_mgt.ifi -> probe.mgt.ifi: reachable=False (0.0000s)
[131/299] source.internal.ifi -> probe.mgt.ifi: reachable=False (0.0000s)
[132/299] source.lab.ifi -> probe.mgt.ifi: reachable=False (0.0000s)
[133/299] source.office.ifi -> probe.mgt.ifi: reachable=False (0.0000s)
[134/299] source.pool.ifi -> probe.mgt.ifi: reachable=False (0.0000s)
[135/299] source.prt.ifi -> probe.mgt.ifi: reachable=False (0.0000s)
[136/299] source.san.ifi -> probe.mgt.ifi: reachable=False (0.0000s)
[137/299] source.slb.ifi -> probe.mgt.ifi: reachable=False (0.0000s)
[138/299] source.staff_1.ifi -> probe.mgt.ifi: reachable=False (0.0000s)
[139/299] source.staff_2.ifi -> probe.mgt.ifi: reachable=False (0.0000s)
[140/299] source.vmo.ifi -> probe.mgt.ifi: reachable=False (0.0000s)
[141/299] source.Internet -> probe.office.ifi: reachable=True (0.0005s)
[142/299] source.Internet -> probe.office.ifi: reachable=True (0.0004s)
[143/299] source.admin.ifi -> probe.office.ifi: reachable=True (0.0005s)
[144/299] source.cam.ifi -> probe.office.ifi: reachable=False (0.0000s)
[145/299] source.external.ifi -> probe.office.ifi: reachable=True (0.0004s)
[146/299] source.external.ifi -> probe.office.ifi: reachable=True (0.0004s)
[147/299] source.hpc_ic.ifi -> probe.office.ifi: reachable=False (0.0000s)
[148/299] source.hpc_mgt.ifi -> probe.office.ifi: reachable=False (0.0000s)
[149/299] source.internal.ifi -> probe.office.ifi: reachable=True (0.0004s)
[150/299] source.internal.ifi -> probe.office.ifi: reachable=True (0.0004s)
[151/299] source.lab.ifi -> probe.office.ifi: reachable=False (0.0001s)
[152/299] source.mgt.ifi -> probe.office.ifi: reachable=False (0.0000s)
[153/299] source.pool.ifi -> probe.office.ifi: reachable=False (0.0001s)
[154/299] source.prt.ifi -> probe.office.ifi: reachable=False (0.0000s)
[155/299] source.san.ifi -> probe.office.ifi: reachable=False (0.0000s)
[156/299] source.slb.ifi -> probe.office.ifi: reachable=False (0.0000s)
[157/299] source.staff_1.ifi -> probe.office.ifi: reachable=False (0.0001s)
[158/299] source.staff_2.ifi -> probe.office.ifi: reachable=False (0.0001s)
[159/299] source.vmo.ifi -> probe.office.ifi: reachable=False (0.0000s)
[160/299] source.Internet -> probe.pool.ifi: reachable=True (0.0005s)
[161/299] source.Internet -> probe.pool.ifi: reachable=True (0.0004s)
[162/299] source.admin.ifi -> probe.pool.ifi: reachable=True (0.0004s)
[163/299] source.cam.ifi -> probe.pool.ifi: reachable=False (0.0000s)
[164/299] source.external.ifi -> probe.pool.ifi: reachable=True (0.0004s)
[165/299] source.external.ifi -> probe.pool.ifi: reachable=True (0.0004s)
[166/299] source.hpc_ic.ifi -> probe.pool.ifi: reachable=False (0.0000s)
[167/299] source.hpc_mgt.ifi -> probe.pool.ifi: reachable=False (0.0000s)
[168/299] source.internal.ifi -> probe.pool.ifi: reachable=True (0.0004s)
[169/299] source.internal.ifi -> probe.pool.ifi: reachable=True (0.0004s)
[170/299] source.lab.ifi -> probe.pool.ifi: reachable=False (0.0001s)
[171/299] source.mgt.ifi -> probe.pool.ifi: reachable=False (0.0000s)
[172/299] source.office.ifi -> probe.pool.ifi: reachable=False (0.0001s)
[173/299] source.prt.ifi -> probe.pool.ifi: reachable=False (0.0000s)
[174/299] source.san.ifi -> probe.pool.ifi: reachable=False (0.0000s)
[175/299] source.slb.ifi -> probe.pool.ifi: reachable=False (0.0000s)
[176/299] source.staff_1.ifi -> probe.pool.ifi: reachable=False (0.0001s)
[177/299] source.staff_2.ifi -> probe.pool.ifi: reachable=False (0.0001s)
[178/299] source.vmo.ifi -> probe.pool.ifi: reachable=False (0.0000s)
[179/299] source.Internet -> probe.prt.ifi: reachable=False (0.0004s)
[180/299] source.admin.ifi -> probe.prt.ifi: reachable=False (0.0000s)
[181/299] source.cam.ifi -> probe.prt.ifi: reachable=False (0.0000s)
[182/299] source.external.ifi -> probe.prt.ifi: reachable=False (0.0000s)
[183/299] source.hpc_ic.ifi -> probe.prt.ifi: reachable=False (0.0000s)
[184/299] source.hpc_mgt.ifi -> probe.prt.ifi: reachable=False (0.0000s)
[185/299] source.internal.ifi -> probe.prt.ifi: reachable=False (0.0000s)
[186/299] source.lab.ifi -> probe.prt.ifi: reachable=False (0.0000s)
[187/299] source.mgt.ifi -> probe.prt.ifi: reachable=False (0.0000s)
[188/299] source.office.ifi -> probe.prt.ifi: reachable=False (0.0000s)
[189/299] source.pool.ifi -> probe.prt.ifi: reachable=False (0.0000s)
[190/299] source.san.ifi -> probe.prt.ifi: reachable=False (0.0000s)
[191/299] source.slb.ifi -> probe.prt.ifi: reachable=False (0.0000s)
[192/299] source.staff_1.ifi -> probe.prt.ifi: reachable=False (0.0000s)
[193/299] source.staff_2.ifi -> probe.prt.ifi: reachable=False (0.0000s)
[194/299] source.vmo.ifi -> probe.prt.ifi: reachable=False (0.0000s)
[195/299] source.Internet -> probe.san.ifi: reachable=False (0.0004s)
[196/299] source.admin.ifi -> probe.san.ifi: reachable=False (0.0000s)
[197/299] source.cam.ifi -> probe.san.ifi: reachable=False (0.0000s)
[198/299] source.external.ifi -> probe.san.ifi: reachable=False (0.0000s)
[199/299] source.hpc_ic.ifi -> probe.san.ifi: reachable=False (0.0000s)
[200/299] source.hpc_mgt.ifi -> probe.san.ifi: reachable=False (0.0000s)
[201/299] source.internal.ifi -> probe.san.ifi: reachable=False (0.0000s)
[202/299] source.lab.ifi -> probe.san.ifi: reachable=False (0.0000s)
[203/299] source.mgt.ifi -> probe.san.ifi: reachable=False (0.0000s)
[204/299] source.office.ifi -> probe.san.ifi: reachable=False (0.0000s)
[205/299] source.pool.ifi -> probe.san.ifi: reachable=False (0.0000s)
[206/299] source.prt.ifi -> probe.san.ifi: reachable=False (0.0000s)
[207/299] source.slb.ifi -> probe.san.ifi: reachable=False (0.0000s)
[208/299] source.staff_1.ifi -> probe.san.ifi: reachable=False (0.0000s)
[209/299] source.staff_2.ifi -> probe.san.ifi: reachable=False (0.0000s)
[210/299] source.vmo.ifi -> probe.san.ifi: reachable=False (0.0000s)
[211/299] source.Internet -> probe.slb.ifi: reachable=False (0.0006s)
[212/299] source.admin.ifi -> probe.slb.ifi: reachable=True (0.0004s)
[213/299] source.cam.ifi -> probe.slb.ifi: reachable=False (0.0000s)
[214/299] source.external.ifi -> probe.slb.ifi: reachable=True (0.0004s)
[215/299] source.external.ifi -> probe.slb.ifi: reachable=True (0.0004s)
[216/299] source.hpc_ic.ifi -> probe.slb.ifi: reachable=False (0.0000s)
[217/299] source.hpc_mgt.ifi -> probe.slb.ifi: reachable=False (0.0000s)
[218/299] source.internal.ifi -> probe.slb.ifi: reachable=True (0.0004s)
[219/299] source.internal.ifi -> probe.slb.ifi: reachable=True (0.0004s)
[220/299] source.lab.ifi -> probe.slb.ifi: reachable=False (0.0001s)
[221/299] source.mgt.ifi -> probe.slb.ifi: reachable=False (0.0000s)
[222/299] source.office.ifi -> probe.slb.ifi: reachable=False (0.0000s)
[223/299] source.pool.ifi -> probe.slb.ifi: reachable=False (0.0000s)
[224/299] source.prt.ifi -> probe.slb.ifi: reachable=False (0.0000s)
[225/299] source.san.ifi -> probe.slb.ifi: reachable=False (0.0000s)
[226/299] source.staff_1.ifi -> probe.slb.ifi: reachable=False (0.0000s)
[227/299] source.staff_2.ifi -> probe.slb.ifi: reachable=False (0.0000s)
[228/299] source.vmo.ifi -> probe.slb.ifi: reachable=False (0.0000s)
[229/299] source.Internet -> probe.staff_1.ifi: reachable=True (0.0005s)
[230/299] source.Internet -> probe.staff_1.ifi: reachable=True (0.0004s)
[231/299] source.admin.ifi -> probe.staff_1.ifi: reachable=True (0.0004s)
[232/299] source.cam.ifi -> probe.staff_1.ifi: reachable=False (0.0000s)
[233/299] source.external.ifi -> probe.staff_1.ifi: reachable=True (0.0004s)
[234/299] source.external.ifi -> probe.staff_1.ifi: reachable=True (0.0004s)
[235/299] source.hpc_ic.ifi -> probe.staff_1.ifi: reachable=False (0.0000s)
[236/299] source.hpc_mgt.ifi -> probe.staff_1.ifi: reachable=False (0.0000s)
[237/299] source.internal.ifi -> probe.staff_1.ifi: reachable=True (0.0004s)
[238/299] source.internal.ifi -> probe.staff_1.ifi: reachable=True (0.0004s)
[239/299] source.lab.ifi -> probe.staff_1.ifi: reachable=False (0.0001s)
[240/299] source.mgt.ifi -> probe.staff_1.ifi: reachable=False (0.0000s)
[241/299] source.office.ifi -> probe.staff_1.ifi: reachable=False (0.0001s)
[242/299] source.pool.ifi -> probe.staff_1.ifi: reachable=False (0.0001s)
[243/299] source.prt.ifi -> probe.staff_1.ifi: reachable=False (0.0000s)
[244/299] source.san.ifi -> probe.staff_1.ifi: reachable=False (0.0000s)
[245/299] source.slb.ifi -> probe.staff_1.ifi: reachable=False (0.0000s)
[246/299] source.staff_2.ifi -> probe.staff_1.ifi: reachable=False (0.0001s)
[247/299] source.vmo.ifi -> probe.staff_1.ifi: reachable=False (0.0000s)
[248/299] source.Internet -> probe.staff_2.ifi: reachable=True (0.0005s)
[249/299] source.Internet -> probe.staff_2.ifi: reachable=True (0.0004s)
[250/299] source.admin.ifi -> probe.staff_2.ifi: reachable=True (0.0005s)
[251/299] source.cam.ifi -> probe.staff_2.ifi: reachable=False (0.0000s)
[252/299] source.external.ifi -> probe.staff_2.ifi: reachable=True (0.0004s)
[253/299] source.external.ifi -> probe.staff_2.ifi: reachable=True (0.0004s)
[254/299] source.hpc_ic.ifi -> probe.staff_2.ifi: reachable=False (0.0000s)
[255/299] source.hpc_mgt.ifi -> probe.staff_2.ifi: reachable=False (0.0000s)
[256/299] source.internal.ifi -> probe.staff_2.ifi: reachable=True (0.0004s)
[257/299] source.internal.ifi -> probe.staff_2.ifi: reachable=True (0.0004s)
[258/299] source.lab.ifi -> probe.staff_2.ifi: reachable=False (0.0001s)
[259/299] source.mgt.ifi -> probe.staff_2.ifi: reachable=False (0.0000s)
[260/299] source.office.ifi -> probe.staff_2.ifi: reachable=False (0.0001s)
[261/299] source.pool.ifi -> probe.staff_2.ifi: reachable=False (0.0001s)
[262/299] source.prt.ifi -> probe.staff_2.ifi: reachable=False (0.0000s)
[263/299] source.san.ifi -> probe.staff_2.ifi: reachable=False (0.0000s)
[264/299] source.slb.ifi -> probe.staff_2.ifi: reachable=False (0.0000s)
[265/299] source.staff_1.ifi -> probe.staff_2.ifi: reachable=False (0.0001s)
[266/299] source.vmo.ifi -> probe.staff_2.ifi: reachable=False (0.0000s)
[267/299] source.Internet -> probe.vmo.ifi: reachable=False (0.0003s)
[268/299] source.admin.ifi -> probe.vmo.ifi: reachable=False (0.0001s)
[269/299] source.cam.ifi -> probe.vmo.ifi: reachable=False (0.0000s)
[270/299] source.external.ifi -> probe.vmo.ifi: reachable=False (0.0000s)
[271/299] source.hpc_ic.ifi -> probe.vmo.ifi: reachable=False (0.0000s)
[272/299] source.hpc_mgt.ifi -> probe.vmo.ifi: reachable=False (0.0000s)
[273/299] source.internal.ifi -> probe.vmo.ifi: reachable=False (0.0000s)
[274/299] source.lab.ifi -> probe.vmo.ifi: reachable=False (0.0001s)
[275/299] source.mgt.ifi -> probe.vmo.ifi: reachable=False (0.0000s)
[276/299] source.office.ifi -> probe.vmo.ifi: reachable=False (0.0001s)
[277/299] source.pool.ifi -> probe.vmo.ifi: reachable=False (0.0001s)
[278/299] source.prt.ifi -> probe.vmo.ifi: reachable=False (0.0000s)
[279/299] source.san.ifi -> probe.vmo.ifi: reachable=False (0.0000s)
[280/299] source.slb.ifi -> probe.vmo.ifi: reachable=False (0.0000s)
[281/299] source.staff_1.ifi -> probe.vmo.ifi: reachable=False (0.0001s)
[282/299] source.staff_2.ifi -> probe.vmo.ifi: reachable=False (0.0001s)
[283/299] source.admin.ifi -> probe.Internet: reachable=True (0.0004s)
[284/299] source.cam.ifi -> probe.Internet: reachable=False (0.0000s)
[285/299] source.external.ifi -> probe.Internet: reachable=True (0.0004s)
[286/299] source.external.ifi -> probe.Internet: reachable=True (0.0004s)
[287/299] source.hpc_ic.ifi -> probe.Internet: reachable=False (0.0000s)
[288/299] source.hpc_mgt.ifi -> probe.Internet: reachable=False (0.0000s)
[289/299] source.internal.ifi -> probe.Internet: reachable=False (0.0003s)
[290/299] source.lab.ifi -> probe.Internet: reachable=True (0.0005s)
[291/299] source.mgt.ifi -> probe.Internet: reachable=False (0.0000s)
[292/299] source.office.ifi -> probe.Internet: reachable=True (0.0004s)
[293/299] source.pool.ifi -> probe.Internet: reachable=True (0.0004s)
[294/299] source.prt.ifi -> probe.Internet: reachable=False (0.0000s)
[295/299] source.san.ifi -> probe.Internet: reachable=False (0.0000s)
[296/299] source.slb.ifi -> probe.Internet: reachable=False (0.0001s)
[297/299] source.staff_1.ifi -> probe.Internet: reachable=True (0.0004s)
[298/299] source.staff_2.ifi -> probe.Internet: reachable=True (0.0004s)
[299/299] source.vmo.ifi -> probe.Internet: reachable=False (0.0000s)
