backend: veriflow {'impl': 'reimpl-literature', 'vf_fields': 'plain', 'vf_revisit': 'state', 'vf_slicing': 'device', 'vf_budget': 0}
master: open and bind unix socket
master: start handler thread
master: listen on socket
worker: completed task router in 0.001711130142211914 seconds.
worker: completed task switch in 6.151199340820312e-05 seconds.
worker: completed task switch in 2.0742416381835938e-05 seconds.
worker: completed task switch in 1.52587890625e-05 seconds.
worker: completed task switch in 1.4066696166992188e-05 seconds.
worker: completed task switch in 1.2874603271484375e-05 seconds.
worker: completed task switch in 1.1444091796875e-05 seconds.
worker: completed task switch in 8.58306884765625e-06 seconds.
worker: completed task switch in 1.0728836059570312e-05 seconds.
worker: completed task switch in 1.1444091796875e-05 seconds.
worker: completed task switch in 1.1444091796875e-05 seconds.
worker: completed task switch in 1.1205673217773438e-05 seconds.
worker: completed task switch in 1.0251998901367188e-05 seconds.
worker: completed task switch in 7.3909759521484375e-06 seconds.
worker: completed task switch in 1.049041748046875e-05 seconds.
worker: completed task switch in 1.0013580322265625e-05 seconds.
worker: completed task switch in 9.775161743164062e-06 seconds.
worker: completed task links in 6.151199340820312e-05 seconds.
worker: completed task switch_command in 0.0016908645629882812 seconds.
worker: completed task switch_command in 5.602836608886719e-05 seconds.
worker: completed task switch_command in 3.814697265625e-05 seconds.
worker: completed task switch_command in 3.457069396972656e-05 seconds.
worker: completed task switch_command in 3.0994415283203125e-05 seconds.
worker: completed task switch_command in 3.0994415283203125e-05 seconds.
worker: completed task switch_command in 3.0279159545898438e-05 seconds.
worker: completed task switch_command in 2.9325485229492188e-05 seconds.
worker: completed task switch_command in 3.24249267578125e-05 seconds.
worker: completed task switch_command in 2.574920654296875e-05 seconds.
worker: completed task switch_command in 2.7418136596679688e-05 seconds.
worker: completed task switch_command in 2.956390380859375e-05 seconds.
worker: completed task switch_command in 2.956390380859375e-05 seconds.
worker: completed task switch_command in 3.0994415283203125e-05 seconds.
worker: completed task switch_command in 2.8371810913085938e-05 seconds.
worker: completed task switch_command in 2.9087066650390625e-05 seconds.
worker: completed task switch_command in 2.9325485229492188e-05 seconds.
worker: completed task probe in 7.534027099609375e-05 seconds.
worker: completed task probe in 4.6253204345703125e-05 seconds.
worker: completed task probe in 4.1961669921875e-05 seconds.
worker: completed task probe in 3.4332275390625e-05 seconds.
worker: completed task probe in 3.719329833984375e-05 seconds.
worker: completed task probe in 3.147125244140625e-05 seconds.
worker: completed task probe in 3.886222839355469e-05 seconds.
worker: completed task probe in 3.075599670410156e-05 seconds.
worker: completed task probe in 3.695487976074219e-05 seconds.
worker: completed task probe in 4.100799560546875e-05 seconds.
worker: completed task probe in 1.621246337890625e-05 seconds.
worker: completed task probe in 1.2159347534179688e-05 seconds.
worker: completed task probe in 1.1920928955078125e-05 seconds.
worker: completed task probe in 1.2874603271484375e-05 seconds.
worker: completed task probe in 9.059906005859375e-06 seconds.
worker: completed task probe in 8.58306884765625e-06 seconds.
worker: completed task probe in 1.1682510375976562e-05 seconds.
worker: completed task links in 4.076957702636719e-05 seconds.
worker: completed task generators in 0.0001666545867919922 seconds.
worker: completed task links in 3.981590270996094e-05 seconds.
veriflow: built 240 rules, stamps {'impl': 'reimpl-literature', 'vf_mode': 'bulk', 'vf_node': 'table', 'vf_ports': 'field', 'vf_fields': 'plain', 'vf_slicing': 'device', 'vf_invert_lpm': False, 'vf_field_order': ['related', 'packet.ether.vlan', 'packet.ipv4.source', 'packet.ipv4.destination', 'in_port', 'out_port'], 'vf_inport_expansion': 1.168, 'vf_budget': 0, 'vf_revisit': 'state'}
worker: completed task check_compliance in 0.010453462600708008 seconds.
worker: completed task report in 0.0006492137908935547 seconds.
worker: task failed:
Traceback (most recent call last):
  File "/home/ubuntu/fave-project/fave/aggregator/aggregator_service.py", line 415, in _handler
    task_type = self._dispatch(j)
                ^^^^^^^^^^^^^^^^^
  File "/home/ubuntu/fave-project/fave/aggregator/aggregator_service.py", line 322, in _dispatch
    self._dump_aggregator(odir)
  File "/home/ubuntu/fave-project/fave/aggregator/aggregator_service.py", line 818, in _dump_aggregator
    j["mapping"] = self.verification_engine.mapping.to_json()
                   ^^^^^^^^^^^^^^^^^^^^^^^^^^^^^^^^
AttributeError: 'VeriFlowAdapter' object has no attribute 'mapping'
worker: completed task unknown in 0.0039615631103515625 seconds.
worker: initiate stopping
worker: completed task stop in 3.5762786865234375e-05 seconds.
worker: stop handler after 1.66359281539917 seconds.
master: close receiving socket
master: join queue
master: join handler thread
master: finished run
master: stop reporter
