backend: ad6 {'impl': 'first-party', 'translation': 'literal', 'grounding': 'rank', 'solver': 'cadical195', 'lite_acyclic': False}
master: open and bind unix socket
master: start handler thread
master: listen on socket
worker: completed task switch in 0.00010395050048828125 seconds.
worker: completed task switch in 4.696846008300781e-05 seconds.
worker: completed task switch in 4.291534423828125e-05 seconds.
worker: completed task switch in 2.09808349609375e-05 seconds.
worker: completed task switch in 2.0742416381835938e-05 seconds.
worker: completed task switch in 2.384185791015625e-05 seconds.
worker: completed task switch in 2.9325485229492188e-05 seconds.
worker: completed task switch in 2.6941299438476562e-05 seconds.
worker: completed task switch in 3.981590270996094e-05 seconds.
worker: completed task switch in 2.3365020751953125e-05 seconds.
worker: completed task switch in 2.4557113647460938e-05 seconds.
worker: completed task switch in 4.649162292480469e-05 seconds.
worker: completed task switch in 1.2636184692382812e-05 seconds.
worker: completed task switch in 1.5735626220703125e-05 seconds.
worker: completed task switch in 1.6450881958007812e-05 seconds.
worker: completed task switch in 1.8358230590820312e-05 seconds.
worker: completed task switch in 1.1920928955078125e-05 seconds.
worker: completed task switch in 1.4781951904296875e-05 seconds.
worker: completed task switch in 2.2649765014648438e-05 seconds.
worker: completed task switch in 2.288818359375e-05 seconds.
worker: completed task switch in 3.719329833984375e-05 seconds.
worker: completed task switch in 2.288818359375e-05 seconds.
worker: completed task switch in 2.5033950805664062e-05 seconds.
worker: completed task switch in 5.888938903808594e-05 seconds.
worker: completed task switch in 2.1219253540039062e-05 seconds.
worker: completed task switch in 2.193450927734375e-05 seconds.
worker: completed task switch in 3.600120544433594e-05 seconds.
worker: completed task switch in 2.1219253540039062e-05 seconds.
worker: completed task switch in 2.8848648071289062e-05 seconds.
worker: completed task switch in 3.218650817871094e-05 seconds.
worker: completed task switch in 2.3365020751953125e-05 seconds.
worker: completed task switch in 2.288818359375e-05 seconds.
worker: completed task switch in 3.314018249511719e-05 seconds.
worker: completed task switch in 2.0742416381835938e-05 seconds.
worker: completed task switch in 2.1219253540039062e-05 seconds.
worker: completed task switch in 3.1948089599609375e-05 seconds.
worker: completed task switch in 1.3589859008789062e-05 seconds.
worker: completed task switch in 1.1682510375976562e-05 seconds.
worker: completed task switch in 1.5735626220703125e-05 seconds.
worker: completed task switch in 1.33514404296875e-05 seconds.
worker: completed task switch in 1.7642974853515625e-05 seconds.
worker: completed task switch in 1.52587890625e-05 seconds.
worker: completed task switch in 2.2172927856445312e-05 seconds.
worker: completed task switch in 2.2411346435546875e-05 seconds.
worker: completed task switch in 4.029273986816406e-05 seconds.
worker: completed task switch in 1.1682510375976562e-05 seconds.
worker: completed task switch in 7.104873657226562e-05 seconds.
worker: completed task switch in 1.7404556274414062e-05 seconds.
worker: completed task links in 0.0018925666809082031 seconds.
worker: completed task switch_command in 0.00036334991455078125 seconds.
worker: completed task switch_command in 0.009337663650512695 seconds.
worker: completed task switch_command in 0.00045990943908691406 seconds.
worker: completed task switch_command in 0.00010132789611816406 seconds.
worker: completed task switch_command in 0.008294820785522461 seconds.
worker: completed task switch_command in 0.0003147125244140625 seconds.
worker: completed task switch_command in 0.00045943260192871094 seconds.
worker: completed task switch_command in 0.0018453598022460938 seconds.
worker: completed task switch_command in 0.0002789497375488281 seconds.
worker: completed task switch_command in 0.0004622936248779297 seconds.
worker: completed task switch_command in 0.0019822120666503906 seconds.
worker: completed task switch_command in 0.00027060508728027344 seconds.
worker: completed task switch_command in 0.0020139217376708984 seconds.
worker: completed task switch_command in 0.0017631053924560547 seconds.
worker: completed task switch_command in 0.00010991096496582031 seconds.
worker: completed task switch_command in 0.0019865036010742188 seconds.
worker: completed task switch_command in 0.001432180404663086 seconds.
worker: completed task switch_command in 9.799003601074219e-05 seconds.
worker: completed task switch_command in 0.0009913444519042969 seconds.
worker: completed task switch_command in 0.0015168190002441406 seconds.
worker: completed task switch_command in 0.0004222393035888672 seconds.
worker: completed task switch_command in 0.0007040500640869141 seconds.
worker: completed task switch_command in 0.0014309883117675781 seconds.
worker: completed task switch_command in 0.0004229545593261719 seconds.
worker: completed task switch_command in 0.0005037784576416016 seconds.
worker: completed task switch_command in 0.0016169548034667969 seconds.
worker: completed task switch_command in 0.0002582073211669922 seconds.
worker: completed task switch_command in 0.0005202293395996094 seconds.
worker: completed task switch_command in 0.0011017322540283203 seconds.
worker: completed task switch_command in 0.0002486705780029297 seconds.
worker: completed task switch_command in 0.00034689903259277344 seconds.
worker: completed task switch_command in 0.0010094642639160156 seconds.
worker: completed task switch_command in 0.00028061866760253906 seconds.
worker: completed task switch_command in 0.0003342628479003906 seconds.
worker: completed task switch_command in 0.0009267330169677734 seconds.
worker: completed task switch_command in 0.0002493858337402344 seconds.
worker: completed task switch_command in 0.0037965774536132812 seconds.
worker: completed task switch_command in 0.002132892608642578 seconds.
worker: completed task switch_command in 0.00011348724365234375 seconds.
worker: completed task switch_command in 0.0019397735595703125 seconds.
worker: completed task switch_command in 0.0015704631805419922 seconds.
worker: completed task switch_command in 0.00011515617370605469 seconds.
worker: completed task switch_command in 0.0006239414215087891 seconds.
worker: completed task switch_command in 0.012915849685668945 seconds.
worker: completed task switch_command in 0.017745018005371094 seconds.
worker: completed task switch_command in 0.00063323974609375 seconds.
worker: completed task switch_command in 0.0013873577117919922 seconds.
worker: completed task switch_command in 0.0032281875610351562 seconds.
worker: completed task probe in 0.0001232624053955078 seconds.
worker: completed task probe in 2.193450927734375e-05 seconds.
worker: completed task probe in 1.6689300537109375e-05 seconds.
worker: completed task probe in 1.4781951904296875e-05 seconds.
worker: completed task probe in 1.7404556274414062e-05 seconds.
worker: completed task probe in 1.4781951904296875e-05 seconds.
worker: completed task probe in 1.52587890625e-05 seconds.
worker: completed task probe in 1.430511474609375e-05 seconds.
worker: completed task probe in 1.4543533325195312e-05 seconds.
worker: completed task probe in 1.4066696166992188e-05 seconds.
worker: completed task probe in 1.3828277587890625e-05 seconds.
worker: completed task probe in 1.5974044799804688e-05 seconds.
worker: completed task probe in 1.4066696166992188e-05 seconds.
worker: completed task probe in 1.430511474609375e-05 seconds.
worker: completed task probe in 1.3589859008789062e-05 seconds.
worker: completed task probe in 1.3113021850585938e-05 seconds.
worker: completed task links in 0.0007410049438476562 seconds.
worker: completed task generators in 0.0001800060272216797 seconds.
worker: completed task links in 3.361701965332031e-05 seconds.
worker: completed task check_compliance in 806.1425361633301 seconds.
worker: completed task report in 0.0007288455963134766 seconds.
worker: initiate stopping
worker: completed task stop in 0.00011444091796875 seconds.
worker: stop handler after 808.0169215202332 seconds.
master: close receiving socket
master: join queue
master: join handler thread
master: finished run
master: stop reporter
