backend: netplumber {'impl': 'authors+fave', 'upstream': 'hassel-public master 697b35c9'}
master: open and bind unix socket
master: start handler thread
master: listen on socket
worker: completed task switch in 0.0005664825439453125 seconds.
worker: completed task switch in 0.00015997886657714844 seconds.
worker: completed task switch in 0.0002715587615966797 seconds.
worker: completed task switch in 8.130073547363281e-05 seconds.
worker: completed task switch in 8.606910705566406e-05 seconds.
worker: completed task switch in 0.0001125335693359375 seconds.
worker: completed task switch in 0.0001666545867919922 seconds.
worker: completed task switch in 0.00016355514526367188 seconds.
worker: completed task switch in 0.00040459632873535156 seconds.
worker: completed task switch in 0.00012683868408203125 seconds.
worker: completed task switch in 0.0001316070556640625 seconds.
worker: completed task switch in 0.00034165382385253906 seconds.
worker: completed task switch in 6.413459777832031e-05 seconds.
worker: completed task switch in 6.842613220214844e-05 seconds.
worker: completed task switch in 7.915496826171875e-05 seconds.
worker: completed task switch in 7.271766662597656e-05 seconds.
worker: completed task switch in 6.270408630371094e-05 seconds.
worker: completed task switch in 7.510185241699219e-05 seconds.
worker: completed task switch in 0.00015926361083984375 seconds.
worker: completed task switch in 0.00015044212341308594 seconds.
worker: completed task switch in 0.0003657341003417969 seconds.
worker: completed task switch in 0.00014853477478027344 seconds.
worker: completed task switch in 0.000125885009765625 seconds.
worker: completed task switch in 0.0003325939178466797 seconds.
worker: completed task switch in 0.0001323223114013672 seconds.
worker: completed task switch in 0.00012826919555664062 seconds.
worker: completed task switch in 0.0002694129943847656 seconds.
worker: completed task switch in 0.00014281272888183594 seconds.
worker: completed task switch in 0.0001392364501953125 seconds.
worker: completed task switch in 0.0002703666687011719 seconds.
worker: completed task switch in 0.00015020370483398438 seconds.
worker: completed task switch in 0.0001583099365234375 seconds.
worker: completed task switch in 0.0003757476806640625 seconds.
worker: completed task switch in 0.00012421607971191406 seconds.
worker: completed task switch in 0.000133514404296875 seconds.
worker: completed task switch in 0.00031566619873046875 seconds.
worker: completed task switch in 0.0001499652862548828 seconds.
worker: completed task switch in 7.176399230957031e-05 seconds.
worker: completed task switch in 0.00011157989501953125 seconds.
worker: completed task switch in 6.437301635742188e-05 seconds.
worker: completed task switch in 6.794929504394531e-05 seconds.
worker: completed task switch in 7.62939453125e-05 seconds.
worker: completed task switch in 0.00017189979553222656 seconds.
worker: completed task switch in 0.00015401840209960938 seconds.
worker: completed task switch in 0.0003643035888671875 seconds.
worker: completed task switch in 6.008148193359375e-05 seconds.
worker: completed task switch in 0.00019049644470214844 seconds.
worker: completed task switch in 8.630752563476562e-05 seconds.
worker: completed task links in 0.030982017517089844 seconds.
worker: completed task switch_command in 0.0011456012725830078 seconds.
worker: completed task switch_command in 0.04436373710632324 seconds.
worker: completed task switch_command in 0.0012507438659667969 seconds.
worker: completed task switch_command in 0.0004799365997314453 seconds.
worker: completed task switch_command in 0.033901214599609375 seconds.
worker: completed task switch_command in 0.0010178089141845703 seconds.
worker: completed task switch_command in 0.0017404556274414062 seconds.
worker: completed task switch_command in 0.008831262588500977 seconds.
worker: completed task switch_command in 0.0008296966552734375 seconds.
worker: completed task switch_command in 0.0016889572143554688 seconds.
worker: completed task switch_command in 0.008773565292358398 seconds.
worker: completed task switch_command in 0.0009069442749023438 seconds.
worker: completed task switch_command in 0.006311178207397461 seconds.
worker: completed task switch_command in 0.007614850997924805 seconds.
worker: completed task switch_command in 0.0003459453582763672 seconds.
worker: completed task switch_command in 0.006296396255493164 seconds.
worker: completed task switch_command in 0.005544900894165039 seconds.
worker: completed task switch_command in 0.00033545494079589844 seconds.
worker: completed task switch_command in 0.0025882720947265625 seconds.
worker: completed task switch_command in 0.009348154067993164 seconds.
worker: completed task switch_command in 0.0012288093566894531 seconds.
worker: completed task switch_command in 0.0026683807373046875 seconds.
worker: completed task switch_command in 0.008056402206420898 seconds.
worker: completed task switch_command in 0.001300811767578125 seconds.
worker: completed task switch_command in 0.0019123554229736328 seconds.
worker: completed task switch_command in 0.0060825347900390625 seconds.
worker: completed task switch_command in 0.0007789134979248047 seconds.
worker: completed task switch_command in 0.008346319198608398 seconds.
worker: completed task switch_command in 0.005393266677856445 seconds.
worker: completed task switch_command in 0.0007996559143066406 seconds.
worker: completed task switch_command in 0.00122833251953125 seconds.
worker: completed task switch_command in 0.0044155120849609375 seconds.
worker: completed task switch_command in 0.0009279251098632812 seconds.
worker: completed task switch_command in 0.0011975765228271484 seconds.
worker: completed task switch_command in 0.0040013790130615234 seconds.
worker: completed task switch_command in 0.0008423328399658203 seconds.
worker: completed task switch_command in 0.011678934097290039 seconds.
worker: completed task switch_command in 0.008816719055175781 seconds.
worker: completed task switch_command in 0.00037789344787597656 seconds.
worker: completed task switch_command in 0.006307125091552734 seconds.
worker: completed task switch_command in 0.006291627883911133 seconds.
worker: completed task switch_command in 0.00038123130798339844 seconds.
worker: completed task switch_command in 0.0022575855255126953 seconds.
worker: completed task switch_command in 0.013121366500854492 seconds.
worker: completed task switch_command in 0.0832972526550293 seconds.
worker: completed task switch_command in 0.001438140869140625 seconds.
worker: completed task switch_command in 0.003873586654663086 seconds.
worker: completed task switch_command in 0.01235342025756836 seconds.
worker: completed task probe in 0.00026679039001464844 seconds.
worker: completed task probe in 9.584426879882812e-05 seconds.
worker: completed task probe in 7.486343383789062e-05 seconds.
worker: completed task probe in 7.033348083496094e-05 seconds.
worker: completed task probe in 6.604194641113281e-05 seconds.
worker: completed task probe in 6.794929504394531e-05 seconds.
worker: completed task probe in 6.604194641113281e-05 seconds.
worker: completed task probe in 5.8650970458984375e-05 seconds.
worker: completed task probe in 5.7697296142578125e-05 seconds.
worker: completed task probe in 6.0558319091796875e-05 seconds.
worker: completed task probe in 5.698204040527344e-05 seconds.
worker: completed task probe in 6.389617919921875e-05 seconds.
worker: completed task probe in 5.817413330078125e-05 seconds.
worker: completed task probe in 5.53131103515625e-05 seconds.
worker: completed task probe in 5.650520324707031e-05 seconds.
worker: completed task probe in 5.5789947509765625e-05 seconds.
worker: completed task links in 0.026103734970092773 seconds.
worker: completed task generators in 0.0007071495056152344 seconds.
worker: completed task links in 3.8279311656951904 seconds.
worker: completed task check_compliance in 0.09165263175964355 seconds.
worker: completed task check_anomalies in 0.00040912628173828125 seconds.
worker: completed task report in 0.0008184909820556641 seconds.
worker: initiate stopping
worker: completed task stop in 0.5411849021911621 seconds.
worker: stop handler after 6.589270114898682 seconds.
master: close receiving socket
master: join queue
master: join handler thread
master: finished run
master: stop reporter
