[1/240] source.bbra_rtr -> probe.bbrb_rtr: reachable=True (62.3163s)
[2/240] source.boza_rtr -> probe.bbrb_rtr: reachable=False (243.1578s)
[3/240] source.bozb_rtr -> probe.bbrb_rtr: reachable=True (1.0538s)
[4/240] source.coza_rtr -> probe.bbrb_rtr: reachable=True (1.4481s)
[5/240] source.cozb_rtr -> probe.bbrb_rtr: reachable=True (0.7047s)
[6/240] source.goza_rtr -> probe.bbrb_rtr: reachable=False (4.2355s)
[7/240] source.gozb_rtr -> probe.bbrb_rtr: reachable=True (1.2268s)
[8/240] source.poza_rtr -> probe.bbrb_rtr: reachable=True (1.2808s)
[9/240] source.pozb_rtr -> probe.bbrb_rtr: reachable=True (0.0438s)
[10/240] source.roza_rtr -> probe.bbrb_rtr: reachable=False (0.3492s)
[11/240] source.rozb_rtr -> probe.bbrb_rtr: reachable=True (0.1705s)
[12/240] source.soza_rtr -> probe.bbrb_rtr: reachable=True (0.7116s)
[13/240] source.sozb_rtr -> probe.bbrb_rtr: reachable=True (0.4968s)
[14/240] source.yoza_rtr -> probe.bbrb_rtr: reachable=True (1.6197s)
[15/240] source.yozb_rtr -> probe.bbrb_rtr: reachable=False (0.2243s)
[16/240] source.bbra_rtr -> probe.boza_rtr: reachable=True (3.2797s)
[17/240] source.bbrb_rtr -> probe.boza_rtr: reachable=False (82.1059s)
[18/240] source.bozb_rtr -> probe.boza_rtr: reachable=True (0.6993s)
[19/240] source.coza_rtr -> probe.boza_rtr: reachable=True (4.7188s)
[20/240] source.cozb_rtr -> probe.boza_rtr: reachable=True (0.8527s)
[21/240] source.goza_rtr -> probe.boza_rtr: reachable=False (8.8109s)
[22/240] source.gozb_rtr -> probe.boza_rtr: reachable=True (3.4499s)
[23/240] source.poza_rtr -> probe.boza_rtr: reachable=True (0.8383s)
[24/240] source.pozb_rtr -> probe.boza_rtr: reachable=True (0.0680s)
[25/240] source.roza_rtr -> probe.boza_rtr: reachable=False (3.9615s)
[26/240] source.rozb_rtr -> probe.boza_rtr: reachable=True (0.1425s)
[27/240] source.soza_rtr -> probe.boza_rtr: reachable=True (0.9497s)
[28/240] source.sozb_rtr -> probe.boza_rtr: reachable=True (0.9514s)
[29/240] source.yoza_rtr -> probe.boza_rtr: reachable=True (0.8819s)
[30/240] source.yozb_rtr -> probe.boza_rtr: reachable=False (2.4711s)
[31/240] source.bbra_rtr -> probe.bozb_rtr: reachable=True (1.1971s)
[32/240] source.bbrb_rtr -> probe.bozb_rtr: reachable=False (13.2078s)
[33/240] source.boza_rtr -> probe.bozb_rtr: reachable=False (2.1957s)
[34/240] source.coza_rtr -> probe.bozb_rtr: reachable=True (0.8828s)
[35/240] source.cozb_rtr -> probe.bozb_rtr: reachable=True (0.7532s)
[36/240] source.goza_rtr -> probe.bozb_rtr: reachable=False (0.6623s)
[37/240] source.gozb_rtr -> probe.bozb_rtr: reachable=True (0.7230s)
[38/240] source.poza_rtr -> probe.bozb_rtr: reachable=True (0.3634s)
[39/240] source.pozb_rtr -> probe.bozb_rtr: reachable=True (0.0605s)
[40/240] source.roza_rtr -> probe.bozb_rtr: reachable=False (0.3749s)
[41/240] source.rozb_rtr -> probe.bozb_rtr: reachable=True (0.8898s)
[42/240] source.soza_rtr -> probe.bozb_rtr: reachable=True (1.0344s)
[43/240] source.sozb_rtr -> probe.bozb_rtr: reachable=True (1.0064s)
[44/240] source.yoza_rtr -> probe.bozb_rtr: reachable=True (0.9205s)
[45/240] source.yozb_rtr -> probe.bozb_rtr: reachable=False (0.2117s)
[46/240] source.bbra_rtr -> probe.coza_rtr: reachable=True (0.1529s)
[47/240] source.bbrb_rtr -> probe.coza_rtr: reachable=False (19.1109s)
[48/240] source.boza_rtr -> probe.coza_rtr: reachable=False (3.3545s)
[49/240] source.bozb_rtr -> probe.coza_rtr: reachable=True (1.8756s)
[50/240] source.cozb_rtr -> probe.coza_rtr: reachable=True (1.0763s)
[51/240] source.goza_rtr -> probe.coza_rtr: reachable=False (0.2964s)
[52/240] source.gozb_rtr -> probe.coza_rtr: reachable=True (1.6299s)
[53/240] source.poza_rtr -> probe.coza_rtr: reachable=True (0.8499s)
[54/240] source.pozb_rtr -> probe.coza_rtr: reachable=True (0.9873s)
[55/240] source.roza_rtr -> probe.coza_rtr: reachable=False (0.3143s)
[56/240] source.rozb_rtr -> probe.coza_rtr: reachable=True (0.3559s)
[57/240] source.soza_rtr -> probe.coza_rtr: reachable=True (0.9993s)
[58/240] source.sozb_rtr -> probe.coza_rtr: reachable=True (0.9166s)
[59/240] source.yoza_rtr -> probe.coza_rtr: reachable=True (2.7965s)
[60/240] source.yozb_rtr -> probe.coza_rtr: reachable=False (0.2905s)
[61/240] source.bbra_rtr -> probe.cozb_rtr: reachable=True (1.7462s)
[62/240] source.bbrb_rtr -> probe.cozb_rtr: reachable=False (10.5234s)
[63/240] source.boza_rtr -> probe.cozb_rtr: reachable=False (1.9701s)
[64/240] source.bozb_rtr -> probe.cozb_rtr: reachable=True (0.5767s)
[65/240] source.coza_rtr -> probe.cozb_rtr: reachable=True (0.8469s)
[66/240] source.goza_rtr -> probe.cozb_rtr: reachable=False (1.0005s)
[67/240] source.gozb_rtr -> probe.cozb_rtr: reachable=True (0.3886s)
[68/240] source.poza_rtr -> probe.cozb_rtr: reachable=True (1.3370s)
[69/240] source.pozb_rtr -> probe.cozb_rtr: reachable=True (1.5917s)
[70/240] source.roza_rtr -> probe.cozb_rtr: reachable=False (0.6057s)
[71/240] source.rozb_rtr -> probe.cozb_rtr: reachable=True (2.1572s)
[72/240] source.soza_rtr -> probe.cozb_rtr: reachable=True (1.3095s)
[73/240] source.sozb_rtr -> probe.cozb_rtr: reachable=True (1.6234s)
[74/240] source.yoza_rtr -> probe.cozb_rtr: reachable=True (2.1018s)
[75/240] source.yozb_rtr -> probe.cozb_rtr: reachable=False (0.9299s)
[76/240] source.bbra_rtr -> probe.goza_rtr: reachable=True (0.3119s)
[77/240] source.bbrb_rtr -> probe.goza_rtr: reachable=False (11.0640s)
[78/240] source.boza_rtr -> probe.goza_rtr: reachable=False (2.5634s)
[79/240] source.bozb_rtr -> probe.goza_rtr: reachable=True (0.8800s)
[80/240] source.coza_rtr -> probe.goza_rtr: reachable=True (0.4449s)
[81/240] source.cozb_rtr -> probe.goza_rtr: reachable=True (0.1821s)
[82/240] source.gozb_rtr -> probe.goza_rtr: reachable=True (0.2676s)
[83/240] source.poza_rtr -> probe.goza_rtr: reachable=True (0.2866s)
[84/240] source.pozb_rtr -> probe.goza_rtr: reachable=True (1.0123s)
[85/240] source.roza_rtr -> probe.goza_rtr: reachable=False (0.5023s)
[86/240] source.rozb_rtr -> probe.goza_rtr: reachable=True (0.5533s)
[87/240] source.soza_rtr -> probe.goza_rtr: reachable=True (1.1207s)
[88/240] source.sozb_rtr -> probe.goza_rtr: reachable=True (0.0523s)
[89/240] source.yoza_rtr -> probe.goza_rtr: reachable=True (2.5548s)
[90/240] source.yozb_rtr -> probe.goza_rtr: reachable=False (0.3201s)
[91/240] source.bbra_rtr -> probe.gozb_rtr: reachable=True (0.5431s)
[92/240] source.bbrb_rtr -> probe.gozb_rtr: reachable=False (4.1986s)
[93/240] source.boza_rtr -> probe.gozb_rtr: reachable=False (0.7452s)
[94/240] source.bozb_rtr -> probe.gozb_rtr: reachable=True (0.5005s)
[95/240] source.coza_rtr -> probe.gozb_rtr: reachable=True (1.8591s)
[96/240] source.cozb_rtr -> probe.gozb_rtr: reachable=True (1.3309s)
[97/240] source.goza_rtr -> probe.gozb_rtr: reachable=False (0.2301s)
[98/240] source.poza_rtr -> probe.gozb_rtr: reachable=True (0.8965s)
[99/240] source.pozb_rtr -> probe.gozb_rtr: reachable=True (0.3829s)
[100/240] source.roza_rtr -> probe.gozb_rtr: reachable=False (0.2183s)
[101/240] source.rozb_rtr -> probe.gozb_rtr: reachable=True (0.2937s)
[102/240] source.soza_rtr -> probe.gozb_rtr: reachable=True (1.0726s)
[103/240] source.sozb_rtr -> probe.gozb_rtr: reachable=True (0.5468s)
[104/240] source.yoza_rtr -> probe.gozb_rtr: reachable=True (1.2683s)
[105/240] source.yozb_rtr -> probe.gozb_rtr: reachable=False (0.0399s)
[106/240] source.bbra_rtr -> probe.poza_rtr: reachable=True (0.2353s)
[107/240] source.bbrb_rtr -> probe.poza_rtr: reachable=False (5.0846s)
[108/240] source.boza_rtr -> probe.poza_rtr: reachable=False (0.4562s)
[109/240] source.bozb_rtr -> probe.poza_rtr: reachable=True (1.2030s)
[110/240] source.coza_rtr -> probe.poza_rtr: reachable=True (0.6407s)
[111/240] source.cozb_rtr -> probe.poza_rtr: reachable=True (0.3991s)
[112/240] source.goza_rtr -> probe.poza_rtr: reachable=False (0.1581s)
[113/240] source.gozb_rtr -> probe.poza_rtr: reachable=True (0.3194s)
[114/240] source.pozb_rtr -> probe.poza_rtr: reachable=True (0.2909s)
[115/240] source.roza_rtr -> probe.poza_rtr: reachable=False (0.1354s)
[116/240] source.rozb_rtr -> probe.poza_rtr: reachable=True (0.3641s)
[117/240] source.soza_rtr -> probe.poza_rtr: reachable=True (0.7833s)
[118/240] source.sozb_rtr -> probe.poza_rtr: reachable=True (0.3937s)
[119/240] source.yoza_rtr -> probe.poza_rtr: reachable=True (0.5915s)
[120/240] source.yozb_rtr -> probe.poza_rtr: reachable=False (0.1220s)
[121/240] source.bbra_rtr -> probe.pozb_rtr: reachable=True (0.6834s)
[122/240] source.bbrb_rtr -> probe.pozb_rtr: reachable=False (3.4186s)
[123/240] source.boza_rtr -> probe.pozb_rtr: reachable=False (0.5459s)
[124/240] source.bozb_rtr -> probe.pozb_rtr: reachable=True (1.8845s)
[125/240] source.coza_rtr -> probe.pozb_rtr: reachable=True (0.9362s)
[126/240] source.cozb_rtr -> probe.pozb_rtr: reachable=True (0.2131s)
[127/240] source.goza_rtr -> probe.pozb_rtr: reachable=False (0.2397s)
[128/240] source.gozb_rtr -> probe.pozb_rtr: reachable=True (0.5012s)
[129/240] source.poza_rtr -> probe.pozb_rtr: reachable=True (0.0497s)
[130/240] source.roza_rtr -> probe.pozb_rtr: reachable=False (0.1546s)
[131/240] source.rozb_rtr -> probe.pozb_rtr: reachable=True (0.5053s)
[132/240] source.soza_rtr -> probe.pozb_rtr: reachable=True (0.3738s)
[133/240] source.sozb_rtr -> probe.pozb_rtr: reachable=True (0.7659s)
[134/240] source.yoza_rtr -> probe.pozb_rtr: reachable=True (0.6159s)
[135/240] source.yozb_rtr -> probe.pozb_rtr: reachable=False (0.1626s)
[136/240] source.bbra_rtr -> probe.roza_rtr: reachable=True (0.2391s)
[137/240] source.bbrb_rtr -> probe.roza_rtr: reachable=False (5.6039s)
[138/240] source.boza_rtr -> probe.roza_rtr: reachable=False (0.9715s)
[139/240] source.bozb_rtr -> probe.roza_rtr: reachable=True (0.4341s)
[140/240] source.coza_rtr -> probe.roza_rtr: reachable=True (0.8316s)
[141/240] source.cozb_rtr -> probe.roza_rtr: reachable=True (0.0339s)
[142/240] source.goza_rtr -> probe.roza_rtr: reachable=False (0.3144s)
[143/240] source.gozb_rtr -> probe.roza_rtr: reachable=True (0.8012s)
[144/240] source.poza_rtr -> probe.roza_rtr: reachable=True (0.0406s)
[145/240] source.pozb_rtr -> probe.roza_rtr: reachable=True (0.0414s)
[146/240] source.rozb_rtr -> probe.roza_rtr: reachable=True (0.1238s)
[147/240] source.soza_rtr -> probe.roza_rtr: reachable=True (0.4947s)
[148/240] source.sozb_rtr -> probe.roza_rtr: reachable=True (1.0724s)
[149/240] source.yoza_rtr -> probe.roza_rtr: reachable=True (0.1132s)
[150/240] source.yozb_rtr -> probe.roza_rtr: reachable=False (0.0395s)
[151/240] source.bbra_rtr -> probe.rozb_rtr: reachable=True (0.1773s)
[152/240] source.bbrb_rtr -> probe.rozb_rtr: reachable=False (4.8434s)
[153/240] source.boza_rtr -> probe.rozb_rtr: reachable=False (2.3982s)
[154/240] source.bozb_rtr -> probe.rozb_rtr: reachable=True (0.4735s)
[155/240] source.coza_rtr -> probe.rozb_rtr: reachable=True (0.4528s)
[156/240] source.cozb_rtr -> probe.rozb_rtr: reachable=True (0.0900s)
[157/240] source.goza_rtr -> probe.rozb_rtr: reachable=False (0.7921s)
[158/240] source.gozb_rtr -> probe.rozb_rtr: reachable=True (0.2728s)
[159/240] source.poza_rtr -> probe.rozb_rtr: reachable=True (0.4575s)
[160/240] source.pozb_rtr -> probe.rozb_rtr: reachable=True (1.8581s)
[161/240] source.roza_rtr -> probe.rozb_rtr: reachable=False (2.3964s)
[162/240] source.soza_rtr -> probe.rozb_rtr: reachable=True (0.5663s)
[163/240] source.sozb_rtr -> probe.rozb_rtr: reachable=True (0.8859s)
[164/240] source.yoza_rtr -> probe.rozb_rtr: reachable=True (1.3896s)
[165/240] source.yozb_rtr -> probe.rozb_rtr: reachable=False (0.4392s)
[166/240] source.bbra_rtr -> probe.soza_rtr: reachable=True (1.6410s)
[167/240] source.bbrb_rtr -> probe.soza_rtr: reachable=False (4.6370s)
[168/240] source.boza_rtr -> probe.soza_rtr: reachable=False (0.9790s)
[169/240] source.bozb_rtr -> probe.soza_rtr: reachable=True (1.4311s)
[170/240] source.coza_rtr -> probe.soza_rtr: reachable=True (0.3982s)
[171/240] source.cozb_rtr -> probe.soza_rtr: reachable=True (0.1386s)
[172/240] source.goza_rtr -> probe.soza_rtr: reachable=False (0.4478s)
[173/240] source.gozb_rtr -> probe.soza_rtr: reachable=True (0.3385s)
[174/240] source.poza_rtr -> probe.soza_rtr: reachable=True (0.5840s)
[175/240] source.pozb_rtr -> probe.soza_rtr: reachable=True (0.3597s)
[176/240] source.roza_rtr -> probe.soza_rtr: reachable=False (0.1560s)
[177/240] source.rozb_rtr -> probe.soza_rtr: reachable=True (0.6226s)
[178/240] source.sozb_rtr -> probe.soza_rtr: reachable=True (0.4787s)
[179/240] source.yoza_rtr -> probe.soza_rtr: reachable=True (0.3823s)
[180/240] source.yozb_rtr -> probe.soza_rtr: reachable=False (0.3982s)
[181/240] source.bbra_rtr -> probe.sozb_rtr: reachable=True (0.7990s)
[182/240] source.bbrb_rtr -> probe.sozb_rtr: reachable=False (0.6349s)
[183/240] source.boza_rtr -> probe.sozb_rtr: reachable=False (0.0879s)
[184/240] source.bozb_rtr -> probe.sozb_rtr: reachable=True (0.2161s)
[185/240] source.coza_rtr -> probe.sozb_rtr: reachable=True (1.0325s)
[186/240] source.cozb_rtr -> probe.sozb_rtr: reachable=True (0.2749s)
[187/240] source.goza_rtr -> probe.sozb_rtr: reachable=False (0.0557s)
[188/240] source.gozb_rtr -> probe.sozb_rtr: reachable=True (0.4229s)
[189/240] source.poza_rtr -> probe.sozb_rtr: reachable=True (0.1185s)
[190/240] source.pozb_rtr -> probe.sozb_rtr: reachable=True (0.8775s)
[191/240] source.roza_rtr -> probe.sozb_rtr: reachable=False (0.0676s)
[192/240] source.rozb_rtr -> probe.sozb_rtr: reachable=True (0.4762s)
[193/240] source.soza_rtr -> probe.sozb_rtr: reachable=True (0.4064s)
[194/240] source.yoza_rtr -> probe.sozb_rtr: reachable=True (1.3960s)
[195/240] source.yozb_rtr -> probe.sozb_rtr: reachable=False (0.0467s)
[196/240] source.bbra_rtr -> probe.yoza_rtr: reachable=True (1.0925s)
[197/240] source.bbrb_rtr -> probe.yoza_rtr: reachable=False (12.0160s)
[198/240] source.boza_rtr -> probe.yoza_rtr: reachable=False (0.8581s)
[199/240] source.bozb_rtr -> probe.yoza_rtr: reachable=True (1.2078s)
[200/240] source.coza_rtr -> probe.yoza_rtr: reachable=True (1.1196s)
[201/240] source.cozb_rtr -> probe.yoza_rtr: reachable=True (0.0907s)
[202/240] source.goza_rtr -> probe.yoza_rtr: reachable=False (0.1837s)
[203/240] source.gozb_rtr -> probe.yoza_rtr: reachable=True (0.7690s)
[204/240] source.poza_rtr -> probe.yoza_rtr: reachable=True (0.1494s)
[205/240] source.pozb_rtr -> probe.yoza_rtr: reachable=True (0.3958s)
[206/240] source.roza_rtr -> probe.yoza_rtr: reachable=False (0.1423s)
[207/240] source.rozb_rtr -> probe.yoza_rtr: reachable=True (0.2158s)
[208/240] source.soza_rtr -> probe.yoza_rtr: reachable=True (0.6537s)
[209/240] source.sozb_rtr -> probe.yoza_rtr: reachable=True (0.6413s)
[210/240] source.yozb_rtr -> probe.yoza_rtr: reachable=False (0.1287s)
[211/240] source.bbra_rtr -> probe.yozb_rtr: reachable=True (0.6802s)
[212/240] source.bbrb_rtr -> probe.yozb_rtr: reachable=False (1.7945s)
[213/240] source.boza_rtr -> probe.yozb_rtr: reachable=False (0.2956s)
[214/240] source.bozb_rtr -> probe.yozb_rtr: reachable=True (1.6431s)
[215/240] source.coza_rtr -> probe.yozb_rtr: reachable=True (0.4483s)
[216/240] source.cozb_rtr -> probe.yozb_rtr: reachable=True (0.8822s)
[217/240] source.goza_rtr -> probe.yozb_rtr: reachable=False (0.0545s)
[218/240] source.gozb_rtr -> probe.yozb_rtr: reachable=True (0.1716s)
[219/240] source.poza_rtr -> probe.yozb_rtr: reachable=True (0.7521s)
[220/240] source.pozb_rtr -> probe.yozb_rtr: reachable=True (0.4319s)
[221/240] source.roza_rtr -> probe.yozb_rtr: reachable=False (0.0333s)
[222/240] source.rozb_rtr -> probe.yozb_rtr: reachable=True (0.7225s)
[223/240] source.soza_rtr -> probe.yozb_rtr: reachable=True (0.4118s)
[224/240] source.sozb_rtr -> probe.yozb_rtr: reachable=True (0.5614s)
[225/240] source.yoza_rtr -> probe.yozb_rtr: reachable=True (0.2781s)
[226/240] source.bbrb_rtr -> probe.bbra_rtr: reachable=False (14.1095s)
[227/240] source.boza_rtr -> probe.bbra_rtr: reachable=False (3.7060s)
[228/240] source.bozb_rtr -> probe.bbra_rtr: reachable=True (1.1825s)
[229/240] source.coza_rtr -> probe.bbra_rtr: reachable=True (0.5457s)
[230/240] source.cozb_rtr -> probe.bbra_rtr: reachable=True (0.0762s)
[231/240] source.goza_rtr -> probe.bbra_rtr: reachable=False (0.9893s)
[232/240] source.gozb_rtr -> probe.bbra_rtr: reachable=True (0.6912s)
[233/240] source.poza_rtr -> probe.bbra_rtr: reachable=True (0.9069s)
[234/240] source.pozb_rtr -> probe.bbra_rtr: reachable=True (0.1403s)
[235/240] source.roza_rtr -> probe.bbra_rtr: reachable=False (0.4211s)
[236/240] source.rozb_rtr -> probe.bbra_rtr: reachable=True (0.4619s)
[237/240] source.soza_rtr -> probe.bbra_rtr: reachable=True (0.3011s)
[238/240] source.sozb_rtr -> probe.bbra_rtr: reachable=True (0.5466s)
[239/240] source.yoza_rtr -> probe.bbra_rtr: reachable=True (0.3097s)
[240/240] source.yozb_rtr -> probe.bbra_rtr: reachable=False (0.2608s)
