backend: veriflow {'impl': 'reimpl-literature', 'vf_fields': 'plain', 'vf_revisit': 'state', 'vf_slicing': 'device', 'vf_budget': 0}
master: open and bind unix socket
master: start handler thread
master: listen on socket
worker: completed task switch in 0.0001125335693359375 seconds.
worker: completed task switch in 4.1961669921875e-05 seconds.
worker: completed task switch in 5.173683166503906e-05 seconds.
worker: completed task switch in 2.09808349609375e-05 seconds.
worker: completed task switch in 2.0503997802734375e-05 seconds.
worker: completed task switch in 2.193450927734375e-05 seconds.
worker: completed task switch in 3.0517578125e-05 seconds.
worker: completed task switch in 2.5033950805664062e-05 seconds.
worker: completed task switch in 3.647804260253906e-05 seconds.
worker: completed task switch in 2.384185791015625e-05 seconds.
worker: completed task switch in 2.47955322265625e-05 seconds.
worker: completed task switch in 5.173683166503906e-05 seconds.
worker: completed task switch in 1.4781951904296875e-05 seconds.
worker: completed task switch in 1.6927719116210938e-05 seconds.
worker: completed task switch in 1.6450881958007812e-05 seconds.
worker: completed task switch in 1.3113021850585938e-05 seconds.
worker: completed task switch in 2.0265579223632812e-05 seconds.
worker: completed task switch in 1.52587890625e-05 seconds.
worker: completed task switch in 2.193450927734375e-05 seconds.
worker: completed task switch in 2.2649765014648438e-05 seconds.
worker: completed task switch in 3.457069396972656e-05 seconds.
worker: completed task switch in 2.3603439331054688e-05 seconds.
worker: completed task switch in 2.2172927856445312e-05 seconds.
worker: completed task switch in 7.033348083496094e-05 seconds.
worker: completed task switch in 2.3126602172851562e-05 seconds.
worker: completed task switch in 2.2172927856445312e-05 seconds.
worker: completed task switch in 3.1948089599609375e-05 seconds.
worker: completed task switch in 2.3126602172851562e-05 seconds.
worker: completed task switch in 2.5987625122070312e-05 seconds.
worker: completed task switch in 3.218650817871094e-05 seconds.
worker: completed task switch in 2.0742416381835938e-05 seconds.
worker: completed task switch in 2.574920654296875e-05 seconds.
worker: completed task switch in 3.838539123535156e-05 seconds.
worker: completed task switch in 3.981590270996094e-05 seconds.
worker: completed task switch in 3.170967102050781e-05 seconds.
worker: completed task switch in 4.744529724121094e-05 seconds.
worker: completed task switch in 2.0503997802734375e-05 seconds.
worker: completed task switch in 1.4543533325195312e-05 seconds.
worker: completed task switch in 2.1219253540039062e-05 seconds.
worker: completed task switch in 1.5735626220703125e-05 seconds.
worker: completed task switch in 1.5497207641601562e-05 seconds.
worker: completed task switch in 2.002716064453125e-05 seconds.
worker: completed task switch in 3.3855438232421875e-05 seconds.
worker: completed task switch in 2.86102294921875e-05 seconds.
worker: completed task switch in 4.553794860839844e-05 seconds.
worker: completed task switch in 1.4066696166992188e-05 seconds.
worker: completed task switch in 6.866455078125e-05 seconds.
worker: completed task switch in 1.430511474609375e-05 seconds.
worker: completed task links in 0.0019960403442382812 seconds.
worker: completed task switch_command in 0.00036716461181640625 seconds.
worker: completed task switch_command in 0.00933074951171875 seconds.
worker: completed task switch_command in 0.0004582405090332031 seconds.
worker: completed task switch_command in 9.703636169433594e-05 seconds.
worker: completed task switch_command in 0.008212089538574219 seconds.
worker: completed task switch_command in 0.00032973289489746094 seconds.
worker: completed task switch_command in 0.0004451274871826172 seconds.
worker: completed task switch_command in 0.0018184185028076172 seconds.
worker: completed task switch_command in 0.0002770423889160156 seconds.
worker: completed task switch_command in 0.0004436969757080078 seconds.
worker: completed task switch_command in 0.001939535140991211 seconds.
worker: completed task switch_command in 0.00027680397033691406 seconds.
worker: completed task switch_command in 0.0019941329956054688 seconds.
worker: completed task switch_command in 0.001779794692993164 seconds.
worker: completed task switch_command in 0.00011157989501953125 seconds.
worker: completed task switch_command in 0.0019488334655761719 seconds.
worker: completed task switch_command in 0.0017981529235839844 seconds.
worker: completed task switch_command in 0.0001068115234375 seconds.
worker: completed task switch_command in 0.0006566047668457031 seconds.
worker: completed task switch_command in 0.0015103816986083984 seconds.
worker: completed task switch_command in 0.0004305839538574219 seconds.
worker: completed task switch_command in 0.0006837844848632812 seconds.
worker: completed task switch_command in 0.0014467239379882812 seconds.
worker: completed task switch_command in 0.0004189014434814453 seconds.
worker: completed task switch_command in 0.0005028247833251953 seconds.
worker: completed task switch_command in 0.0015673637390136719 seconds.
worker: completed task switch_command in 0.00025916099548339844 seconds.
worker: completed task switch_command in 0.0005600452423095703 seconds.
worker: completed task switch_command in 0.0010898113250732422 seconds.
worker: completed task switch_command in 0.00024890899658203125 seconds.
worker: completed task switch_command in 0.0003476142883300781 seconds.
worker: completed task switch_command in 0.0010292530059814453 seconds.
worker: completed task switch_command in 0.00027823448181152344 seconds.
worker: completed task switch_command in 0.00034689903259277344 seconds.
worker: completed task switch_command in 0.0009045600891113281 seconds.
worker: completed task switch_command in 0.00025963783264160156 seconds.
worker: completed task switch_command in 0.003825664520263672 seconds.
worker: completed task switch_command in 0.002126455307006836 seconds.
worker: completed task switch_command in 0.0001163482666015625 seconds.
worker: completed task switch_command in 0.0019259452819824219 seconds.
worker: completed task switch_command in 0.001483917236328125 seconds.
worker: completed task switch_command in 0.0001125335693359375 seconds.
worker: completed task switch_command in 0.0006172657012939453 seconds.
worker: completed task switch_command in 0.010172843933105469 seconds.
worker: completed task switch_command in 0.0176694393157959 seconds.
worker: completed task switch_command in 0.0005822181701660156 seconds.
worker: completed task switch_command in 0.0015146732330322266 seconds.
worker: completed task switch_command in 0.003188610076904297 seconds.
worker: completed task probe in 0.00011587142944335938 seconds.
worker: completed task probe in 2.6702880859375e-05 seconds.
worker: completed task probe in 1.6689300537109375e-05 seconds.
worker: completed task probe in 1.4781951904296875e-05 seconds.
worker: completed task probe in 1.4781951904296875e-05 seconds.
worker: completed task probe in 1.430511474609375e-05 seconds.
worker: completed task probe in 1.52587890625e-05 seconds.
worker: completed task probe in 1.4066696166992188e-05 seconds.
worker: completed task probe in 1.33514404296875e-05 seconds.
worker: completed task probe in 1.4066696166992188e-05 seconds.
worker: completed task probe in 1.2874603271484375e-05 seconds.
worker: completed task probe in 1.2874603271484375e-05 seconds.
worker: completed task probe in 1.2636184692382812e-05 seconds.
worker: completed task probe in 1.2874603271484375e-05 seconds.
worker: completed task probe in 1.239776611328125e-05 seconds.
worker: completed task probe in 1.3113021850585938e-05 seconds.
worker: completed task links in 0.0007860660552978516 seconds.
worker: completed task generators in 0.00016927719116210938 seconds.
worker: completed task links in 3.3855438232421875e-05 seconds.
veriflow: built 14396 rules, stamps {'impl': 'reimpl-literature', 'vf_mode': 'bulk', 'vf_node': 'table', 'vf_ports': 'field', 'vf_fields': 'plain', 'vf_slicing': 'device', 'vf_invert_lpm': False, 'vf_field_order': ['packet.ether.vlan', 'packet.ipv4.source', 'packet.ipv4.destination', 'packet.ipv6.proto', 'packet.upper.dport', 'packet.upper.tcp.flags'], 'vf_inport_expansion': 1.636, 'vf_budget': 0, 'vf_revisit': 'state'}
worker: completed task check_compliance in 421.6950170993805 seconds.
worker: completed task report in 0.0007948875427246094 seconds.
worker: initiate stopping
worker: completed task stop in 0.00011968612670898438 seconds.
worker: stop handler after 423.5519881248474 seconds.
master: close receiving socket
master: join queue
master: join handler thread
master: finished run
master: stop reporter
