deleting old logs and measurements...
deleted old logs and measurements.
generate policy matrix...
Error: could not read the input file(s).
generated policy matrix.
generate inventory...
generated inventory.
convert policy matrix to checks...
Traceback (most recent call last):
  File "/home/ubuntu/fave-project/fave/bench/reach_csv_to_checks.py", line 294, in <module>
    role_attributes = _load_role_attributes(args.roles_file)
                      ^^^^^^^^^^^^^^^^^^^^^^^^^^^^^^^^^^^^^^
  File "/home/ubuntu/fave-project/fave/bench/reach_csv_to_checks.py", line 45, in _load_role_attributes
    with open(path, 'r') as raw:
         ^^^^^^^^^^^^^^^
FileNotFoundError: [Errno 2] No such file or directory: 'bench/wl_tum/roles.json'
converted policy matrix.
generate topology, routes, and probes...
generated topology, routes, and probes.
backend veriflow needs no netplumber process; not starting one
starting aggregator (backend: veriflow --vf-fields 4+10 --vf-budget 0)...
started aggregator.
wait for fave
initialize topology...
[iptables] fw.tum: 3286 `-o` match(es) modelled as NO CONSTRAINT because FAVE_ALLOW_OUT_IFACE is set. This device's filter chains run before routing, so the egress restriction is not represented: results are over-permissive where the rule ACCEPTs and over-restrictive where it DROPs. See TODO.md item 13a.
topology sent to fave
initialize routes...
routes sent to fave
initialize probes...
probes sent to fave
initialize sources...
sources sent to fave
wait for fave
fave stopped successfully
SKIPPED anomaly check: backend veriflow does not implement it (this run's verdict covers compliance only)
generating report...
report generated.
wait for fave
stopping fave and netplumber...
fave ordered to stop
