backend: apkeep {'impl': 'authors+fave', 'upstream': 'XJTU-NetVerify/NDD c8414b43 (ndd/FAVE_CHANGES.md)', 'engine': 'ndd', 'faithful_vlan': True}
master: open and bind unix socket
master: start handler thread
master: listen on socket
worker: completed task packet_filter in 0.03463149070739746 seconds.
worker: completed task switch in 0.0004677772521972656 seconds.
worker: completed task switch in 1.7642974853515625e-05 seconds.
worker: completed task packet_filter in 0.00014448165893554688 seconds.
worker: completed task packet_filter in 0.0002002716064453125 seconds.
worker: completed task packet_filter in 0.00026106834411621094 seconds.
worker: completed task packet_filter in 0.0002677440643310547 seconds.
worker: completed task packet_filter in 0.00019741058349609375 seconds.
worker: completed task packet_filter in 0.00019431114196777344 seconds.
worker: completed task packet_filter in 0.00018024444580078125 seconds.
worker: completed task packet_filter in 0.00025343894958496094 seconds.
worker: completed task packet_filter in 0.00017523765563964844 seconds.
worker: completed task switch in 2.2172927856445312e-05 seconds.
worker: completed task packet_filter in 0.0005486011505126953 seconds.
worker: completed task packet_filter in 0.0005128383636474609 seconds.
worker: completed task packet_filter in 0.0007576942443847656 seconds.
worker: completed task packet_filter in 0.0005233287811279297 seconds.
worker: completed task packet_filter in 0.0007848739624023438 seconds.
worker: completed task packet_filter in 0.00011920928955078125 seconds.
worker: completed task switch in 2.002716064453125e-05 seconds.
worker: completed task packet_filter in 0.0004892349243164062 seconds.
worker: completed task packet_filter in 0.0005643367767333984 seconds.
worker: completed task packet_filter in 0.0007193088531494141 seconds.
worker: completed task packet_filter in 0.0005295276641845703 seconds.
worker: completed task packet_filter in 0.0007925033569335938 seconds.
worker: completed task packet_filter in 0.0001251697540283203 seconds.
worker: completed task switch in 2.0503997802734375e-05 seconds.
worker: completed task packet_filter in 0.00048422813415527344 seconds.
worker: completed task packet_filter in 0.0005953311920166016 seconds.
worker: completed task packet_filter in 0.0007367134094238281 seconds.
worker: completed task packet_filter in 0.0005421638488769531 seconds.
worker: completed task packet_filter in 0.0008080005645751953 seconds.
worker: completed task packet_filter in 0.00011467933654785156 seconds.
worker: completed task switch in 2.3126602172851562e-05 seconds.
worker: completed task packet_filter in 0.0004956722259521484 seconds.
worker: completed task packet_filter in 0.0009064674377441406 seconds.
worker: completed task packet_filter in 0.0007321834564208984 seconds.
worker: completed task packet_filter in 0.0005168914794921875 seconds.
worker: completed task packet_filter in 0.0007977485656738281 seconds.
worker: completed task packet_filter in 0.00011801719665527344 seconds.
worker: completed task switch in 1.8596649169921875e-05 seconds.
worker: completed task packet_filter in 0.0005033016204833984 seconds.
worker: completed task packet_filter in 0.0005667209625244141 seconds.
worker: completed task packet_filter in 0.0007302761077880859 seconds.
worker: completed task packet_filter in 0.0005140304565429688 seconds.
worker: completed task packet_filter in 0.0008032321929931641 seconds.
worker: completed task packet_filter in 0.00011205673217773438 seconds.
worker: completed task switch in 1.8358230590820312e-05 seconds.
worker: completed task packet_filter in 0.0004949569702148438 seconds.
worker: completed task packet_filter in 0.0005698204040527344 seconds.
worker: completed task packet_filter in 0.00072479248046875 seconds.
worker: completed task packet_filter in 0.0005135536193847656 seconds.
worker: completed task packet_filter in 0.0007953643798828125 seconds.
worker: completed task packet_filter in 0.00011372566223144531 seconds.
worker: completed task switch in 1.9550323486328125e-05 seconds.
worker: completed task packet_filter in 0.0004942417144775391 seconds.
worker: completed task packet_filter in 0.0005810260772705078 seconds.
worker: completed task packet_filter in 0.0007593631744384766 seconds.
worker: completed task packet_filter in 0.0005540847778320312 seconds.
worker: completed task packet_filter in 0.0008223056793212891 seconds.
worker: completed task packet_filter in 0.00011992454528808594 seconds.
worker: completed task switch in 1.9311904907226562e-05 seconds.
worker: completed task packet_filter in 0.0005161762237548828 seconds.
worker: completed task packet_filter in 0.0009241104125976562 seconds.
worker: completed task packet_filter in 0.0007429122924804688 seconds.
worker: completed task packet_filter in 0.0005397796630859375 seconds.
worker: completed task packet_filter in 0.0008175373077392578 seconds.
worker: completed task packet_filter in 0.00012111663818359375 seconds.
worker: completed task switch in 1.8835067749023438e-05 seconds.
worker: completed task packet_filter in 0.0005197525024414062 seconds.
worker: completed task packet_filter in 0.0005769729614257812 seconds.
worker: completed task packet_filter in 0.0007622241973876953 seconds.
worker: completed task packet_filter in 0.000530242919921875 seconds.
worker: completed task packet_filter in 0.0008177757263183594 seconds.
worker: completed task packet_filter in 0.00011658668518066406 seconds.
worker: completed task switch in 1.8835067749023438e-05 seconds.
worker: completed task packet_filter in 0.00051116943359375 seconds.
worker: completed task packet_filter in 0.0005898475646972656 seconds.
worker: completed task packet_filter in 0.0007519721984863281 seconds.
worker: completed task packet_filter in 0.0005519390106201172 seconds.
worker: completed task packet_filter in 0.0008225440979003906 seconds.
worker: completed task packet_filter in 0.00011301040649414062 seconds.
worker: completed task switch in 1.9311904907226562e-05 seconds.
worker: completed task packet_filter in 0.0005049705505371094 seconds.
worker: completed task packet_filter in 0.0006031990051269531 seconds.
worker: completed task packet_filter in 0.0007498264312744141 seconds.
worker: completed task packet_filter in 0.0005462169647216797 seconds.
worker: completed task packet_filter in 0.0008101463317871094 seconds.
worker: completed task packet_filter in 0.00012445449829101562 seconds.
worker: completed task switch in 1.9073486328125e-05 seconds.
worker: completed task packet_filter in 0.0005118846893310547 seconds.
worker: completed task packet_filter in 0.0010609626770019531 seconds.
worker: completed task packet_filter in 0.0007979869842529297 seconds.
worker: completed task packet_filter in 0.0005588531494140625 seconds.
worker: completed task packet_filter in 0.0008356571197509766 seconds.
worker: completed task packet_filter in 0.00012731552124023438 seconds.
worker: completed task switch in 2.1457672119140625e-05 seconds.
worker: completed task packet_filter in 0.0005331039428710938 seconds.
worker: completed task packet_filter in 0.0005917549133300781 seconds.
worker: completed task packet_filter in 0.0007648468017578125 seconds.
worker: completed task packet_filter in 0.0005588531494140625 seconds.
worker: completed task packet_filter in 0.0008292198181152344 seconds.
worker: completed task packet_filter in 0.000125885009765625 seconds.
worker: completed task switch in 2.6702880859375e-05 seconds.
worker: completed task packet_filter in 0.0005042552947998047 seconds.
worker: completed task packet_filter in 0.0006034374237060547 seconds.
worker: completed task packet_filter in 0.0007603168487548828 seconds.
worker: completed task packet_filter in 0.0005605220794677734 seconds.
worker: completed task packet_filter in 0.0008091926574707031 seconds.
worker: completed task packet_filter in 0.00011539459228515625 seconds.
worker: completed task switch in 1.8358230590820312e-05 seconds.
worker: completed task packet_filter in 0.0005316734313964844 seconds.
worker: completed task packet_filter in 0.0006039142608642578 seconds.
worker: completed task packet_filter in 0.0007784366607666016 seconds.
worker: completed task packet_filter in 0.0005383491516113281 seconds.
worker: completed task packet_filter in 0.0008311271667480469 seconds.
worker: completed task packet_filter in 0.00011396408081054688 seconds.
worker: completed task switch in 1.9073486328125e-05 seconds.
worker: completed task packet_filter in 0.0004980564117431641 seconds.
worker: completed task packet_filter in 0.0009768009185791016 seconds.
worker: completed task packet_filter in 0.0007569789886474609 seconds.
worker: completed task packet_filter in 0.0005333423614501953 seconds.
worker: completed task packet_filter in 0.0008223056793212891 seconds.
worker: completed task packet_filter in 0.0001220703125 seconds.
worker: completed task switch in 1.9311904907226562e-05 seconds.
worker: completed task packet_filter in 0.0005328655242919922 seconds.
worker: completed task packet_filter in 0.00060272216796875 seconds.
worker: completed task packet_filter in 0.0007593631744384766 seconds.
worker: completed task packet_filter in 0.000530242919921875 seconds.
worker: completed task packet_filter in 0.0008304119110107422 seconds.
worker: completed task packet_filter in 0.00011444091796875 seconds.
worker: completed task switch in 1.8596649169921875e-05 seconds.
worker: completed task packet_filter in 0.0005095005035400391 seconds.
worker: completed task packet_filter in 0.0005965232849121094 seconds.
worker: completed task packet_filter in 0.0007791519165039062 seconds.
worker: completed task packet_filter in 0.0005424022674560547 seconds.
worker: completed task packet_filter in 0.0008187294006347656 seconds.
worker: completed task packet_filter in 0.00012540817260742188 seconds.
worker: completed task switch in 1.9311904907226562e-05 seconds.
worker: completed task packet_filter in 0.0005021095275878906 seconds.
worker: completed task packet_filter in 0.0005877017974853516 seconds.
worker: completed task packet_filter in 0.0007550716400146484 seconds.
worker: completed task packet_filter in 0.0005462169647216797 seconds.
worker: completed task packet_filter in 0.0008306503295898438 seconds.
worker: completed task packet_filter in 0.00011587142944335938 seconds.
worker: completed task switch in 1.8596649169921875e-05 seconds.
worker: completed task packet_filter in 0.0005054473876953125 seconds.
worker: completed task packet_filter in 0.0009629726409912109 seconds.
worker: completed task packet_filter in 0.0007483959197998047 seconds.
worker: completed task packet_filter in 0.0005469322204589844 seconds.
worker: completed task packet_filter in 0.0008246898651123047 seconds.
worker: completed task packet_filter in 0.00011372566223144531 seconds.
worker: completed task switch in 1.9073486328125e-05 seconds.
worker: completed task packet_filter in 0.0005114078521728516 seconds.
worker: completed task packet_filter in 0.0005877017974853516 seconds.
worker: completed task packet_filter in 0.000762939453125 seconds.
worker: completed task packet_filter in 0.0005395412445068359 seconds.
worker: completed task packet_filter in 0.0008258819580078125 seconds.
worker: completed task packet_filter in 0.00011515617370605469 seconds.
worker: completed task links in 0.0008220672607421875 seconds.
worker: completed task switch_command in 0.0014801025390625 seconds.
worker: completed task switch_command in 0.00021886825561523438 seconds.
worker: completed task switch_command in 6.556510925292969e-05 seconds.
worker: completed task switch_command in 9.679794311523438e-05 seconds.
worker: completed task switch_command in 8.249282836914062e-05 seconds.
worker: completed task switch_command in 7.510185241699219e-05 seconds.
worker: completed task switch_command in 7.2479248046875e-05 seconds.
worker: completed task switch_command in 7.128715515136719e-05 seconds.
worker: completed task switch_command in 6.890296936035156e-05 seconds.
worker: completed task switch_command in 7.271766662597656e-05 seconds.
worker: completed task switch_command in 6.580352783203125e-05 seconds.
worker: completed task switch_command in 6.961822509765625e-05 seconds.
worker: completed task switch_command in 0.0001373291015625 seconds.
worker: completed task switch_command in 0.00011849403381347656 seconds.
worker: completed task switch_command in 7.605552673339844e-05 seconds.
worker: completed task switch_command in 7.343292236328125e-05 seconds.
worker: completed task switch_command in 7.033348083496094e-05 seconds.
worker: completed task switch_command in 9.131431579589844e-05 seconds.
worker: completed task switch_command in 6.985664367675781e-05 seconds.
worker: completed task switch_command in 0.00014209747314453125 seconds.
worker: completed task switch_command in 7.62939453125e-05 seconds.
worker: completed task switch_command in 7.772445678710938e-05 seconds.
worker: completed task switch_command in 6.771087646484375e-05 seconds.
worker: completed task switch_command in 0.00037479400634765625 seconds.
worker: completed task switch_command in 7.414817810058594e-05 seconds.
worker: completed task switch_command in 7.176399230957031e-05 seconds.
worker: completed task switch_command in 0.0001316070556640625 seconds.
worker: completed task switch_command in 8.058547973632812e-05 seconds.
worker: completed task switch_command in 6.747245788574219e-05 seconds.
worker: completed task switch_command in 7.224082946777344e-05 seconds.
worker: completed task switch_command in 6.67572021484375e-05 seconds.
worker: completed task switch_command in 7.224082946777344e-05 seconds.
worker: completed task switch_command in 7.128715515136719e-05 seconds.
worker: completed task switch_command in 0.000164031982421875 seconds.
worker: completed task switch_command in 7.677078247070312e-05 seconds.
worker: completed task switch_command in 6.937980651855469e-05 seconds.
worker: completed task switch_command in 7.557868957519531e-05 seconds.
worker: completed task switch_command in 7.295608520507812e-05 seconds.
worker: completed task switch_command in 7.176399230957031e-05 seconds.
worker: completed task switch_command in 6.651878356933594e-05 seconds.
worker: completed task switch_command in 0.00012063980102539062 seconds.
worker: completed task switch_command in 7.724761962890625e-05 seconds.
worker: completed task switch_command in 0.00010418891906738281 seconds.
worker: completed task switch_command in 7.987022399902344e-05 seconds.
worker: completed task switch_command in 6.747245788574219e-05 seconds.
worker: completed task switch_command in 6.651878356933594e-05 seconds.
worker: completed task switch_command in 6.723403930664062e-05 seconds.
worker: completed task switch_command in 0.00012612342834472656 seconds.
worker: completed task switch_command in 8.20159912109375e-05 seconds.
worker: completed task switch_command in 7.104873657226562e-05 seconds.
worker: completed task switch_command in 7.843971252441406e-05 seconds.
worker: completed task switch_command in 6.794929504394531e-05 seconds.
worker: completed task switch_command in 0.00010728836059570312 seconds.
worker: completed task switch_command in 6.961822509765625e-05 seconds.
worker: completed task switch_command in 0.0001289844512939453 seconds.
worker: completed task switch_command in 8.702278137207031e-05 seconds.
worker: completed task switch_command in 6.961822509765625e-05 seconds.
worker: completed task switch_command in 6.818771362304688e-05 seconds.
worker: completed task switch_command in 6.794929504394531e-05 seconds.
worker: completed task switch_command in 7.05718994140625e-05 seconds.
worker: completed task switch_command in 6.937980651855469e-05 seconds.
worker: completed task switch_command in 0.0001595020294189453 seconds.
worker: completed task switch_command in 7.343292236328125e-05 seconds.
worker: completed task switch_command in 7.05718994140625e-05 seconds.
worker: completed task switch_command in 6.937980651855469e-05 seconds.
worker: completed task switch_command in 6.818771362304688e-05 seconds.
worker: completed task switch_command in 6.413459777832031e-05 seconds.
worker: completed task switch_command in 7.414817810058594e-05 seconds.
worker: completed task switch_command in 0.00013184547424316406 seconds.
worker: completed task switch_command in 7.62939453125e-05 seconds.
worker: completed task switch_command in 6.628036499023438e-05 seconds.
worker: completed task switch_command in 0.00010585784912109375 seconds.
worker: completed task switch_command in 6.67572021484375e-05 seconds.
worker: completed task switch_command in 6.556510925292969e-05 seconds.
worker: completed task switch_command in 6.866455078125e-05 seconds.
worker: completed task switch_command in 0.0001354217529296875 seconds.
worker: completed task switch_command in 7.319450378417969e-05 seconds.
worker: completed task switch_command in 7.128715515136719e-05 seconds.
worker: completed task switch_command in 6.914138793945312e-05 seconds.
worker: completed task switch_command in 7.581710815429688e-05 seconds.
worker: completed task switch_command in 0.00010061264038085938 seconds.
worker: completed task switch_command in 7.653236389160156e-05 seconds.
worker: completed task switch_command in 0.00013065338134765625 seconds.
worker: completed task switch_command in 6.866455078125e-05 seconds.
worker: completed task switch_command in 7.128715515136719e-05 seconds.
worker: completed task switch_command in 7.081031799316406e-05 seconds.
worker: completed task switch_command in 6.985664367675781e-05 seconds.
worker: completed task switch_command in 6.699562072753906e-05 seconds.
worker: completed task switch_command in 6.747245788574219e-05 seconds.
worker: completed task switch_command in 0.00015854835510253906 seconds.
worker: completed task switch_command in 8.058547973632812e-05 seconds.
worker: completed task switch_command in 7.009506225585938e-05 seconds.
worker: completed task switch_command in 6.723403930664062e-05 seconds.
worker: completed task switch_command in 6.866455078125e-05 seconds.
worker: completed task switch_command in 6.556510925292969e-05 seconds.
worker: completed task switch_command in 6.67572021484375e-05 seconds.
worker: completed task switch_command in 0.0001251697540283203 seconds.
worker: completed task switch_command in 8.106231689453125e-05 seconds.
worker: completed task switch_command in 6.67572021484375e-05 seconds.
worker: completed task switch_command in 9.703636169433594e-05 seconds.
worker: completed task switch_command in 6.985664367675781e-05 seconds.
worker: completed task switch_command in 7.462501525878906e-05 seconds.
worker: completed task switch_command in 6.246566772460938e-05 seconds.
worker: completed task switch_command in 0.00012993812561035156 seconds.
worker: completed task switch_command in 7.557868957519531e-05 seconds.
worker: completed task switch_command in 6.771087646484375e-05 seconds.
worker: completed task switch_command in 6.771087646484375e-05 seconds.
worker: completed task switch_command in 6.747245788574219e-05 seconds.
worker: completed task switch_command in 6.723403930664062e-05 seconds.
worker: completed task switch_command in 0.00010061264038085938 seconds.
worker: completed task switch_command in 0.000125885009765625 seconds.
worker: completed task switch_command in 7.43865966796875e-05 seconds.
worker: completed task switch_command in 6.794929504394531e-05 seconds.
worker: completed task switch_command in 6.628036499023438e-05 seconds.
worker: completed task switch_command in 6.818771362304688e-05 seconds.
worker: completed task switch_command in 7.081031799316406e-05 seconds.
worker: completed task switch_command in 6.67572021484375e-05 seconds.
worker: completed task switch_command in 0.0001327991485595703 seconds.
worker: completed task switch_command in 0.00011682510375976562 seconds.
worker: completed task switch_command in 6.914138793945312e-05 seconds.
worker: completed task switch_command in 6.818771362304688e-05 seconds.
worker: completed task switch_command in 8.749961853027344e-05 seconds.
worker: completed task switch_command in 7.414817810058594e-05 seconds.
worker: completed task switch_command in 6.365776062011719e-05 seconds.
worker: completed task switch_command in 0.00012254714965820312 seconds.
worker: completed task switch_command in 8.702278137207031e-05 seconds.
worker: completed task switch_command in 7.224082946777344e-05 seconds.
worker: completed task switch_command in 7.843971252441406e-05 seconds.
worker: completed task switch_command in 0.00010156631469726562 seconds.
worker: completed task switch_command in 6.961822509765625e-05 seconds.
worker: completed task switch_command in 6.413459777832031e-05 seconds.
worker: completed task switch_command in 0.0001246929168701172 seconds.
worker: completed task switch_command in 7.534027099609375e-05 seconds.
worker: completed task switch_command in 6.818771362304688e-05 seconds.
worker: completed task switch_command in 6.771087646484375e-05 seconds.
worker: completed task switch_command in 8.082389831542969e-05 seconds.
worker: completed task switch_command in 6.67572021484375e-05 seconds.
worker: completed task switch_command in 0.0003628730773925781 seconds.
worker: completed task switch_command in 0.00012826919555664062 seconds.
worker: completed task switch_command in 7.367134094238281e-05 seconds.
worker: completed task switch_command in 7.009506225585938e-05 seconds.
worker: completed task switch_command in 6.508827209472656e-05 seconds.
worker: completed task switch_command in 7.319450378417969e-05 seconds.
worker: completed task switch_command in 7.271766662597656e-05 seconds.
worker: completed task switch_command in 0.00010704994201660156 seconds.
worker: completed task switch_command in 0.0001430511474609375 seconds.
worker: completed task switch_command in 8.749961853027344e-05 seconds.
worker: completed task switch_command in 0.00011181831359863281 seconds.
worker: completed task switch_command in 6.67572021484375e-05 seconds.
worker: completed task switch_command in 7.081031799316406e-05 seconds.
worker: completed task switch_command in 6.771087646484375e-05 seconds.
worker: completed task switch_command in 7.2479248046875e-05 seconds.
worker: completed task switch_command in 0.0001380443572998047 seconds.
worker: completed task switch_command in 7.724761962890625e-05 seconds.
worker: completed task switch_command in 7.367134094238281e-05 seconds.
worker: completed task switch_command in 6.437301635742188e-05 seconds.
worker: completed task switch_command in 0.000102996826171875 seconds.
worker: completed task switch_command in 7.343292236328125e-05 seconds.
worker: completed task switch_command in 6.818771362304688e-05 seconds.
worker: completed task probe in 8.130073547363281e-05 seconds.
worker: completed task probe in 4.744529724121094e-05 seconds.
worker: completed task probe in 8.106231689453125e-05 seconds.
worker: completed task probe in 3.933906555175781e-05 seconds.
worker: completed task probe in 3.647804260253906e-05 seconds.
worker: completed task probe in 3.528594970703125e-05 seconds.
worker: completed task probe in 3.5762786865234375e-05 seconds.
worker: completed task probe in 3.457069396972656e-05 seconds.
worker: completed task probe in 3.647804260253906e-05 seconds.
worker: completed task probe in 3.4809112548828125e-05 seconds.
worker: completed task probe in 3.695487976074219e-05 seconds.
worker: completed task probe in 3.528594970703125e-05 seconds.
worker: completed task probe in 3.3855438232421875e-05 seconds.
worker: completed task probe in 3.5762786865234375e-05 seconds.
worker: completed task probe in 3.528594970703125e-05 seconds.
worker: completed task probe in 3.457069396972656e-05 seconds.
worker: completed task probe in 4.029273986816406e-05 seconds.
worker: completed task probe in 3.647804260253906e-05 seconds.
worker: completed task probe in 3.457069396972656e-05 seconds.
worker: completed task probe in 3.337860107421875e-05 seconds.
worker: completed task probe in 3.647804260253906e-05 seconds.
worker: completed task probe in 3.981590270996094e-05 seconds.
worker: completed task probe in 3.8623809814453125e-05 seconds.
worker: completed task probe in 3.4809112548828125e-05 seconds.
worker: completed task probe in 3.9577484130859375e-05 seconds.
worker: completed task probe in 3.218650817871094e-05 seconds.
worker: completed task probe in 3.6716461181640625e-05 seconds.
worker: completed task probe in 3.4809112548828125e-05 seconds.
worker: completed task probe in 4.363059997558594e-05 seconds.
worker: completed task probe in 3.790855407714844e-05 seconds.
worker: completed task probe in 3.361701965332031e-05 seconds.
worker: completed task probe in 3.24249267578125e-05 seconds.
worker: completed task probe in 3.409385681152344e-05 seconds.
worker: completed task probe in 3.695487976074219e-05 seconds.
worker: completed task probe in 3.600120544433594e-05 seconds.
worker: completed task probe in 3.409385681152344e-05 seconds.
worker: completed task probe in 3.361701965332031e-05 seconds.
worker: completed task probe in 3.647804260253906e-05 seconds.
worker: completed task probe in 3.361701965332031e-05 seconds.
worker: completed task probe in 3.314018249511719e-05 seconds.
worker: completed task probe in 3.790855407714844e-05 seconds.
worker: completed task probe in 3.4809112548828125e-05 seconds.
worker: completed task probe in 3.409385681152344e-05 seconds.
worker: completed task probe in 3.314018249511719e-05 seconds.
worker: completed task probe in 3.790855407714844e-05 seconds.
worker: completed task probe in 3.409385681152344e-05 seconds.
worker: completed task probe in 4.029273986816406e-05 seconds.
worker: completed task probe in 3.4809112548828125e-05 seconds.
worker: completed task probe in 3.4332275390625e-05 seconds.
worker: completed task probe in 3.4332275390625e-05 seconds.
worker: completed task probe in 6.747245788574219e-05 seconds.
worker: completed task probe in 3.600120544433594e-05 seconds.
worker: completed task probe in 3.743171691894531e-05 seconds.
worker: completed task probe in 3.62396240234375e-05 seconds.
worker: completed task probe in 3.457069396972656e-05 seconds.
worker: completed task probe in 4.0531158447265625e-05 seconds.
worker: completed task probe in 3.695487976074219e-05 seconds.
worker: completed task probe in 3.361701965332031e-05 seconds.
worker: completed task probe in 3.600120544433594e-05 seconds.
worker: completed task probe in 4.124641418457031e-05 seconds.
worker: completed task probe in 3.4809112548828125e-05 seconds.
worker: completed task probe in 3.361701965332031e-05 seconds.
worker: completed task probe in 3.361701965332031e-05 seconds.
worker: completed task probe in 3.4332275390625e-05 seconds.
worker: completed task probe in 4.1961669921875e-05 seconds.
worker: completed task probe in 3.4809112548828125e-05 seconds.
worker: completed task probe in 3.337860107421875e-05 seconds.
worker: completed task probe in 3.4809112548828125e-05 seconds.
worker: completed task probe in 3.361701965332031e-05 seconds.
worker: completed task probe in 3.361701965332031e-05 seconds.
worker: completed task probe in 3.528594970703125e-05 seconds.
worker: completed task probe in 3.647804260253906e-05 seconds.
worker: completed task probe in 3.3855438232421875e-05 seconds.
worker: completed task probe in 3.314018249511719e-05 seconds.
worker: completed task probe in 3.4332275390625e-05 seconds.
worker: completed task probe in 3.5762786865234375e-05 seconds.
worker: completed task probe in 3.552436828613281e-05 seconds.
worker: completed task probe in 3.600120544433594e-05 seconds.
worker: completed task probe in 4.029273986816406e-05 seconds.
worker: completed task probe in 3.2901763916015625e-05 seconds.
worker: completed task probe in 3.24249267578125e-05 seconds.
worker: completed task probe in 3.528594970703125e-05 seconds.
worker: completed task probe in 3.504753112792969e-05 seconds.
worker: completed task probe in 3.814697265625e-05 seconds.
worker: completed task probe in 3.266334533691406e-05 seconds.
worker: completed task probe in 3.4809112548828125e-05 seconds.
worker: completed task probe in 3.314018249511719e-05 seconds.
worker: completed task probe in 3.361701965332031e-05 seconds.
worker: completed task probe in 3.838539123535156e-05 seconds.
worker: completed task probe in 3.409385681152344e-05 seconds.
worker: completed task probe in 3.409385681152344e-05 seconds.
worker: completed task probe in 3.457069396972656e-05 seconds.
worker: completed task probe in 3.337860107421875e-05 seconds.
worker: completed task probe in 3.314018249511719e-05 seconds.
worker: completed task probe in 3.457069396972656e-05 seconds.
worker: completed task probe in 3.7670135498046875e-05 seconds.
worker: completed task probe in 3.3855438232421875e-05 seconds.
worker: completed task probe in 3.218650817871094e-05 seconds.
worker: completed task probe in 3.528594970703125e-05 seconds.
worker: completed task probe in 3.3855438232421875e-05 seconds.
worker: completed task probe in 3.6716461181640625e-05 seconds.
worker: completed task probe in 3.361701965332031e-05 seconds.
worker: completed task probe in 3.314018249511719e-05 seconds.
worker: completed task probe in 3.719329833984375e-05 seconds.
worker: completed task probe in 3.2901763916015625e-05 seconds.
worker: completed task probe in 3.528594970703125e-05 seconds.
worker: completed task probe in 3.457069396972656e-05 seconds.
worker: completed task probe in 3.552436828613281e-05 seconds.
worker: completed task probe in 3.24249267578125e-05 seconds.
worker: completed task probe in 3.266334533691406e-05 seconds.
worker: completed task probe in 3.266334533691406e-05 seconds.
worker: completed task probe in 3.266334533691406e-05 seconds.
worker: completed task probe in 3.4809112548828125e-05 seconds.
worker: completed task probe in 3.4809112548828125e-05 seconds.
worker: completed task probe in 3.2901763916015625e-05 seconds.
worker: completed task probe in 3.337860107421875e-05 seconds.
worker: completed task probe in 3.2901763916015625e-05 seconds.
worker: completed task probe in 4.076957702636719e-05 seconds.
worker: completed task probe in 3.695487976074219e-05 seconds.
worker: completed task probe in 3.409385681152344e-05 seconds.
worker: completed task probe in 3.314018249511719e-05 seconds.
worker: completed task probe in 4.315376281738281e-05 seconds.
worker: completed task probe in 4.363059997558594e-05 seconds.
worker: completed task probe in 3.4809112548828125e-05 seconds.
worker: completed task probe in 6.341934204101562e-05 seconds.
worker: completed task probe in 3.838539123535156e-05 seconds.
worker: completed task probe in 4.0531158447265625e-05 seconds.
worker: completed task probe in 3.457069396972656e-05 seconds.
worker: completed task probe in 3.3855438232421875e-05 seconds.
worker: completed task probe in 3.600120544433594e-05 seconds.
worker: completed task probe in 3.6716461181640625e-05 seconds.
worker: completed task probe in 3.4332275390625e-05 seconds.
worker: completed task probe in 3.337860107421875e-05 seconds.
worker: completed task probe in 3.361701965332031e-05 seconds.
worker: completed task probe in 3.2901763916015625e-05 seconds.
worker: completed task probe in 3.1948089599609375e-05 seconds.
worker: completed task probe in 3.647804260253906e-05 seconds.
worker: completed task links in 0.00035881996154785156 seconds.
worker: completed task generators in 0.0019176006317138672 seconds.
worker: completed task links in 0.00034880638122558594 seconds.
apkeep: dmz.uni-potsdam.de discriminates among its ingress ports; demultiplexed into 2 element(s): dmz.uni-potsdam.de@1, dmz.uni-potsdam.de@2
apkeep: wifi.uni-potsdam.de discriminates among its ingress ports; demultiplexed into 2 element(s): wifi.uni-potsdam.de@1, wifi.uni-potsdam.de@3
apkeep: ingress demultiplexing split 2 device(s) into 4 element(s) -- a representational cost of the AP model, not a change to the FaVe model
worker: completed task check_compliance in 0.558255672454834 seconds.
worker: completed task report in 0.001857757568359375 seconds.
worker: initiate stopping
worker: completed task stop in 6.318092346191406e-05 seconds.
worker: stop handler after 2.1058413982391357 seconds.
master: close receiving socket
master: join queue
master: join handler thread
master: finished run
master: stop reporter
