[0.006s][info][gc] Using G1
[0.090s][info][gc] GC(0) Pause Full (System.gc()) 10M->2M(80M) 7.326ms
[0.112s][info][gc] GC(1) Pause Full (System.gc()) 5M->3M(32M) 6.529ms
[1.913s][info][gc] GC(2) Pause Young (Concurrent Start) (G1 Humongous Allocation) 7M->5M(32M) 1.314ms
[1.913s][info][gc] GC(3) Concurrent Undo Cycle
[1.913s][info][gc] GC(3) Concurrent Undo Cycle 0.101ms
[1.917s][info][gc] GC(4) Pause Young (Concurrent Start) (G1 Humongous Allocation) 21M->21M(48M) 1.497ms
[1.917s][info][gc] GC(5) Concurrent Mark Cycle
[1.921s][info][gc] GC(5) Pause Remark 29M->29M(72M) 0.688ms
[1.922s][info][gc] GC(5) Pause Cleanup 29M->29M(72M) 0.026ms
[1.922s][info][gc] GC(5) Concurrent Mark Cycle 4.991ms
[1.957s][info][gc] GC(6) Pause Young (Prepare Mixed) (G1 Evacuation Pause) 101M->98M(120M) 2.864ms
[1.998s][info][gc] GC(7) Pause Full (System.gc()) 100M->99M(176M) 12.357ms
[2.003s][info][gc] GC(8) Pause Full (System.gc()) 99M->99M(176M) 4.899ms
[2.053s][info][gc] GC(9) Pause Full (System.gc()) 106M->101M(192M) 8.489ms
[2.146s][info][gc] GC(10) Pause Young (Concurrent Start) (G1 Evacuation Pause) 133M->104M(192M) 3.323ms
[2.146s][info][gc] GC(11) Concurrent Mark Cycle
[2.150s][info][gc] GC(11) Pause Remark 105M->105M(200M) 1.573ms
[2.151s][info][gc] GC(11) Pause Cleanup 105M->105M(200M) 0.041ms
[2.152s][info][gc] GC(11) Concurrent Mark Cycle 6.087ms
[2.175s][info][gc] GC(12) Pause Full (System.gc()) 110M->103M(200M) 12.517ms
[2.354s][info][gc] GC(13) Pause Young (Concurrent Start) (G1 Evacuation Pause) 167M->107M(608M) 3.534ms
[2.354s][info][gc] GC(14) Concurrent Mark Cycle
[2.361s][info][gc] GC(14) Pause Remark 108M->108M(400M) 1.205ms
[2.363s][info][gc] GC(14) Pause Cleanup 108M->108M(400M) 0.040ms
[2.363s][info][gc] GC(14) Concurrent Mark Cycle 9.086ms
[3.060s][info][gc] GC(15) Pause Young (Prepare Mixed) (G1 Evacuation Pause) 355M->152M(416M) 12.908ms
[3.631s][info][gc] GC(16) Pause Young (Mixed) (G1 Evacuation Pause) 312M->156M(416M) 8.369ms
[3.674s][info][gc] GC(17) Pause Young (Normal) (G1 Evacuation Pause) 164M->155M(416M) 3.577ms
[3.852s][info][gc] GC(18) Pause Young (Normal) (G1 Evacuation Pause) 203M->155M(560M) 3.621ms
[4.513s][info][gc] GC(19) Pause Young (Normal) (G1 Evacuation Pause) 323M->157M(560M) 4.417ms
[5.454s][info][gc] GC(20) Pause Young (Normal) (G1 Evacuation Pause) 437M->162M(560M) 5.427ms
[6.458s][info][gc] GC(21) Pause Young (Normal) (G1 Evacuation Pause) 466M->168M(560M) 6.366ms
[10.002s][info][gc] GC(22) Pause Young (Concurrent Start) (G1 Humongous Allocation) 356M->156M(560M) 6.919ms
[10.002s][info][gc] GC(23) Concurrent Undo Cycle
[10.002s][info][gc] GC(23) Concurrent Undo Cycle 0.166ms
[12.498s][info][gc] GC(24) Pause Young (Concurrent Start) (G1 Humongous Allocation) 276M->159M(560M) 6.800ms
[12.498s][info][gc] GC(25) Concurrent Undo Cycle
[12.499s][info][gc] GC(25) Concurrent Undo Cycle 0.117ms
[15.673s][info][gc] GC(26) Pause Young (Normal) (G1 Evacuation Pause) 551M->334M(624M) 19.641ms
[15.737s][info][gc] GC(27) Pause Full (System.gc()) 338M->298M(624M) 40.903ms
[17.256s][info][gc] GC(28) Pause Young (Concurrent Start) (G1 Evacuation Pause) 514M->327M(624M) 9.240ms
[17.256s][info][gc] GC(29) Concurrent Mark Cycle
[17.291s][info][gc] GC(29) Pause Remark 335M->335M(624M) 0.822ms
[17.314s][info][gc] GC(29) Pause Cleanup 339M->339M(624M) 0.080ms
[17.315s][info][gc] GC(29) Concurrent Mark Cycle 58.107ms
[21.540s][info][gc] GC(30) Pause Young (Prepare Mixed) (G1 Evacuation Pause) 551M->386M(672M) 16.052ms
[33.915s][info][gc] GC(31) Pause Young (Mixed) (G1 Evacuation Pause) 586M->456M(712M) 21.668ms
[50.550s][info][gc] GC(32) Pause Young (Concurrent Start) (G1 Evacuation Pause) 584M->528M(712M) 19.158ms
[50.550s][info][gc] GC(33) Concurrent Mark Cycle
[50.633s][info][gc] GC(33) Pause Remark 538M->538M(920M) 1.473ms
[50.833s][info][gc] GC(33) Pause Cleanup 554M->554M(920M) 0.125ms
[50.834s][info][gc] GC(33) Concurrent Mark Cycle 284.074ms
[58.845s][info][gc] GC(34) Pause Young (Prepare Mixed) (G1 Evacuation Pause) 600M->560M(920M) 17.304ms
[82.502s][info][gc] GC(35) Pause Young (Mixed) (G1 Evacuation Pause) 776M->616M(920M) 25.374ms
[105.306s][info][gc] GC(36) Pause Young (Concurrent Start) (G1 Evacuation Pause) 768M->670M(920M) 25.569ms
[105.306s][info][gc] GC(37) Concurrent Mark Cycle
[105.432s][info][gc] GC(37) Pause Remark 673M->673M(1136M) 1.085ms
[105.738s][info][gc] GC(37) Pause Cleanup 673M->673M(1136M) 0.136ms
[105.739s][info][gc] GC(37) Concurrent Mark Cycle 433.465ms
[127.503s][info][gc] GC(38) Pause Young (Prepare Mixed) (G1 Evacuation Pause) 854M->735M(1136M) 26.209ms
[173.975s][info][gc] GC(39) Pause Young (Mixed) (G1 Evacuation Pause) 943M->791M(1136M) 34.891ms
[180.458s][info][gc] GC(40) Pause Young (Concurrent Start) (G1 Humongous Allocation) 855M->836M(1136M) 23.763ms
[180.458s][info][gc] GC(41) Concurrent Mark Cycle
[180.635s][info][gc] GC(41) Pause Remark 903M->903M(1512M) 1.450ms
[181.042s][info][gc] GC(41) Pause Cleanup 903M->903M(1512M) 0.184ms
[181.043s][info][gc] GC(41) Concurrent Mark Cycle 585.471ms
[204.863s][info][gc] GC(42) Pause Young (Prepare Mixed) (G1 Evacuation Pause) 1028M->880M(1512M) 29.316ms
[259.451s][info][gc] GC(43) Pause Young (Mixed) (G1 Evacuation Pause) 1208M->854M(1512M) 29.724ms
[259.896s][info][gc] GC(44) Pause Young (Concurrent Start) (G1 Evacuation Pause) 1198M->867M(1512M) 16.657ms
[259.896s][info][gc] GC(45) Concurrent Mark Cycle
[260.091s][info][gc] GC(45) Pause Remark 1027M->1027M(1512M) 1.485ms
[260.215s][info][gc] GC(46) Pause Full (System.gc()) 1031M->741M(1512M) 99.069ms
[260.215s][info][gc] GC(45) Concurrent Mark Cycle 319.531ms
[260.866s][info][gc] GC(47) Pause Young (Normal) (G1 Evacuation Pause) 1253M->743M(1512M) 0.950ms
[261.542s][info][gc] GC(48) Pause Young (Concurrent Start) (G1 Evacuation Pause) 1295M->743M(1512M) 1.144ms
[261.542s][info][gc] GC(49) Concurrent Mark Cycle
[261.752s][info][gc] GC(49) Pause Remark 903M->903M(1512M) 0.628ms
[261.817s][info][gc] GC(49) Pause Cleanup 955M->955M(1512M) 0.120ms
[261.817s][info][gc] GC(49) Concurrent Mark Cycle 275.029ms
[262.258s][info][gc] GC(50) Pause Young (Prepare Mixed) (G1 Evacuation Pause) 1327M->743M(1512M) 1.084ms
[262.975s][info][gc] GC(51) Pause Young (Mixed) (G1 Evacuation Pause) 1351M->743M(1512M) 2.294ms
[263.723s][info][gc] GC(52) Pause Young (Concurrent Start) (G1 Evacuation Pause) 1375M->743M(1512M) 1.072ms
[263.723s][info][gc] GC(53) Concurrent Mark Cycle
[263.937s][info][gc] GC(53) Pause Remark 907M->907M(1512M) 1.571ms
[264.003s][info][gc] GC(53) Pause Cleanup 963M->963M(1512M) 0.094ms
[264.003s][info][gc] GC(53) Concurrent Mark Cycle 280.859ms
[264.490s][info][gc] GC(54) Pause Young (Prepare Mixed) (G1 Evacuation Pause) 1375M->743M(1512M) 1.709ms
[265.258s][info][gc] GC(55) Pause Young (Mixed) (G1 Evacuation Pause) 1375M->743M(1512M) 1.210ms
[266.035s][info][gc] GC(56) Pause Young (Concurrent Start) (G1 Evacuation Pause) 1383M->743M(1512M) 1.310ms
[266.035s][info][gc] GC(57) Concurrent Mark Cycle
[266.243s][info][gc] GC(57) Pause Remark 903M->903M(1512M) 0.546ms
[266.309s][info][gc] GC(57) Pause Cleanup 955M->955M(1512M) 0.110ms
[266.309s][info][gc] GC(57) Concurrent Mark Cycle 274.493ms
[266.824s][info][gc] GC(58) Pause Young (Prepare Mixed) (G1 Evacuation Pause) 1383M->743M(1512M) 1.095ms
[267.577s][info][gc] GC(59) Pause Young (Mixed) (G1 Evacuation Pause) 1383M->743M(1512M) 1.739ms
[268.347s][info][gc] GC(60) Pause Young (Concurrent Start) (G1 Evacuation Pause) 1391M->743M(1512M) 1.091ms
[268.347s][info][gc] GC(61) Concurrent Mark Cycle
[268.554s][info][gc] GC(61) Pause Remark 891M->891M(1512M) 0.553ms
[268.619s][info][gc] GC(61) Pause Cleanup 943M->943M(1512M) 0.129ms
[268.619s][info][gc] GC(61) Concurrent Mark Cycle 272.425ms
[269.142s][info][gc] GC(62) Pause Young (Prepare Mixed) (G1 Evacuation Pause) 1391M->742M(1512M) 0.805ms
[269.931s][info][gc] GC(63) Pause Young (Mixed) (G1 Evacuation Pause) 1390M->743M(1512M) 2.178ms
[270.725s][info][gc] GC(64) Pause Young (Concurrent Start) (G1 Evacuation Pause) 1399M->743M(1512M) 1.095ms
[270.725s][info][gc] GC(65) Concurrent Mark Cycle
[270.933s][info][gc] GC(65) Pause Remark 911M->911M(1512M) 0.539ms
[270.999s][info][gc] GC(65) Pause Cleanup 963M->963M(1512M) 0.112ms
[270.999s][info][gc] GC(65) Concurrent Mark Cycle 274.187ms
[271.525s][info][gc] GC(66) Pause Young (Prepare Mixed) (G1 Evacuation Pause) 1399M->742M(1512M) 0.929ms
[272.352s][info][gc] GC(67) Pause Young (Mixed) (G1 Evacuation Pause) 1398M->742M(1512M) 2.886ms
[273.145s][info][gc] GC(68) Pause Young (Concurrent Start) (G1 Evacuation Pause) 1398M->743M(1512M) 1.146ms
[273.145s][info][gc] GC(69) Concurrent Mark Cycle
[273.351s][info][gc] GC(69) Pause Remark 895M->895M(1512M) 0.586ms
[273.414s][info][gc] GC(69) Pause Cleanup 943M->943M(1512M) 0.144ms
[273.415s][info][gc] GC(69) Concurrent Mark Cycle 269.198ms
[273.954s][info][gc] GC(70) Pause Young (Prepare Mixed) (G1 Evacuation Pause) 1399M->743M(1512M) 1.298ms
[274.747s][info][gc] GC(71) Pause Young (Mixed) (G1 Evacuation Pause) 1399M->742M(1512M) 3.065ms
[275.564s][info][gc] GC(72) Pause Young (Concurrent Start) (G1 Evacuation Pause) 1406M->743M(1512M) 1.180ms
[275.564s][info][gc] GC(73) Concurrent Mark Cycle
[275.769s][info][gc] GC(73) Pause Remark 895M->895M(1512M) 0.593ms
[275.832s][info][gc] GC(73) Pause Cleanup 943M->943M(1512M) 0.106ms
[275.833s][info][gc] GC(73) Concurrent Mark Cycle 268.415ms
[276.397s][info][gc] GC(74) Pause Young (Prepare Mixed) (G1 Evacuation Pause) 1407M->743M(1512M) 1.898ms
[277.199s][info][gc] GC(75) Pause Young (Mixed) (G1 Evacuation Pause) 1407M->743M(1512M) 3.141ms
[278.005s][info][gc] GC(76) Pause Young (Concurrent Start) (G1 Evacuation Pause) 1415M->743M(1512M) 1.014ms
[278.005s][info][gc] GC(77) Concurrent Mark Cycle
[278.210s][info][gc] GC(77) Pause Remark 907M->907M(1512M) 0.505ms
[278.275s][info][gc] GC(77) Pause Cleanup 955M->955M(1512M) 0.110ms
[278.275s][info][gc] GC(77) Concurrent Mark Cycle 270.553ms
[278.820s][info][gc] GC(78) Pause Young (Prepare Mixed) (G1 Evacuation Pause) 1415M->743M(1512M) 0.912ms
[279.621s][info][gc] GC(79) Pause Young (Mixed) (G1 Evacuation Pause) 1415M->743M(1512M) 4.555ms
[280.418s][info][gc] GC(80) Pause Young (Concurrent Start) (G1 Evacuation Pause) 1415M->742M(1512M) 1.003ms
[280.418s][info][gc] GC(81) Concurrent Mark Cycle
[280.623s][info][gc] GC(81) Pause Remark 894M->894M(1512M) 0.581ms
[280.679s][info][gc] GC(81) Pause Cleanup 942M->942M(1512M) 0.093ms
[280.680s][info][gc] GC(81) Concurrent Mark Cycle 261.602ms
[281.249s][info][gc] GC(82) Pause Young (Prepare Mixed) (G1 Evacuation Pause) 1414M->743M(1512M) 0.811ms
[282.057s][info][gc] GC(83) Pause Young (Mixed) (G1 Evacuation Pause) 1415M->744M(1512M) 6.756ms
[282.871s][info][gc] GC(84) Pause Young (Concurrent Start) (G1 Evacuation Pause) 1416M->744M(1512M) 1.073ms
[282.871s][info][gc] GC(85) Concurrent Mark Cycle
[283.075s][info][gc] GC(85) Pause Remark 900M->900M(1512M) 0.643ms
[283.125s][info][gc] GC(85) Pause Cleanup 944M->944M(1512M) 0.088ms
[283.125s][info][gc] GC(85) Concurrent Mark Cycle 254.035ms
[283.687s][info][gc] GC(86) Pause Young (Normal) (G1 Evacuation Pause) 1416M->744M(1512M) 1.273ms
[284.483s][info][gc] GC(87) Pause Young (Concurrent Start) (G1 Evacuation Pause) 1416M->743M(1512M) 1.274ms
[284.483s][info][gc] GC(88) Concurrent Mark Cycle
[284.686s][info][gc] GC(88) Pause Remark 919M->919M(1512M) 0.830ms
[284.735s][info][gc] GC(88) Pause Cleanup 959M->959M(1512M) 0.106ms
[284.736s][info][gc] GC(88) Concurrent Mark Cycle 252.649ms
[285.270s][info][gc] GC(89) Pause Young (Normal) (G1 Evacuation Pause) 1415M->744M(1512M) 1.312ms
[286.065s][info][gc] GC(90) Pause Young (Concurrent Start) (G1 Evacuation Pause) 1416M->744M(1512M) 1.250ms
[286.065s][info][gc] GC(91) Concurrent Mark Cycle
[286.266s][info][gc] GC(91) Pause Remark 912M->912M(1512M) 0.511ms
[286.316s][info][gc] GC(91) Pause Cleanup 956M->956M(1512M) 0.098ms
[286.316s][info][gc] GC(91) Concurrent Mark Cycle 251.236ms
[286.857s][info][gc] GC(92) Pause Young (Normal) (G1 Evacuation Pause) 1416M->744M(1512M) 1.195ms
[287.642s][info][gc] GC(93) Pause Young (Concurrent Start) (G1 Evacuation Pause) 1416M->742M(1512M) 0.867ms
[287.642s][info][gc] GC(94) Concurrent Mark Cycle
[287.845s][info][gc] GC(94) Pause Remark 906M->906M(1512M) 0.588ms
[287.894s][info][gc] GC(94) Pause Cleanup 946M->946M(1512M) 0.102ms
[287.895s][info][gc] GC(94) Concurrent Mark Cycle 253.230ms
[288.440s][info][gc] GC(95) Pause Young (Normal) (G1 Evacuation Pause) 1414M->743M(1512M) 1.276ms
[289.232s][info][gc] GC(96) Pause Young (Concurrent Start) (G1 Evacuation Pause) 1415M->743M(1512M) 1.089ms
[289.232s][info][gc] GC(97) Concurrent Mark Cycle
[289.434s][info][gc] GC(97) Pause Remark 903M->903M(1512M) 0.775ms
[289.483s][info][gc] GC(97) Pause Cleanup 943M->943M(1512M) 0.087ms
[289.484s][info][gc] GC(97) Concurrent Mark Cycle 251.850ms
[290.040s][info][gc] GC(98) Pause Young (Normal) (G1 Evacuation Pause) 1415M->744M(1512M) 1.322ms
[290.838s][info][gc] GC(99) Pause Young (Concurrent Start) (G1 Evacuation Pause) 1416M->744M(1512M) 1.505ms
[290.838s][info][gc] GC(100) Concurrent Mark Cycle
[291.041s][info][gc] GC(100) Pause Remark 900M->900M(1512M) 0.580ms
[291.091s][info][gc] GC(100) Pause Cleanup 940M->940M(1512M) 0.087ms
[291.091s][info][gc] GC(100) Concurrent Mark Cycle 252.541ms
[291.651s][info][gc] GC(101) Pause Young (Normal) (G1 Evacuation Pause) 1416M->743M(1512M) 1.370ms
[292.401s][info][gc] GC(102) Pause Young (Concurrent Start) (G1 Evacuation Pause) 1415M->744M(1512M) 1.861ms
[292.401s][info][gc] GC(103) Concurrent Mark Cycle
[292.605s][info][gc] GC(103) Pause Remark 904M->904M(1512M) 0.641ms
[292.655s][info][gc] GC(103) Pause Cleanup 952M->952M(1512M) 0.091ms
[292.655s][info][gc] GC(103) Concurrent Mark Cycle 253.849ms
[293.205s][info][gc] GC(104) Pause Young (Normal) (G1 Evacuation Pause) 1416M->742M(1512M) 1.017ms
[293.990s][info][gc] GC(105) Pause Young (Concurrent Start) (G1 Evacuation Pause) 1414M->744M(1512M) 1.303ms
[293.990s][info][gc] GC(106) Concurrent Mark Cycle
[294.191s][info][gc] GC(106) Pause Remark 896M->896M(1512M) 0.594ms
[294.241s][info][gc] GC(106) Pause Cleanup 936M->936M(1512M) 0.089ms
[294.241s][info][gc] GC(106) Concurrent Mark Cycle 250.618ms
[294.814s][info][gc] GC(107) Pause Young (Normal) (G1 Evacuation Pause) 1416M->743M(1512M) 1.057ms
[295.623s][info][gc] GC(108) Pause Young (Concurrent Start) (G1 Evacuation Pause) 1415M->744M(1512M) 1.295ms
[295.623s][info][gc] GC(109) Concurrent Mark Cycle
[295.825s][info][gc] GC(109) Pause Remark 904M->904M(1512M) 0.532ms
[295.875s][info][gc] GC(109) Pause Cleanup 944M->944M(1512M) 0.110ms
[295.875s][info][gc] GC(109) Concurrent Mark Cycle 252.047ms
[296.426s][info][gc] GC(110) Pause Young (Normal) (G1 Evacuation Pause) 1416M->744M(1512M) 1.143ms
[297.219s][info][gc] GC(111) Pause Young (Concurrent Start) (G1 Evacuation Pause) 1416M->744M(1512M) 2.130ms
[297.219s][info][gc] GC(112) Concurrent Mark Cycle
[297.420s][info][gc] GC(112) Pause Remark 904M->904M(1512M) 0.547ms
[297.470s][info][gc] GC(112) Pause Cleanup 944M->944M(1512M) 0.081ms
[297.470s][info][gc] GC(112) Concurrent Mark Cycle 251.410ms
[298.023s][info][gc] GC(113) Pause Young (Normal) (G1 Evacuation Pause) 1416M->743M(1512M) 1.022ms
[298.820s][info][gc] GC(114) Pause Young (Concurrent Start) (G1 Evacuation Pause) 1415M->744M(1512M) 1.331ms
[298.820s][info][gc] GC(115) Concurrent Mark Cycle
[299.025s][info][gc] GC(115) Pause Remark 904M->904M(1512M) 0.664ms
[299.076s][info][gc] GC(115) Pause Cleanup 944M->944M(1512M) 0.076ms
[299.076s][info][gc] GC(115) Concurrent Mark Cycle 255.556ms
[299.635s][info][gc] GC(116) Pause Young (Normal) (G1 Evacuation Pause) 1416M->744M(1512M) 1.004ms
[300.422s][info][gc] GC(117) Pause Young (Concurrent Start) (G1 Evacuation Pause) 1416M->744M(1512M) 1.044ms
[300.422s][info][gc] GC(118) Concurrent Mark Cycle
[300.625s][info][gc] GC(118) Pause Remark 900M->900M(1512M) 0.493ms
[300.675s][info][gc] GC(118) Pause Cleanup 944M->944M(1512M) 0.059ms
[300.675s][info][gc] GC(118) Concurrent Mark Cycle 252.805ms
[301.198s][info][gc] GC(119) Pause Young (Normal) (G1 Evacuation Pause) 1416M->744M(1512M) 1.261ms
[301.981s][info][gc] GC(120) Pause Young (Concurrent Start) (G1 Evacuation Pause) 1416M->744M(1512M) 1.056ms
[301.981s][info][gc] GC(121) Concurrent Mark Cycle
[302.183s][info][gc] GC(121) Pause Remark 908M->908M(1512M) 0.557ms
[302.233s][info][gc] GC(121) Pause Cleanup 956M->956M(1512M) 0.080ms
[302.233s][info][gc] GC(121) Concurrent Mark Cycle 251.868ms
[302.777s][info][gc] GC(122) Pause Young (Normal) (G1 Evacuation Pause) 1416M->744M(1512M) 0.999ms
[303.581s][info][gc] GC(123) Pause Young (Concurrent Start) (G1 Evacuation Pause) 1416M->744M(1512M) 1.027ms
[303.581s][info][gc] GC(124) Concurrent Mark Cycle
[303.782s][info][gc] GC(124) Pause Remark 892M->892M(1512M) 0.478ms
[303.832s][info][gc] GC(124) Pause Cleanup 936M->936M(1512M) 0.053ms
[303.832s][info][gc] GC(124) Concurrent Mark Cycle 250.870ms
[304.398s][info][gc] GC(125) Pause Young (Normal) (G1 Evacuation Pause) 1416M->744M(1512M) 1.022ms
[305.179s][info][gc] GC(126) Pause Young (Concurrent Start) (G1 Evacuation Pause) 1416M->743M(1512M) 0.983ms
[305.179s][info][gc] GC(127) Concurrent Mark Cycle
[305.382s][info][gc] GC(127) Pause Remark 899M->899M(1512M) 0.434ms
[305.432s][info][gc] GC(127) Pause Cleanup 939M->939M(1512M) 0.062ms
[305.432s][info][gc] GC(127) Concurrent Mark Cycle 253.081ms
[306.077s][info][gc] GC(128) Pause Young (Normal) (G1 Evacuation Pause) 1415M->744M(1512M) 1.045ms
[306.871s][info][gc] GC(129) Pause Young (Concurrent Start) (G1 Evacuation Pause) 1416M->743M(1512M) 0.960ms
[306.871s][info][gc] GC(130) Concurrent Mark Cycle
[307.072s][info][gc] GC(130) Pause Remark 903M->903M(1512M) 0.568ms
[307.121s][info][gc] GC(130) Pause Cleanup 947M->947M(1512M) 0.060ms
[307.121s][info][gc] GC(130) Concurrent Mark Cycle 250.254ms
[307.678s][info][gc] GC(131) Pause Young (Normal) (G1 Evacuation Pause) 1415M->744M(1512M) 1.071ms
[308.479s][info][gc] GC(132) Pause Young (Concurrent Start) (G1 Evacuation Pause) 1416M->744M(1512M) 1.057ms
[308.479s][info][gc] GC(133) Concurrent Mark Cycle
[308.680s][info][gc] GC(133) Pause Remark 908M->908M(1512M) 0.497ms
[308.729s][info][gc] GC(133) Pause Cleanup 956M->956M(1512M) 0.066ms
[308.729s][info][gc] GC(133) Concurrent Mark Cycle 250.683ms
[309.250s][info][gc] GC(134) Pause Young (Normal) (G1 Evacuation Pause) 1416M->743M(1512M) 0.765ms
[310.036s][info][gc] GC(135) Pause Young (Concurrent Start) (G1 Evacuation Pause) 1415M->744M(1512M) 0.992ms
[310.036s][info][gc] GC(136) Concurrent Mark Cycle
[310.238s][info][gc] GC(136) Pause Remark 904M->904M(1512M) 0.455ms
[310.288s][info][gc] GC(136) Pause Cleanup 944M->944M(1512M) 0.086ms
[310.288s][info][gc] GC(136) Concurrent Mark Cycle 252.349ms
[310.834s][info][gc] GC(137) Pause Young (Normal) (G1 Evacuation Pause) 1416M->744M(1512M) 1.021ms
[311.635s][info][gc] GC(138) Pause Young (Concurrent Start) (G1 Evacuation Pause) 1416M->743M(1512M) 0.907ms
[311.635s][info][gc] GC(139) Concurrent Mark Cycle
[311.837s][info][gc] GC(139) Pause Remark 891M->891M(1512M) 0.436ms
[311.886s][info][gc] GC(139) Pause Cleanup 935M->935M(1512M) 0.084ms
[311.886s][info][gc] GC(139) Concurrent Mark Cycle 251.334ms
[312.466s][info][gc] GC(140) Pause Young (Normal) (G1 Evacuation Pause) 1415M->744M(1512M) 0.950ms
[313.267s][info][gc] GC(141) Pause Young (Concurrent Start) (G1 Evacuation Pause) 1416M->744M(1512M) 0.977ms
[313.267s][info][gc] GC(142) Concurrent Mark Cycle
[313.469s][info][gc] GC(142) Pause Remark 908M->908M(1512M) 0.490ms
[313.519s][info][gc] GC(142) Pause Cleanup 952M->952M(1512M) 0.077ms
[313.519s][info][gc] GC(142) Concurrent Mark Cycle 251.715ms
[314.047s][info][gc] GC(143) Pause Young (Normal) (G1 Evacuation Pause) 1416M->743M(1512M) 0.913ms
[314.839s][info][gc] GC(144) Pause Young (Concurrent Start) (G1 Evacuation Pause) 1415M->743M(1512M) 0.960ms
[314.839s][info][gc] GC(145) Concurrent Mark Cycle
[315.039s][info][gc] GC(145) Pause Remark 899M->899M(1512M) 0.459ms
[315.090s][info][gc] GC(145) Pause Cleanup 939M->939M(1512M) 0.086ms
[315.090s][info][gc] GC(145) Concurrent Mark Cycle 251.496ms
[315.645s][info][gc] GC(146) Pause Young (Normal) (G1 Evacuation Pause) 1415M->744M(1512M) 1.069ms
[316.445s][info][gc] GC(147) Pause Young (Concurrent Start) (G1 Evacuation Pause) 1416M->743M(1512M) 1.287ms
[316.445s][info][gc] GC(148) Concurrent Mark Cycle
[316.645s][info][gc] GC(148) Pause Remark 899M->899M(1512M) 0.450ms
[316.695s][info][gc] GC(148) Pause Cleanup 939M->939M(1512M) 0.092ms
[316.696s][info][gc] GC(148) Concurrent Mark Cycle 250.530ms
[317.259s][info][gc] GC(149) Pause Young (Normal) (G1 Evacuation Pause) 1415M->742M(1512M) 0.681ms
[318.051s][info][gc] GC(150) Pause Young (Concurrent Start) (G1 Evacuation Pause) 1414M->744M(1512M) 0.978ms
[318.051s][info][gc] GC(151) Concurrent Mark Cycle
[318.250s][info][gc] GC(151) Pause Remark 908M->908M(1512M) 0.486ms
[318.300s][info][gc] GC(151) Pause Cleanup 952M->952M(1512M) 0.095ms
[318.300s][info][gc] GC(151) Concurrent Mark Cycle 248.744ms
[318.829s][info][gc] GC(152) Pause Young (Normal) (G1 Evacuation Pause) 1416M->743M(1512M) 0.974ms
[319.615s][info][gc] GC(153) Pause Young (Concurrent Start) (G1 Evacuation Pause) 1415M->743M(1512M) 1.008ms
[319.615s][info][gc] GC(154) Concurrent Mark Cycle
[319.817s][info][gc] GC(154) Pause Remark 895M->895M(1512M) 0.608ms
[319.866s][info][gc] GC(154) Pause Cleanup 935M->935M(1512M) 0.093ms
[319.867s][info][gc] GC(154) Concurrent Mark Cycle 251.133ms
[320.441s][info][gc] GC(155) Pause Young (Normal) (G1 Evacuation Pause) 1415M->743M(1512M) 1.268ms
[321.259s][info][gc] GC(156) Pause Young (Concurrent Start) (G1 Evacuation Pause) 1415M->744M(1512M) 1.024ms
[321.259s][info][gc] GC(157) Concurrent Mark Cycle
[321.459s][info][gc] GC(157) Pause Remark 908M->908M(1512M) 0.459ms
[321.508s][info][gc] GC(157) Pause Cleanup 952M->952M(1512M) 0.099ms
[321.508s][info][gc] GC(157) Concurrent Mark Cycle 249.108ms
[322.040s][info][gc] GC(158) Pause Young (Normal) (G1 Evacuation Pause) 1416M->744M(1512M) 0.893ms
[322.826s][info][gc] GC(159) Pause Young (Concurrent Start) (G1 Evacuation Pause) 1416M->743M(1512M) 0.819ms
[322.826s][info][gc] GC(160) Concurrent Mark Cycle
[323.027s][info][gc] GC(160) Pause Remark 919M->919M(1512M) 0.475ms
[323.076s][info][gc] GC(160) Pause Cleanup 963M->963M(1512M) 0.064ms
[323.076s][info][gc] GC(160) Concurrent Mark Cycle 250.596ms
[323.613s][info][gc] GC(161) Pause Young (Normal) (G1 Evacuation Pause) 1415M->743M(1512M) 1.081ms
[324.401s][info][gc] GC(162) Pause Young (Concurrent Start) (G1 Evacuation Pause) 1415M->743M(1512M) 0.830ms
[324.401s][info][gc] GC(163) Concurrent Mark Cycle
[324.602s][info][gc] GC(163) Pause Remark 891M->891M(1512M) 0.468ms
[324.651s][info][gc] GC(163) Pause Cleanup 935M->935M(1512M) 0.092ms
[324.652s][info][gc] GC(163) Concurrent Mark Cycle 250.352ms
[325.225s][info][gc] GC(164) Pause Young (Normal) (G1 Evacuation Pause) 1415M->744M(1512M) 1.019ms
[326.020s][info][gc] GC(165) Pause Young (Concurrent Start) (G1 Evacuation Pause) 1416M->744M(1512M) 1.150ms
[326.020s][info][gc] GC(166) Concurrent Mark Cycle
[326.219s][info][gc] GC(166) Pause Remark 904M->904M(1512M) 0.448ms
[326.268s][info][gc] GC(166) Pause Cleanup 948M->948M(1512M) 0.082ms
[326.269s][info][gc] GC(166) Concurrent Mark Cycle 249.040ms
[326.808s][info][gc] GC(167) Pause Young (Normal) (G1 Evacuation Pause) 1416M->743M(1512M) 0.694ms
[327.591s][info][gc] GC(168) Pause Young (Concurrent Start) (G1 Evacuation Pause) 1415M->743M(1512M) 0.980ms
[327.591s][info][gc] GC(169) Concurrent Mark Cycle
[327.793s][info][gc] GC(169) Pause Remark 891M->891M(1512M) 0.619ms
[327.842s][info][gc] GC(169) Pause Cleanup 931M->931M(1512M) 0.067ms
[327.842s][info][gc] GC(169) Concurrent Mark Cycle 251.653ms
[328.429s][info][gc] GC(170) Pause Young (Normal) (G1 Evacuation Pause) 1415M->743M(1512M) 0.984ms
[329.242s][info][gc] GC(171) Pause Young (Concurrent Start) (G1 Evacuation Pause) 1415M->743M(1512M) 0.982ms
[329.243s][info][gc] GC(172) Concurrent Mark Cycle
[329.443s][info][gc] GC(172) Pause Remark 899M->899M(1512M) 0.453ms
[329.492s][info][gc] GC(172) Pause Cleanup 943M->943M(1512M) 0.094ms
[329.493s][info][gc] GC(172) Concurrent Mark Cycle 250.033ms
[330.055s][info][gc] GC(173) Pause Young (Normal) (G1 Evacuation Pause) 1415M->744M(1512M) 0.945ms
[330.870s][info][gc] GC(174) Pause Young (Concurrent Start) (G1 Evacuation Pause) 1416M->744M(1512M) 0.995ms
[330.870s][info][gc] GC(175) Concurrent Mark Cycle
[331.071s][info][gc] GC(175) Pause Remark 892M->892M(1512M) 0.482ms
[331.120s][info][gc] GC(175) Pause Cleanup 936M->936M(1512M) 0.097ms
[331.121s][info][gc] GC(175) Concurrent Mark Cycle 250.753ms
[331.678s][info][gc] GC(176) Pause Young (Normal) (G1 Evacuation Pause) 1416M->743M(1512M) 1.451ms
[332.480s][info][gc] GC(177) Pause Young (Concurrent Start) (G1 Evacuation Pause) 1415M->744M(1512M) 0.996ms
[332.480s][info][gc] GC(178) Concurrent Mark Cycle
[332.680s][info][gc] GC(178) Pause Remark 896M->896M(1512M) 0.467ms
[332.730s][info][gc] GC(178) Pause Cleanup 940M->940M(1512M) 0.073ms
[332.730s][info][gc] GC(178) Concurrent Mark Cycle 249.881ms
[333.297s][info][gc] GC(179) Pause Young (Normal) (G1 Evacuation Pause) 1416M->744M(1512M) 0.918ms
[334.109s][info][gc] GC(180) Pause Young (Concurrent Start) (G1 Evacuation Pause) 1416M->744M(1512M) 1.063ms
[334.109s][info][gc] GC(181) Concurrent Mark Cycle
[334.311s][info][gc] GC(181) Pause Remark 888M->888M(1512M) 0.543ms
[334.361s][info][gc] GC(181) Pause Cleanup 928M->928M(1512M) 0.070ms
[334.361s][info][gc] GC(181) Concurrent Mark Cycle 252.108ms
[334.942s][info][gc] GC(182) Pause Young (Normal) (G1 Evacuation Pause) 1416M->744M(1512M) 1.050ms
[335.759s][info][gc] GC(183) Pause Young (Concurrent Start) (G1 Evacuation Pause) 1416M->744M(1512M) 1.067ms
[335.759s][info][gc] GC(184) Concurrent Mark Cycle
[335.963s][info][gc] GC(184) Pause Remark 892M->892M(1512M) 0.526ms
[336.012s][info][gc] GC(184) Pause Cleanup 932M->932M(1512M) 0.065ms
[336.012s][info][gc] GC(184) Concurrent Mark Cycle 252.844ms
[336.578s][info][gc] GC(185) Pause Young (Normal) (G1 Evacuation Pause) 1416M->744M(1512M) 1.040ms
[337.398s][info][gc] GC(186) Pause Young (Concurrent Start) (G1 Evacuation Pause) 1416M->744M(1512M) 1.059ms
[337.398s][info][gc] GC(187) Concurrent Mark Cycle
[337.597s][info][gc] GC(187) Pause Remark 888M->888M(1512M) 0.498ms
[337.646s][info][gc] GC(187) Pause Cleanup 928M->928M(1512M) 0.081ms
[337.647s][info][gc] GC(187) Concurrent Mark Cycle 249.247ms
[338.226s][info][gc] GC(188) Pause Young (Normal) (G1 Evacuation Pause) 1416M->743M(1512M) 0.943ms
[339.016s][info][gc] GC(189) Pause Young (Concurrent Start) (G1 Evacuation Pause) 1415M->743M(1512M) 1.019ms
[339.016s][info][gc] GC(190) Concurrent Mark Cycle
[339.216s][info][gc] GC(190) Pause Remark 899M->899M(1512M) 0.483ms
[339.265s][info][gc] GC(190) Pause Cleanup 939M->939M(1512M) 0.078ms
[339.266s][info][gc] GC(190) Concurrent Mark Cycle 249.413ms
[339.834s][info][gc] GC(191) Pause Young (Normal) (G1 Evacuation Pause) 1415M->744M(1512M) 1.013ms
[340.643s][info][gc] GC(192) Pause Young (Concurrent Start) (G1 Evacuation Pause) 1416M->744M(1512M) 1.079ms
[340.643s][info][gc] GC(193) Concurrent Mark Cycle
[340.847s][info][gc] GC(193) Pause Remark 904M->904M(1512M) 0.481ms
[340.896s][info][gc] GC(193) Pause Cleanup 944M->944M(1512M) 0.071ms
[340.896s][info][gc] GC(193) Concurrent Mark Cycle 252.759ms
[341.455s][info][gc] GC(194) Pause Young (Normal) (G1 Evacuation Pause) 1416M->744M(1512M) 0.950ms
[342.260s][info][gc] GC(195) Pause Young (Concurrent Start) (G1 Evacuation Pause) 1416M->742M(1512M) 0.789ms
[342.260s][info][gc] GC(196) Concurrent Mark Cycle
[342.464s][info][gc] GC(196) Pause Remark 894M->894M(1512M) 0.555ms
[342.514s][info][gc] GC(196) Pause Cleanup 938M->938M(1512M) 0.086ms
[342.514s][info][gc] GC(196) Concurrent Mark Cycle 253.982ms
[343.086s][info][gc] GC(197) Pause Young (Normal) (G1 Evacuation Pause) 1414M->743M(1512M) 1.080ms
[343.905s][info][gc] GC(198) Pause Young (Concurrent Start) (G1 Evacuation Pause) 1415M->743M(1512M) 0.869ms
[343.905s][info][gc] GC(199) Concurrent Mark Cycle
[344.108s][info][gc] GC(199) Pause Remark 899M->899M(1512M) 0.508ms
[344.158s][info][gc] GC(199) Pause Cleanup 943M->943M(1512M) 0.076ms
[344.159s][info][gc] GC(199) Concurrent Mark Cycle 253.352ms
[344.727s][info][gc] GC(200) Pause Young (Normal) (G1 Evacuation Pause) 1415M->743M(1512M) 0.844ms
[345.549s][info][gc] GC(201) Pause Young (Concurrent Start) (G1 Evacuation Pause) 1415M->743M(1512M) 1.198ms
[345.549s][info][gc] GC(202) Concurrent Mark Cycle
[345.751s][info][gc] GC(202) Pause Remark 899M->899M(1512M) 0.503ms
[345.802s][info][gc] GC(202) Pause Cleanup 943M->943M(1512M) 0.076ms
[345.802s][info][gc] GC(202) Concurrent Mark Cycle 253.229ms
[346.343s][info][gc] GC(203) Pause Young (Normal) (G1 Evacuation Pause) 1415M->743M(1512M) 0.935ms
[347.107s][info][gc] GC(204) Pause Young (Concurrent Start) (G1 Evacuation Pause) 1415M->744M(1512M) 1.110ms
[347.108s][info][gc] GC(205) Concurrent Mark Cycle
[347.310s][info][gc] GC(205) Pause Remark 904M->904M(1512M) 0.483ms
[347.360s][info][gc] GC(205) Pause Cleanup 948M->948M(1512M) 0.065ms
[347.360s][info][gc] GC(205) Concurrent Mark Cycle 252.968ms
[347.911s][info][gc] GC(206) Pause Young (Normal) (G1 Evacuation Pause) 1416M->744M(1512M) 1.009ms
[348.731s][info][gc] GC(207) Pause Young (Concurrent Start) (G1 Evacuation Pause) 1416M->744M(1512M) 1.140ms
[348.731s][info][gc] GC(208) Concurrent Mark Cycle
[348.933s][info][gc] GC(208) Pause Remark 900M->900M(1512M) 0.476ms
[348.983s][info][gc] GC(208) Pause Cleanup 940M->940M(1512M) 0.065ms
[348.983s][info][gc] GC(208) Concurrent Mark Cycle 252.473ms
[349.542s][info][gc] GC(209) Pause Young (Normal) (G1 Evacuation Pause) 1416M->744M(1512M) 0.984ms
[350.312s][info][gc] GC(210) Pause Young (Concurrent Start) (G1 Evacuation Pause) 1416M->743M(1512M) 0.917ms
[350.312s][info][gc] GC(211) Concurrent Mark Cycle
[350.512s][info][gc] GC(211) Pause Remark 903M->903M(1512M) 0.463ms
[350.562s][info][gc] GC(211) Pause Cleanup 955M->955M(1512M) 0.065ms
[350.562s][info][gc] GC(211) Concurrent Mark Cycle 250.609ms
[351.108s][info][gc] GC(212) Pause Young (Normal) (G1 Evacuation Pause) 1415M->744M(1512M) 0.968ms
[351.917s][info][gc] GC(213) Pause Young (Concurrent Start) (G1 Evacuation Pause) 1416M->743M(1512M) 0.899ms
[351.917s][info][gc] GC(214) Concurrent Mark Cycle
[352.120s][info][gc] GC(214) Pause Remark 911M->911M(1512M) 0.450ms
[352.170s][info][gc] GC(214) Pause Cleanup 951M->951M(1512M) 0.062ms
[352.170s][info][gc] GC(214) Concurrent Mark Cycle 253.296ms
[352.728s][info][gc] GC(215) Pause Young (Normal) (G1 Evacuation Pause) 1415M->744M(1512M) 0.975ms
[353.524s][info][gc] GC(216) Pause Young (Concurrent Start) (G1 Evacuation Pause) 1416M->743M(1512M) 0.754ms
[353.524s][info][gc] GC(217) Concurrent Mark Cycle
[353.728s][info][gc] GC(217) Pause Remark 903M->903M(1512M) 0.506ms
[353.777s][info][gc] GC(217) Pause Cleanup 943M->943M(1512M) 0.068ms
[353.778s][info][gc] GC(217) Concurrent Mark Cycle 253.864ms
[354.312s][info][gc] GC(218) Pause Young (Normal) (G1 Evacuation Pause) 1415M->744M(1512M) 0.990ms
[355.113s][info][gc] GC(219) Pause Young (Concurrent Start) (G1 Evacuation Pause) 1416M->743M(1512M) 0.884ms
[355.113s][info][gc] GC(220) Concurrent Mark Cycle
[355.317s][info][gc] GC(220) Pause Remark 899M->899M(1512M) 0.452ms
[355.366s][info][gc] GC(220) Pause Cleanup 943M->943M(1512M) 0.071ms
[355.367s][info][gc] GC(220) Concurrent Mark Cycle 253.630ms
