backend: ad6 {'impl': 'first-party', 'translation': 'literal', 'grounding': 'rank', 'solver': 'cadical195', 'lite_acyclic': False}
master: open and bind unix socket
master: start handler thread
master: listen on socket
worker: completed task packet_filter in 0.0331118106842041 seconds.
worker: completed task switch in 0.00036144256591796875 seconds.
worker: completed task switch in 1.9550323486328125e-05 seconds.
worker: completed task packet_filter in 0.00012183189392089844 seconds.
worker: completed task packet_filter in 0.0001728534698486328 seconds.
worker: completed task packet_filter in 0.0002257823944091797 seconds.
worker: completed task packet_filter in 0.00023055076599121094 seconds.
worker: completed task packet_filter in 0.00016546249389648438 seconds.
worker: completed task packet_filter in 0.0001628398895263672 seconds.
worker: completed task packet_filter in 0.00015807151794433594 seconds.
worker: completed task packet_filter in 0.000217437744140625 seconds.
worker: completed task packet_filter in 0.0001571178436279297 seconds.
worker: completed task switch in 2.09808349609375e-05 seconds.
worker: completed task packet_filter in 0.0004916191101074219 seconds.
worker: completed task packet_filter in 0.0004551410675048828 seconds.
worker: completed task packet_filter in 0.0006949901580810547 seconds.
worker: completed task packet_filter in 0.00047779083251953125 seconds.
worker: completed task packet_filter in 0.0007305145263671875 seconds.
worker: completed task packet_filter in 0.00011205673217773438 seconds.
worker: completed task switch in 1.8596649169921875e-05 seconds.
worker: completed task packet_filter in 0.00045609474182128906 seconds.
worker: completed task packet_filter in 0.0008566379547119141 seconds.
worker: completed task packet_filter in 0.0006585121154785156 seconds.
worker: completed task packet_filter in 0.0004878044128417969 seconds.
worker: completed task packet_filter in 0.0007231235504150391 seconds.
worker: completed task packet_filter in 0.00010395050048828125 seconds.
worker: completed task switch in 2.002716064453125e-05 seconds.
worker: completed task packet_filter in 0.000476837158203125 seconds.
worker: completed task packet_filter in 0.0005316734313964844 seconds.
worker: completed task packet_filter in 0.0006749629974365234 seconds.
worker: completed task packet_filter in 0.0004911422729492188 seconds.
worker: completed task packet_filter in 0.0007498264312744141 seconds.
worker: completed task packet_filter in 0.00010251998901367188 seconds.
worker: completed task switch in 1.811981201171875e-05 seconds.
worker: completed task packet_filter in 0.00046372413635253906 seconds.
worker: completed task packet_filter in 0.0005259513854980469 seconds.
worker: completed task packet_filter in 0.0006539821624755859 seconds.
worker: completed task packet_filter in 0.0004947185516357422 seconds.
worker: completed task packet_filter in 0.0007188320159912109 seconds.
worker: completed task packet_filter in 0.00010085105895996094 seconds.
worker: completed task switch in 1.8835067749023438e-05 seconds.
worker: completed task packet_filter in 0.000457763671875 seconds.
worker: completed task packet_filter in 0.0005228519439697266 seconds.
worker: completed task packet_filter in 0.0006804466247558594 seconds.
worker: completed task packet_filter in 0.0004832744598388672 seconds.
worker: completed task packet_filter in 0.0007343292236328125 seconds.
worker: completed task packet_filter in 0.00010442733764648438 seconds.
worker: completed task switch in 1.7642974853515625e-05 seconds.
worker: completed task packet_filter in 0.000476837158203125 seconds.
worker: completed task packet_filter in 0.0008757114410400391 seconds.
worker: completed task packet_filter in 0.0006585121154785156 seconds.
worker: completed task packet_filter in 0.0004725456237792969 seconds.
worker: completed task packet_filter in 0.0007364749908447266 seconds.
worker: completed task packet_filter in 0.00010180473327636719 seconds.
worker: completed task switch in 1.811981201171875e-05 seconds.
worker: completed task packet_filter in 0.0004525184631347656 seconds.
worker: completed task packet_filter in 0.0005114078521728516 seconds.
worker: completed task packet_filter in 0.0006778240203857422 seconds.
worker: completed task packet_filter in 0.0004961490631103516 seconds.
worker: completed task packet_filter in 0.0007581710815429688 seconds.
worker: completed task packet_filter in 0.00011587142944335938 seconds.
worker: completed task switch in 1.8835067749023438e-05 seconds.
worker: completed task packet_filter in 0.0004906654357910156 seconds.
worker: completed task packet_filter in 0.0005488395690917969 seconds.
worker: completed task packet_filter in 0.0006844997406005859 seconds.
worker: completed task packet_filter in 0.0004911422729492188 seconds.
worker: completed task packet_filter in 0.0007519721984863281 seconds.
worker: completed task packet_filter in 0.00010657310485839844 seconds.
worker: completed task switch in 1.8596649169921875e-05 seconds.
worker: completed task packet_filter in 0.0004703998565673828 seconds.
worker: completed task packet_filter in 0.0005249977111816406 seconds.
worker: completed task packet_filter in 0.0006887912750244141 seconds.
worker: completed task packet_filter in 0.00048351287841796875 seconds.
worker: completed task packet_filter in 0.0007498264312744141 seconds.
worker: completed task packet_filter in 0.00010824203491210938 seconds.
worker: completed task switch in 1.7881393432617188e-05 seconds.
worker: completed task packet_filter in 0.0004715919494628906 seconds.
worker: completed task packet_filter in 0.0008776187896728516 seconds.
worker: completed task packet_filter in 0.0006821155548095703 seconds.
worker: completed task packet_filter in 0.0005009174346923828 seconds.
worker: completed task packet_filter in 0.0007472038269042969 seconds.
worker: completed task packet_filter in 0.00011205673217773438 seconds.
worker: completed task switch in 1.9788742065429688e-05 seconds.
worker: completed task packet_filter in 0.0004930496215820312 seconds.
worker: completed task packet_filter in 0.0005462169647216797 seconds.
worker: completed task packet_filter in 0.0007035732269287109 seconds.
worker: completed task packet_filter in 0.0005064010620117188 seconds.
worker: completed task packet_filter in 0.00075531005859375 seconds.
worker: completed task packet_filter in 0.0001347064971923828 seconds.
worker: completed task switch in 1.9073486328125e-05 seconds.
worker: completed task packet_filter in 0.0004756450653076172 seconds.
worker: completed task packet_filter in 0.0005285739898681641 seconds.
worker: completed task packet_filter in 0.0006799697875976562 seconds.
worker: completed task packet_filter in 0.0004918575286865234 seconds.
worker: completed task packet_filter in 0.0007469654083251953 seconds.
worker: completed task packet_filter in 0.0001068115234375 seconds.
worker: completed task switch in 1.7881393432617188e-05 seconds.
worker: completed task packet_filter in 0.0004642009735107422 seconds.
worker: completed task packet_filter in 0.0005612373352050781 seconds.
worker: completed task packet_filter in 0.0006866455078125 seconds.
worker: completed task packet_filter in 0.0005092620849609375 seconds.
worker: completed task packet_filter in 0.0007529258728027344 seconds.
worker: completed task packet_filter in 0.00012183189392089844 seconds.
worker: completed task switch in 1.8358230590820312e-05 seconds.
worker: completed task packet_filter in 0.00046253204345703125 seconds.
worker: completed task packet_filter in 0.0008769035339355469 seconds.
worker: completed task packet_filter in 0.0006902217864990234 seconds.
worker: completed task packet_filter in 0.00049591064453125 seconds.
worker: completed task packet_filter in 0.0007610321044921875 seconds.
worker: completed task packet_filter in 0.00010800361633300781 seconds.
worker: completed task switch in 1.8358230590820312e-05 seconds.
worker: completed task packet_filter in 0.0004525184631347656 seconds.
worker: completed task packet_filter in 0.0005574226379394531 seconds.
worker: completed task packet_filter in 0.0007042884826660156 seconds.
worker: completed task packet_filter in 0.0005049705505371094 seconds.
worker: completed task packet_filter in 0.0007622241973876953 seconds.
worker: completed task packet_filter in 0.00010657310485839844 seconds.
worker: completed task switch in 1.8358230590820312e-05 seconds.
worker: completed task packet_filter in 0.00046539306640625 seconds.
worker: completed task packet_filter in 0.0005319118499755859 seconds.
worker: completed task packet_filter in 0.0006783008575439453 seconds.
worker: completed task packet_filter in 0.0005025863647460938 seconds.
worker: completed task packet_filter in 0.0007374286651611328 seconds.
worker: completed task packet_filter in 0.00010657310485839844 seconds.
worker: completed task switch in 1.9550323486328125e-05 seconds.
worker: completed task packet_filter in 0.0004684925079345703 seconds.
worker: completed task packet_filter in 0.0005257129669189453 seconds.
worker: completed task packet_filter in 0.0006864070892333984 seconds.
worker: completed task packet_filter in 0.0005018711090087891 seconds.
worker: completed task packet_filter in 0.0007398128509521484 seconds.
worker: completed task packet_filter in 0.00010895729064941406 seconds.
worker: completed task switch in 1.7642974853515625e-05 seconds.
worker: completed task packet_filter in 0.0004730224609375 seconds.
worker: completed task packet_filter in 0.0008769035339355469 seconds.
worker: completed task packet_filter in 0.0007030963897705078 seconds.
worker: completed task packet_filter in 0.0004954338073730469 seconds.
worker: completed task packet_filter in 0.0007588863372802734 seconds.
worker: completed task packet_filter in 0.00010991096496582031 seconds.
worker: completed task switch in 1.8596649169921875e-05 seconds.
worker: completed task packet_filter in 0.0005261898040771484 seconds.
worker: completed task packet_filter in 0.0005645751953125 seconds.
worker: completed task packet_filter in 0.0007278919219970703 seconds.
worker: completed task packet_filter in 0.000530242919921875 seconds.
worker: completed task packet_filter in 0.0007536411285400391 seconds.
worker: completed task packet_filter in 0.000110626220703125 seconds.
worker: completed task switch in 1.9311904907226562e-05 seconds.
worker: completed task packet_filter in 0.00045680999755859375 seconds.
worker: completed task packet_filter in 0.0005307197570800781 seconds.
worker: completed task packet_filter in 0.0006699562072753906 seconds.
worker: completed task packet_filter in 0.0004954338073730469 seconds.
worker: completed task packet_filter in 0.0007412433624267578 seconds.
worker: completed task packet_filter in 0.00010442733764648438 seconds.
worker: completed task switch in 1.7881393432617188e-05 seconds.
worker: completed task packet_filter in 0.0004763603210449219 seconds.
worker: completed task packet_filter in 0.0005211830139160156 seconds.
worker: completed task packet_filter in 0.0006852149963378906 seconds.
worker: completed task packet_filter in 0.00048732757568359375 seconds.
worker: completed task packet_filter in 0.0007650852203369141 seconds.
worker: completed task packet_filter in 0.0001068115234375 seconds.
worker: completed task links in 0.008362770080566406 seconds.
worker: completed task switch_command in 0.0011563301086425781 seconds.
worker: completed task switch_command in 0.00014138221740722656 seconds.
worker: completed task switch_command in 4.935264587402344e-05 seconds.
worker: completed task switch_command in 6.270408630371094e-05 seconds.
worker: completed task switch_command in 5.125999450683594e-05 seconds.
worker: completed task switch_command in 5.245208740234375e-05 seconds.
worker: completed task switch_command in 5.221366882324219e-05 seconds.
worker: completed task switch_command in 5.1021575927734375e-05 seconds.
worker: completed task switch_command in 4.8160552978515625e-05 seconds.
worker: completed task switch_command in 4.839897155761719e-05 seconds.
worker: completed task switch_command in 4.792213439941406e-05 seconds.
worker: completed task switch_command in 4.673004150390625e-05 seconds.
worker: completed task switch_command in 0.00010704994201660156 seconds.
worker: completed task switch_command in 5.936622619628906e-05 seconds.
worker: completed task switch_command in 5.435943603515625e-05 seconds.
worker: completed task switch_command in 8.20159912109375e-05 seconds.
worker: completed task switch_command in 5.745887756347656e-05 seconds.
worker: completed task switch_command in 0.00011467933654785156 seconds.
worker: completed task switch_command in 5.14984130859375e-05 seconds.
worker: completed task switch_command in 0.00010085105895996094 seconds.
worker: completed task switch_command in 5.1021575927734375e-05 seconds.
worker: completed task switch_command in 4.982948303222656e-05 seconds.
worker: completed task switch_command in 4.8160552978515625e-05 seconds.
worker: completed task switch_command in 4.863739013671875e-05 seconds.
worker: completed task switch_command in 5.269050598144531e-05 seconds.
worker: completed task switch_command in 5.269050598144531e-05 seconds.
worker: completed task switch_command in 0.000102996826171875 seconds.
worker: completed task switch_command in 5.745887756347656e-05 seconds.
worker: completed task switch_command in 4.792213439941406e-05 seconds.
worker: completed task switch_command in 7.867813110351562e-05 seconds.
worker: completed task switch_command in 4.9591064453125e-05 seconds.
worker: completed task switch_command in 5.3882598876953125e-05 seconds.
worker: completed task switch_command in 4.935264587402344e-05 seconds.
worker: completed task switch_command in 9.608268737792969e-05 seconds.
worker: completed task switch_command in 5.316734313964844e-05 seconds.
worker: completed task switch_command in 5.221366882324219e-05 seconds.
worker: completed task switch_command in 6.103515625e-05 seconds.
worker: completed task switch_command in 4.982948303222656e-05 seconds.
worker: completed task switch_command in 4.935264587402344e-05 seconds.
worker: completed task switch_command in 4.553794860839844e-05 seconds.
worker: completed task switch_command in 9.441375732421875e-05 seconds.
worker: completed task switch_command in 5.817413330078125e-05 seconds.
worker: completed task switch_command in 4.863739013671875e-05 seconds.
worker: completed task switch_command in 7.152557373046875e-05 seconds.
worker: completed task switch_command in 5.173683166503906e-05 seconds.
worker: completed task switch_command in 5.054473876953125e-05 seconds.
worker: completed task switch_command in 4.5299530029296875e-05 seconds.
worker: completed task switch_command in 9.441375732421875e-05 seconds.
worker: completed task switch_command in 5.1021575927734375e-05 seconds.
worker: completed task switch_command in 5.340576171875e-05 seconds.
worker: completed task switch_command in 4.744529724121094e-05 seconds.
worker: completed task switch_command in 5.078315734863281e-05 seconds.
worker: completed task switch_command in 4.57763671875e-05 seconds.
worker: completed task switch_command in 4.76837158203125e-05 seconds.
worker: completed task switch_command in 9.322166442871094e-05 seconds.
worker: completed task switch_command in 5.650520324707031e-05 seconds.
worker: completed task switch_command in 4.7206878662109375e-05 seconds.
worker: completed task switch_command in 7.200241088867188e-05 seconds.
worker: completed task switch_command in 5.340576171875e-05 seconds.
worker: completed task switch_command in 5.054473876953125e-05 seconds.
worker: completed task switch_command in 4.792213439941406e-05 seconds.
worker: completed task switch_command in 9.059906005859375e-05 seconds.
worker: completed task switch_command in 5.841255187988281e-05 seconds.
worker: completed task switch_command in 5.125999450683594e-05 seconds.
worker: completed task switch_command in 4.458427429199219e-05 seconds.
worker: completed task switch_command in 5.14984130859375e-05 seconds.
worker: completed task switch_command in 4.4345855712890625e-05 seconds.
worker: completed task switch_command in 5.412101745605469e-05 seconds.
worker: completed task switch_command in 9.584426879882812e-05 seconds.
worker: completed task switch_command in 5.245208740234375e-05 seconds.
worker: completed task switch_command in 4.935264587402344e-05 seconds.
worker: completed task switch_command in 7.295608520507812e-05 seconds.
worker: completed task switch_command in 5.5789947509765625e-05 seconds.
worker: completed task switch_command in 4.696846008300781e-05 seconds.
worker: completed task switch_command in 5.054473876953125e-05 seconds.
worker: completed task switch_command in 9.34600830078125e-05 seconds.
worker: completed task switch_command in 5.125999450683594e-05 seconds.
worker: completed task switch_command in 5.745887756347656e-05 seconds.
worker: completed task switch_command in 4.7206878662109375e-05 seconds.
worker: completed task switch_command in 4.9591064453125e-05 seconds.
worker: completed task switch_command in 4.649162292480469e-05 seconds.
worker: completed task switch_command in 4.5299530029296875e-05 seconds.
worker: completed task switch_command in 9.179115295410156e-05 seconds.
worker: completed task switch_command in 5.245208740234375e-05 seconds.
worker: completed task switch_command in 5.1021575927734375e-05 seconds.
worker: completed task switch_command in 6.866455078125e-05 seconds.
worker: completed task switch_command in 4.649162292480469e-05 seconds.
worker: completed task switch_command in 4.8160552978515625e-05 seconds.
worker: completed task switch_command in 5.459785461425781e-05 seconds.
worker: completed task switch_command in 9.5367431640625e-05 seconds.
worker: completed task switch_command in 5.4836273193359375e-05 seconds.
worker: completed task switch_command in 4.863739013671875e-05 seconds.
worker: completed task switch_command in 4.9114227294921875e-05 seconds.
worker: completed task switch_command in 5.245208740234375e-05 seconds.
worker: completed task switch_command in 4.887580871582031e-05 seconds.
worker: completed task switch_command in 5.054473876953125e-05 seconds.
worker: completed task switch_command in 9.655952453613281e-05 seconds.
worker: completed task switch_command in 5.1975250244140625e-05 seconds.
worker: completed task switch_command in 5.316734313964844e-05 seconds.
worker: completed task switch_command in 6.866455078125e-05 seconds.
worker: completed task switch_command in 4.76837158203125e-05 seconds.
worker: completed task switch_command in 4.982948303222656e-05 seconds.
worker: completed task switch_command in 4.649162292480469e-05 seconds.
worker: completed task switch_command in 0.00010728836059570312 seconds.
worker: completed task switch_command in 5.364418029785156e-05 seconds.
worker: completed task switch_command in 5.078315734863281e-05 seconds.
worker: completed task switch_command in 4.6253204345703125e-05 seconds.
worker: completed task switch_command in 4.9591064453125e-05 seconds.
worker: completed task switch_command in 5.316734313964844e-05 seconds.
worker: completed task switch_command in 4.673004150390625e-05 seconds.
worker: completed task switch_command in 8.797645568847656e-05 seconds.
worker: completed task switch_command in 5.1975250244140625e-05 seconds.
worker: completed task switch_command in 4.935264587402344e-05 seconds.
worker: completed task switch_command in 6.866455078125e-05 seconds.
worker: completed task switch_command in 4.8160552978515625e-05 seconds.
worker: completed task switch_command in 4.673004150390625e-05 seconds.
worker: completed task switch_command in 4.935264587402344e-05 seconds.
worker: completed task switch_command in 0.00010156631469726562 seconds.
worker: completed task switch_command in 5.698204040527344e-05 seconds.
worker: completed task switch_command in 5.054473876953125e-05 seconds.
worker: completed task switch_command in 4.76837158203125e-05 seconds.
worker: completed task switch_command in 4.863739013671875e-05 seconds.
worker: completed task switch_command in 5.054473876953125e-05 seconds.
worker: completed task switch_command in 4.9114227294921875e-05 seconds.
worker: completed task switch_command in 9.584426879882812e-05 seconds.
worker: completed task switch_command in 5.435943603515625e-05 seconds.
worker: completed task switch_command in 5.0067901611328125e-05 seconds.
worker: completed task switch_command in 7.200241088867188e-05 seconds.
worker: completed task switch_command in 4.887580871582031e-05 seconds.
worker: completed task switch_command in 4.601478576660156e-05 seconds.
worker: completed task switch_command in 5.1021575927734375e-05 seconds.
worker: completed task switch_command in 9.226799011230469e-05 seconds.
worker: completed task switch_command in 5.4836273193359375e-05 seconds.
worker: completed task switch_command in 4.57763671875e-05 seconds.
worker: completed task switch_command in 5.888938903808594e-05 seconds.
worker: completed task switch_command in 4.506111145019531e-05 seconds.
worker: completed task switch_command in 4.649162292480469e-05 seconds.
worker: completed task switch_command in 4.9591064453125e-05 seconds.
worker: completed task switch_command in 9.465217590332031e-05 seconds.
worker: completed task switch_command in 5.507469177246094e-05 seconds.
worker: completed task switch_command in 4.6253204345703125e-05 seconds.
worker: completed task switch_command in 0.0002961158752441406 seconds.
worker: completed task switch_command in 5.245208740234375e-05 seconds.
worker: completed task switch_command in 4.792213439941406e-05 seconds.
worker: completed task switch_command in 8.58306884765625e-05 seconds.
worker: completed task switch_command in 0.00011944770812988281 seconds.
worker: completed task switch_command in 6.079673767089844e-05 seconds.
worker: completed task switch_command in 5.459785461425781e-05 seconds.
worker: completed task switch_command in 4.9114227294921875e-05 seconds.
worker: completed task switch_command in 4.57763671875e-05 seconds.
worker: completed task switch_command in 4.6253204345703125e-05 seconds.
worker: completed task switch_command in 5.412101745605469e-05 seconds.
worker: completed task switch_command in 0.00010275840759277344 seconds.
worker: completed task switch_command in 5.269050598144531e-05 seconds.
worker: completed task switch_command in 5.2928924560546875e-05 seconds.
worker: completed task switch_command in 7.939338684082031e-05 seconds.
worker: completed task switch_command in 5.340576171875e-05 seconds.
worker: completed task switch_command in 4.649162292480469e-05 seconds.
worker: completed task switch_command in 4.887580871582031e-05 seconds.
worker: completed task probe in 7.367134094238281e-05 seconds.
worker: completed task probe in 4.863739013671875e-05 seconds.
worker: completed task probe in 7.414817810058594e-05 seconds.
worker: completed task probe in 4.00543212890625e-05 seconds.
worker: completed task probe in 3.981590270996094e-05 seconds.
worker: completed task probe in 3.600120544433594e-05 seconds.
worker: completed task probe in 3.528594970703125e-05 seconds.
worker: completed task probe in 3.4809112548828125e-05 seconds.
worker: completed task probe in 3.7670135498046875e-05 seconds.
worker: completed task probe in 3.600120544433594e-05 seconds.
worker: completed task probe in 3.4809112548828125e-05 seconds.
worker: completed task probe in 3.6716461181640625e-05 seconds.
worker: completed task probe in 3.457069396972656e-05 seconds.
worker: completed task probe in 3.3855438232421875e-05 seconds.
worker: completed task probe in 3.4332275390625e-05 seconds.
worker: completed task probe in 3.3855438232421875e-05 seconds.
worker: completed task probe in 3.933906555175781e-05 seconds.
worker: completed task probe in 3.552436828613281e-05 seconds.
worker: completed task probe in 3.457069396972656e-05 seconds.
worker: completed task probe in 3.695487976074219e-05 seconds.
worker: completed task probe in 3.361701965332031e-05 seconds.
worker: completed task probe in 3.266334533691406e-05 seconds.
worker: completed task probe in 4.57763671875e-05 seconds.
worker: completed task probe in 3.7670135498046875e-05 seconds.
worker: completed task probe in 3.361701965332031e-05 seconds.
worker: completed task probe in 3.3855438232421875e-05 seconds.
worker: completed task probe in 3.337860107421875e-05 seconds.
worker: completed task probe in 3.361701965332031e-05 seconds.
worker: completed task probe in 3.814697265625e-05 seconds.
worker: completed task probe in 3.600120544433594e-05 seconds.
worker: completed task probe in 4.291534423828125e-05 seconds.
worker: completed task probe in 3.552436828613281e-05 seconds.
worker: completed task probe in 3.552436828613281e-05 seconds.
worker: completed task probe in 3.24249267578125e-05 seconds.
worker: completed task probe in 3.7670135498046875e-05 seconds.
worker: completed task probe in 3.457069396972656e-05 seconds.
worker: completed task probe in 3.409385681152344e-05 seconds.
worker: completed task probe in 3.3855438232421875e-05 seconds.
worker: completed task probe in 4.887580871582031e-05 seconds.
worker: completed task probe in 3.4332275390625e-05 seconds.
worker: completed task probe in 3.647804260253906e-05 seconds.
worker: completed task probe in 3.4332275390625e-05 seconds.
worker: completed task probe in 3.7670135498046875e-05 seconds.
worker: completed task probe in 3.981590270996094e-05 seconds.
worker: completed task probe in 3.504753112792969e-05 seconds.
worker: completed task probe in 3.409385681152344e-05 seconds.
worker: completed task probe in 4.267692565917969e-05 seconds.
worker: completed task probe in 3.5762786865234375e-05 seconds.
worker: completed task probe in 5.793571472167969e-05 seconds.
worker: completed task probe in 3.528594970703125e-05 seconds.
worker: completed task probe in 3.5762786865234375e-05 seconds.
worker: completed task probe in 3.5762786865234375e-05 seconds.
worker: completed task probe in 3.790855407714844e-05 seconds.
worker: completed task probe in 4.076957702636719e-05 seconds.
worker: completed task probe in 3.552436828613281e-05 seconds.
worker: completed task probe in 3.790855407714844e-05 seconds.
worker: completed task probe in 3.504753112792969e-05 seconds.
worker: completed task probe in 3.528594970703125e-05 seconds.
worker: completed task probe in 3.719329833984375e-05 seconds.
worker: completed task probe in 3.457069396972656e-05 seconds.
worker: completed task probe in 3.314018249511719e-05 seconds.
worker: completed task probe in 3.719329833984375e-05 seconds.
worker: completed task probe in 3.528594970703125e-05 seconds.
worker: completed task probe in 3.6716461181640625e-05 seconds.
worker: completed task probe in 3.647804260253906e-05 seconds.
worker: completed task probe in 3.719329833984375e-05 seconds.
worker: completed task probe in 3.504753112792969e-05 seconds.
worker: completed task probe in 3.361701965332031e-05 seconds.
worker: completed task probe in 3.4332275390625e-05 seconds.
worker: completed task probe in 3.886222839355469e-05 seconds.
worker: completed task probe in 3.695487976074219e-05 seconds.
worker: completed task probe in 3.504753112792969e-05 seconds.
worker: completed task probe in 3.3855438232421875e-05 seconds.
worker: completed task probe in 4.1961669921875e-05 seconds.
worker: completed task probe in 3.790855407714844e-05 seconds.
worker: completed task probe in 3.409385681152344e-05 seconds.
worker: completed task probe in 3.6716461181640625e-05 seconds.
worker: completed task probe in 3.552436828613281e-05 seconds.
worker: completed task probe in 3.719329833984375e-05 seconds.
worker: completed task probe in 3.457069396972656e-05 seconds.
worker: completed task probe in 3.695487976074219e-05 seconds.
worker: completed task probe in 3.3855438232421875e-05 seconds.
worker: completed task probe in 3.790855407714844e-05 seconds.
worker: completed task probe in 3.814697265625e-05 seconds.
worker: completed task probe in 4.124641418457031e-05 seconds.
worker: completed task probe in 3.7670135498046875e-05 seconds.
worker: completed task probe in 3.4332275390625e-05 seconds.
worker: completed task probe in 3.361701965332031e-05 seconds.
worker: completed task probe in 3.647804260253906e-05 seconds.
worker: completed task probe in 3.3855438232421875e-05 seconds.
worker: completed task probe in 3.3855438232421875e-05 seconds.
worker: completed task probe in 3.504753112792969e-05 seconds.
worker: completed task probe in 3.361701965332031e-05 seconds.
worker: completed task probe in 3.3855438232421875e-05 seconds.
worker: completed task probe in 3.910064697265625e-05 seconds.
worker: completed task probe in 3.4809112548828125e-05 seconds.
worker: completed task probe in 3.361701965332031e-05 seconds.
worker: completed task probe in 3.719329833984375e-05 seconds.
worker: completed task probe in 3.552436828613281e-05 seconds.
worker: completed task probe in 3.8623809814453125e-05 seconds.
worker: completed task probe in 4.291534423828125e-05 seconds.
worker: completed task probe in 3.552436828613281e-05 seconds.
worker: completed task probe in 3.409385681152344e-05 seconds.
worker: completed task probe in 3.314018249511719e-05 seconds.
worker: completed task probe in 4.00543212890625e-05 seconds.
worker: completed task probe in 3.552436828613281e-05 seconds.
worker: completed task probe in 3.647804260253906e-05 seconds.
worker: completed task probe in 3.790855407714844e-05 seconds.
worker: completed task probe in 4.124641418457031e-05 seconds.
worker: completed task probe in 3.4809112548828125e-05 seconds.
worker: completed task probe in 3.5762786865234375e-05 seconds.
worker: completed task probe in 3.409385681152344e-05 seconds.
worker: completed task probe in 3.600120544433594e-05 seconds.
worker: completed task probe in 3.409385681152344e-05 seconds.
worker: completed task probe in 3.600120544433594e-05 seconds.
worker: completed task probe in 3.3855438232421875e-05 seconds.
worker: completed task probe in 3.528594970703125e-05 seconds.
worker: completed task probe in 3.361701965332031e-05 seconds.
worker: completed task probe in 3.933906555175781e-05 seconds.
worker: completed task probe in 3.743171691894531e-05 seconds.
worker: completed task probe in 3.337860107421875e-05 seconds.
worker: completed task probe in 3.361701965332031e-05 seconds.
worker: completed task probe in 3.4332275390625e-05 seconds.
worker: completed task probe in 5.364418029785156e-05 seconds.
worker: completed task probe in 3.790855407714844e-05 seconds.
worker: completed task probe in 3.9577484130859375e-05 seconds.
worker: completed task probe in 3.719329833984375e-05 seconds.
worker: completed task probe in 3.600120544433594e-05 seconds.
worker: completed task probe in 3.3855438232421875e-05 seconds.
worker: completed task probe in 3.457069396972656e-05 seconds.
worker: completed task probe in 3.600120544433594e-05 seconds.
worker: completed task probe in 4.267692565917969e-05 seconds.
worker: completed task probe in 3.2901763916015625e-05 seconds.
worker: completed task probe in 3.2901763916015625e-05 seconds.
worker: completed task probe in 3.2901763916015625e-05 seconds.
worker: completed task probe in 3.4809112548828125e-05 seconds.
worker: completed task probe in 4.029273986816406e-05 seconds.
worker: completed task links in 0.00022292137145996094 seconds.
worker: completed task generators in 0.0018110275268554688 seconds.
worker: completed task links in 0.0002143383026123047 seconds.
worker: completed task check_compliance in 424.26308512687683 seconds.
worker: completed task report in 0.0021347999572753906 seconds.
worker: initiate stopping
worker: completed task stop in 0.00010418891906738281 seconds.
worker: stop handler after 426.6744349002838 seconds.
master: close receiving socket
master: join queue
master: join handler thread
master: finished run
master: stop reporter
