backend: apkeep {'impl': 'authors+fave', 'upstream': 'XJTU-NetVerify/apkeep 7b71bff4 (apkeep/FAVE_CHANGES.md)', 'engine': 'bdd', 'faithful_vlan': True}
master: open and bind unix socket
master: start handler thread
master: listen on socket
worker: completed task packet_filter in 0.035173892974853516 seconds.
worker: completed task switch in 0.00036835670471191406 seconds.
worker: completed task switch in 1.9550323486328125e-05 seconds.
worker: completed task packet_filter in 0.00014400482177734375 seconds.
worker: completed task packet_filter in 0.00022649765014648438 seconds.
worker: completed task packet_filter in 0.0002493858337402344 seconds.
worker: completed task packet_filter in 0.0002636909484863281 seconds.
worker: completed task packet_filter in 0.0001838207244873047 seconds.
worker: completed task packet_filter in 0.0001862049102783203 seconds.
worker: completed task packet_filter in 0.0001850128173828125 seconds.
worker: completed task packet_filter in 0.00024580955505371094 seconds.
worker: completed task packet_filter in 0.00018358230590820312 seconds.
worker: completed task switch in 2.1457672119140625e-05 seconds.
worker: completed task packet_filter in 0.0005419254302978516 seconds.
worker: completed task packet_filter in 0.0005035400390625 seconds.
worker: completed task packet_filter in 0.0007424354553222656 seconds.
worker: completed task packet_filter in 0.0005276203155517578 seconds.
worker: completed task packet_filter in 0.0007994174957275391 seconds.
worker: completed task packet_filter in 0.00012159347534179688 seconds.
worker: completed task switch in 1.9550323486328125e-05 seconds.
worker: completed task packet_filter in 0.0004851818084716797 seconds.
worker: completed task packet_filter in 0.0005733966827392578 seconds.
worker: completed task packet_filter in 0.0007219314575195312 seconds.
worker: completed task packet_filter in 0.0005104541778564453 seconds.
worker: completed task packet_filter in 0.0007951259613037109 seconds.
worker: completed task packet_filter in 0.00011587142944335938 seconds.
worker: completed task switch in 1.9311904907226562e-05 seconds.
worker: completed task packet_filter in 0.0004849433898925781 seconds.
worker: completed task packet_filter in 0.0005710124969482422 seconds.
worker: completed task packet_filter in 0.0007257461547851562 seconds.
worker: completed task packet_filter in 0.0005292892456054688 seconds.
worker: completed task packet_filter in 0.0007994174957275391 seconds.
worker: completed task packet_filter in 0.00011038780212402344 seconds.
worker: completed task switch in 1.9311904907226562e-05 seconds.
worker: completed task packet_filter in 0.0004951953887939453 seconds.
worker: completed task packet_filter in 0.0009112358093261719 seconds.
worker: completed task packet_filter in 0.0007226467132568359 seconds.
worker: completed task packet_filter in 0.0005321502685546875 seconds.
worker: completed task packet_filter in 0.0007915496826171875 seconds.
worker: completed task packet_filter in 0.0001266002655029297 seconds.
worker: completed task switch in 1.8835067749023438e-05 seconds.
worker: completed task packet_filter in 0.0005087852478027344 seconds.
worker: completed task packet_filter in 0.0005619525909423828 seconds.
worker: completed task packet_filter in 0.0007200241088867188 seconds.
worker: completed task packet_filter in 0.0005128383636474609 seconds.
worker: completed task packet_filter in 0.0007867813110351562 seconds.
worker: completed task packet_filter in 0.00010848045349121094 seconds.
worker: completed task switch in 1.811981201171875e-05 seconds.
worker: completed task packet_filter in 0.0004966259002685547 seconds.
worker: completed task packet_filter in 0.0005505084991455078 seconds.
worker: completed task packet_filter in 0.0007336139678955078 seconds.
worker: completed task packet_filter in 0.0005056858062744141 seconds.
worker: completed task packet_filter in 0.0007951259613037109 seconds.
worker: completed task packet_filter in 0.0001087188720703125 seconds.
worker: completed task switch in 1.9311904907226562e-05 seconds.
worker: completed task packet_filter in 0.0005023479461669922 seconds.
worker: completed task packet_filter in 0.0005676746368408203 seconds.
worker: completed task packet_filter in 0.0007474422454833984 seconds.
worker: completed task packet_filter in 0.0005609989166259766 seconds.
worker: completed task packet_filter in 0.0008206367492675781 seconds.
worker: completed task packet_filter in 0.0001220703125 seconds.
worker: completed task switch in 1.8358230590820312e-05 seconds.
worker: completed task packet_filter in 0.00051116943359375 seconds.
worker: completed task packet_filter in 0.0009291172027587891 seconds.
worker: completed task packet_filter in 0.0007393360137939453 seconds.
worker: completed task packet_filter in 0.0005364418029785156 seconds.
worker: completed task packet_filter in 0.0008080005645751953 seconds.
worker: completed task packet_filter in 0.000125885009765625 seconds.
worker: completed task switch in 1.9311904907226562e-05 seconds.
worker: completed task packet_filter in 0.0005109310150146484 seconds.
worker: completed task packet_filter in 0.000591278076171875 seconds.
worker: completed task packet_filter in 0.0007526874542236328 seconds.
worker: completed task packet_filter in 0.0005414485931396484 seconds.
worker: completed task packet_filter in 0.0008170604705810547 seconds.
worker: completed task packet_filter in 0.00011157989501953125 seconds.
worker: completed task switch in 1.9311904907226562e-05 seconds.
worker: completed task packet_filter in 0.000518798828125 seconds.
worker: completed task packet_filter in 0.0005767345428466797 seconds.
worker: completed task packet_filter in 0.0007574558258056641 seconds.
worker: completed task packet_filter in 0.0005326271057128906 seconds.
worker: completed task packet_filter in 0.0008161067962646484 seconds.
worker: completed task packet_filter in 0.00011324882507324219 seconds.
worker: completed task switch in 1.9311904907226562e-05 seconds.
worker: completed task packet_filter in 0.0005164146423339844 seconds.
worker: completed task packet_filter in 0.0005779266357421875 seconds.
worker: completed task packet_filter in 0.0007448196411132812 seconds.
worker: completed task packet_filter in 0.0005564689636230469 seconds.
worker: completed task packet_filter in 0.0008194446563720703 seconds.
worker: completed task packet_filter in 0.00015211105346679688 seconds.
worker: completed task switch in 2.0265579223632812e-05 seconds.
worker: completed task packet_filter in 0.0005145072937011719 seconds.
worker: completed task packet_filter in 0.0009369850158691406 seconds.
worker: completed task packet_filter in 0.0007674694061279297 seconds.
worker: completed task packet_filter in 0.0005438327789306641 seconds.
worker: completed task packet_filter in 0.000820159912109375 seconds.
worker: completed task packet_filter in 0.00011301040649414062 seconds.
worker: completed task switch in 1.9073486328125e-05 seconds.
worker: completed task packet_filter in 0.0005114078521728516 seconds.
worker: completed task packet_filter in 0.0005898475646972656 seconds.
worker: completed task packet_filter in 0.0007498264312744141 seconds.
worker: completed task packet_filter in 0.0005412101745605469 seconds.
worker: completed task packet_filter in 0.0008187294006347656 seconds.
worker: completed task packet_filter in 0.00012159347534179688 seconds.
worker: completed task switch in 1.8835067749023438e-05 seconds.
worker: completed task packet_filter in 0.0005114078521728516 seconds.
worker: completed task packet_filter in 0.0005884170532226562 seconds.
worker: completed task packet_filter in 0.000774383544921875 seconds.
worker: completed task packet_filter in 0.0005533695220947266 seconds.
worker: completed task packet_filter in 0.0008261203765869141 seconds.
worker: completed task packet_filter in 0.00011897087097167969 seconds.
worker: completed task switch in 1.811981201171875e-05 seconds.
worker: completed task packet_filter in 0.0005471706390380859 seconds.
worker: completed task packet_filter in 0.0006270408630371094 seconds.
worker: completed task packet_filter in 0.0009047985076904297 seconds.
worker: completed task packet_filter in 0.0005545616149902344 seconds.
worker: completed task packet_filter in 0.0008242130279541016 seconds.
worker: completed task packet_filter in 0.0001251697540283203 seconds.
worker: completed task switch in 1.9550323486328125e-05 seconds.
worker: completed task packet_filter in 0.0005209445953369141 seconds.
worker: completed task packet_filter in 0.00091552734375 seconds.
worker: completed task packet_filter in 0.0007805824279785156 seconds.
worker: completed task packet_filter in 0.0005402565002441406 seconds.
worker: completed task packet_filter in 0.0008373260498046875 seconds.
worker: completed task packet_filter in 0.00012087821960449219 seconds.
worker: completed task switch in 2.002716064453125e-05 seconds.
worker: completed task packet_filter in 0.0005166530609130859 seconds.
worker: completed task packet_filter in 0.0005900859832763672 seconds.
worker: completed task packet_filter in 0.0007622241973876953 seconds.
worker: completed task packet_filter in 0.0005290508270263672 seconds.
worker: completed task packet_filter in 0.0008456707000732422 seconds.
worker: completed task packet_filter in 0.00011849403381347656 seconds.
worker: completed task switch in 1.9311904907226562e-05 seconds.
worker: completed task packet_filter in 0.0005078315734863281 seconds.
worker: completed task packet_filter in 0.0005915164947509766 seconds.
worker: completed task packet_filter in 0.0007517337799072266 seconds.
worker: completed task packet_filter in 0.0005486011505126953 seconds.
worker: completed task packet_filter in 0.0008029937744140625 seconds.
worker: completed task packet_filter in 0.00012040138244628906 seconds.
worker: completed task switch in 2.002716064453125e-05 seconds.
worker: completed task packet_filter in 0.0005002021789550781 seconds.
worker: completed task packet_filter in 0.0005991458892822266 seconds.
worker: completed task packet_filter in 0.0007429122924804688 seconds.
worker: completed task packet_filter in 0.0005381107330322266 seconds.
worker: completed task packet_filter in 0.0008211135864257812 seconds.
worker: completed task packet_filter in 0.00012254714965820312 seconds.
worker: completed task switch in 1.9073486328125e-05 seconds.
worker: completed task packet_filter in 0.0005059242248535156 seconds.
worker: completed task packet_filter in 0.0009145736694335938 seconds.
worker: completed task packet_filter in 0.0007607936859130859 seconds.
worker: completed task packet_filter in 0.0005383491516113281 seconds.
worker: completed task packet_filter in 0.0008237361907958984 seconds.
worker: completed task packet_filter in 0.00011396408081054688 seconds.
worker: completed task switch in 1.8835067749023438e-05 seconds.
worker: completed task packet_filter in 0.0005021095275878906 seconds.
worker: completed task packet_filter in 0.0005853176116943359 seconds.
worker: completed task packet_filter in 0.0007610321044921875 seconds.
worker: completed task packet_filter in 0.0005362033843994141 seconds.
worker: completed task packet_filter in 0.0008089542388916016 seconds.
worker: completed task packet_filter in 0.0001125335693359375 seconds.
worker: completed task links in 0.0007529258728027344 seconds.
worker: completed task switch_command in 0.0014765262603759766 seconds.
worker: completed task switch_command in 0.00022101402282714844 seconds.
worker: completed task switch_command in 6.461143493652344e-05 seconds.
worker: completed task switch_command in 9.322166442871094e-05 seconds.
worker: completed task switch_command in 7.343292236328125e-05 seconds.
worker: completed task switch_command in 8.797645568847656e-05 seconds.
worker: completed task switch_command in 7.081031799316406e-05 seconds.
worker: completed task switch_command in 7.152557373046875e-05 seconds.
worker: completed task switch_command in 6.842613220214844e-05 seconds.
worker: completed task switch_command in 7.033348083496094e-05 seconds.
worker: completed task switch_command in 6.866455078125e-05 seconds.
worker: completed task switch_command in 6.890296936035156e-05 seconds.
worker: completed task switch_command in 0.00014472007751464844 seconds.
worker: completed task switch_command in 0.00011372566223144531 seconds.
worker: completed task switch_command in 6.914138793945312e-05 seconds.
worker: completed task switch_command in 7.104873657226562e-05 seconds.
worker: completed task switch_command in 7.271766662597656e-05 seconds.
worker: completed task switch_command in 0.00012683868408203125 seconds.
worker: completed task switch_command in 7.104873657226562e-05 seconds.
worker: completed task switch_command in 0.00013685226440429688 seconds.
worker: completed task switch_command in 7.462501525878906e-05 seconds.
worker: completed task switch_command in 7.939338684082031e-05 seconds.
worker: completed task switch_command in 6.556510925292969e-05 seconds.
worker: completed task switch_command in 0.0003440380096435547 seconds.
worker: completed task switch_command in 7.033348083496094e-05 seconds.
worker: completed task switch_command in 6.651878356933594e-05 seconds.
worker: completed task switch_command in 0.00013256072998046875 seconds.
worker: completed task switch_command in 7.486343383789062e-05 seconds.
worker: completed task switch_command in 7.486343383789062e-05 seconds.
worker: completed task switch_command in 6.699562072753906e-05 seconds.
worker: completed task switch_command in 6.937980651855469e-05 seconds.
worker: completed task switch_command in 6.818771362304688e-05 seconds.
worker: completed task switch_command in 6.985664367675781e-05 seconds.
worker: completed task switch_command in 0.0001609325408935547 seconds.
worker: completed task switch_command in 7.2479248046875e-05 seconds.
worker: completed task switch_command in 7.43865966796875e-05 seconds.
worker: completed task switch_command in 7.295608520507812e-05 seconds.
worker: completed task switch_command in 6.604194641113281e-05 seconds.
worker: completed task switch_command in 6.842613220214844e-05 seconds.
worker: completed task switch_command in 6.628036499023438e-05 seconds.
worker: completed task switch_command in 0.00013184547424316406 seconds.
worker: completed task switch_command in 7.295608520507812e-05 seconds.
worker: completed task switch_command in 9.918212890625e-05 seconds.
worker: completed task switch_command in 6.914138793945312e-05 seconds.
worker: completed task switch_command in 6.508827209472656e-05 seconds.
worker: completed task switch_command in 6.175041198730469e-05 seconds.
worker: completed task switch_command in 6.771087646484375e-05 seconds.
worker: completed task switch_command in 0.00012612342834472656 seconds.
worker: completed task switch_command in 7.43865966796875e-05 seconds.
worker: completed task switch_command in 7.05718994140625e-05 seconds.
worker: completed task switch_command in 6.29425048828125e-05 seconds.
worker: completed task switch_command in 7.224082946777344e-05 seconds.
worker: completed task switch_command in 0.00010395050048828125 seconds.
worker: completed task switch_command in 7.271766662597656e-05 seconds.
worker: completed task switch_command in 0.0001266002655029297 seconds.
worker: completed task switch_command in 7.700920104980469e-05 seconds.
worker: completed task switch_command in 7.05718994140625e-05 seconds.
worker: completed task switch_command in 6.461143493652344e-05 seconds.
worker: completed task switch_command in 6.937980651855469e-05 seconds.
worker: completed task switch_command in 6.651878356933594e-05 seconds.
worker: completed task switch_command in 6.580352783203125e-05 seconds.
worker: completed task switch_command in 0.00015664100646972656 seconds.
worker: completed task switch_command in 8.20159912109375e-05 seconds.
worker: completed task switch_command in 6.961822509765625e-05 seconds.
worker: completed task switch_command in 7.224082946777344e-05 seconds.
worker: completed task switch_command in 6.604194641113281e-05 seconds.
worker: completed task switch_command in 6.866455078125e-05 seconds.
worker: completed task switch_command in 6.67572021484375e-05 seconds.
worker: completed task switch_command in 0.0001285076141357422 seconds.
worker: completed task switch_command in 7.43865966796875e-05 seconds.
worker: completed task switch_command in 6.532669067382812e-05 seconds.
worker: completed task switch_command in 0.00010442733764648438 seconds.
worker: completed task switch_command in 6.699562072753906e-05 seconds.
worker: completed task switch_command in 6.437301635742188e-05 seconds.
worker: completed task switch_command in 6.604194641113281e-05 seconds.
worker: completed task switch_command in 0.0001232624053955078 seconds.
worker: completed task switch_command in 8.559226989746094e-05 seconds.
worker: completed task switch_command in 6.580352783203125e-05 seconds.
worker: completed task switch_command in 6.4849853515625e-05 seconds.
worker: completed task switch_command in 6.818771362304688e-05 seconds.
worker: completed task switch_command in 9.775161743164062e-05 seconds.
worker: completed task switch_command in 7.224082946777344e-05 seconds.
worker: completed task switch_command in 0.00012350082397460938 seconds.
worker: completed task switch_command in 7.224082946777344e-05 seconds.
worker: completed task switch_command in 6.794929504394531e-05 seconds.
worker: completed task switch_command in 7.462501525878906e-05 seconds.
worker: completed task switch_command in 6.818771362304688e-05 seconds.
worker: completed task switch_command in 6.580352783203125e-05 seconds.
worker: completed task switch_command in 7.510185241699219e-05 seconds.
worker: completed task switch_command in 0.00015997886657714844 seconds.
worker: completed task switch_command in 7.748603820800781e-05 seconds.
worker: completed task switch_command in 6.937980651855469e-05 seconds.
worker: completed task switch_command in 6.580352783203125e-05 seconds.
worker: completed task switch_command in 7.081031799316406e-05 seconds.
worker: completed task switch_command in 6.437301635742188e-05 seconds.
worker: completed task switch_command in 6.4849853515625e-05 seconds.
worker: completed task switch_command in 0.00012946128845214844 seconds.
worker: completed task switch_command in 7.390975952148438e-05 seconds.
worker: completed task switch_command in 7.224082946777344e-05 seconds.
worker: completed task switch_command in 9.369850158691406e-05 seconds.
worker: completed task switch_command in 6.4849853515625e-05 seconds.
worker: completed task switch_command in 7.200241088867188e-05 seconds.
worker: completed task switch_command in 7.104873657226562e-05 seconds.
worker: completed task switch_command in 0.0001308917999267578 seconds.
worker: completed task switch_command in 7.510185241699219e-05 seconds.
worker: completed task switch_command in 6.67572021484375e-05 seconds.
worker: completed task switch_command in 6.723403930664062e-05 seconds.
worker: completed task switch_command in 6.651878356933594e-05 seconds.
worker: completed task switch_command in 6.461143493652344e-05 seconds.
worker: completed task switch_command in 9.989738464355469e-05 seconds.
worker: completed task switch_command in 0.00012493133544921875 seconds.
worker: completed task switch_command in 7.414817810058594e-05 seconds.
worker: completed task switch_command in 7.724761962890625e-05 seconds.
worker: completed task switch_command in 6.628036499023438e-05 seconds.
worker: completed task switch_command in 6.580352783203125e-05 seconds.
worker: completed task switch_command in 6.437301635742188e-05 seconds.
worker: completed task switch_command in 6.866455078125e-05 seconds.
worker: completed task switch_command in 0.0001246929168701172 seconds.
worker: completed task switch_command in 0.00011396408081054688 seconds.
worker: completed task switch_command in 7.534027099609375e-05 seconds.
worker: completed task switch_command in 6.604194641113281e-05 seconds.
worker: completed task switch_command in 0.00010967254638671875 seconds.
worker: completed task switch_command in 6.794929504394531e-05 seconds.
worker: completed task switch_command in 6.842613220214844e-05 seconds.
worker: completed task switch_command in 0.00012254714965820312 seconds.
worker: completed task switch_command in 7.915496826171875e-05 seconds.
worker: completed task switch_command in 6.890296936035156e-05 seconds.
worker: completed task switch_command in 6.961822509765625e-05 seconds.
worker: completed task switch_command in 0.00010323524475097656 seconds.
worker: completed task switch_command in 7.939338684082031e-05 seconds.
worker: completed task switch_command in 6.461143493652344e-05 seconds.
worker: completed task switch_command in 0.00012183189392089844 seconds.
worker: completed task switch_command in 7.748603820800781e-05 seconds.
worker: completed task switch_command in 6.651878356933594e-05 seconds.
worker: completed task switch_command in 7.319450378417969e-05 seconds.
worker: completed task switch_command in 6.437301635742188e-05 seconds.
worker: completed task switch_command in 7.081031799316406e-05 seconds.
worker: completed task switch_command in 0.0003159046173095703 seconds.
worker: completed task switch_command in 0.0001385211944580078 seconds.
worker: completed task switch_command in 7.271766662597656e-05 seconds.
worker: completed task switch_command in 7.104873657226562e-05 seconds.
worker: completed task switch_command in 6.580352783203125e-05 seconds.
worker: completed task switch_command in 6.937980651855469e-05 seconds.
worker: completed task switch_command in 7.081031799316406e-05 seconds.
worker: completed task switch_command in 8.606910705566406e-05 seconds.
worker: completed task switch_command in 0.0001285076141357422 seconds.
worker: completed task switch_command in 7.319450378417969e-05 seconds.
worker: completed task switch_command in 0.00010800361633300781 seconds.
worker: completed task switch_command in 7.486343383789062e-05 seconds.
worker: completed task switch_command in 6.794929504394531e-05 seconds.
worker: completed task switch_command in 6.413459777832031e-05 seconds.
worker: completed task switch_command in 7.200241088867188e-05 seconds.
worker: completed task switch_command in 0.00013303756713867188 seconds.
worker: completed task switch_command in 7.414817810058594e-05 seconds.
worker: completed task switch_command in 6.699562072753906e-05 seconds.
worker: completed task switch_command in 6.508827209472656e-05 seconds.
worker: completed task switch_command in 9.918212890625e-05 seconds.
worker: completed task switch_command in 8.034706115722656e-05 seconds.
worker: completed task switch_command in 6.842613220214844e-05 seconds.
worker: completed task probe in 8.58306884765625e-05 seconds.
worker: completed task probe in 5.9604644775390625e-05 seconds.
worker: completed task probe in 7.152557373046875e-05 seconds.
worker: completed task probe in 3.886222839355469e-05 seconds.
worker: completed task probe in 3.743171691894531e-05 seconds.
worker: completed task probe in 3.647804260253906e-05 seconds.
worker: completed task probe in 3.695487976074219e-05 seconds.
worker: completed task probe in 3.4809112548828125e-05 seconds.
worker: completed task probe in 3.528594970703125e-05 seconds.
worker: completed task probe in 3.7670135498046875e-05 seconds.
worker: completed task probe in 3.552436828613281e-05 seconds.
worker: completed task probe in 3.743171691894531e-05 seconds.
worker: completed task probe in 4.0531158447265625e-05 seconds.
worker: completed task probe in 3.409385681152344e-05 seconds.
worker: completed task probe in 3.409385681152344e-05 seconds.
worker: completed task probe in 3.838539123535156e-05 seconds.
worker: completed task probe in 4.744529724121094e-05 seconds.
worker: completed task probe in 3.552436828613281e-05 seconds.
worker: completed task probe in 3.4809112548828125e-05 seconds.
worker: completed task probe in 3.337860107421875e-05 seconds.
worker: completed task probe in 3.361701965332031e-05 seconds.
worker: completed task probe in 3.600120544433594e-05 seconds.
worker: completed task probe in 3.933906555175781e-05 seconds.
worker: completed task probe in 3.528594970703125e-05 seconds.
worker: completed task probe in 4.100799560546875e-05 seconds.
worker: completed task probe in 3.552436828613281e-05 seconds.
worker: completed task probe in 3.3855438232421875e-05 seconds.
worker: completed task probe in 3.838539123535156e-05 seconds.
worker: completed task probe in 4.2438507080078125e-05 seconds.
worker: completed task probe in 3.457069396972656e-05 seconds.
worker: completed task probe in 3.337860107421875e-05 seconds.
worker: completed task probe in 3.600120544433594e-05 seconds.
worker: completed task probe in 3.695487976074219e-05 seconds.
worker: completed task probe in 3.62396240234375e-05 seconds.
worker: completed task probe in 3.647804260253906e-05 seconds.
worker: completed task probe in 3.62396240234375e-05 seconds.
worker: completed task probe in 3.62396240234375e-05 seconds.
worker: completed task probe in 3.361701965332031e-05 seconds.
worker: completed task probe in 3.409385681152344e-05 seconds.
worker: completed task probe in 3.409385681152344e-05 seconds.
worker: completed task probe in 3.552436828613281e-05 seconds.
worker: completed task probe in 3.62396240234375e-05 seconds.
worker: completed task probe in 3.528594970703125e-05 seconds.
worker: completed task probe in 3.4332275390625e-05 seconds.
worker: completed task probe in 3.409385681152344e-05 seconds.
worker: completed task probe in 3.695487976074219e-05 seconds.
worker: completed task probe in 3.600120544433594e-05 seconds.
worker: completed task probe in 3.600120544433594e-05 seconds.
worker: completed task probe in 3.337860107421875e-05 seconds.
worker: completed task probe in 3.409385681152344e-05 seconds.
worker: completed task probe in 7.176399230957031e-05 seconds.
worker: completed task probe in 3.695487976074219e-05 seconds.
worker: completed task probe in 3.647804260253906e-05 seconds.
worker: completed task probe in 3.552436828613281e-05 seconds.
worker: completed task probe in 3.4332275390625e-05 seconds.
worker: completed task probe in 4.076957702636719e-05 seconds.
worker: completed task probe in 3.552436828613281e-05 seconds.
worker: completed task probe in 3.528594970703125e-05 seconds.
worker: completed task probe in 3.743171691894531e-05 seconds.
worker: completed task probe in 4.1484832763671875e-05 seconds.
worker: completed task probe in 3.361701965332031e-05 seconds.
worker: completed task probe in 3.361701965332031e-05 seconds.
worker: completed task probe in 3.695487976074219e-05 seconds.
worker: completed task probe in 3.314018249511719e-05 seconds.
worker: completed task probe in 3.5762786865234375e-05 seconds.
worker: completed task probe in 3.528594970703125e-05 seconds.
worker: completed task probe in 3.600120544433594e-05 seconds.
worker: completed task probe in 3.361701965332031e-05 seconds.
worker: completed task probe in 3.337860107421875e-05 seconds.
worker: completed task probe in 3.528594970703125e-05 seconds.
worker: completed task probe in 3.647804260253906e-05 seconds.
worker: completed task probe in 3.6716461181640625e-05 seconds.
worker: completed task probe in 3.457069396972656e-05 seconds.
worker: completed task probe in 3.457069396972656e-05 seconds.
worker: completed task probe in 3.3855438232421875e-05 seconds.
worker: completed task probe in 3.314018249511719e-05 seconds.
worker: completed task probe in 4.124641418457031e-05 seconds.
worker: completed task probe in 3.838539123535156e-05 seconds.
worker: completed task probe in 3.361701965332031e-05 seconds.
worker: completed task probe in 3.3855438232421875e-05 seconds.
worker: completed task probe in 3.361701965332031e-05 seconds.
worker: completed task probe in 3.3855438232421875e-05 seconds.
worker: completed task probe in 3.910064697265625e-05 seconds.
worker: completed task probe in 3.457069396972656e-05 seconds.
worker: completed task probe in 3.337860107421875e-05 seconds.
worker: completed task probe in 3.409385681152344e-05 seconds.
worker: completed task probe in 4.2438507080078125e-05 seconds.
worker: completed task probe in 3.314018249511719e-05 seconds.
worker: completed task probe in 3.838539123535156e-05 seconds.
worker: completed task probe in 3.647804260253906e-05 seconds.
worker: completed task probe in 3.409385681152344e-05 seconds.
worker: completed task probe in 3.337860107421875e-05 seconds.
worker: completed task probe in 3.457069396972656e-05 seconds.
worker: completed task probe in 3.552436828613281e-05 seconds.
worker: completed task probe in 4.553794860839844e-05 seconds.
worker: completed task probe in 3.457069396972656e-05 seconds.
worker: completed task probe in 3.4332275390625e-05 seconds.
worker: completed task probe in 3.457069396972656e-05 seconds.
worker: completed task probe in 3.409385681152344e-05 seconds.
worker: completed task probe in 3.2901763916015625e-05 seconds.
worker: completed task probe in 3.62396240234375e-05 seconds.
worker: completed task probe in 3.4809112548828125e-05 seconds.
worker: completed task probe in 3.361701965332031e-05 seconds.
worker: completed task probe in 3.4809112548828125e-05 seconds.
worker: completed task probe in 3.4809112548828125e-05 seconds.
worker: completed task probe in 3.3855438232421875e-05 seconds.
worker: completed task probe in 3.814697265625e-05 seconds.
worker: completed task probe in 3.4809112548828125e-05 seconds.
worker: completed task probe in 3.2901763916015625e-05 seconds.
worker: completed task probe in 3.314018249511719e-05 seconds.
worker: completed task probe in 3.2901763916015625e-05 seconds.
worker: completed task probe in 3.314018249511719e-05 seconds.
worker: completed task probe in 3.528594970703125e-05 seconds.
worker: completed task probe in 3.6716461181640625e-05 seconds.
worker: completed task probe in 3.361701965332031e-05 seconds.
worker: completed task probe in 4.029273986816406e-05 seconds.
worker: completed task probe in 3.409385681152344e-05 seconds.
worker: completed task probe in 3.838539123535156e-05 seconds.
worker: completed task probe in 3.62396240234375e-05 seconds.
worker: completed task probe in 3.504753112792969e-05 seconds.
worker: completed task probe in 3.3855438232421875e-05 seconds.
worker: completed task probe in 3.4809112548828125e-05 seconds.
worker: completed task probe in 3.361701965332031e-05 seconds.
worker: completed task probe in 3.361701965332031e-05 seconds.
worker: completed task probe in 6.794929504394531e-05 seconds.
worker: completed task probe in 3.910064697265625e-05 seconds.
worker: completed task probe in 3.528594970703125e-05 seconds.
worker: completed task probe in 3.62396240234375e-05 seconds.
worker: completed task probe in 3.409385681152344e-05 seconds.
worker: completed task probe in 3.457069396972656e-05 seconds.
worker: completed task probe in 3.886222839355469e-05 seconds.
worker: completed task probe in 3.504753112792969e-05 seconds.
worker: completed task probe in 3.3855438232421875e-05 seconds.
worker: completed task probe in 3.3855438232421875e-05 seconds.
worker: completed task probe in 3.62396240234375e-05 seconds.
worker: completed task probe in 3.337860107421875e-05 seconds.
worker: completed task probe in 3.647804260253906e-05 seconds.
worker: completed task links in 0.0003330707550048828 seconds.
worker: completed task generators in 0.0018796920776367188 seconds.
worker: completed task links in 0.0003161430358886719 seconds.
apkeep: dmz.uni-potsdam.de discriminates among its ingress ports; demultiplexed into 2 element(s): dmz.uni-potsdam.de@1, dmz.uni-potsdam.de@2
apkeep: wifi.uni-potsdam.de discriminates among its ingress ports; demultiplexed into 2 element(s): wifi.uni-potsdam.de@1, wifi.uni-potsdam.de@3
apkeep: ingress demultiplexing split 2 device(s) into 4 element(s) -- a representational cost of the AP model, not a change to the FaVe model
worker: completed task check_compliance in 353.72069215774536 seconds.
worker: completed task report in 0.002107381820678711 seconds.
worker: initiate stopping
worker: completed task stop in 9.107589721679688e-05 seconds.
worker: stop handler after 355.9623692035675 seconds.
master: close receiving socket
master: join queue
master: join handler thread
master: finished run
master: stop reporter
