backend: netplumber {'impl': 'authors+fave', 'upstream': 'hassel-public master 697b35c9'}
master: open and bind unix socket
master: start handler thread
master: listen on socket
worker: completed task packet_filter in 0.19568443298339844 seconds.
worker: completed task switch in 0.0013036727905273438 seconds.
worker: completed task switch in 6.175041198730469e-05 seconds.
worker: completed task packet_filter in 0.010668754577636719 seconds.
worker: completed task packet_filter in 0.03211712837219238 seconds.
worker: completed task packet_filter in 0.001781463623046875 seconds.
worker: completed task packet_filter in 0.0012760162353515625 seconds.
worker: completed task packet_filter in 0.0012357234954833984 seconds.
worker: completed task packet_filter in 0.0012197494506835938 seconds.
worker: completed task packet_filter in 0.0012788772583007812 seconds.
worker: completed task packet_filter in 0.001287698745727539 seconds.
worker: completed task packet_filter in 0.0011518001556396484 seconds.
worker: completed task switch in 6.389617919921875e-05 seconds.
worker: completed task packet_filter in 0.002145528793334961 seconds.
worker: completed task packet_filter in 0.002099752426147461 seconds.
worker: completed task packet_filter in 0.002712726593017578 seconds.
worker: completed task packet_filter in 0.0021071434020996094 seconds.
worker: completed task packet_filter in 0.002674579620361328 seconds.
worker: completed task packet_filter in 0.0010640621185302734 seconds.
worker: completed task switch in 6.389617919921875e-05 seconds.
worker: completed task packet_filter in 0.002105712890625 seconds.
worker: completed task packet_filter in 0.002081632614135742 seconds.
worker: completed task packet_filter in 0.00266265869140625 seconds.
worker: completed task packet_filter in 0.0020661354064941406 seconds.
worker: completed task packet_filter in 0.0027360916137695312 seconds.
worker: completed task packet_filter in 0.0009386539459228516 seconds.
worker: completed task switch in 5.91278076171875e-05 seconds.
worker: completed task packet_filter in 0.0021674633026123047 seconds.
worker: completed task packet_filter in 0.002269744873046875 seconds.
worker: completed task packet_filter in 0.0032150745391845703 seconds.
worker: completed task packet_filter in 0.0021758079528808594 seconds.
worker: completed task packet_filter in 0.00266265869140625 seconds.
worker: completed task packet_filter in 0.0009741783142089844 seconds.
worker: completed task switch in 6.031990051269531e-05 seconds.
worker: completed task packet_filter in 0.0021038055419921875 seconds.
worker: completed task packet_filter in 0.002087831497192383 seconds.
worker: completed task packet_filter in 0.002732992172241211 seconds.
worker: completed task packet_filter in 0.0020995140075683594 seconds.
worker: completed task packet_filter in 0.002613544464111328 seconds.
worker: completed task packet_filter in 0.0009582042694091797 seconds.
worker: completed task switch in 5.817413330078125e-05 seconds.
worker: completed task packet_filter in 0.00206756591796875 seconds.
worker: completed task packet_filter in 0.002027273178100586 seconds.
worker: completed task packet_filter in 0.0026559829711914062 seconds.
worker: completed task packet_filter in 0.0020728111267089844 seconds.
worker: completed task packet_filter in 0.0026154518127441406 seconds.
worker: completed task packet_filter in 0.0009329319000244141 seconds.
worker: completed task switch in 5.626678466796875e-05 seconds.
worker: completed task packet_filter in 0.0020275115966796875 seconds.
worker: completed task packet_filter in 0.002029895782470703 seconds.
worker: completed task packet_filter in 0.002907991409301758 seconds.
worker: completed task packet_filter in 0.0020847320556640625 seconds.
worker: completed task packet_filter in 0.0026252269744873047 seconds.
worker: completed task packet_filter in 0.0009415149688720703 seconds.
worker: completed task switch in 5.6743621826171875e-05 seconds.
worker: completed task packet_filter in 0.002039194107055664 seconds.
worker: completed task packet_filter in 0.002050638198852539 seconds.
worker: completed task packet_filter in 0.002622365951538086 seconds.
worker: completed task packet_filter in 0.002080678939819336 seconds.
worker: completed task packet_filter in 0.0026407241821289062 seconds.
worker: completed task packet_filter in 0.0009505748748779297 seconds.
worker: completed task switch in 5.602836608886719e-05 seconds.
worker: completed task packet_filter in 0.002043485641479492 seconds.
worker: completed task packet_filter in 0.002138376235961914 seconds.
worker: completed task packet_filter in 0.002634286880493164 seconds.
worker: completed task packet_filter in 0.0021042823791503906 seconds.
worker: completed task packet_filter in 0.0026187896728515625 seconds.
worker: completed task packet_filter in 0.0009539127349853516 seconds.
worker: completed task switch in 5.745887756347656e-05 seconds.
worker: completed task packet_filter in 0.002039670944213867 seconds.
worker: completed task packet_filter in 0.002017498016357422 seconds.
worker: completed task packet_filter in 0.0030536651611328125 seconds.
worker: completed task packet_filter in 0.0021898746490478516 seconds.
worker: completed task packet_filter in 0.0026733875274658203 seconds.
worker: completed task packet_filter in 0.0009343624114990234 seconds.
worker: completed task switch in 5.53131103515625e-05 seconds.
worker: completed task packet_filter in 0.0020694732666015625 seconds.
worker: completed task packet_filter in 0.002050161361694336 seconds.
worker: completed task packet_filter in 0.0027663707733154297 seconds.
worker: completed task packet_filter in 0.0021119117736816406 seconds.
worker: completed task packet_filter in 0.002649545669555664 seconds.
worker: completed task packet_filter in 0.0009202957153320312 seconds.
worker: completed task switch in 6.127357482910156e-05 seconds.
worker: completed task packet_filter in 0.002131223678588867 seconds.
worker: completed task packet_filter in 0.0020711421966552734 seconds.
worker: completed task packet_filter in 0.0026559829711914062 seconds.
worker: completed task packet_filter in 0.002146005630493164 seconds.
worker: completed task packet_filter in 0.002709627151489258 seconds.
worker: completed task packet_filter in 0.0009543895721435547 seconds.
worker: completed task switch in 5.7220458984375e-05 seconds.
worker: completed task packet_filter in 0.002096891403198242 seconds.
worker: completed task packet_filter in 0.002071857452392578 seconds.
worker: completed task packet_filter in 0.0029554367065429688 seconds.
worker: completed task packet_filter in 0.010483980178833008 seconds.
worker: completed task packet_filter in 0.002691030502319336 seconds.
worker: completed task packet_filter in 0.0010809898376464844 seconds.
worker: completed task switch in 5.8650970458984375e-05 seconds.
worker: completed task packet_filter in 0.002123117446899414 seconds.
worker: completed task packet_filter in 0.002123594284057617 seconds.
worker: completed task packet_filter in 0.002691507339477539 seconds.
worker: completed task packet_filter in 0.002094268798828125 seconds.
worker: completed task packet_filter in 0.0027925968170166016 seconds.
worker: completed task packet_filter in 0.0009558200836181641 seconds.
worker: completed task switch in 5.7220458984375e-05 seconds.
worker: completed task packet_filter in 0.002134084701538086 seconds.
worker: completed task packet_filter in 0.0020771026611328125 seconds.
worker: completed task packet_filter in 0.0028400421142578125 seconds.
worker: completed task packet_filter in 0.0021555423736572266 seconds.
worker: completed task packet_filter in 0.00266265869140625 seconds.
worker: completed task packet_filter in 0.0009725093841552734 seconds.
worker: completed task switch in 5.650520324707031e-05 seconds.
worker: completed task packet_filter in 0.002383708953857422 seconds.
worker: completed task packet_filter in 0.0026531219482421875 seconds.
worker: completed task packet_filter in 0.003080606460571289 seconds.
worker: completed task packet_filter in 0.002969026565551758 seconds.
worker: completed task packet_filter in 0.002849578857421875 seconds.
worker: completed task packet_filter in 0.001153707504272461 seconds.
worker: completed task switch in 0.00016069412231445312 seconds.
worker: completed task packet_filter in 0.0025031566619873047 seconds.
worker: completed task packet_filter in 0.0022575855255126953 seconds.
worker: completed task packet_filter in 0.0031218528747558594 seconds.
worker: completed task packet_filter in 0.0026209354400634766 seconds.
worker: completed task packet_filter in 0.0030558109283447266 seconds.
worker: completed task packet_filter in 0.0012311935424804688 seconds.
worker: completed task switch in 8.559226989746094e-05 seconds.
worker: completed task packet_filter in 0.0021944046020507812 seconds.
worker: completed task packet_filter in 0.0020761489868164062 seconds.
worker: completed task packet_filter in 0.0027005672454833984 seconds.
worker: completed task packet_filter in 0.002070188522338867 seconds.
worker: completed task packet_filter in 0.002653360366821289 seconds.
worker: completed task packet_filter in 0.0009546279907226562 seconds.
worker: completed task switch in 5.555152893066406e-05 seconds.
worker: completed task packet_filter in 0.0020704269409179688 seconds.
worker: completed task packet_filter in 0.0020325183868408203 seconds.
worker: completed task packet_filter in 0.0026738643646240234 seconds.
worker: completed task packet_filter in 0.0023403167724609375 seconds.
worker: completed task packet_filter in 0.002663850784301758 seconds.
worker: completed task packet_filter in 0.0009377002716064453 seconds.
worker: completed task switch in 5.555152893066406e-05 seconds.
worker: completed task packet_filter in 0.0020537376403808594 seconds.
worker: completed task packet_filter in 0.0020380020141601562 seconds.
worker: completed task packet_filter in 0.002676725387573242 seconds.
worker: completed task packet_filter in 0.0020704269409179688 seconds.
worker: completed task packet_filter in 0.0026361942291259766 seconds.
worker: completed task packet_filter in 0.0009484291076660156 seconds.
worker: completed task switch in 5.626678466796875e-05 seconds.
worker: completed task packet_filter in 0.00213623046875 seconds.
worker: completed task packet_filter in 0.0025801658630371094 seconds.
worker: completed task packet_filter in 0.0028624534606933594 seconds.
worker: completed task packet_filter in 0.0024144649505615234 seconds.
worker: completed task packet_filter in 0.0029518604278564453 seconds.
worker: completed task packet_filter in 0.0010366439819335938 seconds.
worker: completed task switch in 7.009506225585938e-05 seconds.
worker: completed task packet_filter in 0.0024318695068359375 seconds.
worker: completed task packet_filter in 0.002387523651123047 seconds.
worker: completed task packet_filter in 0.0028100013732910156 seconds.
worker: completed task packet_filter in 0.0027894973754882812 seconds.
worker: completed task packet_filter in 0.0027556419372558594 seconds.
worker: completed task packet_filter in 0.0010633468627929688 seconds.
worker: completed task links in 0.01210641860961914 seconds.
worker: completed task switch_command in 0.019588232040405273 seconds.
worker: completed task switch_command in 0.0004832744598388672 seconds.
worker: completed task switch_command in 0.0001728534698486328 seconds.
worker: completed task switch_command in 0.00018739700317382812 seconds.
worker: completed task switch_command in 0.00014829635620117188 seconds.
worker: completed task switch_command in 0.00014591217041015625 seconds.
worker: completed task switch_command in 0.0001385211944580078 seconds.
worker: completed task switch_command in 0.00013899803161621094 seconds.
worker: completed task switch_command in 0.0001354217529296875 seconds.
worker: completed task switch_command in 0.00019288063049316406 seconds.
worker: completed task switch_command in 0.00013399124145507812 seconds.
worker: completed task switch_command in 0.00013756752014160156 seconds.
worker: completed task switch_command in 0.00030612945556640625 seconds.
worker: completed task switch_command in 0.0001697540283203125 seconds.
worker: completed task switch_command in 0.00015091896057128906 seconds.
worker: completed task switch_command in 0.00014829635620117188 seconds.
worker: completed task switch_command in 0.0001595020294189453 seconds.
worker: completed task switch_command in 0.0001850128173828125 seconds.
worker: completed task switch_command in 0.00013589859008789062 seconds.
worker: completed task switch_command in 0.00032830238342285156 seconds.
worker: completed task switch_command in 0.0001621246337890625 seconds.
worker: completed task switch_command in 0.0001506805419921875 seconds.
worker: completed task switch_command in 0.00019073486328125 seconds.
worker: completed task switch_command in 0.0001494884490966797 seconds.
worker: completed task switch_command in 0.00016355514526367188 seconds.
worker: completed task switch_command in 0.0001366138458251953 seconds.
worker: completed task switch_command in 0.0002968311309814453 seconds.
worker: completed task switch_command in 0.0001590251922607422 seconds.
worker: completed task switch_command in 0.0001506805419921875 seconds.
worker: completed task switch_command in 0.0001595020294189453 seconds.
worker: completed task switch_command in 0.00014925003051757812 seconds.
worker: completed task switch_command in 0.00015091896057128906 seconds.
worker: completed task switch_command in 0.0001373291015625 seconds.
worker: completed task switch_command in 0.00029349327087402344 seconds.
worker: completed task switch_command in 0.00018787384033203125 seconds.
worker: completed task switch_command in 0.0001575946807861328 seconds.
worker: completed task switch_command in 0.000156402587890625 seconds.
worker: completed task switch_command in 0.00014495849609375 seconds.
worker: completed task switch_command in 0.00015282630920410156 seconds.
worker: completed task switch_command in 0.00013327598571777344 seconds.
worker: completed task switch_command in 0.000301361083984375 seconds.
worker: completed task switch_command in 0.000156402587890625 seconds.
worker: completed task switch_command in 0.0001583099365234375 seconds.
worker: completed task switch_command in 0.00015234947204589844 seconds.
worker: completed task switch_command in 0.0001499652862548828 seconds.
worker: completed task switch_command in 0.00016188621520996094 seconds.
worker: completed task switch_command in 0.00012969970703125 seconds.
worker: completed task switch_command in 0.00032639503479003906 seconds.
worker: completed task switch_command in 0.0001552104949951172 seconds.
worker: completed task switch_command in 0.00014662742614746094 seconds.
worker: completed task switch_command in 0.0001609325408935547 seconds.
worker: completed task switch_command in 0.00016069412231445312 seconds.
worker: completed task switch_command in 0.00015020370483398438 seconds.
worker: completed task switch_command in 0.00013446807861328125 seconds.
worker: completed task switch_command in 0.00029277801513671875 seconds.
worker: completed task switch_command in 0.0001513957977294922 seconds.
worker: completed task switch_command in 0.0001590251922607422 seconds.
worker: completed task switch_command in 0.00015115737915039062 seconds.
worker: completed task switch_command in 0.0001499652862548828 seconds.
worker: completed task switch_command in 0.00015544891357421875 seconds.
worker: completed task switch_command in 0.0001633167266845703 seconds.
worker: completed task switch_command in 0.0003082752227783203 seconds.
worker: completed task switch_command in 0.00015163421630859375 seconds.
worker: completed task switch_command in 0.00015878677368164062 seconds.
worker: completed task switch_command in 0.0001494884490966797 seconds.
worker: completed task switch_command in 0.00014591217041015625 seconds.
worker: completed task switch_command in 0.0001552104949951172 seconds.
worker: completed task switch_command in 0.00014209747314453125 seconds.
worker: completed task switch_command in 0.0002963542938232422 seconds.
worker: completed task switch_command in 0.00015211105346679688 seconds.
worker: completed task switch_command in 0.00015497207641601562 seconds.
worker: completed task switch_command in 0.00015282630920410156 seconds.
worker: completed task switch_command in 0.00018835067749023438 seconds.
worker: completed task switch_command in 0.00015282630920410156 seconds.
worker: completed task switch_command in 0.0001385211944580078 seconds.
worker: completed task switch_command in 0.0002930164337158203 seconds.
worker: completed task switch_command in 0.00015473365783691406 seconds.
worker: completed task switch_command in 0.00016236305236816406 seconds.
worker: completed task switch_command in 0.00015592575073242188 seconds.
worker: completed task switch_command in 0.00015163421630859375 seconds.
worker: completed task switch_command in 0.00016307830810546875 seconds.
worker: completed task switch_command in 0.00014495849609375 seconds.
worker: completed task switch_command in 0.0002963542938232422 seconds.
worker: completed task switch_command in 0.0001583099365234375 seconds.
worker: completed task switch_command in 0.00018310546875 seconds.
worker: completed task switch_command in 0.00015974044799804688 seconds.
worker: completed task switch_command in 0.00014543533325195312 seconds.
worker: completed task switch_command in 0.00015544891357421875 seconds.
worker: completed task switch_command in 0.00014519691467285156 seconds.
worker: completed task switch_command in 0.0002911090850830078 seconds.
worker: completed task switch_command in 0.00015544891357421875 seconds.
worker: completed task switch_command in 0.0001442432403564453 seconds.
worker: completed task switch_command in 0.00015473365783691406 seconds.
worker: completed task switch_command in 0.00015807151794433594 seconds.
worker: completed task switch_command in 0.0001583099365234375 seconds.
worker: completed task switch_command in 0.0001323223114013672 seconds.
worker: completed task switch_command in 0.0007512569427490234 seconds.
worker: completed task switch_command in 0.0001583099365234375 seconds.
worker: completed task switch_command in 0.000152587890625 seconds.
worker: completed task switch_command in 0.0001614093780517578 seconds.
worker: completed task switch_command in 0.00014495849609375 seconds.
worker: completed task switch_command in 0.00015115737915039062 seconds.
worker: completed task switch_command in 0.00014591217041015625 seconds.
worker: completed task switch_command in 0.0002923011779785156 seconds.
worker: completed task switch_command in 0.00015425682067871094 seconds.
worker: completed task switch_command in 0.00014400482177734375 seconds.
worker: completed task switch_command in 0.00015592575073242188 seconds.
worker: completed task switch_command in 0.00015616416931152344 seconds.
worker: completed task switch_command in 0.00015091896057128906 seconds.
worker: completed task switch_command in 0.0001327991485595703 seconds.
worker: completed task switch_command in 0.0003142356872558594 seconds.
worker: completed task switch_command in 0.0001556873321533203 seconds.
worker: completed task switch_command in 0.00015735626220703125 seconds.
worker: completed task switch_command in 0.00015211105346679688 seconds.
worker: completed task switch_command in 0.00014543533325195312 seconds.
worker: completed task switch_command in 0.0001518726348876953 seconds.
worker: completed task switch_command in 0.00013184547424316406 seconds.
worker: completed task switch_command in 0.0002796649932861328 seconds.
worker: completed task switch_command in 0.00015473365783691406 seconds.
worker: completed task switch_command in 0.00014829635620117188 seconds.
worker: completed task switch_command in 0.0001571178436279297 seconds.
worker: completed task switch_command in 0.0001437664031982422 seconds.
worker: completed task switch_command in 0.00015091896057128906 seconds.
worker: completed task switch_command in 0.0001552104949951172 seconds.
worker: completed task switch_command in 0.0002951622009277344 seconds.
worker: completed task switch_command in 0.00017833709716796875 seconds.
worker: completed task switch_command in 0.0001442432403564453 seconds.
worker: completed task switch_command in 0.0001494884490966797 seconds.
worker: completed task switch_command in 0.0001499652862548828 seconds.
worker: completed task switch_command in 0.0001659393310546875 seconds.
worker: completed task switch_command in 0.0001506805419921875 seconds.
worker: completed task switch_command in 0.00029587745666503906 seconds.
worker: completed task switch_command in 0.00016450881958007812 seconds.
worker: completed task switch_command in 0.00014781951904296875 seconds.
worker: completed task switch_command in 0.000164031982421875 seconds.
worker: completed task switch_command in 0.00017333030700683594 seconds.
worker: completed task switch_command in 0.00015592575073242188 seconds.
worker: completed task switch_command in 0.00013518333435058594 seconds.
worker: completed task switch_command in 0.00028586387634277344 seconds.
worker: completed task switch_command in 0.00016045570373535156 seconds.
worker: completed task switch_command in 0.00015091896057128906 seconds.
worker: completed task switch_command in 0.00015497207641601562 seconds.
worker: completed task switch_command in 0.00014734268188476562 seconds.
worker: completed task switch_command in 0.0001506805419921875 seconds.
worker: completed task switch_command in 0.00013184547424316406 seconds.
worker: completed task switch_command in 0.00029277801513671875 seconds.
worker: completed task switch_command in 0.00015354156494140625 seconds.
worker: completed task switch_command in 0.0001735687255859375 seconds.
worker: completed task switch_command in 0.00015687942504882812 seconds.
worker: completed task switch_command in 0.00015091896057128906 seconds.
worker: completed task switch_command in 0.0001537799835205078 seconds.
worker: completed task switch_command in 0.00012922286987304688 seconds.
worker: completed task switch_command in 0.0002799034118652344 seconds.
worker: completed task switch_command in 0.0001513957977294922 seconds.
worker: completed task switch_command in 0.00014472007751464844 seconds.
worker: completed task switch_command in 0.0001575946807861328 seconds.
worker: completed task switch_command in 0.00014972686767578125 seconds.
worker: completed task switch_command in 0.0001518726348876953 seconds.
worker: completed task switch_command in 0.00013828277587890625 seconds.
worker: completed task probe in 0.0001933574676513672 seconds.
worker: completed task probe in 0.00010466575622558594 seconds.
worker: completed task probe in 0.00013875961303710938 seconds.
worker: completed task probe in 0.00014019012451171875 seconds.
worker: completed task probe in 8.320808410644531e-05 seconds.
worker: completed task probe in 7.867813110351562e-05 seconds.
worker: completed task probe in 7.891654968261719e-05 seconds.
worker: completed task probe in 0.00013184547424316406 seconds.
worker: completed task probe in 0.00010895729064941406 seconds.
worker: completed task probe in 7.939338684082031e-05 seconds.
worker: completed task probe in 7.677078247070312e-05 seconds.
worker: completed task probe in 7.557868957519531e-05 seconds.
worker: completed task probe in 7.62939453125e-05 seconds.
worker: completed task probe in 8.678436279296875e-05 seconds.
worker: completed task probe in 8.249282836914062e-05 seconds.
worker: completed task probe in 8.988380432128906e-05 seconds.
worker: completed task probe in 9.870529174804688e-05 seconds.
worker: completed task probe in 9.059906005859375e-05 seconds.
worker: completed task probe in 8.416175842285156e-05 seconds.
worker: completed task probe in 7.62939453125e-05 seconds.
worker: completed task probe in 7.748603820800781e-05 seconds.
worker: completed task probe in 7.557868957519531e-05 seconds.
worker: completed task probe in 7.939338684082031e-05 seconds.
worker: completed task probe in 8.893013000488281e-05 seconds.
worker: completed task probe in 7.62939453125e-05 seconds.
worker: completed task probe in 7.891654968261719e-05 seconds.
worker: completed task probe in 7.867813110351562e-05 seconds.
worker: completed task probe in 7.295608520507812e-05 seconds.
worker: completed task probe in 8.368492126464844e-05 seconds.
worker: completed task probe in 7.414817810058594e-05 seconds.
worker: completed task probe in 7.319450378417969e-05 seconds.
worker: completed task probe in 8.487701416015625e-05 seconds.
worker: completed task probe in 8.869171142578125e-05 seconds.
worker: completed task probe in 9.274482727050781e-05 seconds.
worker: completed task probe in 0.00010013580322265625 seconds.
worker: completed task probe in 7.605552673339844e-05 seconds.
worker: completed task probe in 7.271766662597656e-05 seconds.
worker: completed task probe in 7.271766662597656e-05 seconds.
worker: completed task probe in 8.058547973632812e-05 seconds.
worker: completed task probe in 7.581710815429688e-05 seconds.
worker: completed task probe in 8.344650268554688e-05 seconds.
worker: completed task probe in 7.343292236328125e-05 seconds.
worker: completed task probe in 7.772445678710938e-05 seconds.
worker: completed task probe in 7.534027099609375e-05 seconds.
worker: completed task probe in 7.271766662597656e-05 seconds.
worker: completed task probe in 7.295608520507812e-05 seconds.
worker: completed task probe in 8.058547973632812e-05 seconds.
worker: completed task probe in 8.153915405273438e-05 seconds.
worker: completed task probe in 7.891654968261719e-05 seconds.
worker: completed task probe in 8.392333984375e-05 seconds.
worker: completed task probe in 9.417533874511719e-05 seconds.
worker: completed task probe in 7.915496826171875e-05 seconds.
worker: completed task probe in 8.106231689453125e-05 seconds.
worker: completed task probe in 7.486343383789062e-05 seconds.
worker: completed task probe in 7.295608520507812e-05 seconds.
worker: completed task probe in 7.43865966796875e-05 seconds.
worker: completed task probe in 7.295608520507812e-05 seconds.
worker: completed task probe in 8.440017700195312e-05 seconds.
worker: completed task probe in 7.82012939453125e-05 seconds.
worker: completed task probe in 7.557868957519531e-05 seconds.
worker: completed task probe in 7.390975952148438e-05 seconds.
worker: completed task probe in 7.62939453125e-05 seconds.
worker: completed task probe in 7.677078247070312e-05 seconds.
worker: completed task probe in 7.62939453125e-05 seconds.
worker: completed task probe in 8.96453857421875e-05 seconds.
worker: completed task probe in 8.440017700195312e-05 seconds.
worker: completed task probe in 0.00012803077697753906 seconds.
worker: completed task probe in 8.487701416015625e-05 seconds.
worker: completed task probe in 7.486343383789062e-05 seconds.
worker: completed task probe in 7.152557373046875e-05 seconds.
worker: completed task probe in 7.557868957519531e-05 seconds.
worker: completed task probe in 7.2479248046875e-05 seconds.
worker: completed task probe in 7.796287536621094e-05 seconds.
worker: completed task probe in 7.915496826171875e-05 seconds.
worker: completed task probe in 7.724761962890625e-05 seconds.
worker: completed task probe in 7.2479248046875e-05 seconds.
worker: completed task probe in 8.130073547363281e-05 seconds.
worker: completed task probe in 9.703636169433594e-05 seconds.
worker: completed task probe in 8.058547973632812e-05 seconds.
worker: completed task probe in 9.822845458984375e-05 seconds.
worker: completed task probe in 7.963180541992188e-05 seconds.
worker: completed task probe in 8.654594421386719e-05 seconds.
worker: completed task probe in 8.559226989746094e-05 seconds.
worker: completed task probe in 7.534027099609375e-05 seconds.
worker: completed task probe in 7.510185241699219e-05 seconds.
worker: completed task probe in 7.295608520507812e-05 seconds.
worker: completed task probe in 7.224082946777344e-05 seconds.
worker: completed task probe in 7.295608520507812e-05 seconds.
worker: completed task probe in 7.605552673339844e-05 seconds.
worker: completed task probe in 7.295608520507812e-05 seconds.
worker: completed task probe in 8.511543273925781e-05 seconds.
worker: completed task probe in 7.510185241699219e-05 seconds.
worker: completed task probe in 7.200241088867188e-05 seconds.
worker: completed task probe in 7.104873657226562e-05 seconds.
worker: completed task probe in 8.463859558105469e-05 seconds.
worker: completed task probe in 8.463859558105469e-05 seconds.
worker: completed task probe in 0.0001125335693359375 seconds.
worker: completed task probe in 0.000102996826171875 seconds.
worker: completed task probe in 8.320808410644531e-05 seconds.
worker: completed task probe in 8.940696716308594e-05 seconds.
worker: completed task probe in 8.440017700195312e-05 seconds.
worker: completed task probe in 7.414817810058594e-05 seconds.
worker: completed task probe in 0.0008871555328369141 seconds.
worker: completed task probe in 8.606910705566406e-05 seconds.
worker: completed task probe in 7.82012939453125e-05 seconds.
worker: completed task probe in 8.249282836914062e-05 seconds.
worker: completed task probe in 8.320808410644531e-05 seconds.
worker: completed task probe in 7.534027099609375e-05 seconds.
worker: completed task probe in 7.319450378417969e-05 seconds.
worker: completed task probe in 7.271766662597656e-05 seconds.
worker: completed task probe in 7.200241088867188e-05 seconds.
worker: completed task probe in 7.200241088867188e-05 seconds.
worker: completed task probe in 7.43865966796875e-05 seconds.
worker: completed task probe in 8.296966552734375e-05 seconds.
worker: completed task probe in 7.867813110351562e-05 seconds.
worker: completed task probe in 8.416175842285156e-05 seconds.
worker: completed task probe in 7.82012939453125e-05 seconds.
worker: completed task probe in 8.535385131835938e-05 seconds.
worker: completed task probe in 8.749961853027344e-05 seconds.
worker: completed task probe in 8.630752563476562e-05 seconds.
worker: completed task probe in 7.605552673339844e-05 seconds.
worker: completed task probe in 7.390975952148438e-05 seconds.
worker: completed task probe in 7.224082946777344e-05 seconds.
worker: completed task probe in 7.200241088867188e-05 seconds.
worker: completed task probe in 8.392333984375e-05 seconds.
worker: completed task probe in 8.0108642578125e-05 seconds.
worker: completed task probe in 7.319450378417969e-05 seconds.
worker: completed task probe in 7.200241088867188e-05 seconds.
worker: completed task probe in 7.390975952148438e-05 seconds.
worker: completed task probe in 7.581710815429688e-05 seconds.
worker: completed task probe in 7.581710815429688e-05 seconds.
worker: completed task probe in 7.462501525878906e-05 seconds.
worker: completed task probe in 9.059906005859375e-05 seconds.
worker: completed task probe in 7.772445678710938e-05 seconds.
worker: completed task probe in 8.678436279296875e-05 seconds.
worker: completed task probe in 8.344650268554688e-05 seconds.
worker: completed task probe in 9.250640869140625e-05 seconds.
worker: completed task links in 0.00544285774230957 seconds.
worker: completed task generators in 0.0059773921966552734 seconds.
worker: completed task links in 13.079920768737793 seconds.
worker: completed task check_compliance in 0.28340983390808105 seconds.
worker: completed task check_anomalies in 0.0019040107727050781 seconds.
worker: completed task report in 0.0007121562957763672 seconds.
worker: initiate stopping
worker: completed task stop in 1.467923641204834 seconds.
worker: stop handler after 17.29609751701355 seconds.
master: close receiving socket
master: join queue
master: join handler thread
master: finished run
master: stop reporter
