backend: veriflow {'impl': 'reimpl-literature', 'vf_fields': '4+10', 'vf_revisit': 'state', 'vf_slicing': 'device', 'vf_budget': 0}
master: open and bind unix socket
master: start handler thread
master: listen on socket
worker: completed task packet_filter in 0.03359818458557129 seconds.
worker: completed task switch in 0.0003600120544433594 seconds.
worker: completed task switch in 1.6927719116210938e-05 seconds.
worker: completed task packet_filter in 0.00011777877807617188 seconds.
worker: completed task packet_filter in 0.00017762184143066406 seconds.
worker: completed task packet_filter in 0.00022840499877929688 seconds.
worker: completed task packet_filter in 0.0002238750457763672 seconds.
worker: completed task packet_filter in 0.0001628398895263672 seconds.
worker: completed task packet_filter in 0.00015544891357421875 seconds.
worker: completed task packet_filter in 0.00015926361083984375 seconds.
worker: completed task packet_filter in 0.0002040863037109375 seconds.
worker: completed task packet_filter in 0.0001475811004638672 seconds.
worker: completed task switch in 2.3603439331054688e-05 seconds.
worker: completed task packet_filter in 0.00047206878662109375 seconds.
worker: completed task packet_filter in 0.00045800209045410156 seconds.
worker: completed task packet_filter in 0.0006754398345947266 seconds.
worker: completed task packet_filter in 0.0004780292510986328 seconds.
worker: completed task packet_filter in 0.000732421875 seconds.
worker: completed task packet_filter in 0.00010752677917480469 seconds.
worker: completed task switch in 1.6450881958007812e-05 seconds.
worker: completed task packet_filter in 0.0004494190216064453 seconds.
worker: completed task packet_filter in 0.0008609294891357422 seconds.
worker: completed task packet_filter in 0.0006706714630126953 seconds.
worker: completed task packet_filter in 0.0004715919494628906 seconds.
worker: completed task packet_filter in 0.0007231235504150391 seconds.
worker: completed task packet_filter in 9.894371032714844e-05 seconds.
worker: completed task switch in 1.6450881958007812e-05 seconds.
worker: completed task packet_filter in 0.00044035911560058594 seconds.
worker: completed task packet_filter in 0.0005013942718505859 seconds.
worker: completed task packet_filter in 0.0006673336029052734 seconds.
worker: completed task packet_filter in 0.00048065185546875 seconds.
worker: completed task packet_filter in 0.0007231235504150391 seconds.
worker: completed task packet_filter in 0.00010800361633300781 seconds.
worker: completed task switch in 1.621246337890625e-05 seconds.
worker: completed task packet_filter in 0.0004534721374511719 seconds.
worker: completed task packet_filter in 0.0004999637603759766 seconds.
worker: completed task packet_filter in 0.0006651878356933594 seconds.
worker: completed task packet_filter in 0.0004661083221435547 seconds.
worker: completed task packet_filter in 0.0007112026214599609 seconds.
worker: completed task packet_filter in 9.608268737792969e-05 seconds.
worker: completed task switch in 1.5974044799804688e-05 seconds.
worker: completed task packet_filter in 0.00043320655822753906 seconds.
worker: completed task packet_filter in 0.0005295276641845703 seconds.
worker: completed task packet_filter in 0.0006570816040039062 seconds.
worker: completed task packet_filter in 0.0004737377166748047 seconds.
worker: completed task packet_filter in 0.0007042884826660156 seconds.
worker: completed task packet_filter in 0.00010395050048828125 seconds.
worker: completed task switch in 1.52587890625e-05 seconds.
worker: completed task packet_filter in 0.0004439353942871094 seconds.
worker: completed task packet_filter in 0.0008456707000732422 seconds.
worker: completed task packet_filter in 0.0006570816040039062 seconds.
worker: completed task packet_filter in 0.0004668235778808594 seconds.
worker: completed task packet_filter in 0.0007047653198242188 seconds.
worker: completed task packet_filter in 9.799003601074219e-05 seconds.
worker: completed task switch in 1.5735626220703125e-05 seconds.
worker: completed task packet_filter in 0.00046515464782714844 seconds.
worker: completed task packet_filter in 0.0006089210510253906 seconds.
worker: completed task packet_filter in 0.0007119178771972656 seconds.
worker: completed task packet_filter in 0.0004949569702148438 seconds.
worker: completed task packet_filter in 0.0007543563842773438 seconds.
worker: completed task packet_filter in 0.00010633468627929688 seconds.
worker: completed task switch in 1.7881393432617188e-05 seconds.
worker: completed task packet_filter in 0.0004634857177734375 seconds.
worker: completed task packet_filter in 0.0005214214324951172 seconds.
worker: completed task packet_filter in 0.0006873607635498047 seconds.
worker: completed task packet_filter in 0.0004918575286865234 seconds.
worker: completed task packet_filter in 0.0007216930389404297 seconds.
worker: completed task packet_filter in 0.00010371208190917969 seconds.
worker: completed task switch in 1.71661376953125e-05 seconds.
worker: completed task packet_filter in 0.0004839897155761719 seconds.
worker: completed task packet_filter in 0.0005331039428710938 seconds.
worker: completed task packet_filter in 0.0007002353668212891 seconds.
worker: completed task packet_filter in 0.00048732757568359375 seconds.
worker: completed task packet_filter in 0.0007386207580566406 seconds.
worker: completed task packet_filter in 0.00011157989501953125 seconds.
worker: completed task switch in 1.621246337890625e-05 seconds.
worker: completed task packet_filter in 0.0004596710205078125 seconds.
worker: completed task packet_filter in 0.0010056495666503906 seconds.
worker: completed task packet_filter in 0.0007126331329345703 seconds.
worker: completed task packet_filter in 0.0004813671112060547 seconds.
worker: completed task packet_filter in 0.0007405281066894531 seconds.
worker: completed task packet_filter in 0.00010132789611816406 seconds.
worker: completed task switch in 1.6689300537109375e-05 seconds.
worker: completed task packet_filter in 0.00046372413635253906 seconds.
worker: completed task packet_filter in 0.0005159378051757812 seconds.
worker: completed task packet_filter in 0.0006937980651855469 seconds.
worker: completed task packet_filter in 0.0004932880401611328 seconds.
worker: completed task packet_filter in 0.0007417201995849609 seconds.
worker: completed task packet_filter in 0.00013566017150878906 seconds.
worker: completed task switch in 1.6450881958007812e-05 seconds.
worker: completed task packet_filter in 0.00045800209045410156 seconds.
worker: completed task packet_filter in 0.0005171298980712891 seconds.
worker: completed task packet_filter in 0.0006887912750244141 seconds.
worker: completed task packet_filter in 0.0004858970642089844 seconds.
worker: completed task packet_filter in 0.0007381439208984375 seconds.
worker: completed task packet_filter in 9.989738464355469e-05 seconds.
worker: completed task switch in 1.621246337890625e-05 seconds.
worker: completed task packet_filter in 0.0004620552062988281 seconds.
worker: completed task packet_filter in 0.0005335807800292969 seconds.
worker: completed task packet_filter in 0.0006892681121826172 seconds.
worker: completed task packet_filter in 0.0005044937133789062 seconds.
worker: completed task packet_filter in 0.0007364749908447266 seconds.
worker: completed task packet_filter in 0.00010204315185546875 seconds.
worker: completed task switch in 1.5974044799804688e-05 seconds.
worker: completed task packet_filter in 0.00047659873962402344 seconds.
worker: completed task packet_filter in 0.0009033679962158203 seconds.
worker: completed task packet_filter in 0.0007035732269287109 seconds.
worker: completed task packet_filter in 0.0004975795745849609 seconds.
worker: completed task packet_filter in 0.0007493495941162109 seconds.
worker: completed task packet_filter in 0.00010538101196289062 seconds.
worker: completed task switch in 1.6450881958007812e-05 seconds.
worker: completed task packet_filter in 0.0005414485931396484 seconds.
worker: completed task packet_filter in 0.0006020069122314453 seconds.
worker: completed task packet_filter in 0.0007112026214599609 seconds.
worker: completed task packet_filter in 0.0005145072937011719 seconds.
worker: completed task packet_filter in 0.0007433891296386719 seconds.
worker: completed task packet_filter in 0.00010657310485839844 seconds.
worker: completed task switch in 1.6689300537109375e-05 seconds.
worker: completed task packet_filter in 0.00047659873962402344 seconds.
worker: completed task packet_filter in 0.0005247592926025391 seconds.
worker: completed task packet_filter in 0.0007033348083496094 seconds.
worker: completed task packet_filter in 0.0004863739013671875 seconds.
worker: completed task packet_filter in 0.0007336139678955078 seconds.
worker: completed task packet_filter in 9.918212890625e-05 seconds.
worker: completed task switch in 1.6450881958007812e-05 seconds.
worker: completed task packet_filter in 0.0004839897155761719 seconds.
worker: completed task packet_filter in 0.0005345344543457031 seconds.
worker: completed task packet_filter in 0.0006899833679199219 seconds.
worker: completed task packet_filter in 0.0004937648773193359 seconds.
worker: completed task packet_filter in 0.0007481575012207031 seconds.
worker: completed task packet_filter in 0.00010275840759277344 seconds.
worker: completed task switch in 1.5735626220703125e-05 seconds.
worker: completed task packet_filter in 0.00048160552978515625 seconds.
worker: completed task packet_filter in 0.0010190010070800781 seconds.
worker: completed task packet_filter in 0.0007650852203369141 seconds.
worker: completed task packet_filter in 0.0005373954772949219 seconds.
worker: completed task packet_filter in 0.000774383544921875 seconds.
worker: completed task packet_filter in 0.0001125335693359375 seconds.
worker: completed task switch in 1.9073486328125e-05 seconds.
worker: completed task packet_filter in 0.0004799365997314453 seconds.
worker: completed task packet_filter in 0.0005381107330322266 seconds.
worker: completed task packet_filter in 0.0007176399230957031 seconds.
worker: completed task packet_filter in 0.0004849433898925781 seconds.
worker: completed task packet_filter in 0.0007460117340087891 seconds.
worker: completed task packet_filter in 0.00010848045349121094 seconds.
worker: completed task switch in 1.8358230590820312e-05 seconds.
worker: completed task packet_filter in 0.0004570484161376953 seconds.
worker: completed task packet_filter in 0.0005288124084472656 seconds.
worker: completed task packet_filter in 0.0007014274597167969 seconds.
worker: completed task packet_filter in 0.0004954338073730469 seconds.
worker: completed task packet_filter in 0.0007407665252685547 seconds.
worker: completed task packet_filter in 0.00010633468627929688 seconds.
worker: completed task switch in 1.6689300537109375e-05 seconds.
worker: completed task packet_filter in 0.0004677772521972656 seconds.
worker: completed task packet_filter in 0.0005407333374023438 seconds.
worker: completed task packet_filter in 0.0007131099700927734 seconds.
worker: completed task packet_filter in 0.0004913806915283203 seconds.
worker: completed task packet_filter in 0.0007526874542236328 seconds.
worker: completed task packet_filter in 0.0001049041748046875 seconds.
worker: completed task links in 0.013244152069091797 seconds.
worker: completed task switch_command in 0.0011773109436035156 seconds.
worker: completed task switch_command in 0.00013709068298339844 seconds.
worker: completed task switch_command in 4.7206878662109375e-05 seconds.
worker: completed task switch_command in 6.079673767089844e-05 seconds.
worker: completed task switch_command in 5.0067901611328125e-05 seconds.
worker: completed task switch_command in 4.506111145019531e-05 seconds.
worker: completed task switch_command in 4.6253204345703125e-05 seconds.
worker: completed task switch_command in 4.696846008300781e-05 seconds.
worker: completed task switch_command in 4.887580871582031e-05 seconds.
worker: completed task switch_command in 4.315376281738281e-05 seconds.
worker: completed task switch_command in 4.649162292480469e-05 seconds.
worker: completed task switch_command in 4.363059997558594e-05 seconds.
worker: completed task switch_command in 0.0001499652862548828 seconds.
worker: completed task switch_command in 5.817413330078125e-05 seconds.
worker: completed task switch_command in 4.982948303222656e-05 seconds.
worker: completed task switch_command in 4.696846008300781e-05 seconds.
worker: completed task switch_command in 5.221366882324219e-05 seconds.
worker: completed task switch_command in 0.00010561943054199219 seconds.
worker: completed task switch_command in 4.863739013671875e-05 seconds.
worker: completed task switch_command in 9.870529174804688e-05 seconds.
worker: completed task switch_command in 4.863739013671875e-05 seconds.
worker: completed task switch_command in 5.1021575927734375e-05 seconds.
worker: completed task switch_command in 4.4345855712890625e-05 seconds.
worker: completed task switch_command in 4.649162292480469e-05 seconds.
worker: completed task switch_command in 4.9114227294921875e-05 seconds.
worker: completed task switch_command in 4.673004150390625e-05 seconds.
worker: completed task switch_command in 0.00011897087097167969 seconds.
worker: completed task switch_command in 5.507469177246094e-05 seconds.
worker: completed task switch_command in 4.792213439941406e-05 seconds.
worker: completed task switch_command in 4.601478576660156e-05 seconds.
worker: completed task switch_command in 4.744529724121094e-05 seconds.
worker: completed task switch_command in 4.935264587402344e-05 seconds.
worker: completed task switch_command in 4.8160552978515625e-05 seconds.
worker: completed task switch_command in 9.751319885253906e-05 seconds.
worker: completed task switch_command in 4.7206878662109375e-05 seconds.
worker: completed task switch_command in 5.3882598876953125e-05 seconds.
worker: completed task switch_command in 6.747245788574219e-05 seconds.
worker: completed task switch_command in 4.57763671875e-05 seconds.
worker: completed task switch_command in 4.5299530029296875e-05 seconds.
worker: completed task switch_command in 7.05718994140625e-05 seconds.
worker: completed task switch_command in 9.655952453613281e-05 seconds.
worker: completed task switch_command in 5.459785461425781e-05 seconds.
worker: completed task switch_command in 4.7206878662109375e-05 seconds.
worker: completed task switch_command in 4.649162292480469e-05 seconds.
worker: completed task switch_command in 4.744529724121094e-05 seconds.
worker: completed task switch_command in 4.363059997558594e-05 seconds.
worker: completed task switch_command in 4.601478576660156e-05 seconds.
worker: completed task switch_command in 9.036064147949219e-05 seconds.
worker: completed task switch_command in 4.9591064453125e-05 seconds.
worker: completed task switch_command in 5.221366882324219e-05 seconds.
worker: completed task switch_command in 4.8160552978515625e-05 seconds.
worker: completed task switch_command in 7.390975952148438e-05 seconds.
worker: completed task switch_command in 4.792213439941406e-05 seconds.
worker: completed task switch_command in 4.1961669921875e-05 seconds.
worker: completed task switch_command in 8.96453857421875e-05 seconds.
worker: completed task switch_command in 4.887580871582031e-05 seconds.
worker: completed task switch_command in 4.9591064453125e-05 seconds.
worker: completed task switch_command in 4.553794860839844e-05 seconds.
worker: completed task switch_command in 4.291534423828125e-05 seconds.
worker: completed task switch_command in 4.935264587402344e-05 seconds.
worker: completed task switch_command in 4.601478576660156e-05 seconds.
worker: completed task switch_command in 8.845329284667969e-05 seconds.
worker: completed task switch_command in 5.054473876953125e-05 seconds.
worker: completed task switch_command in 6.723403930664062e-05 seconds.
worker: completed task switch_command in 4.792213439941406e-05 seconds.
worker: completed task switch_command in 4.4345855712890625e-05 seconds.
worker: completed task switch_command in 5.078315734863281e-05 seconds.
worker: completed task switch_command in 4.696846008300781e-05 seconds.
worker: completed task switch_command in 8.916854858398438e-05 seconds.
worker: completed task switch_command in 4.673004150390625e-05 seconds.
worker: completed task switch_command in 4.792213439941406e-05 seconds.
worker: completed task switch_command in 4.315376281738281e-05 seconds.
worker: completed task switch_command in 5.435943603515625e-05 seconds.
worker: completed task switch_command in 4.267692565917969e-05 seconds.
worker: completed task switch_command in 8.296966552734375e-05 seconds.
worker: completed task switch_command in 0.00011730194091796875 seconds.
worker: completed task switch_command in 5.507469177246094e-05 seconds.
worker: completed task switch_command in 4.410743713378906e-05 seconds.
worker: completed task switch_command in 4.4345855712890625e-05 seconds.
worker: completed task switch_command in 4.649162292480469e-05 seconds.
worker: completed task switch_command in 4.9114227294921875e-05 seconds.
worker: completed task switch_command in 5.269050598144531e-05 seconds.
worker: completed task switch_command in 0.00010085105895996094 seconds.
worker: completed task switch_command in 4.673004150390625e-05 seconds.
worker: completed task switch_command in 4.57763671875e-05 seconds.
worker: completed task switch_command in 4.8160552978515625e-05 seconds.
worker: completed task switch_command in 4.4345855712890625e-05 seconds.
worker: completed task switch_command in 4.38690185546875e-05 seconds.
worker: completed task switch_command in 7.200241088867188e-05 seconds.
worker: completed task switch_command in 9.441375732421875e-05 seconds.
worker: completed task switch_command in 5.078315734863281e-05 seconds.
worker: completed task switch_command in 4.291534423828125e-05 seconds.
worker: completed task switch_command in 4.9114227294921875e-05 seconds.
worker: completed task switch_command in 4.1961669921875e-05 seconds.
worker: completed task switch_command in 4.1484832763671875e-05 seconds.
worker: completed task switch_command in 4.9591064453125e-05 seconds.
worker: completed task switch_command in 9.441375732421875e-05 seconds.
worker: completed task switch_command in 4.887580871582031e-05 seconds.
worker: completed task switch_command in 4.649162292480469e-05 seconds.
worker: completed task switch_command in 4.5299530029296875e-05 seconds.
worker: completed task switch_command in 4.601478576660156e-05 seconds.
worker: completed task switch_command in 6.413459777832031e-05 seconds.
worker: completed task switch_command in 4.6253204345703125e-05 seconds.
worker: completed task switch_command in 9.34600830078125e-05 seconds.
worker: completed task switch_command in 4.744529724121094e-05 seconds.
worker: completed task switch_command in 4.7206878662109375e-05 seconds.
worker: completed task switch_command in 4.8160552978515625e-05 seconds.
worker: completed task switch_command in 5.555152893066406e-05 seconds.
worker: completed task switch_command in 4.863739013671875e-05 seconds.
worker: completed task switch_command in 4.291534423828125e-05 seconds.
worker: completed task switch_command in 9.131431579589844e-05 seconds.
worker: completed task switch_command in 5.173683166503906e-05 seconds.
worker: completed task switch_command in 5.245208740234375e-05 seconds.
worker: completed task switch_command in 6.890296936035156e-05 seconds.
worker: completed task switch_command in 4.2438507080078125e-05 seconds.
worker: completed task switch_command in 4.5299530029296875e-05 seconds.
worker: completed task switch_command in 4.458427429199219e-05 seconds.
worker: completed task switch_command in 8.893013000488281e-05 seconds.
worker: completed task switch_command in 5.2928924560546875e-05 seconds.
worker: completed task switch_command in 4.887580871582031e-05 seconds.
worker: completed task switch_command in 4.57763671875e-05 seconds.
worker: completed task switch_command in 4.744529724121094e-05 seconds.
worker: completed task switch_command in 4.124641418457031e-05 seconds.
worker: completed task switch_command in 4.57763671875e-05 seconds.
worker: completed task switch_command in 9.822845458984375e-05 seconds.
worker: completed task switch_command in 0.0003361701965332031 seconds.
worker: completed task switch_command in 4.744529724121094e-05 seconds.
worker: completed task switch_command in 5.173683166503906e-05 seconds.
worker: completed task switch_command in 5.4836273193359375e-05 seconds.
worker: completed task switch_command in 4.076957702636719e-05 seconds.
worker: completed task switch_command in 4.267692565917969e-05 seconds.
worker: completed task switch_command in 9.34600830078125e-05 seconds.
worker: completed task switch_command in 4.982948303222656e-05 seconds.
worker: completed task switch_command in 4.8160552978515625e-05 seconds.
worker: completed task switch_command in 4.553794860839844e-05 seconds.
worker: completed task switch_command in 4.553794860839844e-05 seconds.
worker: completed task switch_command in 4.863739013671875e-05 seconds.
worker: completed task switch_command in 4.1961669921875e-05 seconds.
worker: completed task switch_command in 0.00011205673217773438 seconds.
worker: completed task switch_command in 5.221366882324219e-05 seconds.
worker: completed task switch_command in 4.7206878662109375e-05 seconds.
worker: completed task switch_command in 4.5299530029296875e-05 seconds.
worker: completed task switch_command in 4.887580871582031e-05 seconds.
worker: completed task switch_command in 4.124641418457031e-05 seconds.
worker: completed task switch_command in 0.00011134147644042969 seconds.
worker: completed task switch_command in 0.0001308917999267578 seconds.
worker: completed task switch_command in 6.198883056640625e-05 seconds.
worker: completed task switch_command in 5.340576171875e-05 seconds.
worker: completed task switch_command in 5.507469177246094e-05 seconds.
worker: completed task switch_command in 5.507469177246094e-05 seconds.
worker: completed task switch_command in 5.0067901611328125e-05 seconds.
worker: completed task switch_command in 9.393692016601562e-05 seconds.
worker: completed task switch_command in 0.00011086463928222656 seconds.
worker: completed task switch_command in 5.626678466796875e-05 seconds.
worker: completed task switch_command in 5.14984130859375e-05 seconds.
worker: completed task switch_command in 4.982948303222656e-05 seconds.
worker: completed task switch_command in 5.269050598144531e-05 seconds.
worker: completed task switch_command in 5.364418029785156e-05 seconds.
worker: completed task switch_command in 4.935264587402344e-05 seconds.
worker: completed task probe in 8.678436279296875e-05 seconds.
worker: completed task probe in 4.7206878662109375e-05 seconds.
worker: completed task probe in 7.224082946777344e-05 seconds.
worker: completed task probe in 3.5762786865234375e-05 seconds.
worker: completed task probe in 3.314018249511719e-05 seconds.
worker: completed task probe in 3.1948089599609375e-05 seconds.
worker: completed task probe in 3.147125244140625e-05 seconds.
worker: completed task probe in 3.0279159545898438e-05 seconds.
worker: completed task probe in 3.2901763916015625e-05 seconds.
worker: completed task probe in 3.62396240234375e-05 seconds.
worker: completed task probe in 3.0517578125e-05 seconds.
worker: completed task probe in 3.123283386230469e-05 seconds.
worker: completed task probe in 3.6716461181640625e-05 seconds.
worker: completed task probe in 3.0040740966796875e-05 seconds.
worker: completed task probe in 3.0279159545898438e-05 seconds.
worker: completed task probe in 3.647804260253906e-05 seconds.
worker: completed task probe in 3.8623809814453125e-05 seconds.
worker: completed task probe in 3.147125244140625e-05 seconds.
worker: completed task probe in 3.0279159545898438e-05 seconds.
worker: completed task probe in 3.0040740966796875e-05 seconds.
worker: completed task probe in 3.24249267578125e-05 seconds.
worker: completed task probe in 3.504753112792969e-05 seconds.
worker: completed task probe in 6.079673767089844e-05 seconds.
worker: completed task probe in 3.123283386230469e-05 seconds.
worker: completed task probe in 3.0517578125e-05 seconds.
worker: completed task probe in 3.218650817871094e-05 seconds.
worker: completed task probe in 2.9802322387695312e-05 seconds.
worker: completed task probe in 3.0517578125e-05 seconds.
worker: completed task probe in 3.552436828613281e-05 seconds.
worker: completed task probe in 2.956390380859375e-05 seconds.
worker: completed task probe in 3.147125244140625e-05 seconds.
worker: completed task probe in 2.9802322387695312e-05 seconds.
worker: completed task probe in 2.9325485229492188e-05 seconds.
worker: completed task probe in 3.218650817871094e-05 seconds.
worker: completed task probe in 3.2901763916015625e-05 seconds.
worker: completed task probe in 2.9802322387695312e-05 seconds.
worker: completed task probe in 2.9325485229492188e-05 seconds.
worker: completed task probe in 2.9802322387695312e-05 seconds.
worker: completed task probe in 3.0517578125e-05 seconds.
worker: completed task probe in 3.218650817871094e-05 seconds.
worker: completed task probe in 3.695487976074219e-05 seconds.
worker: completed task probe in 3.170967102050781e-05 seconds.
worker: completed task probe in 3.170967102050781e-05 seconds.
worker: completed task probe in 3.337860107421875e-05 seconds.
worker: completed task probe in 2.9802322387695312e-05 seconds.
worker: completed task probe in 2.9802322387695312e-05 seconds.
worker: completed task probe in 3.528594970703125e-05 seconds.
worker: completed task probe in 3.0040740966796875e-05 seconds.
worker: completed task probe in 3.337860107421875e-05 seconds.
worker: completed task probe in 2.9087066650390625e-05 seconds.
worker: completed task probe in 2.9325485229492188e-05 seconds.
worker: completed task probe in 4.2438507080078125e-05 seconds.
worker: completed task probe in 3.790855407714844e-05 seconds.
worker: completed task probe in 3.0517578125e-05 seconds.
worker: completed task probe in 3.147125244140625e-05 seconds.
worker: completed task probe in 3.0517578125e-05 seconds.
worker: completed task probe in 3.337860107421875e-05 seconds.
worker: completed task probe in 3.123283386230469e-05 seconds.
worker: completed task probe in 3.266334533691406e-05 seconds.
worker: completed task probe in 3.0279159545898438e-05 seconds.
worker: completed task probe in 3.4809112548828125e-05 seconds.
worker: completed task probe in 2.8848648071289062e-05 seconds.
worker: completed task probe in 3.170967102050781e-05 seconds.
worker: completed task probe in 2.86102294921875e-05 seconds.
worker: completed task probe in 3.24249267578125e-05 seconds.
worker: completed task probe in 3.2901763916015625e-05 seconds.
worker: completed task probe in 2.956390380859375e-05 seconds.
worker: completed task probe in 2.9325485229492188e-05 seconds.
worker: completed task probe in 3.0040740966796875e-05 seconds.
worker: completed task probe in 3.147125244140625e-05 seconds.
worker: completed task probe in 3.24249267578125e-05 seconds.
worker: completed task probe in 3.457069396972656e-05 seconds.
worker: completed task probe in 2.9802322387695312e-05 seconds.
worker: completed task probe in 2.9325485229492188e-05 seconds.
worker: completed task probe in 2.9087066650390625e-05 seconds.
worker: completed task probe in 3.409385681152344e-05 seconds.
worker: completed task probe in 3.266334533691406e-05 seconds.
worker: completed task probe in 2.9087066650390625e-05 seconds.
worker: completed task probe in 2.9087066650390625e-05 seconds.
worker: completed task probe in 2.8371810913085938e-05 seconds.
worker: completed task probe in 2.9087066650390625e-05 seconds.
worker: completed task probe in 3.0994415283203125e-05 seconds.
worker: completed task probe in 3.361701965332031e-05 seconds.
worker: completed task probe in 3.170967102050781e-05 seconds.
worker: completed task probe in 2.9325485229492188e-05 seconds.
worker: completed task probe in 2.9087066650390625e-05 seconds.
worker: completed task probe in 2.9802322387695312e-05 seconds.
worker: completed task probe in 3.24249267578125e-05 seconds.
worker: completed task probe in 3.266334533691406e-05 seconds.
worker: completed task probe in 3.0279159545898438e-05 seconds.
worker: completed task probe in 2.9087066650390625e-05 seconds.
worker: completed task probe in 3.0040740966796875e-05 seconds.
worker: completed task probe in 3.0517578125e-05 seconds.
worker: completed task probe in 3.3855438232421875e-05 seconds.
worker: completed task probe in 5.14984130859375e-05 seconds.
worker: completed task probe in 3.075599670410156e-05 seconds.
worker: completed task probe in 2.956390380859375e-05 seconds.
worker: completed task probe in 2.956390380859375e-05 seconds.
worker: completed task probe in 2.9802322387695312e-05 seconds.
worker: completed task probe in 2.9802322387695312e-05 seconds.
worker: completed task probe in 3.218650817871094e-05 seconds.
worker: completed task probe in 3.0040740966796875e-05 seconds.
worker: completed task probe in 2.8848648071289062e-05 seconds.
worker: completed task probe in 3.314018249511719e-05 seconds.
worker: completed task probe in 2.9325485229492188e-05 seconds.
worker: completed task probe in 2.9087066650390625e-05 seconds.
worker: completed task probe in 3.075599670410156e-05 seconds.
worker: completed task probe in 3.0040740966796875e-05 seconds.
worker: completed task probe in 2.9325485229492188e-05 seconds.
worker: completed task probe in 2.9087066650390625e-05 seconds.
worker: completed task probe in 2.86102294921875e-05 seconds.
worker: completed task probe in 2.86102294921875e-05 seconds.
worker: completed task probe in 3.170967102050781e-05 seconds.
worker: completed task probe in 3.170967102050781e-05 seconds.
worker: completed task probe in 2.86102294921875e-05 seconds.
worker: completed task probe in 2.9802322387695312e-05 seconds.
worker: completed task probe in 2.8848648071289062e-05 seconds.
worker: completed task probe in 2.9087066650390625e-05 seconds.
worker: completed task probe in 3.123283386230469e-05 seconds.
worker: completed task probe in 2.9802322387695312e-05 seconds.
worker: completed task probe in 3.24249267578125e-05 seconds.
worker: completed task probe in 2.9087066650390625e-05 seconds.
worker: completed task probe in 2.9087066650390625e-05 seconds.
worker: completed task probe in 2.86102294921875e-05 seconds.
worker: completed task probe in 3.337860107421875e-05 seconds.
worker: completed task probe in 2.9325485229492188e-05 seconds.
worker: completed task probe in 2.9087066650390625e-05 seconds.
worker: completed task probe in 2.9325485229492188e-05 seconds.
worker: completed task probe in 3.218650817871094e-05 seconds.
worker: completed task probe in 2.9087066650390625e-05 seconds.
worker: completed task probe in 3.266334533691406e-05 seconds.
worker: completed task probe in 3.0040740966796875e-05 seconds.
worker: completed task probe in 3.147125244140625e-05 seconds.
worker: completed task probe in 3.0040740966796875e-05 seconds.
worker: completed task probe in 4.124641418457031e-05 seconds.
worker: completed task probe in 2.9802322387695312e-05 seconds.
worker: completed task probe in 3.409385681152344e-05 seconds.
worker: completed task links in 0.000385284423828125 seconds.
worker: completed task generators in 0.00180816650390625 seconds.
worker: completed task links in 0.00034165382385253906 seconds.
veriflow: built 7973 rules, stamps {'impl': 'reimpl-literature', 'vf_mode': 'bulk', 'vf_node': 'table', 'vf_ports': 'field', 'vf_fields': "4+10:trie=['packet.ipv6.source', 'packet.ipv6.destination', 'packet.ipv6.icmpv6.type'],scan=['related', 'packet.ipv6.proto', 'packet.upper.dport', 'packet.upper.sport', 'module.limit', 'module.ipv6header.header', 'in_port', 'out_port', 'module.ipv6header.rt.type', 'module.ipv6header.rt.segsleft']", 'vf_slicing': 'device', 'vf_invert_lpm': False, 'vf_field_order': ['related', 'packet.ipv6.source', 'packet.ipv6.destination', 'packet.ipv6.proto', 'packet.ipv6.icmpv6.type', 'packet.upper.dport', 'packet.upper.sport', 'module.limit', 'module.ipv6header.header', 'in_port', 'out_port', 'module.ipv6header.rt.type', 'module.ipv6header.rt.segsleft'], 'vf_inport_expansion': 1.001, 'vf_budget': 0, 'vf_revisit': 'state'}
worker: completed task check_compliance in 630.5446119308472 seconds.
worker: completed task report in 0.0016608238220214844 seconds.
worker: initiate stopping
worker: completed task stop in 5.054473876953125e-05 seconds.
worker: stop handler after 632.9750049114227 seconds.
master: close receiving socket
master: join queue
master: join handler thread
master: finished run
master: stop reporter
