backend: apkeep {'impl': 'authors+fave', 'upstream': 'XJTU-NetVerify/apkeep 7b71bff4 (apkeep/FAVE_CHANGES.md)', 'engine': 'bdd', 'faithful_vlan': True}
master: open and bind unix socket
master: start handler thread
master: listen on socket
worker: completed task packet_filter in 0.0007276535034179688 seconds.
worker: completed task switch in 4.673004150390625e-05 seconds.
worker: completed task switch in 1.9073486328125e-05 seconds.
worker: completed task links in 3.790855407714844e-05 seconds.
worker: completed task switch_command in 0.00035953521728515625 seconds.
worker: completed task switch_command in 8.20159912109375e-05 seconds.
worker: completed task switch_command in 6.0558319091796875e-05 seconds.
worker: completed task probe in 7.867813110351562e-05 seconds.
worker: completed task probe in 6.318092346191406e-05 seconds.
worker: completed task probe in 3.9577484130859375e-05 seconds.
worker: completed task links in 2.765655517578125e-05 seconds.
worker: completed task generators in 0.00011897087097167969 seconds.
worker: completed task links in 2.3603439331054688e-05 seconds.
apkeep: dmz discriminates among its ingress ports; demultiplexed into 2 element(s): dmz@1, dmz@2
apkeep: office discriminates among its ingress ports; demultiplexed into 2 element(s): office@1, office@2
apkeep: ingress demultiplexing split 2 device(s) into 4 element(s) -- a representational cost of the AP model, not a change to the FaVe model
worker: completed task check_compliance in 0.14928579330444336 seconds.
worker: completed task report in 0.0007295608520507812 seconds.
worker: initiate stopping
worker: completed task stop in 7.796287536621094e-05 seconds.
worker: stop handler after 1.7124383449554443 seconds.
master: close receiving socket
master: join queue
master: join handler thread
master: finished run
master: stop reporter
