backend: apkeep {'impl': 'authors+fave', 'upstream': 'XJTU-NetVerify/NDD c8414b43 (ndd/FAVE_CHANGES.md)', 'engine': 'ndd', 'faithful_vlan': True}
master: open and bind unix socket
master: start handler thread
master: listen on socket
worker: completed task packet_filter in 0.035666704177856445 seconds.
worker: completed task switch in 0.00039315223693847656 seconds.
worker: completed task switch in 2.5272369384765625e-05 seconds.
worker: completed task packet_filter in 0.00014781951904296875 seconds.
worker: completed task packet_filter in 0.00019860267639160156 seconds.
worker: completed task packet_filter in 0.00025725364685058594 seconds.
worker: completed task packet_filter in 0.0002791881561279297 seconds.
worker: completed task packet_filter in 0.00019168853759765625 seconds.
worker: completed task packet_filter in 0.00017333030700683594 seconds.
worker: completed task packet_filter in 0.0001811981201171875 seconds.
worker: completed task packet_filter in 0.00024890899658203125 seconds.
worker: completed task packet_filter in 0.00018835067749023438 seconds.
worker: completed task switch in 2.1696090698242188e-05 seconds.
worker: completed task packet_filter in 0.0005445480346679688 seconds.
worker: completed task packet_filter in 0.000530242919921875 seconds.
worker: completed task packet_filter in 0.0007567405700683594 seconds.
worker: completed task packet_filter in 0.0005362033843994141 seconds.
worker: completed task packet_filter in 0.0008153915405273438 seconds.
worker: completed task packet_filter in 0.00011467933654785156 seconds.
worker: completed task switch in 1.7881393432617188e-05 seconds.
worker: completed task packet_filter in 0.0004911422729492188 seconds.
worker: completed task packet_filter in 0.0005745887756347656 seconds.
worker: completed task packet_filter in 0.0007450580596923828 seconds.
worker: completed task packet_filter in 0.0005288124084472656 seconds.
worker: completed task packet_filter in 0.0008139610290527344 seconds.
worker: completed task packet_filter in 0.00011348724365234375 seconds.
worker: completed task switch in 1.811981201171875e-05 seconds.
worker: completed task packet_filter in 0.0004916191101074219 seconds.
worker: completed task packet_filter in 0.0005753040313720703 seconds.
worker: completed task packet_filter in 0.0007412433624267578 seconds.
worker: completed task packet_filter in 0.0005269050598144531 seconds.
worker: completed task packet_filter in 0.0007941722869873047 seconds.
worker: completed task packet_filter in 0.00011086463928222656 seconds.
worker: completed task switch in 1.6927719116210938e-05 seconds.
worker: completed task packet_filter in 0.0004901885986328125 seconds.
worker: completed task packet_filter in 0.00093841552734375 seconds.
worker: completed task packet_filter in 0.0009427070617675781 seconds.
worker: completed task packet_filter in 0.0005848407745361328 seconds.
worker: completed task packet_filter in 0.0008502006530761719 seconds.
worker: completed task packet_filter in 0.00013303756713867188 seconds.
worker: completed task switch in 1.8835067749023438e-05 seconds.
worker: completed task packet_filter in 0.0005011558532714844 seconds.
worker: completed task packet_filter in 0.0005805492401123047 seconds.
worker: completed task packet_filter in 0.0007243156433105469 seconds.
worker: completed task packet_filter in 0.0008025169372558594 seconds.
worker: completed task packet_filter in 0.0008616447448730469 seconds.
worker: completed task packet_filter in 0.00012421607971191406 seconds.
worker: completed task switch in 1.9311904907226562e-05 seconds.
worker: completed task packet_filter in 0.0005140304565429688 seconds.
worker: completed task packet_filter in 0.0005686283111572266 seconds.
worker: completed task packet_filter in 0.0007343292236328125 seconds.
worker: completed task packet_filter in 0.0005447864532470703 seconds.
worker: completed task packet_filter in 0.0008060932159423828 seconds.
worker: completed task packet_filter in 0.00011396408081054688 seconds.
worker: completed task switch in 1.6450881958007812e-05 seconds.
worker: completed task packet_filter in 0.0004940032958984375 seconds.
worker: completed task packet_filter in 0.0007302761077880859 seconds.
worker: completed task packet_filter in 0.0007839202880859375 seconds.
worker: completed task packet_filter in 0.0005497932434082031 seconds.
worker: completed task packet_filter in 0.0008306503295898438 seconds.
worker: completed task packet_filter in 0.00011920928955078125 seconds.
worker: completed task switch in 1.8596649169921875e-05 seconds.
worker: completed task packet_filter in 0.0005009174346923828 seconds.
worker: completed task packet_filter in 0.001321554183959961 seconds.
worker: completed task packet_filter in 0.0007555484771728516 seconds.
worker: completed task packet_filter in 0.0005252361297607422 seconds.
worker: completed task packet_filter in 0.0008206367492675781 seconds.
worker: completed task packet_filter in 0.00011730194091796875 seconds.
worker: completed task switch in 1.71661376953125e-05 seconds.
worker: completed task packet_filter in 0.0005054473876953125 seconds.
worker: completed task packet_filter in 0.0006017684936523438 seconds.
worker: completed task packet_filter in 0.000762939453125 seconds.
worker: completed task packet_filter in 0.0005528926849365234 seconds.
worker: completed task packet_filter in 0.0008308887481689453 seconds.
worker: completed task packet_filter in 0.00012302398681640625 seconds.
worker: completed task switch in 1.7404556274414062e-05 seconds.
worker: completed task packet_filter in 0.0005681514739990234 seconds.
worker: completed task packet_filter in 0.0006089210510253906 seconds.
worker: completed task packet_filter in 0.0008759498596191406 seconds.
worker: completed task packet_filter in 0.0005779266357421875 seconds.
worker: completed task packet_filter in 0.0008871555328369141 seconds.
worker: completed task packet_filter in 0.00012111663818359375 seconds.
worker: completed task switch in 1.8358230590820312e-05 seconds.
worker: completed task packet_filter in 0.0005118846893310547 seconds.
worker: completed task packet_filter in 0.0006151199340820312 seconds.
worker: completed task packet_filter in 0.00077056884765625 seconds.
worker: completed task packet_filter in 0.0005545616149902344 seconds.
worker: completed task packet_filter in 0.000850677490234375 seconds.
worker: completed task packet_filter in 0.0001373291015625 seconds.
worker: completed task switch in 1.7404556274414062e-05 seconds.
worker: completed task packet_filter in 0.0005023479461669922 seconds.
worker: completed task packet_filter in 0.0009729862213134766 seconds.
worker: completed task packet_filter in 0.0007691383361816406 seconds.
worker: completed task packet_filter in 0.0005385875701904297 seconds.
worker: completed task packet_filter in 0.0008149147033691406 seconds.
worker: completed task packet_filter in 0.00010895729064941406 seconds.
worker: completed task switch in 1.621246337890625e-05 seconds.
worker: completed task packet_filter in 0.0005145072937011719 seconds.
worker: completed task packet_filter in 0.0005919933319091797 seconds.
worker: completed task packet_filter in 0.0007646083831787109 seconds.
worker: completed task packet_filter in 0.0005772113800048828 seconds.
worker: completed task packet_filter in 0.0008466243743896484 seconds.
worker: completed task packet_filter in 0.00011682510375976562 seconds.
worker: completed task switch in 1.6927719116210938e-05 seconds.
worker: completed task packet_filter in 0.0005035400390625 seconds.
worker: completed task packet_filter in 0.0006060600280761719 seconds.
worker: completed task packet_filter in 0.0011293888092041016 seconds.
worker: completed task packet_filter in 0.0006108283996582031 seconds.
worker: completed task packet_filter in 0.0008556842803955078 seconds.
worker: completed task packet_filter in 0.00012993812561035156 seconds.
worker: completed task switch in 1.9788742065429688e-05 seconds.
worker: completed task packet_filter in 0.0006852149963378906 seconds.
worker: completed task packet_filter in 0.0007016658782958984 seconds.
worker: completed task packet_filter in 0.0007841587066650391 seconds.
worker: completed task packet_filter in 0.0008103847503662109 seconds.
worker: completed task packet_filter in 0.0009257793426513672 seconds.
worker: completed task packet_filter in 0.00013947486877441406 seconds.
worker: completed task switch in 2.6226043701171875e-05 seconds.
worker: completed task packet_filter in 0.0005252361297607422 seconds.
worker: completed task packet_filter in 0.001367330551147461 seconds.
worker: completed task packet_filter in 0.0008134841918945312 seconds.
worker: completed task packet_filter in 0.0005679130554199219 seconds.
worker: completed task packet_filter in 0.0008375644683837891 seconds.
worker: completed task packet_filter in 0.00012159347534179688 seconds.
worker: completed task switch in 1.9073486328125e-05 seconds.
worker: completed task packet_filter in 0.0005171298980712891 seconds.
worker: completed task packet_filter in 0.0006151199340820312 seconds.
worker: completed task packet_filter in 0.000774383544921875 seconds.
worker: completed task packet_filter in 0.0005686283111572266 seconds.
worker: completed task packet_filter in 0.000843048095703125 seconds.
worker: completed task packet_filter in 0.00011968612670898438 seconds.
worker: completed task switch in 1.7642974853515625e-05 seconds.
worker: completed task packet_filter in 0.0005049705505371094 seconds.
worker: completed task packet_filter in 0.0006072521209716797 seconds.
worker: completed task packet_filter in 0.0007739067077636719 seconds.
worker: completed task packet_filter in 0.0005412101745605469 seconds.
worker: completed task packet_filter in 0.0008299350738525391 seconds.
worker: completed task packet_filter in 0.0001232624053955078 seconds.
worker: completed task switch in 2.384185791015625e-05 seconds.
worker: completed task packet_filter in 0.0005125999450683594 seconds.
worker: completed task packet_filter in 0.0005903244018554688 seconds.
worker: completed task packet_filter in 0.0007715225219726562 seconds.
worker: completed task packet_filter in 0.0005381107330322266 seconds.
worker: completed task packet_filter in 0.000843048095703125 seconds.
worker: completed task packet_filter in 0.00011849403381347656 seconds.
worker: completed task switch in 1.71661376953125e-05 seconds.
worker: completed task packet_filter in 0.0005049705505371094 seconds.
worker: completed task packet_filter in 0.0009429454803466797 seconds.
worker: completed task packet_filter in 0.0007596015930175781 seconds.
worker: completed task packet_filter in 0.0005507469177246094 seconds.
worker: completed task packet_filter in 0.0008556842803955078 seconds.
worker: completed task packet_filter in 0.00011754035949707031 seconds.
worker: completed task switch in 1.7881393432617188e-05 seconds.
worker: completed task packet_filter in 0.0005269050598144531 seconds.
worker: completed task packet_filter in 0.0006089210510253906 seconds.
worker: completed task packet_filter in 0.0007715225219726562 seconds.
worker: completed task packet_filter in 0.000545501708984375 seconds.
worker: completed task packet_filter in 0.0008552074432373047 seconds.
worker: completed task packet_filter in 0.00011682510375976562 seconds.
worker: completed task links in 0.0009124279022216797 seconds.
worker: completed task switch_command in 0.0014934539794921875 seconds.
worker: completed task switch_command in 0.00022268295288085938 seconds.
worker: completed task switch_command in 6.29425048828125e-05 seconds.
worker: completed task switch_command in 9.226799011230469e-05 seconds.
worker: completed task switch_command in 7.462501525878906e-05 seconds.
worker: completed task switch_command in 6.67572021484375e-05 seconds.
worker: completed task switch_command in 7.224082946777344e-05 seconds.
worker: completed task switch_command in 7.104873657226562e-05 seconds.
worker: completed task switch_command in 6.461143493652344e-05 seconds.
worker: completed task switch_command in 6.985664367675781e-05 seconds.
worker: completed task switch_command in 6.246566772460938e-05 seconds.
worker: completed task switch_command in 7.05718994140625e-05 seconds.
worker: completed task switch_command in 0.00014209747314453125 seconds.
worker: completed task switch_command in 0.00011730194091796875 seconds.
worker: completed task switch_command in 7.319450378417969e-05 seconds.
worker: completed task switch_command in 6.651878356933594e-05 seconds.
worker: completed task switch_command in 7.486343383789062e-05 seconds.
worker: completed task switch_command in 9.107589721679688e-05 seconds.
worker: completed task switch_command in 6.818771362304688e-05 seconds.
worker: completed task switch_command in 0.00013446807861328125 seconds.
worker: completed task switch_command in 7.367134094238281e-05 seconds.
worker: completed task switch_command in 6.532669067382812e-05 seconds.
worker: completed task switch_command in 6.437301635742188e-05 seconds.
worker: completed task switch_command in 0.00035572052001953125 seconds.
worker: completed task switch_command in 6.532669067382812e-05 seconds.
worker: completed task switch_command in 6.842613220214844e-05 seconds.
worker: completed task switch_command in 0.00013828277587890625 seconds.
worker: completed task switch_command in 7.486343383789062e-05 seconds.
worker: completed task switch_command in 6.4849853515625e-05 seconds.
worker: completed task switch_command in 7.62939453125e-05 seconds.
worker: completed task switch_command in 6.699562072753906e-05 seconds.
worker: completed task switch_command in 6.890296936035156e-05 seconds.
worker: completed task switch_command in 7.605552673339844e-05 seconds.
worker: completed task switch_command in 0.00016617774963378906 seconds.
worker: completed task switch_command in 7.414817810058594e-05 seconds.
worker: completed task switch_command in 7.843971252441406e-05 seconds.
worker: completed task switch_command in 9.179115295410156e-05 seconds.
worker: completed task switch_command in 7.557868957519531e-05 seconds.
worker: completed task switch_command in 0.00010061264038085938 seconds.
worker: completed task switch_command in 6.866455078125e-05 seconds.
worker: completed task switch_command in 0.00013113021850585938 seconds.
worker: completed task switch_command in 8.344650268554688e-05 seconds.
worker: completed task switch_command in 0.00011372566223144531 seconds.
worker: completed task switch_command in 6.937980651855469e-05 seconds.
worker: completed task switch_command in 6.270408630371094e-05 seconds.
worker: completed task switch_command in 7.367134094238281e-05 seconds.
worker: completed task switch_command in 6.246566772460938e-05 seconds.
worker: completed task switch_command in 0.0001316070556640625 seconds.
worker: completed task switch_command in 7.271766662597656e-05 seconds.
worker: completed task switch_command in 7.081031799316406e-05 seconds.
worker: completed task switch_command in 6.771087646484375e-05 seconds.
worker: completed task switch_command in 6.914138793945312e-05 seconds.
worker: completed task switch_command in 0.00010704994201660156 seconds.
worker: completed task switch_command in 6.818771362304688e-05 seconds.
worker: completed task switch_command in 0.00012993812561035156 seconds.
worker: completed task switch_command in 7.557868957519531e-05 seconds.
worker: completed task switch_command in 6.508827209472656e-05 seconds.
worker: completed task switch_command in 6.961822509765625e-05 seconds.
worker: completed task switch_command in 6.389617919921875e-05 seconds.
worker: completed task switch_command in 6.818771362304688e-05 seconds.
worker: completed task switch_command in 6.699562072753906e-05 seconds.
worker: completed task switch_command in 0.0001652240753173828 seconds.
worker: completed task switch_command in 6.914138793945312e-05 seconds.
worker: completed task switch_command in 6.604194641113281e-05 seconds.
worker: completed task switch_command in 8.749961853027344e-05 seconds.
worker: completed task switch_command in 8.630752563476562e-05 seconds.
worker: completed task switch_command in 9.918212890625e-05 seconds.
worker: completed task switch_command in 9.107589721679688e-05 seconds.
worker: completed task switch_command in 0.00018262863159179688 seconds.
worker: completed task switch_command in 9.655952453613281e-05 seconds.
worker: completed task switch_command in 8.487701416015625e-05 seconds.
worker: completed task switch_command in 0.00014591217041015625 seconds.
worker: completed task switch_command in 9.131431579589844e-05 seconds.
worker: completed task switch_command in 9.560585021972656e-05 seconds.
worker: completed task switch_command in 0.00010609626770019531 seconds.
worker: completed task switch_command in 0.0001773834228515625 seconds.
worker: completed task switch_command in 8.225440979003906e-05 seconds.
worker: completed task switch_command in 7.128715515136719e-05 seconds.
worker: completed task switch_command in 6.222724914550781e-05 seconds.
worker: completed task switch_command in 7.200241088867188e-05 seconds.
worker: completed task switch_command in 0.00010371208190917969 seconds.
worker: completed task switch_command in 6.961822509765625e-05 seconds.
worker: completed task switch_command in 0.00013136863708496094 seconds.
worker: completed task switch_command in 7.009506225585938e-05 seconds.
worker: completed task switch_command in 6.532669067382812e-05 seconds.
worker: completed task switch_command in 7.557868957519531e-05 seconds.
worker: completed task switch_command in 6.699562072753906e-05 seconds.
worker: completed task switch_command in 6.580352783203125e-05 seconds.
worker: completed task switch_command in 6.580352783203125e-05 seconds.
worker: completed task switch_command in 0.0001621246337890625 seconds.
worker: completed task switch_command in 7.271766662597656e-05 seconds.
worker: completed task switch_command in 6.580352783203125e-05 seconds.
worker: completed task switch_command in 6.341934204101562e-05 seconds.
worker: completed task switch_command in 6.628036499023438e-05 seconds.
worker: completed task switch_command in 6.747245788574219e-05 seconds.
worker: completed task switch_command in 6.389617919921875e-05 seconds.
worker: completed task switch_command in 0.0001246929168701172 seconds.
worker: completed task switch_command in 7.605552673339844e-05 seconds.
worker: completed task switch_command in 6.461143493652344e-05 seconds.
worker: completed task switch_command in 9.822845458984375e-05 seconds.
worker: completed task switch_command in 7.081031799316406e-05 seconds.
worker: completed task switch_command in 6.103515625e-05 seconds.
worker: completed task switch_command in 6.437301635742188e-05 seconds.
worker: completed task switch_command in 0.0001266002655029297 seconds.
worker: completed task switch_command in 7.62939453125e-05 seconds.
worker: completed task switch_command in 6.341934204101562e-05 seconds.
worker: completed task switch_command in 6.198883056640625e-05 seconds.
worker: completed task switch_command in 7.343292236328125e-05 seconds.
worker: completed task switch_command in 6.246566772460938e-05 seconds.
worker: completed task switch_command in 0.000102996826171875 seconds.
worker: completed task switch_command in 0.00012445449829101562 seconds.
worker: completed task switch_command in 7.176399230957031e-05 seconds.
worker: completed task switch_command in 6.270408630371094e-05 seconds.
worker: completed task switch_command in 6.389617919921875e-05 seconds.
worker: completed task switch_command in 6.341934204101562e-05 seconds.
worker: completed task switch_command in 6.580352783203125e-05 seconds.
worker: completed task switch_command in 6.246566772460938e-05 seconds.
worker: completed task switch_command in 0.00012493133544921875 seconds.
worker: completed task switch_command in 0.00010848045349121094 seconds.
worker: completed task switch_command in 6.437301635742188e-05 seconds.
worker: completed task switch_command in 6.508827209472656e-05 seconds.
worker: completed task switch_command in 6.794929504394531e-05 seconds.
worker: completed task switch_command in 6.437301635742188e-05 seconds.
worker: completed task switch_command in 7.772445678710938e-05 seconds.
worker: completed task switch_command in 0.000118255615234375 seconds.
worker: completed task switch_command in 7.033348083496094e-05 seconds.
worker: completed task switch_command in 6.151199340820312e-05 seconds.
worker: completed task switch_command in 6.699562072753906e-05 seconds.
worker: completed task switch_command in 0.00010633468627929688 seconds.
worker: completed task switch_command in 6.723403930664062e-05 seconds.
worker: completed task switch_command in 6.842613220214844e-05 seconds.
worker: completed task switch_command in 0.0001220703125 seconds.
worker: completed task switch_command in 6.890296936035156e-05 seconds.
worker: completed task switch_command in 6.866455078125e-05 seconds.
worker: completed task switch_command in 6.4849853515625e-05 seconds.
worker: completed task switch_command in 7.271766662597656e-05 seconds.
worker: completed task switch_command in 6.365776062011719e-05 seconds.
worker: completed task switch_command in 0.00032973289489746094 seconds.
worker: completed task switch_command in 0.00012302398681640625 seconds.
worker: completed task switch_command in 7.176399230957031e-05 seconds.
worker: completed task switch_command in 7.414817810058594e-05 seconds.
worker: completed task switch_command in 6.222724914550781e-05 seconds.
worker: completed task switch_command in 6.937980651855469e-05 seconds.
worker: completed task switch_command in 6.699562072753906e-05 seconds.
worker: completed task switch_command in 0.00021719932556152344 seconds.
worker: completed task switch_command in 0.00020122528076171875 seconds.
worker: completed task switch_command in 9.512901306152344e-05 seconds.
worker: completed task switch_command in 0.00017642974853515625 seconds.
worker: completed task switch_command in 8.368492126464844e-05 seconds.
worker: completed task switch_command in 7.271766662597656e-05 seconds.
worker: completed task switch_command in 7.081031799316406e-05 seconds.
worker: completed task switch_command in 7.486343383789062e-05 seconds.
worker: completed task switch_command in 0.0001418590545654297 seconds.
worker: completed task switch_command in 9.512901306152344e-05 seconds.
worker: completed task switch_command in 7.081031799316406e-05 seconds.
worker: completed task switch_command in 7.200241088867188e-05 seconds.
worker: completed task switch_command in 0.00010824203491210938 seconds.
worker: completed task switch_command in 8.034706115722656e-05 seconds.
worker: completed task switch_command in 6.937980651855469e-05 seconds.
worker: completed task probe in 9.107589721679688e-05 seconds.
worker: completed task probe in 4.506111145019531e-05 seconds.
worker: completed task probe in 6.985664367675781e-05 seconds.
worker: completed task probe in 3.981590270996094e-05 seconds.
worker: completed task probe in 3.2901763916015625e-05 seconds.
worker: completed task probe in 3.1948089599609375e-05 seconds.
worker: completed task probe in 3.170967102050781e-05 seconds.
worker: completed task probe in 3.6716461181640625e-05 seconds.
worker: completed task probe in 3.075599670410156e-05 seconds.
worker: completed task probe in 3.0994415283203125e-05 seconds.
worker: completed task probe in 3.170967102050781e-05 seconds.
worker: completed task probe in 3.4809112548828125e-05 seconds.
worker: completed task probe in 3.075599670410156e-05 seconds.
worker: completed task probe in 2.9802322387695312e-05 seconds.
worker: completed task probe in 3.6716461181640625e-05 seconds.
worker: completed task probe in 3.123283386230469e-05 seconds.
worker: completed task probe in 3.695487976074219e-05 seconds.
worker: completed task probe in 3.075599670410156e-05 seconds.
worker: completed task probe in 3.0279159545898438e-05 seconds.
worker: completed task probe in 3.147125244140625e-05 seconds.
worker: completed task probe in 2.9802322387695312e-05 seconds.
worker: completed task probe in 2.956390380859375e-05 seconds.
worker: completed task probe in 3.266334533691406e-05 seconds.
worker: completed task probe in 2.956390380859375e-05 seconds.
worker: completed task probe in 3.4332275390625e-05 seconds.
worker: completed task probe in 3.0517578125e-05 seconds.
worker: completed task probe in 3.24249267578125e-05 seconds.
worker: completed task probe in 3.123283386230469e-05 seconds.
worker: completed task probe in 3.24249267578125e-05 seconds.
worker: completed task probe in 2.9802322387695312e-05 seconds.
worker: completed task probe in 3.147125244140625e-05 seconds.
worker: completed task probe in 2.9802322387695312e-05 seconds.
worker: completed task probe in 3.0279159545898438e-05 seconds.
worker: completed task probe in 3.314018249511719e-05 seconds.
worker: completed task probe in 3.1948089599609375e-05 seconds.
worker: completed task probe in 3.218650817871094e-05 seconds.
worker: completed task probe in 3.0040740966796875e-05 seconds.
worker: completed task probe in 3.0040740966796875e-05 seconds.
worker: completed task probe in 3.0040740966796875e-05 seconds.
worker: completed task probe in 2.956390380859375e-05 seconds.
worker: completed task probe in 3.4809112548828125e-05 seconds.
worker: completed task probe in 3.0279159545898438e-05 seconds.
worker: completed task probe in 2.9802322387695312e-05 seconds.
worker: completed task probe in 3.1948089599609375e-05 seconds.
worker: completed task probe in 2.9325485229492188e-05 seconds.
worker: completed task probe in 3.337860107421875e-05 seconds.
worker: completed task probe in 3.743171691894531e-05 seconds.
worker: completed task probe in 3.075599670410156e-05 seconds.
worker: completed task probe in 3.0040740966796875e-05 seconds.
worker: completed task probe in 2.956390380859375e-05 seconds.
worker: completed task probe in 6.628036499023438e-05 seconds.
worker: completed task probe in 3.0517578125e-05 seconds.
worker: completed task probe in 3.337860107421875e-05 seconds.
worker: completed task probe in 3.2901763916015625e-05 seconds.
worker: completed task probe in 3.790855407714844e-05 seconds.
worker: completed task probe in 3.0517578125e-05 seconds.
worker: completed task probe in 3.0517578125e-05 seconds.
worker: completed task probe in 2.9802322387695312e-05 seconds.
worker: completed task probe in 3.24249267578125e-05 seconds.
worker: completed task probe in 3.266334533691406e-05 seconds.
worker: completed task probe in 2.9087066650390625e-05 seconds.
worker: completed task probe in 2.9087066650390625e-05 seconds.
worker: completed task probe in 2.9087066650390625e-05 seconds.
worker: completed task probe in 2.9087066650390625e-05 seconds.
worker: completed task probe in 3.528594970703125e-05 seconds.
worker: completed task probe in 2.9325485229492188e-05 seconds.
worker: completed task probe in 2.8848648071289062e-05 seconds.
worker: completed task probe in 2.8848648071289062e-05 seconds.
worker: completed task probe in 3.123283386230469e-05 seconds.
worker: completed task probe in 2.9325485229492188e-05 seconds.
worker: completed task probe in 3.147125244140625e-05 seconds.
worker: completed task probe in 3.218650817871094e-05 seconds.
worker: completed task probe in 2.9325485229492188e-05 seconds.
worker: completed task probe in 2.8848648071289062e-05 seconds.
worker: completed task probe in 3.075599670410156e-05 seconds.
worker: completed task probe in 3.0517578125e-05 seconds.
worker: completed task probe in 3.170967102050781e-05 seconds.
worker: completed task probe in 2.956390380859375e-05 seconds.
worker: completed task probe in 2.9325485229492188e-05 seconds.
worker: completed task probe in 2.956390380859375e-05 seconds.
worker: completed task probe in 2.8133392333984375e-05 seconds.
worker: completed task probe in 3.552436828613281e-05 seconds.
worker: completed task probe in 3.147125244140625e-05 seconds.
worker: completed task probe in 2.956390380859375e-05 seconds.
worker: completed task probe in 2.9087066650390625e-05 seconds.
worker: completed task probe in 3.314018249511719e-05 seconds.
worker: completed task probe in 3.0279159545898438e-05 seconds.
worker: completed task probe in 3.218650817871094e-05 seconds.
worker: completed task probe in 3.266334533691406e-05 seconds.
worker: completed task probe in 3.4809112548828125e-05 seconds.
worker: completed task probe in 3.0517578125e-05 seconds.
worker: completed task probe in 2.8848648071289062e-05 seconds.
worker: completed task probe in 2.9325485229492188e-05 seconds.
worker: completed task probe in 2.9325485229492188e-05 seconds.
worker: completed task probe in 3.147125244140625e-05 seconds.
worker: completed task probe in 3.457069396972656e-05 seconds.
worker: completed task probe in 2.9325485229492188e-05 seconds.
worker: completed task probe in 3.4332275390625e-05 seconds.
worker: completed task probe in 2.9325485229492188e-05 seconds.
worker: completed task probe in 3.123283386230469e-05 seconds.
worker: completed task probe in 3.0994415283203125e-05 seconds.
worker: completed task probe in 2.9325485229492188e-05 seconds.
worker: completed task probe in 3.0994415283203125e-05 seconds.
worker: completed task probe in 2.9087066650390625e-05 seconds.
worker: completed task probe in 3.790855407714844e-05 seconds.
worker: completed task probe in 5.0067901611328125e-05 seconds.
worker: completed task probe in 3.600120544433594e-05 seconds.
worker: completed task probe in 3.0040740966796875e-05 seconds.
worker: completed task probe in 3.0517578125e-05 seconds.
worker: completed task probe in 3.4809112548828125e-05 seconds.
worker: completed task probe in 2.9325485229492188e-05 seconds.
worker: completed task probe in 3.0040740966796875e-05 seconds.
worker: completed task probe in 3.1948089599609375e-05 seconds.
worker: completed task probe in 2.9802322387695312e-05 seconds.
worker: completed task probe in 2.956390380859375e-05 seconds.
worker: completed task probe in 3.1948089599609375e-05 seconds.
worker: completed task probe in 3.0994415283203125e-05 seconds.
worker: completed task probe in 2.8848648071289062e-05 seconds.
worker: completed task probe in 3.147125244140625e-05 seconds.
worker: completed task probe in 2.9325485229492188e-05 seconds.
worker: completed task probe in 2.9087066650390625e-05 seconds.
worker: completed task probe in 3.147125244140625e-05 seconds.
worker: completed task probe in 2.9802322387695312e-05 seconds.
worker: completed task probe in 2.9325485229492188e-05 seconds.
worker: completed task probe in 6.437301635742188e-05 seconds.
worker: completed task probe in 4.124641418457031e-05 seconds.
worker: completed task probe in 3.0040740966796875e-05 seconds.
worker: completed task probe in 3.147125244140625e-05 seconds.
worker: completed task probe in 3.0517578125e-05 seconds.
worker: completed task probe in 3.457069396972656e-05 seconds.
worker: completed task probe in 3.3855438232421875e-05 seconds.
worker: completed task probe in 3.0517578125e-05 seconds.
worker: completed task probe in 3.0994415283203125e-05 seconds.
worker: completed task probe in 3.0517578125e-05 seconds.
worker: completed task probe in 3.0279159545898438e-05 seconds.
worker: completed task probe in 2.9802322387695312e-05 seconds.
worker: completed task probe in 3.457069396972656e-05 seconds.
worker: completed task links in 0.0005292892456054688 seconds.
worker: completed task generators in 0.0019571781158447266 seconds.
worker: completed task links in 0.00037479400634765625 seconds.
apkeep: dmz.uni-potsdam.de discriminates among its ingress ports; demultiplexed into 2 element(s): dmz.uni-potsdam.de@1, dmz.uni-potsdam.de@2
apkeep: wifi.uni-potsdam.de discriminates among its ingress ports; demultiplexed into 2 element(s): wifi.uni-potsdam.de@1, wifi.uni-potsdam.de@3
apkeep: ingress demultiplexing split 2 device(s) into 4 element(s) -- a representational cost of the AP model, not a change to the FaVe model
worker: completed task check_compliance in 0.6429626941680908 seconds.
worker: completed task report in 0.002081632614135742 seconds.
worker: initiate stopping
worker: completed task stop in 8.058547973632812e-05 seconds.
worker: stop handler after 2.1868715286254883 seconds.
master: close receiving socket
master: join queue
master: join handler thread
master: finished run
master: stop reporter
