backend: apkeep {'impl': 'authors+fave', 'upstream': 'XJTU-NetVerify/apkeep 7b71bff4 (apkeep/FAVE_CHANGES.md)', 'engine': 'bdd', 'faithful_vlan': True}
master: open and bind unix socket
master: start handler thread
master: listen on socket
worker: completed task packet_filter in 0.03460073471069336 seconds.
worker: completed task switch in 0.0003800392150878906 seconds.
worker: completed task switch in 1.8358230590820312e-05 seconds.
worker: completed task packet_filter in 0.0001354217529296875 seconds.
worker: completed task packet_filter in 0.0001933574676513672 seconds.
worker: completed task packet_filter in 0.0002498626708984375 seconds.
worker: completed task packet_filter in 0.00027108192443847656 seconds.
worker: completed task packet_filter in 0.0001857280731201172 seconds.
worker: completed task packet_filter in 0.0001780986785888672 seconds.
worker: completed task packet_filter in 0.00018024444580078125 seconds.
worker: completed task packet_filter in 0.00024008750915527344 seconds.
worker: completed task packet_filter in 0.00017261505126953125 seconds.
worker: completed task switch in 2.4557113647460938e-05 seconds.
worker: completed task packet_filter in 0.0005445480346679688 seconds.
worker: completed task packet_filter in 0.0005028247833251953 seconds.
worker: completed task packet_filter in 0.0007538795471191406 seconds.
worker: completed task packet_filter in 0.0005280971527099609 seconds.
worker: completed task packet_filter in 0.0007922649383544922 seconds.
worker: completed task packet_filter in 0.00012135505676269531 seconds.
worker: completed task switch in 1.71661376953125e-05 seconds.
worker: completed task packet_filter in 0.0004897117614746094 seconds.
worker: completed task packet_filter in 0.0005669593811035156 seconds.
worker: completed task packet_filter in 0.0007374286651611328 seconds.
worker: completed task packet_filter in 0.0005283355712890625 seconds.
worker: completed task packet_filter in 0.0007939338684082031 seconds.
worker: completed task packet_filter in 0.00011110305786132812 seconds.
worker: completed task switch in 1.7881393432617188e-05 seconds.
worker: completed task packet_filter in 0.0004901885986328125 seconds.
worker: completed task packet_filter in 0.0005698204040527344 seconds.
worker: completed task packet_filter in 0.0007333755493164062 seconds.
worker: completed task packet_filter in 0.0005185604095458984 seconds.
worker: completed task packet_filter in 0.0007977485656738281 seconds.
worker: completed task packet_filter in 0.0001087188720703125 seconds.
worker: completed task switch in 1.6689300537109375e-05 seconds.
worker: completed task packet_filter in 0.00048661231994628906 seconds.
worker: completed task packet_filter in 0.0009746551513671875 seconds.
worker: completed task packet_filter in 0.0007259845733642578 seconds.
worker: completed task packet_filter in 0.0005235671997070312 seconds.
worker: completed task packet_filter in 0.000804901123046875 seconds.
worker: completed task packet_filter in 0.00011348724365234375 seconds.
worker: completed task switch in 1.6927719116210938e-05 seconds.
worker: completed task packet_filter in 0.0004928112030029297 seconds.
worker: completed task packet_filter in 0.0006761550903320312 seconds.
worker: completed task packet_filter in 0.0007274150848388672 seconds.
worker: completed task packet_filter in 0.0005092620849609375 seconds.
worker: completed task packet_filter in 0.0008060932159423828 seconds.
worker: completed task packet_filter in 0.00011229515075683594 seconds.
worker: completed task switch in 1.6927719116210938e-05 seconds.
worker: completed task packet_filter in 0.0005025863647460938 seconds.
worker: completed task packet_filter in 0.0005843639373779297 seconds.
worker: completed task packet_filter in 0.00074005126953125 seconds.
worker: completed task packet_filter in 0.0005154609680175781 seconds.
worker: completed task packet_filter in 0.0008034706115722656 seconds.
worker: completed task packet_filter in 0.0001163482666015625 seconds.
worker: completed task switch in 1.6689300537109375e-05 seconds.
worker: completed task packet_filter in 0.0005180835723876953 seconds.
worker: completed task packet_filter in 0.0009198188781738281 seconds.
worker: completed task packet_filter in 0.0009367465972900391 seconds.
worker: completed task packet_filter in 0.0006465911865234375 seconds.
worker: completed task packet_filter in 0.0010082721710205078 seconds.
worker: completed task packet_filter in 0.00018453598022460938 seconds.
worker: completed task switch in 2.3126602172851562e-05 seconds.
worker: completed task packet_filter in 0.0005991458892822266 seconds.
worker: completed task packet_filter in 0.0015358924865722656 seconds.
worker: completed task packet_filter in 0.0007793903350830078 seconds.
worker: completed task packet_filter in 0.0005948543548583984 seconds.
worker: completed task packet_filter in 0.0008485317230224609 seconds.
worker: completed task packet_filter in 0.00013494491577148438 seconds.
worker: completed task switch in 2.1219253540039062e-05 seconds.
worker: completed task packet_filter in 0.000530242919921875 seconds.
worker: completed task packet_filter in 0.0005922317504882812 seconds.
worker: completed task packet_filter in 0.0007698535919189453 seconds.
worker: completed task packet_filter in 0.0005724430084228516 seconds.
worker: completed task packet_filter in 0.0008461475372314453 seconds.
worker: completed task packet_filter in 0.00011897087097167969 seconds.
worker: completed task switch in 2.0503997802734375e-05 seconds.
worker: completed task packet_filter in 0.0005166530609130859 seconds.
worker: completed task packet_filter in 0.0005996227264404297 seconds.
worker: completed task packet_filter in 0.0007574558258056641 seconds.
worker: completed task packet_filter in 0.0005450248718261719 seconds.
worker: completed task packet_filter in 0.0008292198181152344 seconds.
worker: completed task packet_filter in 0.00011897087097167969 seconds.
worker: completed task switch in 1.9550323486328125e-05 seconds.
worker: completed task packet_filter in 0.0005204677581787109 seconds.
worker: completed task packet_filter in 0.0005819797515869141 seconds.
worker: completed task packet_filter in 0.0007798671722412109 seconds.
worker: completed task packet_filter in 0.0005490779876708984 seconds.
worker: completed task packet_filter in 0.0008251667022705078 seconds.
worker: completed task packet_filter in 0.0001697540283203125 seconds.
worker: completed task switch in 1.9550323486328125e-05 seconds.
worker: completed task packet_filter in 0.00051116943359375 seconds.
worker: completed task packet_filter in 0.0009846687316894531 seconds.
worker: completed task packet_filter in 0.0007739067077636719 seconds.
worker: completed task packet_filter in 0.00054168701171875 seconds.
worker: completed task packet_filter in 0.0008342266082763672 seconds.
worker: completed task packet_filter in 0.00011706352233886719 seconds.
worker: completed task switch in 1.8596649169921875e-05 seconds.
worker: completed task packet_filter in 0.0005095005035400391 seconds.
worker: completed task packet_filter in 0.0006072521209716797 seconds.
worker: completed task packet_filter in 0.0007638931274414062 seconds.
worker: completed task packet_filter in 0.0005590915679931641 seconds.
worker: completed task packet_filter in 0.0008265972137451172 seconds.
worker: completed task packet_filter in 0.00011587142944335938 seconds.
worker: completed task switch in 1.7404556274414062e-05 seconds.
worker: completed task packet_filter in 0.0005037784576416016 seconds.
worker: completed task packet_filter in 0.0005977153778076172 seconds.
worker: completed task packet_filter in 0.000759124755859375 seconds.
worker: completed task packet_filter in 0.0005445480346679688 seconds.
worker: completed task packet_filter in 0.0008254051208496094 seconds.
worker: completed task packet_filter in 0.000118255615234375 seconds.
worker: completed task switch in 1.7642974853515625e-05 seconds.
worker: completed task packet_filter in 0.000652313232421875 seconds.
worker: completed task packet_filter in 0.0007002353668212891 seconds.
worker: completed task packet_filter in 0.0007991790771484375 seconds.
worker: completed task packet_filter in 0.0005567073822021484 seconds.
worker: completed task packet_filter in 0.0008685588836669922 seconds.
worker: completed task packet_filter in 0.0001342296600341797 seconds.
worker: completed task switch in 2.0265579223632812e-05 seconds.
worker: completed task packet_filter in 0.0005061626434326172 seconds.
worker: completed task packet_filter in 0.0014033317565917969 seconds.
worker: completed task packet_filter in 0.0007793903350830078 seconds.
worker: completed task packet_filter in 0.00054168701171875 seconds.
worker: completed task packet_filter in 0.0008373260498046875 seconds.
worker: completed task packet_filter in 0.00012087821960449219 seconds.
worker: completed task switch in 1.8835067749023438e-05 seconds.
worker: completed task packet_filter in 0.0005133152008056641 seconds.
worker: completed task packet_filter in 0.0006146430969238281 seconds.
worker: completed task packet_filter in 0.0007581710815429688 seconds.
worker: completed task packet_filter in 0.0005457401275634766 seconds.
worker: completed task packet_filter in 0.0008273124694824219 seconds.
worker: completed task packet_filter in 0.00012087821960449219 seconds.
worker: completed task switch in 1.71661376953125e-05 seconds.
worker: completed task packet_filter in 0.0004894733428955078 seconds.
worker: completed task packet_filter in 0.0005919933319091797 seconds.
worker: completed task packet_filter in 0.0007777214050292969 seconds.
worker: completed task packet_filter in 0.0005519390106201172 seconds.
worker: completed task packet_filter in 0.0008118152618408203 seconds.
worker: completed task packet_filter in 0.00011157989501953125 seconds.
worker: completed task switch in 1.811981201171875e-05 seconds.
worker: completed task packet_filter in 0.0005028247833251953 seconds.
worker: completed task packet_filter in 0.0005810260772705078 seconds.
worker: completed task packet_filter in 0.0007622241973876953 seconds.
worker: completed task packet_filter in 0.0005373954772949219 seconds.
worker: completed task packet_filter in 0.0008213520050048828 seconds.
worker: completed task packet_filter in 0.00012230873107910156 seconds.
worker: completed task switch in 1.8358230590820312e-05 seconds.
worker: completed task packet_filter in 0.0005121231079101562 seconds.
worker: completed task packet_filter in 0.00096893310546875 seconds.
worker: completed task packet_filter in 0.0007646083831787109 seconds.
worker: completed task packet_filter in 0.0006082057952880859 seconds.
worker: completed task packet_filter in 0.0008821487426757812 seconds.
worker: completed task packet_filter in 0.0001266002655029297 seconds.
worker: completed task switch in 1.9311904907226562e-05 seconds.
worker: completed task packet_filter in 0.0005116462707519531 seconds.
worker: completed task packet_filter in 0.0006082057952880859 seconds.
worker: completed task packet_filter in 0.0007674694061279297 seconds.
worker: completed task packet_filter in 0.0005500316619873047 seconds.
worker: completed task packet_filter in 0.0008425712585449219 seconds.
worker: completed task packet_filter in 0.00012946128845214844 seconds.
worker: completed task links in 0.0010504722595214844 seconds.
worker: completed task switch_command in 0.0014913082122802734 seconds.
worker: completed task switch_command in 0.0002334117889404297 seconds.
worker: completed task switch_command in 6.413459777832031e-05 seconds.
worker: completed task switch_command in 9.489059448242188e-05 seconds.
worker: completed task switch_command in 7.295608520507812e-05 seconds.
worker: completed task switch_command in 7.224082946777344e-05 seconds.
worker: completed task switch_command in 6.771087646484375e-05 seconds.
worker: completed task switch_command in 7.033348083496094e-05 seconds.
worker: completed task switch_command in 6.890296936035156e-05 seconds.
worker: completed task switch_command in 7.104873657226562e-05 seconds.
worker: completed task switch_command in 6.461143493652344e-05 seconds.
worker: completed task switch_command in 6.890296936035156e-05 seconds.
worker: completed task switch_command in 0.00013518333435058594 seconds.
worker: completed task switch_command in 0.0001251697540283203 seconds.
worker: completed task switch_command in 7.033348083496094e-05 seconds.
worker: completed task switch_command in 7.128715515136719e-05 seconds.
worker: completed task switch_command in 6.747245788574219e-05 seconds.
worker: completed task switch_command in 0.00015616416931152344 seconds.
worker: completed task switch_command in 7.557868957519531e-05 seconds.
worker: completed task switch_command in 0.00013709068298339844 seconds.
worker: completed task switch_command in 7.43865966796875e-05 seconds.
worker: completed task switch_command in 6.818771362304688e-05 seconds.
worker: completed task switch_command in 6.604194641113281e-05 seconds.
worker: completed task switch_command in 0.0003705024719238281 seconds.
worker: completed task switch_command in 6.914138793945312e-05 seconds.
worker: completed task switch_command in 6.461143493652344e-05 seconds.
worker: completed task switch_command in 0.000133514404296875 seconds.
worker: completed task switch_command in 7.295608520507812e-05 seconds.
worker: completed task switch_command in 6.914138793945312e-05 seconds.
worker: completed task switch_command in 6.794929504394531e-05 seconds.
worker: completed task switch_command in 7.367134094238281e-05 seconds.
worker: completed task switch_command in 6.937980651855469e-05 seconds.
worker: completed task switch_command in 6.604194641113281e-05 seconds.
worker: completed task switch_command in 0.00016880035400390625 seconds.
worker: completed task switch_command in 7.009506225585938e-05 seconds.
worker: completed task switch_command in 7.581710815429688e-05 seconds.
worker: completed task switch_command in 6.628036499023438e-05 seconds.
worker: completed task switch_command in 6.532669067382812e-05 seconds.
worker: completed task switch_command in 6.699562072753906e-05 seconds.
worker: completed task switch_command in 7.581710815429688e-05 seconds.
worker: completed task switch_command in 0.0001304149627685547 seconds.
worker: completed task switch_command in 7.05718994140625e-05 seconds.
worker: completed task switch_command in 0.00010037422180175781 seconds.
worker: completed task switch_command in 6.818771362304688e-05 seconds.
worker: completed task switch_command in 6.532669067382812e-05 seconds.
worker: completed task switch_command in 6.29425048828125e-05 seconds.
worker: completed task switch_command in 6.961822509765625e-05 seconds.
worker: completed task switch_command in 0.00012803077697753906 seconds.
worker: completed task switch_command in 6.985664367675781e-05 seconds.
worker: completed task switch_command in 6.818771362304688e-05 seconds.
worker: completed task switch_command in 6.389617919921875e-05 seconds.
worker: completed task switch_command in 6.985664367675781e-05 seconds.
worker: completed task switch_command in 9.965896606445312e-05 seconds.
worker: completed task switch_command in 6.723403930664062e-05 seconds.
worker: completed task switch_command in 0.00012254714965820312 seconds.
worker: completed task switch_command in 7.343292236328125e-05 seconds.
worker: completed task switch_command in 6.842613220214844e-05 seconds.
worker: completed task switch_command in 6.079673767089844e-05 seconds.
worker: completed task switch_command in 6.723403930664062e-05 seconds.
worker: completed task switch_command in 7.033348083496094e-05 seconds.
worker: completed task switch_command in 6.890296936035156e-05 seconds.
worker: completed task switch_command in 0.0001533031463623047 seconds.
worker: completed task switch_command in 7.414817810058594e-05 seconds.
worker: completed task switch_command in 7.343292236328125e-05 seconds.
worker: completed task switch_command in 6.842613220214844e-05 seconds.
worker: completed task switch_command in 6.604194641113281e-05 seconds.
worker: completed task switch_command in 6.389617919921875e-05 seconds.
worker: completed task switch_command in 7.152557373046875e-05 seconds.
worker: completed task switch_command in 0.0001277923583984375 seconds.
worker: completed task switch_command in 7.772445678710938e-05 seconds.
worker: completed task switch_command in 6.747245788574219e-05 seconds.
worker: completed task switch_command in 9.822845458984375e-05 seconds.
worker: completed task switch_command in 6.556510925292969e-05 seconds.
worker: completed task switch_command in 6.651878356933594e-05 seconds.
worker: completed task switch_command in 6.270408630371094e-05 seconds.
worker: completed task switch_command in 0.00012445449829101562 seconds.
worker: completed task switch_command in 7.510185241699219e-05 seconds.
worker: completed task switch_command in 6.723403930664062e-05 seconds.
worker: completed task switch_command in 6.151199340820312e-05 seconds.
worker: completed task switch_command in 6.747245788574219e-05 seconds.
worker: completed task switch_command in 9.894371032714844e-05 seconds.
worker: completed task switch_command in 6.532669067382812e-05 seconds.
worker: completed task switch_command in 0.00012373924255371094 seconds.
worker: completed task switch_command in 6.818771362304688e-05 seconds.
worker: completed task switch_command in 6.389617919921875e-05 seconds.
worker: completed task switch_command in 7.414817810058594e-05 seconds.
worker: completed task switch_command in 7.343292236328125e-05 seconds.
worker: completed task switch_command in 7.009506225585938e-05 seconds.
worker: completed task switch_command in 6.079673767089844e-05 seconds.
worker: completed task switch_command in 0.00016427040100097656 seconds.
worker: completed task switch_command in 7.486343383789062e-05 seconds.
worker: completed task switch_command in 7.343292236328125e-05 seconds.
worker: completed task switch_command in 6.651878356933594e-05 seconds.
worker: completed task switch_command in 6.031990051269531e-05 seconds.
worker: completed task switch_command in 6.508827209472656e-05 seconds.
worker: completed task switch_command in 6.532669067382812e-05 seconds.
worker: completed task switch_command in 0.0001201629638671875 seconds.
worker: completed task switch_command in 7.200241088867188e-05 seconds.
worker: completed task switch_command in 7.200241088867188e-05 seconds.
worker: completed task switch_command in 0.00010728836059570312 seconds.
worker: completed task switch_command in 6.771087646484375e-05 seconds.
worker: completed task switch_command in 6.604194641113281e-05 seconds.
worker: completed task switch_command in 6.628036499023438e-05 seconds.
worker: completed task switch_command in 0.0001232624053955078 seconds.
worker: completed task switch_command in 8.0108642578125e-05 seconds.
worker: completed task switch_command in 6.389617919921875e-05 seconds.
worker: completed task switch_command in 7.152557373046875e-05 seconds.
worker: completed task switch_command in 6.4849853515625e-05 seconds.
worker: completed task switch_command in 6.0558319091796875e-05 seconds.
worker: completed task switch_command in 0.00010013580322265625 seconds.
worker: completed task switch_command in 0.0001201629638671875 seconds.
worker: completed task switch_command in 7.963180541992188e-05 seconds.
worker: completed task switch_command in 7.009506225585938e-05 seconds.
worker: completed task switch_command in 6.222724914550781e-05 seconds.
worker: completed task switch_command in 6.604194641113281e-05 seconds.
worker: completed task switch_command in 9.799003601074219e-05 seconds.
worker: completed task switch_command in 6.842613220214844e-05 seconds.
worker: completed task switch_command in 0.0001323223114013672 seconds.
worker: completed task switch_command in 0.00012111663818359375 seconds.
worker: completed task switch_command in 6.890296936035156e-05 seconds.
worker: completed task switch_command in 7.319450378417969e-05 seconds.
worker: completed task switch_command in 7.295608520507812e-05 seconds.
worker: completed task switch_command in 6.651878356933594e-05 seconds.
worker: completed task switch_command in 6.175041198730469e-05 seconds.
worker: completed task switch_command in 0.0001289844512939453 seconds.
worker: completed task switch_command in 7.271766662597656e-05 seconds.
worker: completed task switch_command in 7.271766662597656e-05 seconds.
worker: completed task switch_command in 6.67572021484375e-05 seconds.
worker: completed task switch_command in 0.0001010894775390625 seconds.
worker: completed task switch_command in 6.0558319091796875e-05 seconds.
worker: completed task switch_command in 6.389617919921875e-05 seconds.
worker: completed task switch_command in 0.00012826919555664062 seconds.
worker: completed task switch_command in 7.009506225585938e-05 seconds.
worker: completed task switch_command in 6.389617919921875e-05 seconds.
worker: completed task switch_command in 7.581710815429688e-05 seconds.
worker: completed task switch_command in 6.723403930664062e-05 seconds.
worker: completed task switch_command in 6.031990051269531e-05 seconds.
worker: completed task switch_command in 0.0003178119659423828 seconds.
worker: completed task switch_command in 0.00012540817260742188 seconds.
worker: completed task switch_command in 7.009506225585938e-05 seconds.
worker: completed task switch_command in 7.009506225585938e-05 seconds.
worker: completed task switch_command in 6.127357482910156e-05 seconds.
worker: completed task switch_command in 6.318092346191406e-05 seconds.
worker: completed task switch_command in 7.009506225585938e-05 seconds.
worker: completed task switch_command in 0.0001842975616455078 seconds.
worker: completed task switch_command in 0.0001804828643798828 seconds.
worker: completed task switch_command in 9.202957153320312e-05 seconds.
worker: completed task switch_command in 0.00014472007751464844 seconds.
worker: completed task switch_command in 7.2479248046875e-05 seconds.
worker: completed task switch_command in 7.605552673339844e-05 seconds.
worker: completed task switch_command in 6.651878356933594e-05 seconds.
worker: completed task switch_command in 7.176399230957031e-05 seconds.
worker: completed task switch_command in 0.00014090538024902344 seconds.
worker: completed task switch_command in 8.821487426757812e-05 seconds.
worker: completed task switch_command in 7.367134094238281e-05 seconds.
worker: completed task switch_command in 6.508827209472656e-05 seconds.
worker: completed task switch_command in 0.00010275840759277344 seconds.
worker: completed task switch_command in 7.152557373046875e-05 seconds.
worker: completed task switch_command in 6.771087646484375e-05 seconds.
worker: completed task probe in 8.177757263183594e-05 seconds.
worker: completed task probe in 4.553794860839844e-05 seconds.
worker: completed task probe in 6.794929504394531e-05 seconds.
worker: completed task probe in 3.886222839355469e-05 seconds.
worker: completed task probe in 3.24249267578125e-05 seconds.
worker: completed task probe in 3.123283386230469e-05 seconds.
worker: completed task probe in 3.075599670410156e-05 seconds.
worker: completed task probe in 3.5762786865234375e-05 seconds.
worker: completed task probe in 3.0040740966796875e-05 seconds.
worker: completed task probe in 2.9802322387695312e-05 seconds.
worker: completed task probe in 3.0279159545898438e-05 seconds.
worker: completed task probe in 3.0994415283203125e-05 seconds.
worker: completed task probe in 3.0040740966796875e-05 seconds.
worker: completed task probe in 3.1948089599609375e-05 seconds.
worker: completed task probe in 3.600120544433594e-05 seconds.
worker: completed task probe in 2.956390380859375e-05 seconds.
worker: completed task probe in 3.62396240234375e-05 seconds.
worker: completed task probe in 3.123283386230469e-05 seconds.
worker: completed task probe in 2.9325485229492188e-05 seconds.
worker: completed task probe in 2.956390380859375e-05 seconds.
worker: completed task probe in 2.9087066650390625e-05 seconds.
worker: completed task probe in 3.1948089599609375e-05 seconds.
worker: completed task probe in 3.4809112548828125e-05 seconds.
worker: completed task probe in 2.9802322387695312e-05 seconds.
worker: completed task probe in 3.0040740966796875e-05 seconds.
worker: completed task probe in 2.86102294921875e-05 seconds.
worker: completed task probe in 2.9325485229492188e-05 seconds.
worker: completed task probe in 2.9802322387695312e-05 seconds.
worker: completed task probe in 3.2901763916015625e-05 seconds.
worker: completed task probe in 3.1948089599609375e-05 seconds.
worker: completed task probe in 3.0040740966796875e-05 seconds.
worker: completed task probe in 3.170967102050781e-05 seconds.
worker: completed task probe in 2.956390380859375e-05 seconds.
worker: completed task probe in 3.147125244140625e-05 seconds.
worker: completed task probe in 3.409385681152344e-05 seconds.
worker: completed task probe in 3.1948089599609375e-05 seconds.
worker: completed task probe in 3.218650817871094e-05 seconds.
worker: completed task probe in 3.0517578125e-05 seconds.
worker: completed task probe in 2.9802322387695312e-05 seconds.
worker: completed task probe in 2.956390380859375e-05 seconds.
worker: completed task probe in 3.218650817871094e-05 seconds.
worker: completed task probe in 3.528594970703125e-05 seconds.
worker: completed task probe in 2.956390380859375e-05 seconds.
worker: completed task probe in 2.9325485229492188e-05 seconds.
worker: completed task probe in 3.218650817871094e-05 seconds.
worker: completed task probe in 2.8848648071289062e-05 seconds.
worker: completed task probe in 3.409385681152344e-05 seconds.
worker: completed task probe in 3.1948089599609375e-05 seconds.
worker: completed task probe in 2.9802322387695312e-05 seconds.
worker: completed task probe in 2.956390380859375e-05 seconds.
worker: completed task probe in 6.175041198730469e-05 seconds.
worker: completed task probe in 3.123283386230469e-05 seconds.
worker: completed task probe in 3.2901763916015625e-05 seconds.
worker: completed task probe in 3.0279159545898438e-05 seconds.
worker: completed task probe in 2.9802322387695312e-05 seconds.
worker: completed task probe in 3.337860107421875e-05 seconds.
worker: completed task probe in 3.075599670410156e-05 seconds.
worker: completed task probe in 3.218650817871094e-05 seconds.
worker: completed task probe in 3.314018249511719e-05 seconds.
worker: completed task probe in 3.0040740966796875e-05 seconds.
worker: completed task probe in 3.0040740966796875e-05 seconds.
worker: completed task probe in 2.9087066650390625e-05 seconds.
worker: completed task probe in 3.4332275390625e-05 seconds.
worker: completed task probe in 2.9087066650390625e-05 seconds.
worker: completed task probe in 3.1948089599609375e-05 seconds.
worker: completed task probe in 3.24249267578125e-05 seconds.
worker: completed task probe in 3.457069396972656e-05 seconds.
worker: completed task probe in 2.86102294921875e-05 seconds.
worker: completed task probe in 3.075599670410156e-05 seconds.
worker: completed task probe in 2.9087066650390625e-05 seconds.
worker: completed task probe in 3.409385681152344e-05 seconds.
worker: completed task probe in 3.147125244140625e-05 seconds.
worker: completed task probe in 3.504753112792969e-05 seconds.
worker: completed task probe in 2.8371810913085938e-05 seconds.
worker: completed task probe in 2.8848648071289062e-05 seconds.
worker: completed task probe in 3.0517578125e-05 seconds.
worker: completed task probe in 3.5762786865234375e-05 seconds.
worker: completed task probe in 3.1948089599609375e-05 seconds.
worker: completed task probe in 3.0040740966796875e-05 seconds.
worker: completed task probe in 2.956390380859375e-05 seconds.
worker: completed task probe in 3.647804260253906e-05 seconds.
worker: completed task probe in 2.8848648071289062e-05 seconds.
worker: completed task probe in 3.218650817871094e-05 seconds.
worker: completed task probe in 3.0517578125e-05 seconds.
worker: completed task probe in 2.956390380859375e-05 seconds.
worker: completed task probe in 3.075599670410156e-05 seconds.
worker: completed task probe in 2.956390380859375e-05 seconds.
worker: completed task probe in 2.9325485229492188e-05 seconds.
worker: completed task probe in 4.00543212890625e-05 seconds.
worker: completed task probe in 3.218650817871094e-05 seconds.
worker: completed task probe in 2.9325485229492188e-05 seconds.
worker: completed task probe in 2.956390380859375e-05 seconds.
worker: completed task probe in 2.9087066650390625e-05 seconds.
worker: completed task probe in 2.9325485229492188e-05 seconds.
worker: completed task probe in 3.123283386230469e-05 seconds.
worker: completed task probe in 2.9802322387695312e-05 seconds.
worker: completed task probe in 3.147125244140625e-05 seconds.
worker: completed task probe in 2.956390380859375e-05 seconds.
worker: completed task probe in 3.147125244140625e-05 seconds.
worker: completed task probe in 3.1948089599609375e-05 seconds.
worker: completed task probe in 3.1948089599609375e-05 seconds.
worker: completed task probe in 3.24249267578125e-05 seconds.
worker: completed task probe in 2.956390380859375e-05 seconds.
worker: completed task probe in 2.9087066650390625e-05 seconds.
worker: completed task probe in 2.956390380859375e-05 seconds.
worker: completed task probe in 3.504753112792969e-05 seconds.
worker: completed task probe in 3.409385681152344e-05 seconds.
worker: completed task probe in 2.956390380859375e-05 seconds.
worker: completed task probe in 3.123283386230469e-05 seconds.
worker: completed task probe in 3.147125244140625e-05 seconds.
worker: completed task probe in 2.86102294921875e-05 seconds.
worker: completed task probe in 2.9087066650390625e-05 seconds.
worker: completed task probe in 3.1948089599609375e-05 seconds.
worker: completed task probe in 3.0040740966796875e-05 seconds.
worker: completed task probe in 3.62396240234375e-05 seconds.
worker: completed task probe in 2.9802322387695312e-05 seconds.
worker: completed task probe in 3.147125244140625e-05 seconds.
worker: completed task probe in 3.6716461181640625e-05 seconds.
worker: completed task probe in 3.2901763916015625e-05 seconds.
worker: completed task probe in 3.2901763916015625e-05 seconds.
worker: completed task probe in 3.0994415283203125e-05 seconds.
worker: completed task probe in 3.0517578125e-05 seconds.
worker: completed task probe in 2.956390380859375e-05 seconds.
worker: completed task probe in 2.9325485229492188e-05 seconds.
worker: completed task probe in 6.008148193359375e-05 seconds.
worker: completed task probe in 3.790855407714844e-05 seconds.
worker: completed task probe in 3.314018249511719e-05 seconds.
worker: completed task probe in 2.956390380859375e-05 seconds.
worker: completed task probe in 3.075599670410156e-05 seconds.
worker: completed task probe in 3.0040740966796875e-05 seconds.
worker: completed task probe in 3.504753112792969e-05 seconds.
worker: completed task probe in 2.956390380859375e-05 seconds.
worker: completed task probe in 2.9325485229492188e-05 seconds.
worker: completed task probe in 3.504753112792969e-05 seconds.
worker: completed task probe in 3.0040740966796875e-05 seconds.
worker: completed task probe in 2.9325485229492188e-05 seconds.
worker: completed task probe in 3.218650817871094e-05 seconds.
worker: completed task links in 0.00048232078552246094 seconds.
worker: completed task generators in 0.0019063949584960938 seconds.
worker: completed task links in 0.0003440380096435547 seconds.
apkeep: dmz.uni-potsdam.de discriminates among its ingress ports; demultiplexed into 2 element(s): dmz.uni-potsdam.de@1, dmz.uni-potsdam.de@2
apkeep: wifi.uni-potsdam.de discriminates among its ingress ports; demultiplexed into 2 element(s): wifi.uni-potsdam.de@1, wifi.uni-potsdam.de@3
apkeep: ingress demultiplexing split 2 device(s) into 4 element(s) -- a representational cost of the AP model, not a change to the FaVe model
worker: completed task check_compliance in 371.6347119808197 seconds.
worker: completed task report in 0.002238035202026367 seconds.
worker: initiate stopping
worker: completed task stop in 0.00011992454528808594 seconds.
worker: stop handler after 373.93058824539185 seconds.
master: close receiving socket
master: join queue
master: join handler thread
master: finished run
master: stop reporter
