backend: veriflow {'impl': 'reimpl-literature', 'vf_fields': 'plain', 'vf_revisit': 'state', 'vf_slicing': 'device', 'vf_budget': 0}
master: open and bind unix socket
master: start handler thread
master: listen on socket
worker: completed task switch in 0.00014281272888183594 seconds.
worker: completed task switch in 3.0994415283203125e-05 seconds.
worker: completed task switch in 2.288818359375e-05 seconds.
worker: completed task switch in 1.5497207641601562e-05 seconds.
worker: completed task switch in 2.5510787963867188e-05 seconds.
worker: completed task switch in 1.5497207641601562e-05 seconds.
worker: completed task switch in 1.9550323486328125e-05 seconds.
worker: completed task switch in 1.52587890625e-05 seconds.
worker: completed task switch in 1.7881393432617188e-05 seconds.
worker: completed task switch in 1.4066696166992188e-05 seconds.
worker: completed task switch in 2.2411346435546875e-05 seconds.
worker: completed task switch in 1.33514404296875e-05 seconds.
worker: completed task switch in 2.0503997802734375e-05 seconds.
worker: completed task switch in 1.2159347534179688e-05 seconds.
worker: completed task switch in 2.1457672119140625e-05 seconds.
worker: completed task switch in 1.7642974853515625e-05 seconds.
worker: completed task switch in 1.621246337890625e-05 seconds.
worker: completed task switch in 1.4066696166992188e-05 seconds.
worker: completed task switch in 1.1205673217773438e-05 seconds.
worker: completed task switch in 1.621246337890625e-05 seconds.
worker: completed task switch in 1.0728836059570312e-05 seconds.
worker: completed task switch in 4.029273986816406e-05 seconds.
worker: completed task switch in 1.0967254638671875e-05 seconds.
worker: completed task switch in 1.621246337890625e-05 seconds.
worker: completed task switch in 1.2636184692382812e-05 seconds.
worker: completed task switch in 1.6689300537109375e-05 seconds.
worker: completed task switch in 1.2159347534179688e-05 seconds.
worker: completed task switch in 1.6927719116210938e-05 seconds.
worker: completed task switch in 1.049041748046875e-05 seconds.
worker: completed task switch in 1.7642974853515625e-05 seconds.
worker: completed task switch in 1.0251998901367188e-05 seconds.
worker: completed task switch in 1.7642974853515625e-05 seconds.
worker: completed task switch in 1.0728836059570312e-05 seconds.
worker: completed task switch in 2.7179718017578125e-05 seconds.
worker: completed task switch in 1.6450881958007812e-05 seconds.
worker: completed task switch in 1.3113021850585938e-05 seconds.
worker: completed task switch in 2.288818359375e-05 seconds.
worker: completed task switch in 1.1682510375976562e-05 seconds.
worker: completed task switch in 2.7179718017578125e-05 seconds.
worker: completed task switch in 1.5020370483398438e-05 seconds.
worker: completed task switch in 3.719329833984375e-05 seconds.
worker: completed task switch in 1.0967254638671875e-05 seconds.
worker: completed task switch in 1.7404556274414062e-05 seconds.
worker: completed task switch in 1.3113021850585938e-05 seconds.
worker: completed task switch in 1.71661376953125e-05 seconds.
worker: completed task switch in 1.1444091796875e-05 seconds.
worker: completed task switch in 1.9550323486328125e-05 seconds.
worker: completed task switch in 1.2874603271484375e-05 seconds.
worker: completed task switch in 1.6689300537109375e-05 seconds.
worker: completed task switch in 1.33514404296875e-05 seconds.
worker: completed task switch in 1.71661376953125e-05 seconds.
worker: completed task switch in 1.3589859008789062e-05 seconds.
worker: completed task switch in 1.1682510375976562e-05 seconds.
worker: completed task switch in 1.6450881958007812e-05 seconds.
worker: completed task switch in 1.1920928955078125e-05 seconds.
worker: completed task switch in 2.1219253540039062e-05 seconds.
worker: completed task switch in 1.1205673217773438e-05 seconds.
worker: completed task switch in 1.7881393432617188e-05 seconds.
worker: completed task switch in 1.2636184692382812e-05 seconds.
worker: completed task switch in 1.621246337890625e-05 seconds.
worker: completed task switch in 1.1205673217773438e-05 seconds.
worker: completed task switch in 1.9311904907226562e-05 seconds.
worker: completed task switch in 1.1444091796875e-05 seconds.
worker: completed task switch in 1.7404556274414062e-05 seconds.
worker: completed task switch in 1.049041748046875e-05 seconds.
worker: completed task switch in 1.9073486328125e-05 seconds.
worker: completed task switch in 1.1205673217773438e-05 seconds.
worker: completed task switch in 1.6927719116210938e-05 seconds.
worker: completed task switch in 1.3828277587890625e-05 seconds.
worker: completed task switch in 1.1682510375976562e-05 seconds.
worker: completed task switch in 2.4080276489257812e-05 seconds.
worker: completed task switch in 1.3113021850585938e-05 seconds.
worker: completed task switch in 1.8358230590820312e-05 seconds.
worker: completed task switch in 1.3828277587890625e-05 seconds.
worker: completed task switch in 1.8596649169921875e-05 seconds.
worker: completed task switch in 1.0728836059570312e-05 seconds.
worker: completed task switch in 4.029273986816406e-05 seconds.
worker: completed task switch in 1.3828277587890625e-05 seconds.
worker: completed task switch in 1.8596649169921875e-05 seconds.
worker: completed task switch in 1.2159347534179688e-05 seconds.
worker: completed task switch in 1.811981201171875e-05 seconds.
worker: completed task switch in 1.0967254638671875e-05 seconds.
worker: completed task switch in 5.6743621826171875e-05 seconds.
worker: completed task switch in 1.3113021850585938e-05 seconds.
worker: completed task switch in 1.6450881958007812e-05 seconds.
worker: completed task switch in 1.239776611328125e-05 seconds.
worker: completed task links in 0.0011055469512939453 seconds.
worker: completed task switch_command in 0.0003006458282470703 seconds.
worker: completed task switch_command in 6.914138793945312e-05 seconds.
worker: completed task switch_command in 0.0002722740173339844 seconds.
worker: completed task switch_command in 5.9604644775390625e-05 seconds.
worker: completed task switch_command in 0.0002262592315673828 seconds.
worker: completed task switch_command in 0.0003802776336669922 seconds.
worker: completed task switch_command in 0.00022983551025390625 seconds.
worker: completed task switch_command in 0.0003228187561035156 seconds.
worker: completed task switch_command in 0.00022220611572265625 seconds.
worker: completed task switch_command in 0.00012803077697753906 seconds.
worker: completed task switch_command in 0.0002155303955078125 seconds.
worker: completed task switch_command in 0.00012731552124023438 seconds.
worker: completed task switch_command in 0.0002570152282714844 seconds.
worker: completed task switch_command in 0.0003578662872314453 seconds.
worker: completed task switch_command in 0.0002639293670654297 seconds.
worker: completed task switch_command in 0.00031375885009765625 seconds.
worker: completed task switch_command in 0.0002353191375732422 seconds.
worker: completed task switch_command in 0.0001533031463623047 seconds.
worker: completed task switch_command in 3.62396240234375e-05 seconds.
worker: completed task switch_command in 0.0002219676971435547 seconds.
worker: completed task switch_command in 4.124641418457031e-05 seconds.
worker: completed task switch_command in 0.000213623046875 seconds.
worker: completed task switch_command in 5.0067901611328125e-05 seconds.
worker: completed task switch_command in 0.00025081634521484375 seconds.
worker: completed task switch_command in 4.291534423828125e-05 seconds.
worker: completed task switch_command in 0.0002281665802001953 seconds.
worker: completed task switch_command in 4.839897155761719e-05 seconds.
worker: completed task switch_command in 0.00021886825561523438 seconds.
worker: completed task switch_command in 4.124641418457031e-05 seconds.
worker: completed task switch_command in 0.00024247169494628906 seconds.
worker: completed task switch_command in 4.3392181396484375e-05 seconds.
worker: completed task switch_command in 0.00022029876708984375 seconds.
worker: completed task switch_command in 5.53131103515625e-05 seconds.
worker: completed task switch_command in 0.0002155303955078125 seconds.
worker: completed task switch_command in 0.00016164779663085938 seconds.
worker: completed task switch_command in 3.647804260253906e-05 seconds.
worker: completed task switch_command in 0.00021600723266601562 seconds.
worker: completed task switch_command in 4.0531158447265625e-05 seconds.
worker: completed task switch_command in 0.00022172927856445312 seconds.
worker: completed task switch_command in 0.00021767616271972656 seconds.
worker: completed task switch_command in 0.00021576881408691406 seconds.
worker: completed task switch_command in 0.00020003318786621094 seconds.
worker: completed task switch_command in 0.00024509429931640625 seconds.
worker: completed task switch_command in 3.838539123535156e-05 seconds.
worker: completed task switch_command in 0.00021409988403320312 seconds.
worker: completed task switch_command in 3.8623809814453125e-05 seconds.
worker: completed task switch_command in 0.00022530555725097656 seconds.
worker: completed task switch_command in 0.0005488395690917969 seconds.
worker: completed task switch_command in 0.0002262592315673828 seconds.
worker: completed task switch_command in 0.000202178955078125 seconds.
worker: completed task switch_command in 0.0002422332763671875 seconds.
worker: completed task switch_command in 0.00011467933654785156 seconds.
worker: completed task switch_command in 0.00014781951904296875 seconds.
worker: completed task switch_command in 0.00022792816162109375 seconds.
worker: completed task switch_command in 0.00018143653869628906 seconds.
worker: completed task switch_command in 0.00021529197692871094 seconds.
worker: completed task switch_command in 0.00015115737915039062 seconds.
worker: completed task switch_command in 0.00022268295288085938 seconds.
worker: completed task switch_command in 0.00017952919006347656 seconds.
worker: completed task switch_command in 0.00021386146545410156 seconds.
worker: completed task switch_command in 0.00020766258239746094 seconds.
worker: completed task switch_command in 0.00026154518127441406 seconds.
worker: completed task switch_command in 0.00020265579223632812 seconds.
worker: completed task switch_command in 0.000217437744140625 seconds.
worker: completed task switch_command in 0.00022363662719726562 seconds.
worker: completed task switch_command in 0.000217437744140625 seconds.
worker: completed task switch_command in 0.0002110004425048828 seconds.
worker: completed task switch_command in 0.00021505355834960938 seconds.
worker: completed task switch_command in 0.00022721290588378906 seconds.
worker: completed task switch_command in 0.0001246929168701172 seconds.
worker: completed task switch_command in 0.0002231597900390625 seconds.
worker: completed task switch_command in 0.0002734661102294922 seconds.
worker: completed task switch_command in 0.0002167224884033203 seconds.
worker: completed task switch_command in 0.0003800392150878906 seconds.
worker: completed task switch_command in 0.00021958351135253906 seconds.
worker: completed task switch_command in 0.000125885009765625 seconds.
worker: completed task switch_command in 0.00021338462829589844 seconds.
worker: completed task switch_command in 0.00029397010803222656 seconds.
worker: completed task switch_command in 0.00022029876708984375 seconds.
worker: completed task switch_command in 0.0001857280731201172 seconds.
worker: completed task switch_command in 0.00022339820861816406 seconds.
worker: completed task switch_command in 0.00019979476928710938 seconds.
worker: completed task switch_command in 0.00021505355834960938 seconds.
worker: completed task switch_command in 0.0001838207244873047 seconds.
worker: completed task switch_command in 0.00024962425231933594 seconds.
worker: completed task switch_command in 0.0002338886260986328 seconds.
worker: completed task probe in 3.24249267578125e-05 seconds.
worker: completed task probe in 1.71661376953125e-05 seconds.
worker: completed task probe in 1.2874603271484375e-05 seconds.
worker: completed task probe in 1.1920928955078125e-05 seconds.
worker: completed task probe in 1.1920928955078125e-05 seconds.
worker: completed task probe in 1.239776611328125e-05 seconds.
worker: completed task probe in 1.1682510375976562e-05 seconds.
worker: completed task probe in 1.1920928955078125e-05 seconds.
worker: completed task links in 3.24249267578125e-05 seconds.
worker: completed task generators in 0.00010657310485839844 seconds.
worker: completed task links in 2.6941299438476562e-05 seconds.
veriflow: built 1749 rules, stamps {'impl': 'reimpl-literature', 'vf_mode': 'bulk', 'vf_node': 'table', 'vf_ports': 'field', 'vf_fields': 'plain', 'vf_slicing': 'device', 'vf_invert_lpm': False, 'vf_field_order': ['related', 'packet.ipv4.source', 'packet.ipv4.destination', 'packet.ipv6.proto', 'packet.upper.dport', 'packet.upper.sport'], 'vf_inport_expansion': 1.0, 'vf_budget': 0, 'vf_revisit': 'state'}
worker: completed task check_compliance in 0.134613037109375 seconds.
worker: completed task report in 0.0008177757263183594 seconds.
worker: initiate stopping
worker: completed task stop in 0.000133514404296875 seconds.
worker: stop handler after 1.9019205570220947 seconds.
master: close receiving socket
master: join queue
master: join handler thread
master: finished run
master: stop reporter
