backend: veriflow {'impl': 'reimpl-literature', 'vf_fields': '4+10', 'vf_revisit': 'state', 'vf_slicing': 'device', 'vf_budget': 0}
master: open and bind unix socket
master: start handler thread
master: listen on socket
worker: completed task switch in 0.00013709068298339844 seconds.
worker: completed task switch in 2.8133392333984375e-05 seconds.
worker: completed task switch in 2.2411346435546875e-05 seconds.
worker: completed task switch in 1.5497207641601562e-05 seconds.
worker: completed task switch in 2.2411346435546875e-05 seconds.
worker: completed task switch in 1.4781951904296875e-05 seconds.
worker: completed task switch in 1.9311904907226562e-05 seconds.
worker: completed task switch in 1.1205673217773438e-05 seconds.
worker: completed task switch in 1.71661376953125e-05 seconds.
worker: completed task switch in 1.1920928955078125e-05 seconds.
worker: completed task switch in 2.193450927734375e-05 seconds.
worker: completed task switch in 1.2159347534179688e-05 seconds.
worker: completed task switch in 1.8835067749023438e-05 seconds.
worker: completed task switch in 1.1205673217773438e-05 seconds.
worker: completed task switch in 1.6450881958007812e-05 seconds.
worker: completed task switch in 2.288818359375e-05 seconds.
worker: completed task switch in 1.621246337890625e-05 seconds.
worker: completed task switch in 1.430511474609375e-05 seconds.
worker: completed task switch in 1.0013580322265625e-05 seconds.
worker: completed task switch in 1.71661376953125e-05 seconds.
worker: completed task switch in 1.1205673217773438e-05 seconds.
worker: completed task switch in 2.3365020751953125e-05 seconds.
worker: completed task switch in 1.0251998901367188e-05 seconds.
worker: completed task switch in 1.621246337890625e-05 seconds.
worker: completed task switch in 1.2159347534179688e-05 seconds.
worker: completed task switch in 1.5735626220703125e-05 seconds.
worker: completed task switch in 1.1444091796875e-05 seconds.
worker: completed task switch in 1.5974044799804688e-05 seconds.
worker: completed task switch in 3.5762786865234375e-05 seconds.
worker: completed task switch in 3.218650817871094e-05 seconds.
worker: completed task switch in 1.4543533325195312e-05 seconds.
worker: completed task switch in 2.0265579223632812e-05 seconds.
worker: completed task switch in 1.239776611328125e-05 seconds.
worker: completed task switch in 2.8133392333984375e-05 seconds.
worker: completed task switch in 1.6927719116210938e-05 seconds.
worker: completed task switch in 1.33514404296875e-05 seconds.
worker: completed task switch in 2.3365020751953125e-05 seconds.
worker: completed task switch in 1.2636184692382812e-05 seconds.
worker: completed task switch in 1.8596649169921875e-05 seconds.
worker: completed task switch in 1.4543533325195312e-05 seconds.
worker: completed task switch in 3.7670135498046875e-05 seconds.
worker: completed task switch in 1.2159347534179688e-05 seconds.
worker: completed task switch in 1.811981201171875e-05 seconds.
worker: completed task switch in 1.33514404296875e-05 seconds.
worker: completed task switch in 1.71661376953125e-05 seconds.
worker: completed task switch in 1.0967254638671875e-05 seconds.
worker: completed task switch in 2.002716064453125e-05 seconds.
worker: completed task switch in 1.2159347534179688e-05 seconds.
worker: completed task switch in 1.7642974853515625e-05 seconds.
worker: completed task switch in 1.3113021850585938e-05 seconds.
worker: completed task switch in 1.811981201171875e-05 seconds.
worker: completed task switch in 1.2636184692382812e-05 seconds.
worker: completed task switch in 1.1920928955078125e-05 seconds.
worker: completed task switch in 1.6927719116210938e-05 seconds.
worker: completed task switch in 1.2636184692382812e-05 seconds.
worker: completed task switch in 2.0265579223632812e-05 seconds.
worker: completed task switch in 1.049041748046875e-05 seconds.
worker: completed task switch in 1.7881393432617188e-05 seconds.
worker: completed task switch in 1.2159347534179688e-05 seconds.
worker: completed task switch in 1.621246337890625e-05 seconds.
worker: completed task switch in 1.0728836059570312e-05 seconds.
worker: completed task switch in 1.8358230590820312e-05 seconds.
worker: completed task switch in 1.049041748046875e-05 seconds.
worker: completed task switch in 1.6927719116210938e-05 seconds.
worker: completed task switch in 1.049041748046875e-05 seconds.
worker: completed task switch in 2.193450927734375e-05 seconds.
worker: completed task switch in 1.0251998901367188e-05 seconds.
worker: completed task switch in 1.6927719116210938e-05 seconds.
worker: completed task switch in 1.3113021850585938e-05 seconds.
worker: completed task switch in 9.775161743164062e-06 seconds.
worker: completed task switch in 1.811981201171875e-05 seconds.
worker: completed task switch in 1.2636184692382812e-05 seconds.
worker: completed task switch in 1.7404556274414062e-05 seconds.
worker: completed task switch in 1.1920928955078125e-05 seconds.
worker: completed task switch in 1.7642974853515625e-05 seconds.
worker: completed task switch in 1.0251998901367188e-05 seconds.
worker: completed task switch in 3.0279159545898438e-05 seconds.
worker: completed task switch in 1.3828277587890625e-05 seconds.
worker: completed task switch in 1.811981201171875e-05 seconds.
worker: completed task switch in 1.1920928955078125e-05 seconds.
worker: completed task switch in 1.8596649169921875e-05 seconds.
worker: completed task switch in 1.1444091796875e-05 seconds.
worker: completed task switch in 5.841255187988281e-05 seconds.
worker: completed task switch in 1.2159347534179688e-05 seconds.
worker: completed task switch in 1.5735626220703125e-05 seconds.
worker: completed task switch in 1.1920928955078125e-05 seconds.
worker: completed task links in 0.0010464191436767578 seconds.
worker: completed task switch_command in 0.0002837181091308594 seconds.
worker: completed task switch_command in 6.651878356933594e-05 seconds.
worker: completed task switch_command in 0.00026607513427734375 seconds.
worker: completed task switch_command in 5.817413330078125e-05 seconds.
worker: completed task switch_command in 0.00022482872009277344 seconds.
worker: completed task switch_command in 0.0003719329833984375 seconds.
worker: completed task switch_command in 0.00022840499877929688 seconds.
worker: completed task switch_command in 0.0003275871276855469 seconds.
worker: completed task switch_command in 0.00022149085998535156 seconds.
worker: completed task switch_command in 0.0001289844512939453 seconds.
worker: completed task switch_command in 0.00022339820861816406 seconds.
worker: completed task switch_command in 0.00012946128845214844 seconds.
worker: completed task switch_command in 0.00028514862060546875 seconds.
worker: completed task switch_command in 0.0003223419189453125 seconds.
worker: completed task switch_command in 0.0002601146697998047 seconds.
worker: completed task switch_command in 0.0003139972686767578 seconds.
worker: completed task switch_command in 0.00024628639221191406 seconds.
worker: completed task switch_command in 0.000152587890625 seconds.
worker: completed task switch_command in 3.647804260253906e-05 seconds.
worker: completed task switch_command in 0.00021719932556152344 seconds.
worker: completed task switch_command in 4.172325134277344e-05 seconds.
worker: completed task switch_command in 0.00021266937255859375 seconds.
worker: completed task switch_command in 4.601478576660156e-05 seconds.
worker: completed task switch_command in 0.00025534629821777344 seconds.
worker: completed task switch_command in 4.172325134277344e-05 seconds.
worker: completed task switch_command in 0.00022149085998535156 seconds.
worker: completed task switch_command in 4.649162292480469e-05 seconds.
worker: completed task switch_command in 0.0002224445343017578 seconds.
worker: completed task switch_command in 4.172325134277344e-05 seconds.
worker: completed task switch_command in 0.00024628639221191406 seconds.
worker: completed task switch_command in 4.935264587402344e-05 seconds.
worker: completed task switch_command in 0.00022554397583007812 seconds.
worker: completed task switch_command in 4.649162292480469e-05 seconds.
worker: completed task switch_command in 0.0002129077911376953 seconds.
worker: completed task switch_command in 0.00016117095947265625 seconds.
worker: completed task switch_command in 3.600120544433594e-05 seconds.
worker: completed task switch_command in 0.00022077560424804688 seconds.
worker: completed task switch_command in 3.981590270996094e-05 seconds.
worker: completed task switch_command in 0.00021123886108398438 seconds.
worker: completed task switch_command in 0.00021886825561523438 seconds.
worker: completed task switch_command in 0.00022077560424804688 seconds.
worker: completed task switch_command in 0.0002067089080810547 seconds.
worker: completed task switch_command in 0.00024247169494628906 seconds.
worker: completed task switch_command in 3.886222839355469e-05 seconds.
worker: completed task switch_command in 0.00020956993103027344 seconds.
worker: completed task switch_command in 3.62396240234375e-05 seconds.
worker: completed task switch_command in 0.0002224445343017578 seconds.
worker: completed task switch_command in 0.00054931640625 seconds.
worker: completed task switch_command in 0.00021791458129882812 seconds.
worker: completed task switch_command in 0.00019598007202148438 seconds.
worker: completed task switch_command in 0.0002410411834716797 seconds.
worker: completed task switch_command in 0.00012612342834472656 seconds.
worker: completed task switch_command in 0.00015163421630859375 seconds.
worker: completed task switch_command in 0.0002219676971435547 seconds.
worker: completed task switch_command in 0.00018644332885742188 seconds.
worker: completed task switch_command in 0.00021386146545410156 seconds.
worker: completed task switch_command in 0.0001652240753173828 seconds.
worker: completed task switch_command in 0.00021529197692871094 seconds.
worker: completed task switch_command in 0.00018906593322753906 seconds.
worker: completed task switch_command in 0.0002193450927734375 seconds.
worker: completed task switch_command in 0.0001995563507080078 seconds.
worker: completed task switch_command in 0.0002598762512207031 seconds.
worker: completed task switch_command in 0.00019693374633789062 seconds.
worker: completed task switch_command in 0.00022649765014648438 seconds.
worker: completed task switch_command in 0.00023627281188964844 seconds.
worker: completed task switch_command in 0.00021719932556152344 seconds.
worker: completed task switch_command in 0.00020051002502441406 seconds.
worker: completed task switch_command in 0.00021266937255859375 seconds.
worker: completed task switch_command in 0.00023126602172851562 seconds.
worker: completed task switch_command in 0.0001285076141357422 seconds.
worker: completed task switch_command in 0.00022029876708984375 seconds.
worker: completed task switch_command in 0.00026702880859375 seconds.
worker: completed task switch_command in 0.0002181529998779297 seconds.
worker: completed task switch_command in 0.0003788471221923828 seconds.
worker: completed task switch_command in 0.00021982192993164062 seconds.
worker: completed task switch_command in 0.0001285076141357422 seconds.
worker: completed task switch_command in 0.00020599365234375 seconds.
worker: completed task switch_command in 0.0002956390380859375 seconds.
worker: completed task switch_command in 0.00023126602172851562 seconds.
worker: completed task switch_command in 0.00021004676818847656 seconds.
worker: completed task switch_command in 0.00021910667419433594 seconds.
worker: completed task switch_command in 0.00019073486328125 seconds.
worker: completed task switch_command in 0.00022172927856445312 seconds.
worker: completed task switch_command in 0.00018930435180664062 seconds.
worker: completed task switch_command in 0.00025200843811035156 seconds.
worker: completed task switch_command in 0.0002353191375732422 seconds.
worker: completed task probe in 3.361701965332031e-05 seconds.
worker: completed task probe in 1.6450881958007812e-05 seconds.
worker: completed task probe in 1.3113021850585938e-05 seconds.
worker: completed task probe in 1.33514404296875e-05 seconds.
worker: completed task probe in 1.2636184692382812e-05 seconds.
worker: completed task probe in 1.1205673217773438e-05 seconds.
worker: completed task probe in 1.1920928955078125e-05 seconds.
worker: completed task probe in 1.0967254638671875e-05 seconds.
worker: completed task links in 3.0040740966796875e-05 seconds.
worker: completed task generators in 0.00010442733764648438 seconds.
worker: completed task links in 2.5272369384765625e-05 seconds.
veriflow: built 1749 rules, stamps {'impl': 'reimpl-literature', 'vf_mode': 'bulk', 'vf_node': 'table', 'vf_ports': 'field', 'vf_fields': "4+10:trie=['packet.ipv4.source', 'packet.ipv4.destination'],scan=['related', 'packet.ipv6.proto', 'packet.upper.dport', 'packet.upper.sport']", 'vf_slicing': 'device', 'vf_invert_lpm': False, 'vf_field_order': ['related', 'packet.ipv4.source', 'packet.ipv4.destination', 'packet.ipv6.proto', 'packet.upper.dport', 'packet.upper.sport'], 'vf_inport_expansion': 1.0, 'vf_budget': 0, 'vf_revisit': 'state'}
worker: completed task check_compliance in 0.2658240795135498 seconds.
worker: completed task report in 0.0008645057678222656 seconds.
worker: initiate stopping
worker: completed task stop in 0.00011157989501953125 seconds.
worker: stop handler after 2.063171148300171 seconds.
master: close receiving socket
master: join queue
master: join handler thread
master: finished run
master: stop reporter
