backend: netplumber {'impl': 'authors+fave', 'upstream': 'hassel-public master 697b35c9', 'np_invert_lpm': True}
master: open and bind unix socket
master: start handler thread
master: listen on socket
worker: completed task switch in 0.00048661231994628906 seconds.
worker: completed task switch in 0.00010085105895996094 seconds.
worker: completed task switch in 0.00013184547424316406 seconds.
worker: completed task switch in 6.103515625e-05 seconds.
worker: completed task switch in 0.0002090930938720703 seconds.
worker: completed task switch in 6.222724914550781e-05 seconds.
worker: completed task switch in 9.989738464355469e-05 seconds.
worker: completed task switch in 5.7220458984375e-05 seconds.
worker: completed task switch in 0.00012731552124023438 seconds.
worker: completed task switch in 5.888938903808594e-05 seconds.
worker: completed task switch in 8.940696716308594e-05 seconds.
worker: completed task switch in 5.412101745605469e-05 seconds.
worker: completed task switch in 8.440017700195312e-05 seconds.
worker: completed task switch in 6.985664367675781e-05 seconds.
worker: completed task switch in 8.630752563476562e-05 seconds.
worker: completed task switch in 6.29425048828125e-05 seconds.
worker: completed task switch in 9.1552734375e-05 seconds.
worker: completed task switch in 7.033348083496094e-05 seconds.
worker: completed task switch in 5.14984130859375e-05 seconds.
worker: completed task switch in 8.273124694824219e-05 seconds.
worker: completed task switch in 5.602836608886719e-05 seconds.
worker: completed task switch in 0.00010704994201660156 seconds.
worker: completed task switch in 5.269050598144531e-05 seconds.
worker: completed task switch in 7.987022399902344e-05 seconds.
worker: completed task switch in 6.127357482910156e-05 seconds.
worker: completed task switch in 8.249282836914062e-05 seconds.
worker: completed task switch in 6.29425048828125e-05 seconds.
worker: completed task switch in 9.608268737792969e-05 seconds.
worker: completed task switch in 5.435943603515625e-05 seconds.
worker: completed task switch in 8.58306884765625e-05 seconds.
worker: completed task switch in 5.364418029785156e-05 seconds.
worker: completed task switch in 8.177757263183594e-05 seconds.
worker: completed task switch in 8.368492126464844e-05 seconds.
worker: completed task switch in 8.368492126464844e-05 seconds.
worker: completed task switch in 6.29425048828125e-05 seconds.
worker: completed task switch in 5.650520324707031e-05 seconds.
worker: completed task switch in 0.0001461505889892578 seconds.
worker: completed task switch in 5.626678466796875e-05 seconds.
worker: completed task switch in 8.440017700195312e-05 seconds.
worker: completed task switch in 5.364418029785156e-05 seconds.
worker: completed task switch in 0.0001270771026611328 seconds.
worker: completed task switch in 5.507469177246094e-05 seconds.
worker: completed task switch in 8.535385131835938e-05 seconds.
worker: completed task switch in 5.2928924560546875e-05 seconds.
worker: completed task switch in 0.0002052783966064453 seconds.
worker: completed task switch in 6.580352783203125e-05 seconds.
worker: completed task switch in 8.034706115722656e-05 seconds.
worker: completed task switch in 5.555152893066406e-05 seconds.
worker: completed task switch in 8.106231689453125e-05 seconds.
worker: completed task switch in 6.008148193359375e-05 seconds.
worker: completed task switch in 8.153915405273438e-05 seconds.
worker: completed task switch in 6.4849853515625e-05 seconds.
worker: completed task switch in 5.125999450683594e-05 seconds.
worker: completed task switch in 8.606910705566406e-05 seconds.
worker: completed task switch in 5.340576171875e-05 seconds.
worker: completed task switch in 7.987022399902344e-05 seconds.
worker: completed task switch in 5.817413330078125e-05 seconds.
worker: completed task switch in 8.273124694824219e-05 seconds.
worker: completed task switch in 5.1021575927734375e-05 seconds.
worker: completed task switch in 7.867813110351562e-05 seconds.
worker: completed task switch in 5.5789947509765625e-05 seconds.
worker: completed task switch in 8.630752563476562e-05 seconds.
worker: completed task switch in 5.1975250244140625e-05 seconds.
worker: completed task switch in 8.702278137207031e-05 seconds.
worker: completed task switch in 5.1021575927734375e-05 seconds.
worker: completed task switch in 8.440017700195312e-05 seconds.
worker: completed task switch in 5.173683166503906e-05 seconds.
worker: completed task switch in 8.20159912109375e-05 seconds.
worker: completed task switch in 6.914138793945312e-05 seconds.
worker: completed task switch in 5.4836273193359375e-05 seconds.
worker: completed task switch in 7.963180541992188e-05 seconds.
worker: completed task switch in 5.2928924560546875e-05 seconds.
worker: completed task switch in 0.00010991096496582031 seconds.
worker: completed task switch in 5.745887756347656e-05 seconds.
worker: completed task switch in 8.130073547363281e-05 seconds.
worker: completed task switch in 5.1021575927734375e-05 seconds.
worker: completed task switch in 8.630752563476562e-05 seconds.
worker: completed task switch in 5.793571472167969e-05 seconds.
worker: completed task switch in 8.535385131835938e-05 seconds.
worker: completed task switch in 5.316734313964844e-05 seconds.
worker: completed task switch in 8.153915405273438e-05 seconds.
worker: completed task switch in 6.246566772460938e-05 seconds.
worker: completed task switch in 0.00013875961303710938 seconds.
worker: completed task switch in 5.555152893066406e-05 seconds.
worker: completed task switch in 8.511543273925781e-05 seconds.
worker: completed task switch in 5.936622619628906e-05 seconds.
worker: completed task links in 0.006082773208618164 seconds.
worker: completed task switch_command in 0.0018732547760009766 seconds.
worker: completed task switch_command in 0.0003077983856201172 seconds.
worker: completed task switch_command in 0.0007650852203369141 seconds.
worker: completed task switch_command in 0.000217437744140625 seconds.
worker: completed task switch_command in 0.0007104873657226562 seconds.
worker: completed task switch_command in 0.0012786388397216797 seconds.
worker: completed task switch_command in 0.0008225440979003906 seconds.
worker: completed task switch_command in 0.001218557357788086 seconds.
worker: completed task switch_command in 0.0008113384246826172 seconds.
worker: completed task switch_command in 0.0005695819854736328 seconds.
worker: completed task switch_command in 0.0007586479187011719 seconds.
worker: completed task switch_command in 0.0005474090576171875 seconds.
worker: completed task switch_command in 0.0007212162017822266 seconds.
worker: completed task switch_command in 0.0012314319610595703 seconds.
worker: completed task switch_command in 0.0008335113525390625 seconds.
worker: completed task switch_command in 0.001237630844116211 seconds.
worker: completed task switch_command in 0.0008449554443359375 seconds.
worker: completed task switch_command in 0.0004265308380126953 seconds.
worker: completed task switch_command in 0.0001468658447265625 seconds.
worker: completed task switch_command in 0.0007102489471435547 seconds.
worker: completed task switch_command in 0.0002930164337158203 seconds.
worker: completed task switch_command in 0.0006937980651855469 seconds.
worker: completed task switch_command in 0.00014400482177734375 seconds.
worker: completed task switch_command in 0.0006883144378662109 seconds.
worker: completed task switch_command in 0.00014972686767578125 seconds.
worker: completed task switch_command in 0.0006434917449951172 seconds.
worker: completed task switch_command in 0.00021147727966308594 seconds.
worker: completed task switch_command in 0.0006740093231201172 seconds.
worker: completed task switch_command in 0.00015544891357421875 seconds.
worker: completed task switch_command in 0.0006511211395263672 seconds.
worker: completed task switch_command in 0.00015807151794433594 seconds.
worker: completed task switch_command in 0.0006759166717529297 seconds.
worker: completed task switch_command in 0.00017118453979492188 seconds.
worker: completed task switch_command in 0.0006468296051025391 seconds.
worker: completed task switch_command in 0.00045800209045410156 seconds.
worker: completed task switch_command in 0.00015091896057128906 seconds.
worker: completed task switch_command in 0.0007116794586181641 seconds.
worker: completed task switch_command in 0.00015163421630859375 seconds.
worker: completed task switch_command in 0.0006542205810546875 seconds.
worker: completed task switch_command in 0.0010063648223876953 seconds.
worker: completed task switch_command in 0.0007345676422119141 seconds.
worker: completed task switch_command in 0.0007274150848388672 seconds.
worker: completed task switch_command in 0.0007648468017578125 seconds.
worker: completed task switch_command in 0.00016927719116210938 seconds.
worker: completed task switch_command in 0.0006422996520996094 seconds.
worker: completed task switch_command in 0.00017118453979492188 seconds.
worker: completed task switch_command in 0.0006723403930664062 seconds.
worker: completed task switch_command in 0.0007834434509277344 seconds.
worker: completed task switch_command in 0.0007355213165283203 seconds.
worker: completed task switch_command in 0.0007994174957275391 seconds.
worker: completed task switch_command in 0.0007476806640625 seconds.
worker: completed task switch_command in 0.00044345855712890625 seconds.
worker: completed task switch_command in 0.000652313232421875 seconds.
worker: completed task switch_command in 0.0007772445678710938 seconds.
worker: completed task switch_command in 0.000621795654296875 seconds.
worker: completed task switch_command in 0.0007617473602294922 seconds.
worker: completed task switch_command in 0.0006165504455566406 seconds.
worker: completed task switch_command in 0.0007297992706298828 seconds.
worker: completed task switch_command in 0.0006105899810791016 seconds.
worker: completed task switch_command in 0.0007605552673339844 seconds.
worker: completed task switch_command in 0.0007369518280029297 seconds.
worker: completed task switch_command in 0.0007688999176025391 seconds.
worker: completed task switch_command in 0.0007543563842773438 seconds.
worker: completed task switch_command in 0.0007469654083251953 seconds.
worker: completed task switch_command in 0.0007550716400146484 seconds.
worker: completed task switch_command in 0.000762939453125 seconds.
worker: completed task switch_command in 0.0007562637329101562 seconds.
worker: completed task switch_command in 0.0007622241973876953 seconds.
worker: completed task switch_command in 0.0007243156433105469 seconds.
worker: completed task switch_command in 0.0005364418029785156 seconds.
worker: completed task switch_command in 0.0007541179656982422 seconds.
worker: completed task switch_command in 0.0008766651153564453 seconds.
worker: completed task switch_command in 0.0007917881011962891 seconds.
worker: completed task switch_command in 0.0013079643249511719 seconds.
worker: completed task switch_command in 0.0010814666748046875 seconds.
worker: completed task switch_command in 0.0005202293395996094 seconds.
worker: completed task switch_command in 0.0006878376007080078 seconds.
worker: completed task switch_command in 0.0008897781372070312 seconds.
worker: completed task switch_command in 0.0007607936859130859 seconds.
worker: completed task switch_command in 0.0007786750793457031 seconds.
worker: completed task switch_command in 0.0007271766662597656 seconds.
worker: completed task switch_command in 0.0006585121154785156 seconds.
worker: completed task switch_command in 0.0007593631744384766 seconds.
worker: completed task switch_command in 0.0006995201110839844 seconds.
worker: completed task switch_command in 0.0007328987121582031 seconds.
worker: completed task switch_command in 0.0009725093841552734 seconds.
worker: completed task probe in 0.000110626220703125 seconds.
worker: completed task probe in 7.462501525878906e-05 seconds.
worker: completed task probe in 5.936622619628906e-05 seconds.
worker: completed task probe in 5.2928924560546875e-05 seconds.
worker: completed task probe in 5.078315734863281e-05 seconds.
worker: completed task probe in 4.887580871582031e-05 seconds.
worker: completed task probe in 4.863739013671875e-05 seconds.
worker: completed task probe in 4.863739013671875e-05 seconds.
worker: completed task links in 0.0005450248718261719 seconds.
worker: completed task generators in 0.00037288665771484375 seconds.
worker: completed task links in 0.0066606998443603516 seconds.
worker: completed task check_compliance in 0.0012478828430175781 seconds.
worker: completed task check_anomalies in 0.0002486705780029297 seconds.
worker: completed task report in 0.0007200241088867188 seconds.
worker: initiate stopping
worker: completed task stop in 0.0038976669311523438 seconds.
worker: stop handler after 1.8664543628692627 seconds.
master: close receiving socket
master: join queue
master: join handler thread
master: finished run
master: stop reporter
