generate policy matrix...
generated policy matrix.
cloud model: 86 devices, 2941 rules, 8 roles -> 8 endpoints
deleting old logs and measurements...
deleted old logs and measurements.
convert policy matrix to checks...
converted policy matrix.
starting netplumber...
started netplumber.
starting aggregator (backend: netplumber --invert-lpm)...
started aggregator.
wait for fave
initialize topology...
topology sent to fave
initialize routes...
routes sent to fave
initialize probes...
probes sent to fave
initialize sources...
sources sent to fave
checking flow trees...
checked flow trees.
checking for anomalies...
checked for anomalies.
generating report...
report generated.
result stamped to bench/wl_cloud/eval/netplumber-20261006T151504.827417+0000_sandbox.json: 6/6 oracle verdicts reproduced, 56/65 self-derived expectations violated (SANDBOX -- wall-clock numbers are not comparable with the controlled environment)
wait for fave
stopping fave and netplumber...
fave ordered to stop
