backend: veriflow {'impl': 'reimpl-literature', 'vf_fields': '4+10', 'vf_revisit': 'state', 'vf_slicing': 'device', 'vf_budget': 0, 'vf_invert_lpm': False}
master: open and bind unix socket
master: start handler thread
master: listen on socket
worker: completed task switch in 0.00015211105346679688 seconds.
worker: completed task switch in 2.7418136596679688e-05 seconds.
worker: completed task switch in 2.2172927856445312e-05 seconds.
worker: completed task switch in 1.9073486328125e-05 seconds.
worker: completed task switch in 2.1696090698242188e-05 seconds.
worker: completed task switch in 1.2636184692382812e-05 seconds.
worker: completed task switch in 2.1457672119140625e-05 seconds.
worker: completed task switch in 2.002716064453125e-05 seconds.
worker: completed task switch in 1.7404556274414062e-05 seconds.
worker: completed task switch in 1.1205673217773438e-05 seconds.
worker: completed task switch in 2.0265579223632812e-05 seconds.
worker: completed task switch in 1.2636184692382812e-05 seconds.
worker: completed task switch in 1.7404556274414062e-05 seconds.
worker: completed task switch in 1.1205673217773438e-05 seconds.
worker: completed task switch in 2.0265579223632812e-05 seconds.
worker: completed task switch in 1.0967254638671875e-05 seconds.
worker: completed task switch in 1.621246337890625e-05 seconds.
worker: completed task switch in 1.6450881958007812e-05 seconds.
worker: completed task switch in 1.049041748046875e-05 seconds.
worker: completed task switch in 1.7881393432617188e-05 seconds.
worker: completed task switch in 1.0967254638671875e-05 seconds.
worker: completed task switch in 2.384185791015625e-05 seconds.
worker: completed task switch in 1.4543533325195312e-05 seconds.
worker: completed task switch in 1.5020370483398438e-05 seconds.
worker: completed task switch in 1.239776611328125e-05 seconds.
worker: completed task switch in 1.6689300537109375e-05 seconds.
worker: completed task switch in 1.3113021850585938e-05 seconds.
worker: completed task switch in 1.5974044799804688e-05 seconds.
worker: completed task switch in 1.0013580322265625e-05 seconds.
worker: completed task switch in 2.384185791015625e-05 seconds.
worker: completed task switch in 1.1920928955078125e-05 seconds.
worker: completed task switch in 1.621246337890625e-05 seconds.
worker: completed task switch in 1.9550323486328125e-05 seconds.
worker: completed task switch in 1.52587890625e-05 seconds.
worker: completed task switch in 1.1444091796875e-05 seconds.
worker: completed task switch in 1.0013580322265625e-05 seconds.
worker: completed task switch in 1.71661376953125e-05 seconds.
worker: completed task switch in 9.5367431640625e-06 seconds.
worker: completed task switch in 1.7881393432617188e-05 seconds.
worker: completed task switch in 6.031990051269531e-05 seconds.
worker: completed task switch in 3.361701965332031e-05 seconds.
worker: completed task switch in 1.4543533325195312e-05 seconds.
worker: completed task switch in 1.621246337890625e-05 seconds.
worker: completed task switch in 1.049041748046875e-05 seconds.
worker: completed task switch in 1.5497207641601562e-05 seconds.
worker: completed task switch in 1.1205673217773438e-05 seconds.
worker: completed task switch in 1.71661376953125e-05 seconds.
worker: completed task switch in 1.0728836059570312e-05 seconds.
worker: completed task switch in 1.8596649169921875e-05 seconds.
worker: completed task switch in 1.049041748046875e-05 seconds.
worker: completed task switch in 1.6689300537109375e-05 seconds.
worker: completed task switch in 1.3589859008789062e-05 seconds.
worker: completed task switch in 1.5974044799804688e-05 seconds.
worker: completed task switch in 2.2172927856445312e-05 seconds.
worker: completed task switch in 1.2159347534179688e-05 seconds.
worker: completed task switch in 1.5735626220703125e-05 seconds.
worker: completed task switch in 1.2874603271484375e-05 seconds.
worker: completed task switch in 1.71661376953125e-05 seconds.
worker: completed task switch in 1.0251998901367188e-05 seconds.
worker: completed task switch in 1.4781951904296875e-05 seconds.
worker: completed task switch in 1.1682510375976562e-05 seconds.
worker: completed task switch in 1.8358230590820312e-05 seconds.
worker: completed task switch in 1.1444091796875e-05 seconds.
worker: completed task switch in 1.6927719116210938e-05 seconds.
worker: completed task switch in 9.775161743164062e-06 seconds.
worker: completed task switch in 1.6927719116210938e-05 seconds.
worker: completed task switch in 1.0967254638671875e-05 seconds.
worker: completed task switch in 1.5497207641601562e-05 seconds.
worker: completed task switch in 1.0967254638671875e-05 seconds.
worker: completed task switch in 1.0967254638671875e-05 seconds.
worker: completed task switch in 1.5974044799804688e-05 seconds.
worker: completed task switch in 1.1205673217773438e-05 seconds.
worker: completed task switch in 1.7881393432617188e-05 seconds.
worker: completed task switch in 1.0013580322265625e-05 seconds.
worker: completed task switch in 2.2172927856445312e-05 seconds.
worker: completed task switch in 1.1920928955078125e-05 seconds.
worker: completed task switch in 1.5735626220703125e-05 seconds.
worker: completed task switch in 9.298324584960938e-06 seconds.
worker: completed task switch in 1.811981201171875e-05 seconds.
worker: completed task switch in 1.71661376953125e-05 seconds.
worker: completed task switch in 2.1696090698242188e-05 seconds.
worker: completed task switch in 9.775161743164062e-06 seconds.
worker: completed task switch in 5.4836273193359375e-05 seconds.
worker: completed task switch in 0.0009374618530273438 seconds.
worker: completed task switch in 2.384185791015625e-05 seconds.
worker: completed task switch in 1.430511474609375e-05 seconds.
worker: completed task links in 0.00023436546325683594 seconds.
worker: completed task switch_command in 0.0002923011779785156 seconds.
worker: completed task switch_command in 6.437301635742188e-05 seconds.
worker: completed task switch_command in 0.00024199485778808594 seconds.
worker: completed task switch_command in 6.008148193359375e-05 seconds.
worker: completed task switch_command in 0.0002505779266357422 seconds.
worker: completed task switch_command in 0.00034546852111816406 seconds.
worker: completed task switch_command in 0.0002779960632324219 seconds.
worker: completed task switch_command in 0.00031304359436035156 seconds.
worker: completed task switch_command in 0.0002257823944091797 seconds.
worker: completed task switch_command in 0.00016021728515625 seconds.
worker: completed task switch_command in 0.00021386146545410156 seconds.
worker: completed task switch_command in 0.00012564659118652344 seconds.
worker: completed task switch_command in 0.00025725364685058594 seconds.
worker: completed task switch_command in 0.0003180503845214844 seconds.
worker: completed task switch_command in 0.0002288818359375 seconds.
worker: completed task switch_command in 0.0003399848937988281 seconds.
worker: completed task switch_command in 0.0002281665802001953 seconds.
worker: completed task switch_command in 0.00011491775512695312 seconds.
worker: completed task switch_command in 3.62396240234375e-05 seconds.
worker: completed task switch_command in 0.00022912025451660156 seconds.
worker: completed task switch_command in 3.790855407714844e-05 seconds.
worker: completed task switch_command in 0.0002532005310058594 seconds.
worker: completed task switch_command in 4.601478576660156e-05 seconds.
worker: completed task switch_command in 0.0002117156982421875 seconds.
worker: completed task switch_command in 3.790855407714844e-05 seconds.
worker: completed task switch_command in 0.00022268295288085938 seconds.
worker: completed task switch_command in 4.792213439941406e-05 seconds.
worker: completed task switch_command in 0.00024580955505371094 seconds.
worker: completed task switch_command in 3.9577484130859375e-05 seconds.
worker: completed task switch_command in 0.00021004676818847656 seconds.
worker: completed task switch_command in 3.6716461181640625e-05 seconds.
worker: completed task switch_command in 0.0002105236053466797 seconds.
worker: completed task switch_command in 4.673004150390625e-05 seconds.
worker: completed task switch_command in 0.00024819374084472656 seconds.
worker: completed task switch_command in 0.00013494491577148438 seconds.
worker: completed task switch_command in 3.457069396972656e-05 seconds.
worker: completed task switch_command in 0.00024008750915527344 seconds.
worker: completed task switch_command in 3.838539123535156e-05 seconds.
worker: completed task switch_command in 0.0002505779266357422 seconds.
worker: completed task switch_command in 0.00019502639770507812 seconds.
worker: completed task switch_command in 0.0002231597900390625 seconds.
worker: completed task switch_command in 0.00020742416381835938 seconds.
worker: completed task switch_command in 0.00021409988403320312 seconds.
worker: completed task switch_command in 3.814697265625e-05 seconds.
worker: completed task switch_command in 0.0002079010009765625 seconds.
worker: completed task switch_command in 4.124641418457031e-05 seconds.
worker: completed task switch_command in 0.00055694580078125 seconds.
worker: completed task switch_command in 0.0002110004425048828 seconds.
worker: completed task switch_command in 0.00022482872009277344 seconds.
worker: completed task switch_command in 0.00021791458129882812 seconds.
worker: completed task switch_command in 0.0002181529998779297 seconds.
worker: completed task switch_command in 0.00011491775512695312 seconds.
worker: completed task switch_command in 0.00014328956604003906 seconds.
worker: completed task switch_command in 0.00027632713317871094 seconds.
worker: completed task switch_command in 0.000156402587890625 seconds.
worker: completed task switch_command in 0.0002181529998779297 seconds.
worker: completed task switch_command in 0.00016188621520996094 seconds.
worker: completed task switch_command in 0.0002455711364746094 seconds.
worker: completed task switch_command in 0.00015807151794433594 seconds.
worker: completed task switch_command in 0.00021791458129882812 seconds.
worker: completed task switch_command in 0.00022602081298828125 seconds.
worker: completed task switch_command in 0.0002155303955078125 seconds.
worker: completed task switch_command in 0.00019288063049316406 seconds.
worker: completed task switch_command in 0.00022840499877929688 seconds.
worker: completed task switch_command in 0.0002276897430419922 seconds.
worker: completed task switch_command in 0.0002193450927734375 seconds.
worker: completed task switch_command in 0.00020122528076171875 seconds.
worker: completed task switch_command in 0.00025963783264160156 seconds.
worker: completed task switch_command in 0.0001976490020751953 seconds.
worker: completed task switch_command in 0.00012969970703125 seconds.
worker: completed task switch_command in 0.0002243518829345703 seconds.
worker: completed task switch_command in 0.0002689361572265625 seconds.
worker: completed task switch_command in 0.00022649765014648438 seconds.
worker: completed task switch_command in 0.00038433074951171875 seconds.
worker: completed task switch_command in 0.0002295970916748047 seconds.
worker: completed task switch_command in 0.0001239776611328125 seconds.
worker: completed task switch_command in 0.00021266937255859375 seconds.
worker: completed task switch_command in 0.0002880096435546875 seconds.
worker: completed task switch_command in 0.00021767616271972656 seconds.
worker: completed task switch_command in 0.0001976490020751953 seconds.
worker: completed task switch_command in 0.00024080276489257812 seconds.
worker: completed task switch_command in 0.00016379356384277344 seconds.
worker: completed task switch_command in 0.000213623046875 seconds.
worker: completed task switch_command in 0.0001850128173828125 seconds.
worker: completed task switch_command in 0.0002524852752685547 seconds.
worker: completed task switch_command in 0.0002319812774658203 seconds.
worker: completed task probe in 3.2901763916015625e-05 seconds.
worker: completed task probe in 1.6689300537109375e-05 seconds.
worker: completed task probe in 1.2874603271484375e-05 seconds.
worker: completed task probe in 1.1682510375976562e-05 seconds.
worker: completed task probe in 1.1682510375976562e-05 seconds.
worker: completed task probe in 1.0967254638671875e-05 seconds.
worker: completed task probe in 1.1920928955078125e-05 seconds.
worker: completed task probe in 1.0967254638671875e-05 seconds.
worker: completed task links in 3.1948089599609375e-05 seconds.
worker: completed task generators in 9.608268737792969e-05 seconds.
worker: completed task links in 2.6941299438476562e-05 seconds.
veriflow: built 1749 rules, stamps {'impl': 'reimpl-literature', 'vf_mode': 'bulk', 'vf_node': 'table', 'vf_ports': 'field', 'vf_fields': "4+10:trie=['packet.ipv4.source', 'packet.ipv4.destination'],scan=['related', 'packet.ipv6.proto', 'packet.upper.dport', 'packet.upper.sport']", 'vf_slicing': 'device', 'vf_invert_lpm': False, 'vf_lpm_tables_ordered': 0, 'vf_lpm_rules_ordered': 0, 'vf_field_order': ['related', 'packet.ipv4.source', 'packet.ipv4.destination', 'packet.ipv6.proto', 'packet.upper.dport', 'packet.upper.sport'], 'vf_inport_expansion': 1.0, 'vf_budget': 0, 'vf_revisit': 'state'}
worker: completed task check_compliance in 0.2660679817199707 seconds.
worker: completed task report in 0.0008137226104736328 seconds.
worker: initiate stopping
worker: completed task stop in 0.00010943412780761719 seconds.
worker: stop handler after 2.069336175918579 seconds.
master: close receiving socket
master: join queue
master: join handler thread
master: finished run
master: stop reporter
