generate policy matrix...
generated policy matrix.
cloud model: 86 devices, 2941 rules, 8 roles -> 8 endpoints
deleting old logs and measurements...
deleted old logs and measurements.
convert policy matrix to checks...
converted policy matrix.
backend veriflow needs no netplumber process; not starting one
starting aggregator (backend: veriflow --vf-fields 4+10 --vf-budget 0)...
started aggregator.
wait for fave
initialize topology...
topology sent to fave
initialize routes...
routes sent to fave
initialize probes...
probes sent to fave
initialize sources...
sources sent to fave
checking flow trees...
checked flow trees.
SKIPPED anomaly check: backend veriflow does not implement it (this run's verdict covers compliance only)
generating report...
report generated.
result stamped to bench/wl_cloud/eval/veriflow-20261006T151509.454768+0000_sandbox.json: 6/6 oracle verdicts reproduced, 56/65 self-derived expectations violated (SANDBOX -- wall-clock numbers are not comparable with the controlled environment)
wait for fave
stopping fave and netplumber...
fave ordered to stop
