backend: veriflow {'impl': 'reimpl-literature', 'vf_fields': '4+10', 'vf_revisit': 'state', 'vf_slicing': 'device', 'vf_budget': 0, 'vf_invert_lpm': True}
master: open and bind unix socket
master: start handler thread
master: listen on socket
worker: completed task switch in 9.822845458984375e-05 seconds.
worker: completed task switch in 2.7418136596679688e-05 seconds.
worker: completed task switch in 2.3603439331054688e-05 seconds.
worker: completed task switch in 3.4809112548828125e-05 seconds.
worker: completed task switch in 2.1696090698242188e-05 seconds.
worker: completed task switch in 1.4543533325195312e-05 seconds.
worker: completed task switch in 2.0503997802734375e-05 seconds.
worker: completed task switch in 1.4066696166992188e-05 seconds.
worker: completed task switch in 1.8358230590820312e-05 seconds.
worker: completed task switch in 1.239776611328125e-05 seconds.
worker: completed task switch in 2.0503997802734375e-05 seconds.
worker: completed task switch in 1.2874603271484375e-05 seconds.
worker: completed task switch in 1.6927719116210938e-05 seconds.
worker: completed task switch in 1.0967254638671875e-05 seconds.
worker: completed task switch in 1.621246337890625e-05 seconds.
worker: completed task switch in 1.2874603271484375e-05 seconds.
worker: completed task switch in 1.5974044799804688e-05 seconds.
worker: completed task switch in 1.6927719116210938e-05 seconds.
worker: completed task switch in 1.049041748046875e-05 seconds.
worker: completed task switch in 1.811981201171875e-05 seconds.
worker: completed task switch in 1.0013580322265625e-05 seconds.
worker: completed task switch in 2.4080276489257812e-05 seconds.
worker: completed task switch in 1.4543533325195312e-05 seconds.
worker: completed task switch in 1.621246337890625e-05 seconds.
worker: completed task switch in 1.0728836059570312e-05 seconds.
worker: completed task switch in 1.621246337890625e-05 seconds.
worker: completed task switch in 1.2636184692382812e-05 seconds.
worker: completed task switch in 1.6927719116210938e-05 seconds.
worker: completed task switch in 1.0967254638671875e-05 seconds.
worker: completed task switch in 2.3603439331054688e-05 seconds.
worker: completed task switch in 1.2159347534179688e-05 seconds.
worker: completed task switch in 1.5974044799804688e-05 seconds.
worker: completed task switch in 1.1682510375976562e-05 seconds.
worker: completed task switch in 1.5497207641601562e-05 seconds.
worker: completed task switch in 1.4066696166992188e-05 seconds.
worker: completed task switch in 1.049041748046875e-05 seconds.
worker: completed task switch in 1.8835067749023438e-05 seconds.
worker: completed task switch in 9.298324584960938e-06 seconds.
worker: completed task switch in 1.5735626220703125e-05 seconds.
worker: completed task switch in 6.246566772460938e-05 seconds.
worker: completed task switch in 3.24249267578125e-05 seconds.
worker: completed task switch in 1.5735626220703125e-05 seconds.
worker: completed task switch in 1.6450881958007812e-05 seconds.
worker: completed task switch in 1.0251998901367188e-05 seconds.
worker: completed task switch in 1.5974044799804688e-05 seconds.
worker: completed task switch in 1.049041748046875e-05 seconds.
worker: completed task switch in 1.5497207641601562e-05 seconds.
worker: completed task switch in 1.2159347534179688e-05 seconds.
worker: completed task switch in 1.71661376953125e-05 seconds.
worker: completed task switch in 1.8596649169921875e-05 seconds.
worker: completed task switch in 1.5497207641601562e-05 seconds.
worker: completed task switch in 1.3589859008789062e-05 seconds.
worker: completed task switch in 1.0013580322265625e-05 seconds.
worker: completed task switch in 2.2411346435546875e-05 seconds.
worker: completed task switch in 1.0728836059570312e-05 seconds.
worker: completed task switch in 1.5974044799804688e-05 seconds.
worker: completed task switch in 1.2636184692382812e-05 seconds.
worker: completed task switch in 1.7404556274414062e-05 seconds.
worker: completed task switch in 1.049041748046875e-05 seconds.
worker: completed task switch in 1.621246337890625e-05 seconds.
worker: completed task switch in 1.33514404296875e-05 seconds.
worker: completed task switch in 1.8358230590820312e-05 seconds.
worker: completed task switch in 9.775161743164062e-06 seconds.
worker: completed task switch in 1.6927719116210938e-05 seconds.
worker: completed task switch in 1.0251998901367188e-05 seconds.
worker: completed task switch in 1.7642974853515625e-05 seconds.
worker: completed task switch in 1.1444091796875e-05 seconds.
worker: completed task switch in 1.52587890625e-05 seconds.
worker: completed task switch in 1.2159347534179688e-05 seconds.
worker: completed task switch in 1.0013580322265625e-05 seconds.
worker: completed task switch in 1.6450881958007812e-05 seconds.
worker: completed task switch in 1.1682510375976562e-05 seconds.
worker: completed task switch in 1.811981201171875e-05 seconds.
worker: completed task switch in 9.298324584960938e-06 seconds.
worker: completed task switch in 1.5497207641601562e-05 seconds.
worker: completed task switch in 1.1444091796875e-05 seconds.
worker: completed task switch in 1.52587890625e-05 seconds.
worker: completed task switch in 9.298324584960938e-06 seconds.
worker: completed task switch in 1.811981201171875e-05 seconds.
worker: completed task switch in 1.6689300537109375e-05 seconds.
worker: completed task switch in 1.7404556274414062e-05 seconds.
worker: completed task switch in 9.5367431640625e-06 seconds.
worker: completed task switch in 4.935264587402344e-05 seconds.
worker: completed task switch in 0.0009016990661621094 seconds.
worker: completed task switch in 2.288818359375e-05 seconds.
worker: completed task switch in 1.33514404296875e-05 seconds.
worker: completed task links in 0.00022602081298828125 seconds.
worker: completed task switch_command in 0.00028705596923828125 seconds.
worker: completed task switch_command in 6.723403930664062e-05 seconds.
worker: completed task switch_command in 0.0002639293670654297 seconds.
worker: completed task switch_command in 6.008148193359375e-05 seconds.
worker: completed task switch_command in 0.0002598762512207031 seconds.
worker: completed task switch_command in 0.0003609657287597656 seconds.
worker: completed task switch_command in 0.0002722740173339844 seconds.
worker: completed task switch_command in 0.0003261566162109375 seconds.
worker: completed task switch_command in 0.0002186298370361328 seconds.
worker: completed task switch_command in 0.00017333030700683594 seconds.
worker: completed task switch_command in 0.0002238750457763672 seconds.
worker: completed task switch_command in 0.00012826919555664062 seconds.
worker: completed task switch_command in 0.00024580955505371094 seconds.
worker: completed task switch_command in 0.0003600120544433594 seconds.
worker: completed task switch_command in 0.00022363662719726562 seconds.
worker: completed task switch_command in 0.00034046173095703125 seconds.
worker: completed task switch_command in 0.0002281665802001953 seconds.
worker: completed task switch_command in 0.00013017654418945312 seconds.
worker: completed task switch_command in 3.600120544433594e-05 seconds.
worker: completed task switch_command in 0.00022840499877929688 seconds.
worker: completed task switch_command in 3.838539123535156e-05 seconds.
worker: completed task switch_command in 0.00025010108947753906 seconds.
worker: completed task switch_command in 4.553794860839844e-05 seconds.
worker: completed task switch_command in 0.00022602081298828125 seconds.
worker: completed task switch_command in 4.0531158447265625e-05 seconds.
worker: completed task switch_command in 0.00021886825561523438 seconds.
worker: completed task switch_command in 4.9114227294921875e-05 seconds.
worker: completed task switch_command in 0.00024366378784179688 seconds.
worker: completed task switch_command in 3.7670135498046875e-05 seconds.
worker: completed task switch_command in 0.00020956993103027344 seconds.
worker: completed task switch_command in 4.100799560546875e-05 seconds.
worker: completed task switch_command in 0.0002105236053466797 seconds.
worker: completed task switch_command in 5.340576171875e-05 seconds.
worker: completed task switch_command in 0.0002548694610595703 seconds.
worker: completed task switch_command in 0.00013566017150878906 seconds.
worker: completed task switch_command in 3.5762786865234375e-05 seconds.
worker: completed task switch_command in 0.0002319812774658203 seconds.
worker: completed task switch_command in 4.0531158447265625e-05 seconds.
worker: completed task switch_command in 0.0002491474151611328 seconds.
worker: completed task switch_command in 0.00021409988403320312 seconds.
worker: completed task switch_command in 0.00022101402282714844 seconds.
worker: completed task switch_command in 0.00021266937255859375 seconds.
worker: completed task switch_command in 0.0002193450927734375 seconds.
worker: completed task switch_command in 3.600120544433594e-05 seconds.
worker: completed task switch_command in 0.00021886825561523438 seconds.
worker: completed task switch_command in 4.291534423828125e-05 seconds.
worker: completed task switch_command in 0.0005285739898681641 seconds.
worker: completed task switch_command in 0.00021314620971679688 seconds.
worker: completed task switch_command in 0.00022149085998535156 seconds.
worker: completed task switch_command in 0.00022029876708984375 seconds.
worker: completed task switch_command in 0.0002148151397705078 seconds.
worker: completed task switch_command in 0.00011467933654785156 seconds.
worker: completed task switch_command in 0.0001513957977294922 seconds.
worker: completed task switch_command in 0.00027179718017578125 seconds.
worker: completed task switch_command in 0.0002048015594482422 seconds.
worker: completed task switch_command in 0.0002243518829345703 seconds.
worker: completed task switch_command in 0.00015473365783691406 seconds.
worker: completed task switch_command in 0.00025773048400878906 seconds.
worker: completed task switch_command in 0.0001590251922607422 seconds.
worker: completed task switch_command in 0.00022745132446289062 seconds.
worker: completed task switch_command in 0.0002319812774658203 seconds.
worker: completed task switch_command in 0.00021791458129882812 seconds.
worker: completed task switch_command in 0.00020384788513183594 seconds.
worker: completed task switch_command in 0.000240325927734375 seconds.
worker: completed task switch_command in 0.00022935867309570312 seconds.
worker: completed task switch_command in 0.00022339820861816406 seconds.
worker: completed task switch_command in 0.0002048015594482422 seconds.
worker: completed task switch_command in 0.0002651214599609375 seconds.
worker: completed task switch_command in 0.0001952648162841797 seconds.
worker: completed task switch_command in 0.0001304149627685547 seconds.
worker: completed task switch_command in 0.00022554397583007812 seconds.
worker: completed task switch_command in 0.00027441978454589844 seconds.
worker: completed task switch_command in 0.0002276897430419922 seconds.
worker: completed task switch_command in 0.0003795623779296875 seconds.
worker: completed task switch_command in 0.0002300739288330078 seconds.
worker: completed task switch_command in 0.0001270771026611328 seconds.
worker: completed task switch_command in 0.00022101402282714844 seconds.
worker: completed task switch_command in 0.00029850006103515625 seconds.
worker: completed task switch_command in 0.0002589225769042969 seconds.
worker: completed task switch_command in 0.00019216537475585938 seconds.
worker: completed task switch_command in 0.00025200843811035156 seconds.
worker: completed task switch_command in 0.00017261505126953125 seconds.
worker: completed task switch_command in 0.00022172927856445312 seconds.
worker: completed task switch_command in 0.00018024444580078125 seconds.
worker: completed task switch_command in 0.0003254413604736328 seconds.
worker: completed task switch_command in 0.00026345252990722656 seconds.
worker: completed task probe in 3.504753112792969e-05 seconds.
worker: completed task probe in 1.71661376953125e-05 seconds.
worker: completed task probe in 1.4066696166992188e-05 seconds.
worker: completed task probe in 1.239776611328125e-05 seconds.
worker: completed task probe in 1.2159347534179688e-05 seconds.
worker: completed task probe in 1.1444091796875e-05 seconds.
worker: completed task probe in 1.2636184692382812e-05 seconds.
worker: completed task probe in 1.1682510375976562e-05 seconds.
worker: completed task links in 3.170967102050781e-05 seconds.
worker: completed task generators in 0.000110626220703125 seconds.
worker: completed task links in 2.6702880859375e-05 seconds.
veriflow: built 1749 rules, stamps {'impl': 'reimpl-literature', 'vf_mode': 'bulk', 'vf_node': 'table', 'vf_ports': 'field', 'vf_fields': "4+10:trie=['packet.ipv4.source', 'packet.ipv4.destination'],scan=['related', 'packet.ipv6.proto', 'packet.upper.dport', 'packet.upper.sport']", 'vf_slicing': 'device', 'vf_invert_lpm': True, 'vf_lpm_tables_ordered': 0, 'vf_lpm_rules_ordered': 0, 'vf_field_order': ['related', 'packet.ipv4.source', 'packet.ipv4.destination', 'packet.ipv6.proto', 'packet.upper.dport', 'packet.upper.sport'], 'vf_inport_expansion': 1.0, 'vf_budget': 0, 'vf_revisit': 'state'}
worker: completed task check_compliance in 0.2663242816925049 seconds.
worker: completed task report in 0.0007350444793701172 seconds.
worker: initiate stopping
worker: completed task stop in 8.940696716308594e-05 seconds.
worker: stop handler after 2.050832748413086 seconds.
master: close receiving socket
master: join queue
master: join handler thread
master: finished run
master: stop reporter
