backend: netplumber {'impl': 'authors+fave', 'upstream': 'hassel-public master 697b35c9', 'np_invert_lpm': False}
master: open and bind unix socket
master: start handler thread
master: listen on socket
worker: completed task switch in 0.0005233287811279297 seconds.
worker: completed task switch in 8.749961853027344e-05 seconds.
worker: completed task switch in 0.00012373924255371094 seconds.
worker: completed task switch in 5.364418029785156e-05 seconds.
worker: completed task switch in 0.00011658668518066406 seconds.
worker: completed task switch in 6.29425048828125e-05 seconds.
worker: completed task switch in 8.106231689453125e-05 seconds.
worker: completed task switch in 5.841255187988281e-05 seconds.
worker: completed task switch in 0.00010085105895996094 seconds.
worker: completed task switch in 5.555152893066406e-05 seconds.
worker: completed task switch in 8.273124694824219e-05 seconds.
worker: completed task switch in 5.602836608886719e-05 seconds.
worker: completed task switch in 9.608268737792969e-05 seconds.
worker: completed task switch in 5.435943603515625e-05 seconds.
worker: completed task switch in 7.867813110351562e-05 seconds.
worker: completed task switch in 5.269050598144531e-05 seconds.
worker: completed task switch in 8.296966552734375e-05 seconds.
worker: completed task switch in 6.365776062011719e-05 seconds.
worker: completed task switch in 5.14984130859375e-05 seconds.
worker: completed task switch in 8.392333984375e-05 seconds.
worker: completed task switch in 7.677078247070312e-05 seconds.
worker: completed task switch in 9.870529174804688e-05 seconds.
worker: completed task switch in 5.14984130859375e-05 seconds.
worker: completed task switch in 8.177757263183594e-05 seconds.
worker: completed task switch in 5.459785461425781e-05 seconds.
worker: completed task switch in 7.915496826171875e-05 seconds.
worker: completed task switch in 5.221366882324219e-05 seconds.
worker: completed task switch in 8.106231689453125e-05 seconds.
worker: completed task switch in 5.340576171875e-05 seconds.
worker: completed task switch in 8.416175842285156e-05 seconds.
worker: completed task switch in 5.14984130859375e-05 seconds.
worker: completed task switch in 8.082389831542969e-05 seconds.
worker: completed task switch in 5.8650970458984375e-05 seconds.
worker: completed task switch in 7.939338684082031e-05 seconds.
worker: completed task switch in 6.67572021484375e-05 seconds.
worker: completed task switch in 5.435943603515625e-05 seconds.
worker: completed task switch in 9.5367431640625e-05 seconds.
worker: completed task switch in 5.340576171875e-05 seconds.
worker: completed task switch in 8.535385131835938e-05 seconds.
worker: completed task switch in 5.0067901611328125e-05 seconds.
worker: completed task switch in 0.00010609626770019531 seconds.
worker: completed task switch in 5.7697296142578125e-05 seconds.
worker: completed task switch in 7.891654968261719e-05 seconds.
worker: completed task switch in 5.2928924560546875e-05 seconds.
worker: completed task switch in 0.00015783309936523438 seconds.
worker: completed task switch in 5.650520324707031e-05 seconds.
worker: completed task switch in 7.653236389160156e-05 seconds.
worker: completed task switch in 5.3882598876953125e-05 seconds.
worker: completed task switch in 8.893013000488281e-05 seconds.
worker: completed task switch in 5.221366882324219e-05 seconds.
worker: completed task switch in 8.487701416015625e-05 seconds.
worker: completed task switch in 6.246566772460938e-05 seconds.
worker: completed task switch in 5.602836608886719e-05 seconds.
worker: completed task switch in 7.748603820800781e-05 seconds.
worker: completed task switch in 5.4836273193359375e-05 seconds.
worker: completed task switch in 9.942054748535156e-05 seconds.
worker: completed task switch in 5.340576171875e-05 seconds.
worker: completed task switch in 7.987022399902344e-05 seconds.
worker: completed task switch in 5.364418029785156e-05 seconds.
worker: completed task switch in 9.131431579589844e-05 seconds.
worker: completed task switch in 5.221366882324219e-05 seconds.
worker: completed task switch in 8.678436279296875e-05 seconds.
worker: completed task switch in 5.2928924560546875e-05 seconds.
worker: completed task switch in 8.177757263183594e-05 seconds.
worker: completed task switch in 5.221366882324219e-05 seconds.
worker: completed task switch in 8.487701416015625e-05 seconds.
worker: completed task switch in 5.030632019042969e-05 seconds.
worker: completed task switch in 9.846687316894531e-05 seconds.
worker: completed task switch in 6.270408630371094e-05 seconds.
worker: completed task switch in 6.699562072753906e-05 seconds.
worker: completed task switch in 8.606910705566406e-05 seconds.
worker: completed task switch in 5.078315734863281e-05 seconds.
worker: completed task switch in 9.560585021972656e-05 seconds.
worker: completed task switch in 5.2928924560546875e-05 seconds.
worker: completed task switch in 8.130073547363281e-05 seconds.
worker: completed task switch in 5.125999450683594e-05 seconds.
worker: completed task switch in 8.916854858398438e-05 seconds.
worker: completed task switch in 5.14984130859375e-05 seconds.
worker: completed task switch in 8.344650268554688e-05 seconds.
worker: completed task switch in 5.650520324707031e-05 seconds.
worker: completed task switch in 7.82012939453125e-05 seconds.
worker: completed task switch in 6.127357482910156e-05 seconds.
worker: completed task switch in 0.00015234947204589844 seconds.
worker: completed task switch in 5.4836273193359375e-05 seconds.
worker: completed task switch in 8.225440979003906e-05 seconds.
worker: completed task switch in 6.008148193359375e-05 seconds.
worker: completed task links in 0.006191253662109375 seconds.
worker: completed task switch_command in 0.0018184185028076172 seconds.
worker: completed task switch_command in 0.0003483295440673828 seconds.
worker: completed task switch_command in 0.0007767677307128906 seconds.
worker: completed task switch_command in 0.00022530555725097656 seconds.
worker: completed task switch_command in 0.0007026195526123047 seconds.
worker: completed task switch_command in 0.0012683868408203125 seconds.
worker: completed task switch_command in 0.0008103847503662109 seconds.
worker: completed task switch_command in 0.0012249946594238281 seconds.
worker: completed task switch_command in 0.0008149147033691406 seconds.
worker: completed task switch_command in 0.0005245208740234375 seconds.
worker: completed task switch_command in 0.0007290840148925781 seconds.
worker: completed task switch_command in 0.0005609989166259766 seconds.
worker: completed task switch_command in 0.0007092952728271484 seconds.
worker: completed task switch_command in 0.0012128353118896484 seconds.
worker: completed task switch_command in 0.0008068084716796875 seconds.
worker: completed task switch_command in 0.0012326240539550781 seconds.
worker: completed task switch_command in 0.00080108642578125 seconds.
worker: completed task switch_command in 0.0004200935363769531 seconds.
worker: completed task switch_command in 0.00014710426330566406 seconds.
worker: completed task switch_command in 0.0007026195526123047 seconds.
worker: completed task switch_command in 0.0002033710479736328 seconds.
worker: completed task switch_command in 0.000644683837890625 seconds.
worker: completed task switch_command in 0.00014901161193847656 seconds.
worker: completed task switch_command in 0.0006773471832275391 seconds.
worker: completed task switch_command in 0.00016951560974121094 seconds.
worker: completed task switch_command in 0.0006494522094726562 seconds.
worker: completed task switch_command in 0.00014162063598632812 seconds.
worker: completed task switch_command in 0.0006704330444335938 seconds.
worker: completed task switch_command in 0.00016307830810546875 seconds.
worker: completed task switch_command in 0.000640869140625 seconds.
worker: completed task switch_command in 0.0002040863037109375 seconds.
worker: completed task switch_command in 0.0006721019744873047 seconds.
worker: completed task switch_command in 0.0001392364501953125 seconds.
worker: completed task switch_command in 0.0006585121154785156 seconds.
worker: completed task switch_command in 0.0004851818084716797 seconds.
worker: completed task switch_command in 0.00015044212341308594 seconds.
worker: completed task switch_command in 0.0007088184356689453 seconds.
worker: completed task switch_command in 0.00018405914306640625 seconds.
worker: completed task switch_command in 0.0006420612335205078 seconds.
worker: completed task switch_command in 0.0009925365447998047 seconds.
worker: completed task switch_command in 0.0007369518280029297 seconds.
worker: completed task switch_command in 0.0007188320159912109 seconds.
worker: completed task switch_command in 0.0007798671722412109 seconds.
worker: completed task switch_command in 0.00015783309936523438 seconds.
worker: completed task switch_command in 0.000644683837890625 seconds.
worker: completed task switch_command in 0.0001614093780517578 seconds.
worker: completed task switch_command in 0.0006775856018066406 seconds.
worker: completed task switch_command in 0.00079345703125 seconds.
worker: completed task switch_command in 0.0007421970367431641 seconds.
worker: completed task switch_command in 0.0007965564727783203 seconds.
worker: completed task switch_command in 0.0007710456848144531 seconds.
worker: completed task switch_command in 0.0004115104675292969 seconds.
worker: completed task switch_command in 0.0005950927734375 seconds.
worker: completed task switch_command in 0.0007603168487548828 seconds.
worker: completed task switch_command in 0.0005927085876464844 seconds.
worker: completed task switch_command in 0.0007357597351074219 seconds.
worker: completed task switch_command in 0.0005881786346435547 seconds.
worker: completed task switch_command in 0.0007166862487792969 seconds.
worker: completed task switch_command in 0.0005698204040527344 seconds.
worker: completed task switch_command in 0.0007684230804443359 seconds.
worker: completed task switch_command in 0.000766754150390625 seconds.
worker: completed task switch_command in 0.0007672309875488281 seconds.
worker: completed task switch_command in 0.0007376670837402344 seconds.
worker: completed task switch_command in 0.0007328987121582031 seconds.
worker: completed task switch_command in 0.0007569789886474609 seconds.
worker: completed task switch_command in 0.0007190704345703125 seconds.
worker: completed task switch_command in 0.0007357597351074219 seconds.
worker: completed task switch_command in 0.0007669925689697266 seconds.
worker: completed task switch_command in 0.0007236003875732422 seconds.
worker: completed task switch_command in 0.0005517005920410156 seconds.
worker: completed task switch_command in 0.0007572174072265625 seconds.
worker: completed task switch_command in 0.0008819103240966797 seconds.
worker: completed task switch_command in 0.0007951259613037109 seconds.
worker: completed task switch_command in 0.0012819766998291016 seconds.
worker: completed task switch_command in 0.0011043548583984375 seconds.
worker: completed task switch_command in 0.0005049705505371094 seconds.
worker: completed task switch_command in 0.0006961822509765625 seconds.
worker: completed task switch_command in 0.0008733272552490234 seconds.
worker: completed task switch_command in 0.0007474422454833984 seconds.
worker: completed task switch_command in 0.0007681846618652344 seconds.
worker: completed task switch_command in 0.0007627010345458984 seconds.
worker: completed task switch_command in 0.0006649494171142578 seconds.
worker: completed task switch_command in 0.0007555484771728516 seconds.
worker: completed task switch_command in 0.0006995201110839844 seconds.
worker: completed task switch_command in 0.0007424354553222656 seconds.
worker: completed task switch_command in 0.0009775161743164062 seconds.
worker: completed task probe in 0.00011897087097167969 seconds.
worker: completed task probe in 6.985664367675781e-05 seconds.
worker: completed task probe in 5.841255187988281e-05 seconds.
worker: completed task probe in 5.7697296142578125e-05 seconds.
worker: completed task probe in 5.245208740234375e-05 seconds.
worker: completed task probe in 5.269050598144531e-05 seconds.
worker: completed task probe in 4.982948303222656e-05 seconds.
worker: completed task probe in 9.417533874511719e-05 seconds.
worker: completed task links in 0.0005140304565429688 seconds.
worker: completed task generators in 0.00037550926208496094 seconds.
worker: completed task links in 0.007296085357666016 seconds.
worker: completed task check_compliance in 0.0012412071228027344 seconds.
worker: completed task check_anomalies in 0.00029015541076660156 seconds.
worker: completed task report in 0.0007867813110351562 seconds.
worker: initiate stopping
worker: completed task stop in 0.0038459300994873047 seconds.
worker: stop handler after 1.86515212059021 seconds.
master: close receiving socket
master: join queue
master: join handler thread
master: finished run
master: stop reporter
