backend: veriflow {'impl': 'reimpl-literature', 'vf_fields': '4+10', 'vf_revisit': 'state', 'vf_slicing': 'device', 'vf_budget': 0, 'vf_invert_lpm': False}
master: open and bind unix socket
master: start handler thread
master: listen on socket
worker: completed task switch in 0.00010704994201660156 seconds.
worker: completed task switch in 3.457069396972656e-05 seconds.
worker: completed task switch in 2.3365020751953125e-05 seconds.
worker: completed task switch in 2.3603439331054688e-05 seconds.
worker: completed task switch in 1.6927719116210938e-05 seconds.
worker: completed task switch in 1.7404556274414062e-05 seconds.
worker: completed task switch in 1.7404556274414062e-05 seconds.
worker: completed task switch in 1.4543533325195312e-05 seconds.
worker: completed task switch in 1.3113021850585938e-05 seconds.
worker: completed task switch in 1.2636184692382812e-05 seconds.
worker: completed task switch in 1.5735626220703125e-05 seconds.
worker: completed task switch in 1.3828277587890625e-05 seconds.
worker: completed task switch in 9.775161743164062e-06 seconds.
worker: completed task switch in 1.5497207641601562e-05 seconds.
worker: completed task switch in 1.2874603271484375e-05 seconds.
worker: completed task switch in 1.2159347534179688e-05 seconds.
worker: completed task switch in 1.5497207641601562e-05 seconds.
worker: completed task switch in 1.5735626220703125e-05 seconds.
worker: completed task links in 0.00016736984252929688 seconds.
worker: completed task switch_command in 0.0002789497375488281 seconds.
worker: completed task switch_command in 0.11410665512084961 seconds.
worker: completed task switch_command in 0.006200313568115234 seconds.
worker: completed task switch_command in 0.13187742233276367 seconds.
worker: completed task switch_command in 0.0059528350830078125 seconds.
worker: completed task switch_command in 0.09900760650634766 seconds.
worker: completed task switch_command in 0.007098674774169922 seconds.
worker: completed task switch_command in 0.15832233428955078 seconds.
worker: completed task switch_command in 0.008302688598632812 seconds.
worker: completed task switch_command in 0.1959705352783203 seconds.
worker: completed task switch_command in 0.010931730270385742 seconds.
worker: completed task switch_command in 0.23717093467712402 seconds.
worker: completed task switch_command in 0.010096073150634766 seconds.
worker: completed task switch_command in 0.26183438301086426 seconds.
worker: completed task switch_command in 0.00946497917175293 seconds.
worker: completed task switch_command in 0.10838866233825684 seconds.
worker: completed task switch_command in 0.008203268051147461 seconds.
worker: completed task switch_command in 0.2909560203552246 seconds.
worker: completed task probe in 0.010658740997314453 seconds.
worker: completed task probe in 3.123283386230469e-05 seconds.
worker: completed task probe in 1.3828277587890625e-05 seconds.
worker: completed task probe in 1.1205673217773438e-05 seconds.
worker: completed task probe in 1.0967254638671875e-05 seconds.
worker: completed task probe in 1.0251998901367188e-05 seconds.
worker: completed task probe in 1.1444091796875e-05 seconds.
worker: completed task probe in 1.049041748046875e-05 seconds.
worker: completed task probe in 1.0013580322265625e-05 seconds.
worker: completed task links in 0.0005574226379394531 seconds.
worker: completed task generators in 0.000171661376953125 seconds.
worker: completed task links in 3.2901763916015625e-05 seconds.
veriflow: built 78056 rules, stamps {'impl': 'reimpl-literature', 'vf_mode': 'bulk', 'vf_node': 'table', 'vf_ports': 'field', 'vf_fields': "4+10:trie=['packet.ipv4.destination'],scan=['packet.ether.vlan']", 'vf_slicing': 'device', 'vf_invert_lpm': False, 'vf_lpm_tables_ordered': 18, 'vf_lpm_rules_ordered': 77451, 'vf_field_order': ['packet.ether.vlan', 'packet.ipv4.destination'], 'vf_inport_expansion': 1.003, 'vf_budget': 0, 'vf_revisit': 'state'}
worker: completed task check_compliance in 110.00810527801514 seconds.
worker: completed task report in 0.0007457733154296875 seconds.
worker: initiate stopping
worker: completed task stop in 8.749961853027344e-05 seconds.
worker: stop handler after 114.2005341053009 seconds.
master: close receiving socket
master: join queue
master: join handler thread
master: finished run
master: stop reporter
