backend: veriflow {'impl': 'reimpl-literature', 'vf_fields': '4+10', 'vf_revisit': 'state', 'vf_slicing': 'device', 'vf_budget': 0, 'vf_invert_lpm': True}
master: open and bind unix socket
master: start handler thread
master: listen on socket
worker: completed task switch in 0.000102996826171875 seconds.
worker: completed task switch in 3.361701965332031e-05 seconds.
worker: completed task switch in 2.1457672119140625e-05 seconds.
worker: completed task switch in 2.8133392333984375e-05 seconds.
worker: completed task switch in 1.52587890625e-05 seconds.
worker: completed task switch in 1.5974044799804688e-05 seconds.
worker: completed task switch in 1.811981201171875e-05 seconds.
worker: completed task switch in 1.3828277587890625e-05 seconds.
worker: completed task switch in 1.2874603271484375e-05 seconds.
worker: completed task switch in 1.2159347534179688e-05 seconds.
worker: completed task switch in 1.5497207641601562e-05 seconds.
worker: completed task switch in 1.3589859008789062e-05 seconds.
worker: completed task switch in 1.1444091796875e-05 seconds.
worker: completed task switch in 1.5497207641601562e-05 seconds.
worker: completed task switch in 1.1682510375976562e-05 seconds.
worker: completed task switch in 2.002716064453125e-05 seconds.
worker: completed task switch in 1.811981201171875e-05 seconds.
worker: completed task switch in 1.6689300537109375e-05 seconds.
worker: completed task links in 0.0001659393310546875 seconds.
worker: completed task switch_command in 0.00025725364685058594 seconds.
worker: completed task switch_command in 0.12147951126098633 seconds.
worker: completed task switch_command in 0.0069272518157958984 seconds.
worker: completed task switch_command in 0.15012121200561523 seconds.
worker: completed task switch_command in 0.00753331184387207 seconds.
worker: completed task switch_command in 0.10926222801208496 seconds.
worker: completed task switch_command in 0.009215354919433594 seconds.
worker: completed task switch_command in 0.1834421157836914 seconds.
worker: completed task switch_command in 0.009827613830566406 seconds.
worker: completed task switch_command in 0.2410297393798828 seconds.
worker: completed task switch_command in 0.012765169143676758 seconds.
worker: completed task switch_command in 0.2755584716796875 seconds.
worker: completed task switch_command in 0.009636402130126953 seconds.
worker: completed task switch_command in 0.2706432342529297 seconds.
worker: completed task switch_command in 0.009472846984863281 seconds.
worker: completed task switch_command in 0.10719037055969238 seconds.
worker: completed task switch_command in 0.010087966918945312 seconds.
worker: completed task switch_command in 0.3315858840942383 seconds.
worker: completed task probe in 0.009931802749633789 seconds.
worker: completed task probe in 2.9325485229492188e-05 seconds.
worker: completed task probe in 1.3828277587890625e-05 seconds.
worker: completed task probe in 1.1205673217773438e-05 seconds.
worker: completed task probe in 1.1205673217773438e-05 seconds.
worker: completed task probe in 1.049041748046875e-05 seconds.
worker: completed task probe in 1.0013580322265625e-05 seconds.
worker: completed task probe in 1.3828277587890625e-05 seconds.
worker: completed task probe in 1.9550323486328125e-05 seconds.
worker: completed task links in 0.0005002021789550781 seconds.
worker: completed task generators in 0.00015306472778320312 seconds.
worker: completed task links in 3.0994415283203125e-05 seconds.
veriflow: built 78056 rules, stamps {'impl': 'reimpl-literature', 'vf_mode': 'bulk', 'vf_node': 'table', 'vf_ports': 'field', 'vf_fields': "4+10:trie=['packet.ipv4.destination'],scan=['packet.ether.vlan']", 'vf_slicing': 'device', 'vf_invert_lpm': True, 'vf_lpm_tables_ordered': 18, 'vf_lpm_rules_ordered': 77451, 'vf_field_order': ['packet.ether.vlan', 'packet.ipv4.destination'], 'vf_inport_expansion': 1.003, 'vf_budget': 0, 'vf_revisit': 'state'}
worker: completed task check_compliance in 103.85097670555115 seconds.
worker: completed task report in 0.0009472370147705078 seconds.
worker: initiate stopping
worker: completed task stop in 0.0001316070556640625 seconds.
worker: stop handler after 108.30983233451843 seconds.
master: close receiving socket
master: join queue
master: join handler thread
master: finished run
master: stop reporter
