backend: veriflow {'impl': 'reimpl-literature', 'vf_fields': '4+10', 'vf_revisit': 'state', 'vf_slicing': 'device', 'vf_budget': 0, 'vf_invert_lpm': True}
master: open and bind unix socket
master: start handler thread
master: listen on socket
worker: completed task switch in 0.0001125335693359375 seconds.
worker: completed task switch in 4.172325134277344e-05 seconds.
worker: completed task switch in 4.458427429199219e-05 seconds.
worker: completed task switch in 1.8358230590820312e-05 seconds.
worker: completed task switch in 2.0742416381835938e-05 seconds.
worker: completed task switch in 2.3603439331054688e-05 seconds.
worker: completed task switch in 3.075599670410156e-05 seconds.
worker: completed task switch in 3.218650817871094e-05 seconds.
worker: completed task switch in 4.553794860839844e-05 seconds.
worker: completed task switch in 3.4332275390625e-05 seconds.
worker: completed task switch in 2.8371810913085938e-05 seconds.
worker: completed task switch in 4.887580871582031e-05 seconds.
worker: completed task switch in 1.5497207641601562e-05 seconds.
worker: completed task switch in 1.3589859008789062e-05 seconds.
worker: completed task switch in 2.0265579223632812e-05 seconds.
worker: completed task switch in 1.430511474609375e-05 seconds.
worker: completed task switch in 1.8358230590820312e-05 seconds.
worker: completed task switch in 1.7642974853515625e-05 seconds.
worker: completed task switch in 2.4318695068359375e-05 seconds.
worker: completed task switch in 2.4318695068359375e-05 seconds.
worker: completed task switch in 6.318092346191406e-05 seconds.
worker: completed task switch in 2.4080276489257812e-05 seconds.
worker: completed task switch in 3.5762786865234375e-05 seconds.
worker: completed task switch in 7.987022399902344e-05 seconds.
worker: completed task switch in 2.9087066650390625e-05 seconds.
worker: completed task switch in 2.3603439331054688e-05 seconds.
worker: completed task switch in 3.361701965332031e-05 seconds.
worker: completed task switch in 2.384185791015625e-05 seconds.
worker: completed task switch in 2.3126602172851562e-05 seconds.
worker: completed task switch in 3.218650817871094e-05 seconds.
worker: completed task switch in 2.1219253540039062e-05 seconds.
worker: completed task switch in 2.6702880859375e-05 seconds.
worker: completed task switch in 3.981590270996094e-05 seconds.
worker: completed task switch in 2.0742416381835938e-05 seconds.
worker: completed task switch in 2.5033950805664062e-05 seconds.
worker: completed task switch in 3.933906555175781e-05 seconds.
worker: completed task switch in 2.6464462280273438e-05 seconds.
worker: completed task switch in 1.5497207641601562e-05 seconds.
worker: completed task switch in 1.7881393432617188e-05 seconds.
worker: completed task switch in 7.724761962890625e-05 seconds.
worker: completed task switch in 1.6689300537109375e-05 seconds.
worker: completed task switch in 1.9788742065429688e-05 seconds.
worker: completed task switch in 3.075599670410156e-05 seconds.
worker: completed task switch in 2.4557113647460938e-05 seconds.
worker: completed task switch in 4.1484832763671875e-05 seconds.
worker: completed task switch in 1.8596649169921875e-05 seconds.
worker: completed task switch in 6.341934204101562e-05 seconds.
worker: completed task switch in 3.0517578125e-05 seconds.
worker: completed task links in 0.002136707305908203 seconds.
worker: completed task switch_command in 0.00037741661071777344 seconds.
worker: completed task switch_command in 0.009242057800292969 seconds.
worker: completed task switch_command in 0.000461578369140625 seconds.
worker: completed task switch_command in 0.00010275840759277344 seconds.
worker: completed task switch_command in 0.008236885070800781 seconds.
worker: completed task switch_command in 0.00033736228942871094 seconds.
worker: completed task switch_command in 0.0004470348358154297 seconds.
worker: completed task switch_command in 0.0017938613891601562 seconds.
worker: completed task switch_command in 0.00027370452880859375 seconds.
worker: completed task switch_command in 0.0004513263702392578 seconds.
worker: completed task switch_command in 0.0019152164459228516 seconds.
worker: completed task switch_command in 0.00028014183044433594 seconds.
worker: completed task switch_command in 0.0020503997802734375 seconds.
worker: completed task switch_command in 0.0017952919006347656 seconds.
worker: completed task switch_command in 0.00011587142944335938 seconds.
worker: completed task switch_command in 0.001959562301635742 seconds.
worker: completed task switch_command in 0.001893758773803711 seconds.
worker: completed task switch_command in 0.00010180473327636719 seconds.
worker: completed task switch_command in 0.0006465911865234375 seconds.
worker: completed task switch_command in 0.0015254020690917969 seconds.
worker: completed task switch_command in 0.000431060791015625 seconds.
worker: completed task switch_command in 0.0006859302520751953 seconds.
worker: completed task switch_command in 0.001451730728149414 seconds.
worker: completed task switch_command in 0.0004298686981201172 seconds.
worker: completed task switch_command in 0.0008213520050048828 seconds.
worker: completed task switch_command in 0.0011997222900390625 seconds.
worker: completed task switch_command in 0.0002562999725341797 seconds.
worker: completed task switch_command in 0.0005280971527099609 seconds.
worker: completed task switch_command in 0.0010867118835449219 seconds.
worker: completed task switch_command in 0.0002770423889160156 seconds.
worker: completed task switch_command in 0.0003437995910644531 seconds.
worker: completed task switch_command in 0.0010199546813964844 seconds.
worker: completed task switch_command in 0.00032830238342285156 seconds.
worker: completed task switch_command in 0.00037407875061035156 seconds.
worker: completed task switch_command in 0.000919342041015625 seconds.
worker: completed task switch_command in 0.00027942657470703125 seconds.
worker: completed task switch_command in 0.003834962844848633 seconds.
worker: completed task switch_command in 0.0021600723266601562 seconds.
worker: completed task switch_command in 0.00011610984802246094 seconds.
worker: completed task switch_command in 0.0019249916076660156 seconds.
worker: completed task switch_command in 0.0015730857849121094 seconds.
worker: completed task switch_command in 0.00010752677917480469 seconds.
worker: completed task switch_command in 0.000926971435546875 seconds.
worker: completed task switch_command in 0.011570453643798828 seconds.
worker: completed task switch_command in 0.017906665802001953 seconds.
worker: completed task switch_command in 0.0006203651428222656 seconds.
worker: completed task switch_command in 0.0015065670013427734 seconds.
worker: completed task switch_command in 0.0031495094299316406 seconds.
worker: completed task probe in 0.00012874603271484375 seconds.
worker: completed task probe in 2.5033950805664062e-05 seconds.
worker: completed task probe in 1.430511474609375e-05 seconds.
worker: completed task probe in 1.3113021850585938e-05 seconds.
worker: completed task probe in 1.4066696166992188e-05 seconds.
worker: completed task probe in 1.9073486328125e-05 seconds.
worker: completed task probe in 1.52587890625e-05 seconds.
worker: completed task probe in 1.3113021850585938e-05 seconds.
worker: completed task probe in 1.3113021850585938e-05 seconds.
worker: completed task probe in 2.288818359375e-05 seconds.
worker: completed task probe in 1.5974044799804688e-05 seconds.
worker: completed task probe in 1.430511474609375e-05 seconds.
worker: completed task probe in 1.3589859008789062e-05 seconds.
worker: completed task probe in 1.6927719116210938e-05 seconds.
worker: completed task probe in 1.4066696166992188e-05 seconds.
worker: completed task probe in 1.2874603271484375e-05 seconds.
worker: completed task links in 0.0008950233459472656 seconds.
worker: completed task generators in 0.00019359588623046875 seconds.
worker: completed task links in 4.3392181396484375e-05 seconds.
veriflow: built 14396 rules, stamps {'impl': 'reimpl-literature', 'vf_mode': 'bulk', 'vf_node': 'table', 'vf_ports': 'field', 'vf_fields': "4+10:trie=['packet.ipv4.source', 'packet.ipv4.destination', 'packet.upper.dport', 'packet.upper.tcp.flags'],scan=['packet.ether.vlan', 'packet.ipv6.proto']", 'vf_slicing': 'device', 'vf_invert_lpm': True, 'vf_lpm_tables_ordered': 32, 'vf_lpm_rules_ordered': 3844, 'vf_field_order': ['packet.ether.vlan', 'packet.ipv4.source', 'packet.ipv4.destination', 'packet.ipv6.proto', 'packet.upper.dport', 'packet.upper.tcp.flags'], 'vf_inport_expansion': 1.636, 'vf_budget': 0, 'vf_revisit': 'state'}
worker: completed task check_compliance in 0.32535362243652344 seconds.
worker: completed task report in 0.0008592605590820312 seconds.
worker: initiate stopping
worker: completed task stop in 9.512901306152344e-05 seconds.
worker: stop handler after 2.2599079608917236 seconds.
master: close receiving socket
master: join queue
master: join handler thread
master: finished run
master: stop reporter
