backend: netplumber {'impl': 'authors+fave', 'upstream': 'hassel-public master 697b35c9', 'np_invert_lpm': False}
master: open and bind unix socket
master: start handler thread
master: listen on socket
worker: completed task switch in 0.0005941390991210938 seconds.
worker: completed task switch in 0.00030684471130371094 seconds.
worker: completed task switch in 0.0002636909484863281 seconds.
worker: completed task switch in 8.153915405273438e-05 seconds.
worker: completed task switch in 0.00019073486328125 seconds.
worker: completed task switch in 0.0001239776611328125 seconds.
worker: completed task switch in 0.0001704692840576172 seconds.
worker: completed task switch in 0.00015401840209960938 seconds.
worker: completed task switch in 0.0004189014434814453 seconds.
worker: completed task switch in 0.0001475811004638672 seconds.
worker: completed task switch in 0.00014638900756835938 seconds.
worker: completed task switch in 0.00034117698669433594 seconds.
worker: completed task switch in 6.29425048828125e-05 seconds.
worker: completed task switch in 7.033348083496094e-05 seconds.
worker: completed task switch in 7.724761962890625e-05 seconds.
worker: completed task switch in 6.914138793945312e-05 seconds.
worker: completed task switch in 6.0558319091796875e-05 seconds.
worker: completed task switch in 9.059906005859375e-05 seconds.
worker: completed task switch in 0.00015878677368164062 seconds.
worker: completed task switch in 0.00015306472778320312 seconds.
worker: completed task switch in 0.00037789344787597656 seconds.
worker: completed task switch in 0.00012826919555664062 seconds.
worker: completed task switch in 0.00012302398681640625 seconds.
worker: completed task switch in 0.0003504753112792969 seconds.
worker: completed task switch in 0.00012922286987304688 seconds.
worker: completed task switch in 0.0001232624053955078 seconds.
worker: completed task switch in 0.0002868175506591797 seconds.
worker: completed task switch in 0.00012731552124023438 seconds.
worker: completed task switch in 0.0001270771026611328 seconds.
worker: completed task switch in 0.00029850006103515625 seconds.
worker: completed task switch in 0.00015497207641601562 seconds.
worker: completed task switch in 0.00014209747314453125 seconds.
worker: completed task switch in 0.00045180320739746094 seconds.
worker: completed task switch in 0.0001423358917236328 seconds.
worker: completed task switch in 0.00012063980102539062 seconds.
worker: completed task switch in 0.0002989768981933594 seconds.
worker: completed task switch in 6.389617919921875e-05 seconds.
worker: completed task switch in 6.389617919921875e-05 seconds.
worker: completed task switch in 7.605552673339844e-05 seconds.
worker: completed task switch in 7.295608520507812e-05 seconds.
worker: completed task switch in 5.841255187988281e-05 seconds.
worker: completed task switch in 7.653236389160156e-05 seconds.
worker: completed task switch in 0.0001614093780517578 seconds.
worker: completed task switch in 0.0002262592315673828 seconds.
worker: completed task switch in 0.0003867149353027344 seconds.
worker: completed task switch in 6.103515625e-05 seconds.
worker: completed task switch in 0.0001647472381591797 seconds.
worker: completed task switch in 8.463859558105469e-05 seconds.
worker: completed task links in 0.03190350532531738 seconds.
worker: completed task switch_command in 0.0011394023895263672 seconds.
worker: lpm ordering: mid.bbra_rtr.1, 869 rules, longest-first
worker: completed task switch_command in 0.045885562896728516 seconds.
worker: completed task switch_command in 0.0013453960418701172 seconds.
worker: completed task switch_command in 0.0003871917724609375 seconds.
worker: lpm ordering: mid.bbrb_rtr.1, 843 rules, longest-first
worker: completed task switch_command in 0.03434944152832031 seconds.
worker: completed task switch_command in 0.0008327960968017578 seconds.
worker: completed task switch_command in 0.001781463623046875 seconds.
worker: lpm ordering: mid.boza_rtr.1, 202 rules, longest-first
worker: completed task switch_command in 0.00887608528137207 seconds.
worker: completed task switch_command in 0.0008380413055419922 seconds.
worker: completed task switch_command in 0.0018777847290039062 seconds.
worker: lpm ordering: mid.bozb_rtr.1, 174 rules, longest-first
worker: completed task switch_command in 0.008651971817016602 seconds.
worker: completed task switch_command in 0.0008571147918701172 seconds.
worker: completed task switch_command in 0.006304264068603516 seconds.
worker: lpm ordering: mid.coza_rtr.1, 188 rules, longest-first
worker: completed task switch_command in 0.008034467697143555 seconds.
worker: completed task switch_command in 0.0003657341003417969 seconds.
worker: completed task switch_command in 0.006000041961669922 seconds.
worker: lpm ordering: mid.cozb_rtr.1, 125 rules, longest-first
worker: completed task switch_command in 0.005506992340087891 seconds.
worker: completed task switch_command in 0.0003521442413330078 seconds.
worker: completed task switch_command in 0.0025975704193115234 seconds.
worker: lpm ordering: mid.goza_rtr.1, 166 rules, longest-first
worker: completed task switch_command in 0.009374618530273438 seconds.
worker: completed task switch_command in 0.0012242794036865234 seconds.
worker: completed task switch_command in 0.0026848316192626953 seconds.
worker: lpm ordering: mid.gozb_rtr.1, 145 rules, longest-first
worker: completed task switch_command in 0.00821995735168457 seconds.
worker: completed task switch_command in 0.001285552978515625 seconds.
worker: completed task switch_command in 0.0019040107727050781 seconds.
worker: lpm ordering: mid.poza_rtr.1, 123 rules, longest-first
worker: completed task switch_command in 0.006439685821533203 seconds.
worker: completed task switch_command in 0.0007855892181396484 seconds.
worker: completed task switch_command in 0.009516239166259766 seconds.
worker: lpm ordering: mid.pozb_rtr.1, 108 rules, longest-first
worker: completed task switch_command in 0.0054552555084228516 seconds.
worker: completed task switch_command in 0.0008423328399658203 seconds.
worker: completed task switch_command in 0.001253366470336914 seconds.
worker: lpm ordering: mid.roza_rtr.1, 103 rules, longest-first
worker: completed task switch_command in 0.004434347152709961 seconds.
worker: completed task switch_command in 0.0009124279022216797 seconds.
worker: completed task switch_command in 0.0012001991271972656 seconds.
worker: lpm ordering: mid.rozb_rtr.1, 90 rules, longest-first
worker: completed task switch_command in 0.004081010818481445 seconds.
worker: completed task switch_command in 0.0008165836334228516 seconds.
worker: completed task switch_command in 0.01217961311340332 seconds.
worker: lpm ordering: mid.soza_rtr.1, 204 rules, longest-first
worker: completed task switch_command in 0.008908510208129883 seconds.
worker: completed task switch_command in 0.00038695335388183594 seconds.
worker: completed task switch_command in 0.00631403923034668 seconds.
worker: lpm ordering: mid.sozb_rtr.1, 142 rules, longest-first
worker: completed task switch_command in 0.00639033317565918 seconds.
worker: completed task switch_command in 0.00038433074951171875 seconds.
worker: completed task switch_command in 0.0022821426391601562 seconds.
worker: lpm ordering: mid.yoza_rtr.1, 247 rules, longest-first
worker: completed task switch_command in 0.013272762298583984 seconds.
worker: completed task switch_command in 0.08324503898620605 seconds.
worker: completed task switch_command in 0.0015704631805419922 seconds.
worker: lpm ordering: mid.yozb_rtr.1, 115 rules, longest-first
worker: completed task switch_command in 0.0039479732513427734 seconds.
worker: completed task switch_command in 0.01234292984008789 seconds.
worker: completed task probe in 0.0002384185791015625 seconds.
worker: completed task probe in 0.00013303756713867188 seconds.
worker: completed task probe in 7.62939453125e-05 seconds.
worker: completed task probe in 6.413459777832031e-05 seconds.
worker: completed task probe in 6.246566772460938e-05 seconds.
worker: completed task probe in 6.818771362304688e-05 seconds.
worker: completed task probe in 5.7220458984375e-05 seconds.
worker: completed task probe in 6.532669067382812e-05 seconds.
worker: completed task probe in 5.841255187988281e-05 seconds.
worker: completed task probe in 5.4836273193359375e-05 seconds.
worker: completed task probe in 5.650520324707031e-05 seconds.
worker: completed task probe in 5.53131103515625e-05 seconds.
worker: completed task probe in 5.602836608886719e-05 seconds.
worker: completed task probe in 5.4836273193359375e-05 seconds.
worker: completed task probe in 6.365776062011719e-05 seconds.
worker: completed task probe in 5.53131103515625e-05 seconds.
worker: completed task links in 0.026597261428833008 seconds.
worker: completed task generators in 0.0009288787841796875 seconds.
worker: completed task links in 2.3296830654144287 seconds.
worker: completed task check_compliance in 0.0967719554901123 seconds.
worker: completed task check_anomalies in 0.00040078163146972656 seconds.
worker: completed task report in 0.0008749961853027344 seconds.
worker: initiate stopping
worker: completed task stop in 0.5126810073852539 seconds.
worker: stop handler after 5.1077611446380615 seconds.
master: close receiving socket
master: join queue
master: join handler thread
master: finished run
master: stop reporter
