backend: veriflow {'impl': 'reimpl-literature', 'vf_fields': 'plain', 'vf_revisit': 'state', 'vf_slicing': 'device', 'vf_budget': 0, 'vf_invert_lpm': False}
master: open and bind unix socket
master: start handler thread
master: listen on socket
worker: completed task switch in 0.0001373291015625 seconds.
worker: completed task switch in 3.3855438232421875e-05 seconds.
worker: completed task switch in 1.8835067749023438e-05 seconds.
worker: completed task switch in 1.52587890625e-05 seconds.
worker: completed task switch in 2.1219253540039062e-05 seconds.
worker: completed task switch in 1.6450881958007812e-05 seconds.
worker: completed task switch in 1.2636184692382812e-05 seconds.
worker: completed task switch in 1.6927719116210938e-05 seconds.
worker: completed task switch in 1.33514404296875e-05 seconds.
worker: completed task switch in 1.6689300537109375e-05 seconds.
worker: completed task switch in 1.3113021850585938e-05 seconds.
worker: completed task switch in 1.3113021850585938e-05 seconds.
worker: completed task switch in 1.430511474609375e-05 seconds.
worker: completed task switch in 1.1920928955078125e-05 seconds.
worker: completed task switch in 1.7881393432617188e-05 seconds.
worker: completed task switch in 1.2636184692382812e-05 seconds.
worker: completed task links in 9.989738464355469e-05 seconds.
worker: completed task switch_command in 0.028123855590820312 seconds.
worker: completed task switch_command in 0.04238605499267578 seconds.
worker: completed task switch_command in 0.01172637939453125 seconds.
worker: completed task switch_command in 0.019806861877441406 seconds.
worker: completed task switch_command in 0.010987520217895508 seconds.
worker: completed task switch_command in 0.010824203491210938 seconds.
worker: completed task switch_command in 0.010942935943603516 seconds.
worker: completed task switch_command in 0.04001212120056152 seconds.
worker: completed task switch_command in 0.030649423599243164 seconds.
worker: completed task switch_command in 0.028657913208007812 seconds.
worker: completed task switch_command in 0.04516482353210449 seconds.
worker: completed task switch_command in 0.01269984245300293 seconds.
worker: completed task switch_command in 0.011310100555419922 seconds.
worker: completed task switch_command in 0.02370762825012207 seconds.
worker: completed task switch_command in 0.042435646057128906 seconds.
worker: completed task switch_command in 0.013158321380615234 seconds.
worker: completed task probe in 0.00025963783264160156 seconds.
worker: completed task probe in 1.6927719116210938e-05 seconds.
worker: completed task probe in 1.3828277587890625e-05 seconds.
worker: completed task probe in 1.4066696166992188e-05 seconds.
worker: completed task probe in 1.2159347534179688e-05 seconds.
worker: completed task probe in 1.1205673217773438e-05 seconds.
worker: completed task probe in 1.1205673217773438e-05 seconds.
worker: completed task probe in 1.049041748046875e-05 seconds.
worker: completed task probe in 1.1444091796875e-05 seconds.
worker: completed task probe in 1.1444091796875e-05 seconds.
worker: completed task probe in 1.0967254638671875e-05 seconds.
worker: completed task probe in 1.1205673217773438e-05 seconds.
worker: completed task probe in 1.0967254638671875e-05 seconds.
worker: completed task probe in 1.0251998901367188e-05 seconds.
worker: completed task probe in 1.049041748046875e-05 seconds.
worker: completed task probe in 1.0251998901367188e-05 seconds.
worker: completed task links in 4.4345855712890625e-05 seconds.
worker: completed task generators in 0.00017762184143066406 seconds.
worker: completed task links in 3.528594970703125e-05 seconds.
veriflow: built 42016 rules, stamps {'impl': 'reimpl-literature', 'vf_mode': 'bulk', 'vf_node': 'table', 'vf_ports': 'field', 'vf_fields': 'plain', 'vf_slicing': 'device', 'vf_invert_lpm': False, 'vf_lpm_tables_ordered': 32, 'vf_lpm_rules_ordered': 39500, 'vf_field_order': ['packet.ipv4.destination'], 'vf_inport_expansion': 1.063, 'vf_budget': 0, 'vf_revisit': 'state'}
worker: completed task check_compliance in 1.105553150177002 seconds.
worker: completed task report in 0.0008301734924316406 seconds.
worker: initiate stopping
worker: completed task stop in 8.344650268554688e-05 seconds.
worker: stop handler after 3.4521989822387695 seconds.
master: close receiving socket
master: join queue
master: join handler thread
master: finished run
master: stop reporter
