backend: veriflow {'impl': 'reimpl-literature', 'vf_fields': 'plain', 'vf_revisit': 'state', 'vf_slicing': 'device', 'vf_budget': 0, 'vf_invert_lpm': False}
master: open and bind unix socket
master: start handler thread
master: listen on socket
worker: completed task switch in 0.00010538101196289062 seconds.
worker: completed task switch in 3.3855438232421875e-05 seconds.
worker: completed task switch in 1.9073486328125e-05 seconds.
worker: completed task switch in 1.5020370483398438e-05 seconds.
worker: completed task switch in 1.7881393432617188e-05 seconds.
worker: completed task switch in 1.3113021850585938e-05 seconds.
worker: completed task switch in 1.1444091796875e-05 seconds.
worker: completed task switch in 1.3113021850585938e-05 seconds.
worker: completed task switch in 1.3589859008789062e-05 seconds.
worker: completed task switch in 1.6927719116210938e-05 seconds.
worker: completed task switch in 1.2159347534179688e-05 seconds.
worker: completed task switch in 1.5020370483398438e-05 seconds.
worker: completed task switch in 2.4557113647460938e-05 seconds.
worker: completed task switch in 1.430511474609375e-05 seconds.
worker: completed task switch in 1.430511474609375e-05 seconds.
worker: completed task switch in 1.3828277587890625e-05 seconds.
worker: completed task links in 9.822845458984375e-05 seconds.
worker: completed task switch_command in 0.026996612548828125 seconds.
worker: completed task switch_command in 0.04385256767272949 seconds.
worker: completed task switch_command in 0.012391328811645508 seconds.
worker: completed task switch_command in 0.021541833877563477 seconds.
worker: completed task switch_command in 0.011257410049438477 seconds.
worker: completed task switch_command in 0.01087641716003418 seconds.
worker: completed task switch_command in 0.01091146469116211 seconds.
worker: completed task switch_command in 0.03389692306518555 seconds.
worker: completed task switch_command in 0.030185222625732422 seconds.
worker: completed task switch_command in 0.02325582504272461 seconds.
worker: completed task switch_command in 0.010649919509887695 seconds.
worker: completed task switch_command in 0.0382533073425293 seconds.
worker: completed task switch_command in 0.011756420135498047 seconds.
worker: completed task switch_command in 0.02416086196899414 seconds.
worker: completed task switch_command in 0.047864675521850586 seconds.
worker: completed task switch_command in 0.013181686401367188 seconds.
worker: completed task probe in 0.0002574920654296875 seconds.
worker: completed task probe in 1.6927719116210938e-05 seconds.
worker: completed task probe in 1.5020370483398438e-05 seconds.
worker: completed task probe in 1.5020370483398438e-05 seconds.
worker: completed task probe in 1.3113021850585938e-05 seconds.
worker: completed task probe in 1.049041748046875e-05 seconds.
worker: completed task probe in 1.0967254638671875e-05 seconds.
worker: completed task probe in 1.1205673217773438e-05 seconds.
worker: completed task probe in 1.1205673217773438e-05 seconds.
worker: completed task probe in 1.6927719116210938e-05 seconds.
worker: completed task probe in 1.0728836059570312e-05 seconds.
worker: completed task probe in 1.049041748046875e-05 seconds.
worker: completed task probe in 1.049041748046875e-05 seconds.
worker: completed task probe in 1.8358230590820312e-05 seconds.
worker: completed task probe in 1.049041748046875e-05 seconds.
worker: completed task probe in 1.1205673217773438e-05 seconds.
worker: completed task links in 4.696846008300781e-05 seconds.
worker: completed task generators in 0.0001919269561767578 seconds.
worker: completed task links in 3.910064697265625e-05 seconds.
veriflow: built 42016 rules, stamps {'impl': 'reimpl-literature', 'vf_mode': 'bulk', 'vf_node': 'table', 'vf_ports': 'field', 'vf_fields': 'plain', 'vf_slicing': 'device', 'vf_invert_lpm': False, 'vf_lpm_tables_ordered': 32, 'vf_lpm_rules_ordered': 39500, 'vf_field_order': ['packet.ipv4.destination'], 'vf_inport_expansion': 1.063, 'vf_budget': 0, 'vf_revisit': 'state'}
worker: completed task check_compliance in 1.1717417240142822 seconds.
worker: completed task report in 0.0008840560913085938 seconds.
worker: initiate stopping
worker: completed task stop in 9.512901306152344e-05 seconds.
worker: stop handler after 3.4880714416503906 seconds.
master: close receiving socket
master: join queue
master: join handler thread
master: finished run
master: stop reporter
