backend: veriflow {'impl': 'reimpl-literature', 'vf_fields': '4+10', 'vf_revisit': 'state', 'vf_slicing': 'device', 'vf_budget': 0, 'vf_invert_lpm': False}
master: open and bind unix socket
master: start handler thread
master: listen on socket
worker: completed task switch in 9.679794311523438e-05 seconds.
worker: completed task switch in 2.6464462280273438e-05 seconds.
worker: completed task switch in 2.1219253540039062e-05 seconds.
worker: completed task switch in 1.1205673217773438e-05 seconds.
worker: completed task switch in 1.6450881958007812e-05 seconds.
worker: completed task switch in 8.58306884765625e-06 seconds.
worker: completed task switch in 1.8596649169921875e-05 seconds.
worker: completed task switch in 8.58306884765625e-06 seconds.
worker: completed task switch in 1.3589859008789062e-05 seconds.
worker: completed task switch in 7.3909759521484375e-06 seconds.
worker: completed task switch in 1.7642974853515625e-05 seconds.
worker: completed task switch in 7.3909759521484375e-06 seconds.
worker: completed task switch in 1.33514404296875e-05 seconds.
worker: completed task switch in 9.775161743164062e-06 seconds.
worker: completed task switch in 1.5497207641601562e-05 seconds.
worker: completed task switch in 7.152557373046875e-06 seconds.
worker: completed task switch in 1.2874603271484375e-05 seconds.
worker: completed task switch in 1.0251998901367188e-05 seconds.
worker: completed task switch in 8.344650268554688e-06 seconds.
worker: completed task switch in 1.2874603271484375e-05 seconds.
worker: completed task switch in 6.67572021484375e-06 seconds.
worker: completed task switch in 2.0265579223632812e-05 seconds.
worker: completed task switch in 1.0251998901367188e-05 seconds.
worker: completed task switch in 1.239776611328125e-05 seconds.
worker: completed task switch in 6.9141387939453125e-06 seconds.
worker: completed task switch in 1.430511474609375e-05 seconds.
worker: completed task switch in 7.3909759521484375e-06 seconds.
worker: completed task switch in 1.1920928955078125e-05 seconds.
worker: completed task switch in 1.3828277587890625e-05 seconds.
worker: completed task switch in 1.3828277587890625e-05 seconds.
worker: completed task switch in 8.106231689453125e-06 seconds.
worker: completed task switch in 1.2159347534179688e-05 seconds.
worker: completed task switch in 8.58306884765625e-06 seconds.
worker: completed task switch in 1.2159347534179688e-05 seconds.
worker: completed task switch in 1.0967254638671875e-05 seconds.
worker: completed task switch in 6.198883056640625e-06 seconds.
worker: completed task switch in 1.4066696166992188e-05 seconds.
worker: completed task switch in 8.344650268554688e-06 seconds.
worker: completed task switch in 1.3828277587890625e-05 seconds.
worker: completed task switch in 5.5789947509765625e-05 seconds.
worker: completed task switch in 2.8133392333984375e-05 seconds.
worker: completed task switch in 9.775161743164062e-06 seconds.
worker: completed task switch in 1.239776611328125e-05 seconds.
worker: completed task switch in 6.9141387939453125e-06 seconds.
worker: completed task switch in 1.33514404296875e-05 seconds.
worker: completed task switch in 6.198883056640625e-06 seconds.
worker: completed task switch in 1.3589859008789062e-05 seconds.
worker: completed task switch in 8.106231689453125e-06 seconds.
worker: completed task switch in 1.2159347534179688e-05 seconds.
worker: completed task switch in 6.9141387939453125e-06 seconds.
worker: completed task switch in 1.3113021850585938e-05 seconds.
worker: completed task switch in 8.58306884765625e-06 seconds.
worker: completed task switch in 1.3828277587890625e-05 seconds.
worker: completed task switch in 1.2636184692382812e-05 seconds.
worker: completed task switch in 8.58306884765625e-06 seconds.
worker: completed task switch in 1.2159347534179688e-05 seconds.
worker: completed task switch in 8.821487426757812e-06 seconds.
worker: completed task switch in 1.33514404296875e-05 seconds.
worker: completed task switch in 6.67572021484375e-06 seconds.
worker: completed task switch in 1.4781951904296875e-05 seconds.
worker: completed task switch in 1.1444091796875e-05 seconds.
worker: completed task switch in 1.6450881958007812e-05 seconds.
worker: completed task switch in 9.5367431640625e-06 seconds.
worker: completed task switch in 1.1920928955078125e-05 seconds.
worker: completed task switch in 6.198883056640625e-06 seconds.
worker: completed task switch in 1.4066696166992188e-05 seconds.
worker: completed task switch in 8.344650268554688e-06 seconds.
worker: completed task switch in 1.2159347534179688e-05 seconds.
worker: completed task switch in 1.0013580322265625e-05 seconds.
worker: completed task switch in 6.4373016357421875e-06 seconds.
worker: completed task switch in 1.2636184692382812e-05 seconds.
worker: completed task switch in 1.5735626220703125e-05 seconds.
worker: completed task switch in 1.3828277587890625e-05 seconds.
worker: completed task switch in 5.7220458984375e-06 seconds.
worker: completed task switch in 1.2159347534179688e-05 seconds.
worker: completed task switch in 6.67572021484375e-06 seconds.
worker: completed task switch in 1.1920928955078125e-05 seconds.
worker: completed task switch in 7.152557373046875e-06 seconds.
worker: completed task switch in 1.5735626220703125e-05 seconds.
worker: completed task switch in 8.106231689453125e-06 seconds.
worker: completed task switch in 2.002716064453125e-05 seconds.
worker: completed task switch in 7.867813110351562e-06 seconds.
worker: completed task switch in 4.9114227294921875e-05 seconds.
worker: completed task switch in 0.0009493827819824219 seconds.
worker: completed task switch in 2.0742416381835938e-05 seconds.
worker: completed task switch in 1.049041748046875e-05 seconds.
worker: completed task links in 0.00022554397583007812 seconds.
worker: completed task switch_command in 0.0002703666687011719 seconds.
worker: completed task switch_command in 5.936622619628906e-05 seconds.
worker: completed task switch_command in 0.00024175643920898438 seconds.
worker: completed task switch_command in 5.7697296142578125e-05 seconds.
worker: completed task switch_command in 0.0002429485321044922 seconds.
worker: completed task switch_command in 0.0003361701965332031 seconds.
worker: completed task switch_command in 0.0002732276916503906 seconds.
worker: completed task switch_command in 0.0003209114074707031 seconds.
worker: completed task switch_command in 0.00022029876708984375 seconds.
worker: completed task switch_command in 0.00015592575073242188 seconds.
worker: completed task switch_command in 0.00021076202392578125 seconds.
worker: completed task switch_command in 0.00012111663818359375 seconds.
worker: completed task switch_command in 0.0002570152282714844 seconds.
worker: completed task switch_command in 0.00031304359436035156 seconds.
worker: completed task switch_command in 0.0002143383026123047 seconds.
worker: completed task switch_command in 0.0003371238708496094 seconds.
worker: completed task switch_command in 0.00021457672119140625 seconds.
worker: completed task switch_command in 0.00011587142944335938 seconds.
worker: completed task switch_command in 3.075599670410156e-05 seconds.
worker: completed task switch_command in 0.0002155303955078125 seconds.
worker: completed task switch_command in 3.266334533691406e-05 seconds.
worker: completed task switch_command in 0.0002598762512207031 seconds.
worker: completed task switch_command in 4.076957702636719e-05 seconds.
worker: completed task switch_command in 0.00022530555725097656 seconds.
worker: completed task switch_command in 3.5762786865234375e-05 seconds.
worker: completed task switch_command in 0.00021076202392578125 seconds.
worker: completed task switch_command in 4.792213439941406e-05 seconds.
worker: completed task switch_command in 0.0002377033233642578 seconds.
worker: completed task switch_command in 3.504753112792969e-05 seconds.
worker: completed task switch_command in 0.00021386146545410156 seconds.
worker: completed task switch_command in 4.0531158447265625e-05 seconds.
worker: completed task switch_command in 0.00020623207092285156 seconds.
worker: completed task switch_command in 3.790855407714844e-05 seconds.
worker: completed task switch_command in 0.00024771690368652344 seconds.
worker: completed task switch_command in 0.00013065338134765625 seconds.
worker: completed task switch_command in 3.0279159545898438e-05 seconds.
worker: completed task switch_command in 0.00022411346435546875 seconds.
worker: completed task switch_command in 3.2901763916015625e-05 seconds.
worker: completed task switch_command in 0.00023746490478515625 seconds.
worker: completed task switch_command in 0.0002033710479736328 seconds.
worker: completed task switch_command in 0.00021004676818847656 seconds.
worker: completed task switch_command in 0.00020456314086914062 seconds.
worker: completed task switch_command in 0.000213623046875 seconds.
worker: completed task switch_command in 3.504753112792969e-05 seconds.
worker: completed task switch_command in 0.00020551681518554688 seconds.
worker: completed task switch_command in 4.3392181396484375e-05 seconds.
worker: completed task switch_command in 0.0005586147308349609 seconds.
worker: completed task switch_command in 0.0002071857452392578 seconds.
worker: completed task switch_command in 0.00021386146545410156 seconds.
worker: completed task switch_command in 0.0002143383026123047 seconds.
worker: completed task switch_command in 0.00021600723266601562 seconds.
worker: completed task switch_command in 0.00011539459228515625 seconds.
worker: completed task switch_command in 0.0001423358917236328 seconds.
worker: completed task switch_command in 0.0002651214599609375 seconds.
worker: completed task switch_command in 0.0001513957977294922 seconds.
worker: completed task switch_command in 0.00022530555725097656 seconds.
worker: completed task switch_command in 0.00014853477478027344 seconds.
worker: completed task switch_command in 0.0002472400665283203 seconds.
worker: completed task switch_command in 0.00016498565673828125 seconds.
worker: completed task switch_command in 0.00021386146545410156 seconds.
worker: completed task switch_command in 0.00023221969604492188 seconds.
worker: completed task switch_command in 0.0002117156982421875 seconds.
worker: completed task switch_command in 0.00019311904907226562 seconds.
worker: completed task switch_command in 0.000217437744140625 seconds.
worker: completed task switch_command in 0.00022292137145996094 seconds.
worker: completed task switch_command in 0.0002143383026123047 seconds.
worker: completed task switch_command in 0.00019168853759765625 seconds.
worker: completed task switch_command in 0.00024819374084472656 seconds.
worker: completed task switch_command in 0.0001938343048095703 seconds.
worker: completed task switch_command in 0.00012087821960449219 seconds.
worker: completed task switch_command in 0.00021219253540039062 seconds.
worker: completed task switch_command in 0.0002574920654296875 seconds.
worker: completed task switch_command in 0.0002162456512451172 seconds.
worker: completed task switch_command in 0.0003674030303955078 seconds.
worker: completed task switch_command in 0.0002257823944091797 seconds.
worker: completed task switch_command in 0.00012063980102539062 seconds.
worker: completed task switch_command in 0.0002079010009765625 seconds.
worker: completed task switch_command in 0.00028824806213378906 seconds.
worker: completed task switch_command in 0.00020885467529296875 seconds.
worker: completed task switch_command in 0.00018310546875 seconds.
worker: completed task switch_command in 0.00023603439331054688 seconds.
worker: completed task switch_command in 0.00015664100646972656 seconds.
worker: completed task switch_command in 0.00021004676818847656 seconds.
worker: completed task switch_command in 0.0001709461212158203 seconds.
worker: completed task switch_command in 0.0002410411834716797 seconds.
worker: completed task switch_command in 0.000225067138671875 seconds.
worker: completed task probe in 3.337860107421875e-05 seconds.
worker: completed task probe in 1.4543533325195312e-05 seconds.
worker: completed task probe in 1.0013580322265625e-05 seconds.
worker: completed task probe in 8.821487426757812e-06 seconds.
worker: completed task probe in 8.344650268554688e-06 seconds.
worker: completed task probe in 7.867813110351562e-06 seconds.
worker: completed task probe in 8.106231689453125e-06 seconds.
worker: completed task probe in 7.152557373046875e-06 seconds.
worker: completed task links in 3.0517578125e-05 seconds.
worker: completed task generators in 9.584426879882812e-05 seconds.
worker: completed task links in 2.3603439331054688e-05 seconds.
veriflow: built 1749 rules, stamps {'impl': 'reimpl-literature', 'vf_mode': 'bulk', 'vf_node': 'table', 'vf_ports': 'field', 'vf_fields': "4+10:trie=['packet.ipv4.source', 'packet.ipv4.destination'],scan=['related', 'packet.ipv6.proto', 'packet.upper.dport', 'packet.upper.sport']", 'vf_slicing': 'device', 'vf_invert_lpm': False, 'vf_lpm_tables_ordered': 0, 'vf_lpm_rules_ordered': 0, 'vf_field_order': ['related', 'packet.ipv4.source', 'packet.ipv4.destination', 'packet.ipv6.proto', 'packet.upper.dport', 'packet.upper.sport'], 'vf_inport_expansion': 1.0, 'vf_budget': 0, 'vf_revisit': 'state'}
worker: completed task check_compliance in 0.27236127853393555 seconds.
worker: completed task report in 0.0007975101470947266 seconds.
worker: initiate stopping
worker: completed task stop in 0.00010585784912109375 seconds.
worker: stop handler after 2.0561070442199707 seconds.
master: close receiving socket
master: join queue
master: join handler thread
master: finished run
master: stop reporter
