backend: veriflow {'impl': 'reimpl-literature', 'vf_fields': 'plain', 'vf_revisit': 'state', 'vf_slicing': 'device', 'vf_budget': 0, 'vf_invert_lpm': False}
master: open and bind unix socket
master: start handler thread
master: listen on socket
worker: completed task switch in 0.00011324882507324219 seconds.
worker: completed task switch in 4.291534423828125e-05 seconds.
worker: completed task switch in 2.8848648071289062e-05 seconds.
worker: completed task switch in 1.6450881958007812e-05 seconds.
worker: completed task switch in 2.7418136596679688e-05 seconds.
worker: completed task switch in 1.3113021850585938e-05 seconds.
worker: completed task switch in 2.5033950805664062e-05 seconds.
worker: completed task switch in 1.3828277587890625e-05 seconds.
worker: completed task switch in 2.1457672119140625e-05 seconds.
worker: completed task switch in 1.0728836059570312e-05 seconds.
worker: completed task switch in 2.765655517578125e-05 seconds.
worker: completed task switch in 1.239776611328125e-05 seconds.
worker: completed task switch in 1.9550323486328125e-05 seconds.
worker: completed task switch in 1.2636184692382812e-05 seconds.
worker: completed task switch in 3.910064697265625e-05 seconds.
worker: completed task switch in 1.1444091796875e-05 seconds.
worker: completed task switch in 1.8835067749023438e-05 seconds.
worker: completed task switch in 1.7642974853515625e-05 seconds.
worker: completed task switch in 1.2159347534179688e-05 seconds.
worker: completed task switch in 1.9550323486328125e-05 seconds.
worker: completed task switch in 1.0967254638671875e-05 seconds.
worker: completed task switch in 3.075599670410156e-05 seconds.
worker: completed task switch in 1.6927719116210938e-05 seconds.
worker: completed task switch in 2.193450927734375e-05 seconds.
worker: completed task switch in 1.5974044799804688e-05 seconds.
worker: completed task switch in 2.8848648071289062e-05 seconds.
worker: completed task switch in 1.9311904907226562e-05 seconds.
worker: completed task switch in 1.8358230590820312e-05 seconds.
worker: completed task switch in 8.106231689453125e-06 seconds.
worker: completed task switch in 2.574920654296875e-05 seconds.
worker: completed task switch in 1.3113021850585938e-05 seconds.
worker: completed task switch in 1.5020370483398438e-05 seconds.
worker: completed task switch in 1.2636184692382812e-05 seconds.
worker: completed task switch in 1.9788742065429688e-05 seconds.
worker: completed task switch in 1.2159347534179688e-05 seconds.
worker: completed task switch in 8.106231689453125e-06 seconds.
worker: completed task switch in 1.5735626220703125e-05 seconds.
worker: completed task switch in 1.5020370483398438e-05 seconds.
worker: completed task switch in 2.0503997802734375e-05 seconds.
worker: completed task switch in 7.2479248046875e-05 seconds.
worker: completed task switch in 3.8623809814453125e-05 seconds.
worker: completed task switch in 1.4781951904296875e-05 seconds.
worker: completed task switch in 1.4066696166992188e-05 seconds.
worker: completed task switch in 2.0265579223632812e-05 seconds.
worker: completed task switch in 2.0742416381835938e-05 seconds.
worker: completed task switch in 8.344650268554688e-06 seconds.
worker: completed task switch in 2.288818359375e-05 seconds.
worker: completed task switch in 1.5735626220703125e-05 seconds.
worker: completed task switch in 2.0265579223632812e-05 seconds.
worker: completed task switch in 1.1682510375976562e-05 seconds.
worker: completed task switch in 2.1457672119140625e-05 seconds.
worker: completed task switch in 1.1920928955078125e-05 seconds.
worker: completed task switch in 7.867813110351562e-06 seconds.
worker: completed task switch in 1.4543533325195312e-05 seconds.
worker: completed task switch in 9.5367431640625e-06 seconds.
worker: completed task switch in 2.1457672119140625e-05 seconds.
worker: completed task switch in 1.3113021850585938e-05 seconds.
worker: completed task switch in 2.002716064453125e-05 seconds.
worker: completed task switch in 8.821487426757812e-06 seconds.
worker: completed task switch in 2.47955322265625e-05 seconds.
worker: completed task switch in 1.2636184692382812e-05 seconds.
worker: completed task switch in 2.3365020751953125e-05 seconds.
worker: completed task switch in 1.239776611328125e-05 seconds.
worker: completed task switch in 2.2172927856445312e-05 seconds.
worker: completed task switch in 1.0967254638671875e-05 seconds.
worker: completed task switch in 2.384185791015625e-05 seconds.
worker: completed task switch in 2.2649765014648438e-05 seconds.
worker: completed task switch in 2.6941299438476562e-05 seconds.
worker: completed task switch in 2.3365020751953125e-05 seconds.
worker: completed task switch in 1.430511474609375e-05 seconds.
worker: completed task switch in 2.3603439331054688e-05 seconds.
worker: completed task switch in 1.9550323486328125e-05 seconds.
worker: completed task switch in 2.384185791015625e-05 seconds.
worker: completed task switch in 8.821487426757812e-06 seconds.
worker: completed task switch in 1.430511474609375e-05 seconds.
worker: completed task switch in 9.775161743164062e-06 seconds.
worker: completed task switch in 1.430511474609375e-05 seconds.
worker: completed task switch in 6.9141387939453125e-06 seconds.
worker: completed task switch in 2.9325485229492188e-05 seconds.
worker: completed task switch in 1.6689300537109375e-05 seconds.
worker: completed task switch in 1.52587890625e-05 seconds.
worker: completed task switch in 9.059906005859375e-06 seconds.
worker: completed task switch in 4.887580871582031e-05 seconds.
worker: completed task switch in 0.000946044921875 seconds.
worker: completed task switch in 2.765655517578125e-05 seconds.
worker: completed task switch in 1.3113021850585938e-05 seconds.
worker: completed task links in 0.00031566619873046875 seconds.
worker: completed task switch_command in 0.0003044605255126953 seconds.
worker: completed task switch_command in 8.988380432128906e-05 seconds.
worker: completed task switch_command in 0.0003490447998046875 seconds.
worker: completed task switch_command in 7.724761962890625e-05 seconds.
worker: completed task switch_command in 0.0002872943878173828 seconds.
worker: completed task switch_command in 0.0004856586456298828 seconds.
worker: completed task switch_command in 0.00039005279541015625 seconds.
worker: completed task switch_command in 0.0004298686981201172 seconds.
worker: completed task switch_command in 0.00028443336486816406 seconds.
worker: completed task switch_command in 0.00022912025451660156 seconds.
worker: completed task switch_command in 0.00030231475830078125 seconds.
worker: completed task switch_command in 0.000202178955078125 seconds.
worker: completed task switch_command in 0.00035119056701660156 seconds.
worker: completed task switch_command in 0.00047969818115234375 seconds.
worker: completed task switch_command in 0.00026679039001464844 seconds.
worker: completed task switch_command in 0.0005249977111816406 seconds.
worker: completed task switch_command in 0.00032591819763183594 seconds.
worker: completed task switch_command in 0.00016427040100097656 seconds.
worker: completed task switch_command in 4.482269287109375e-05 seconds.
worker: completed task switch_command in 0.0003063678741455078 seconds.
worker: completed task switch_command in 4.673004150390625e-05 seconds.
worker: completed task switch_command in 0.0003876686096191406 seconds.
worker: completed task switch_command in 7.081031799316406e-05 seconds.
worker: completed task switch_command in 0.00030541419982910156 seconds.
worker: completed task switch_command in 4.0531158447265625e-05 seconds.
worker: completed task switch_command in 0.00029659271240234375 seconds.
worker: completed task switch_command in 5.7220458984375e-05 seconds.
worker: completed task switch_command in 0.0003685951232910156 seconds.
worker: completed task switch_command in 5.14984130859375e-05 seconds.
worker: completed task switch_command in 0.0003032684326171875 seconds.
worker: completed task switch_command in 4.9591064453125e-05 seconds.
worker: completed task switch_command in 0.0003237724304199219 seconds.
worker: completed task switch_command in 5.817413330078125e-05 seconds.
worker: completed task switch_command in 0.00040912628173828125 seconds.
worker: completed task switch_command in 0.00017499923706054688 seconds.
worker: completed task switch_command in 4.553794860839844e-05 seconds.
worker: completed task switch_command in 0.0003104209899902344 seconds.
worker: completed task switch_command in 5.817413330078125e-05 seconds.
worker: completed task switch_command in 0.0003497600555419922 seconds.
worker: completed task switch_command in 0.0002770423889160156 seconds.
worker: completed task switch_command in 0.0003101825714111328 seconds.
worker: completed task switch_command in 0.0002982616424560547 seconds.
worker: completed task switch_command in 0.0003495216369628906 seconds.
worker: completed task switch_command in 4.792213439941406e-05 seconds.
worker: completed task switch_command in 0.0003027915954589844 seconds.
worker: completed task switch_command in 5.173683166503906e-05 seconds.
worker: completed task switch_command in 0.0008172988891601562 seconds.
worker: completed task switch_command in 0.0002963542938232422 seconds.
worker: completed task switch_command in 0.00031447410583496094 seconds.
worker: completed task switch_command in 0.0003199577331542969 seconds.
worker: completed task switch_command in 0.00030922889709472656 seconds.
worker: completed task switch_command in 0.00015664100646972656 seconds.
worker: completed task switch_command in 0.00020575523376464844 seconds.
worker: completed task switch_command in 0.0003948211669921875 seconds.
worker: completed task switch_command in 0.00021791458129882812 seconds.
worker: completed task switch_command in 0.000308990478515625 seconds.
worker: completed task switch_command in 0.0002155303955078125 seconds.
worker: completed task switch_command in 0.0003476142883300781 seconds.
worker: completed task switch_command in 0.00023603439331054688 seconds.
worker: completed task switch_command in 0.00031876564025878906 seconds.
worker: completed task switch_command in 0.0003173351287841797 seconds.
worker: completed task switch_command in 0.00030612945556640625 seconds.
worker: completed task switch_command in 0.00028443336486816406 seconds.
worker: completed task switch_command in 0.0003325939178466797 seconds.
worker: completed task switch_command in 0.0003211498260498047 seconds.
worker: completed task switch_command in 0.00032830238342285156 seconds.
worker: completed task switch_command in 0.00029349327087402344 seconds.
worker: completed task switch_command in 0.0003571510314941406 seconds.
worker: completed task switch_command in 0.0002758502960205078 seconds.
worker: completed task switch_command in 0.00017952919006347656 seconds.
worker: completed task switch_command in 0.00031757354736328125 seconds.
worker: completed task switch_command in 0.00038814544677734375 seconds.
worker: completed task switch_command in 0.00031757354736328125 seconds.
worker: completed task switch_command in 0.0005300045013427734 seconds.
worker: completed task switch_command in 0.0003256797790527344 seconds.
worker: completed task switch_command in 0.0001804828643798828 seconds.
worker: completed task switch_command in 0.00030159950256347656 seconds.
worker: completed task switch_command in 0.0003981590270996094 seconds.
worker: completed task switch_command in 0.0003192424774169922 seconds.
worker: completed task switch_command in 0.0002589225769042969 seconds.
worker: completed task switch_command in 0.0003464221954345703 seconds.
worker: completed task switch_command in 0.0002300739288330078 seconds.
worker: completed task switch_command in 0.0003046989440917969 seconds.
worker: completed task switch_command in 0.0002655982971191406 seconds.
worker: completed task switch_command in 0.0003504753112792969 seconds.
worker: completed task switch_command in 0.00033855438232421875 seconds.
worker: completed task probe in 5.221366882324219e-05 seconds.
worker: completed task probe in 2.0503997802734375e-05 seconds.
worker: completed task probe in 1.3589859008789062e-05 seconds.
worker: completed task probe in 1.1920928955078125e-05 seconds.
worker: completed task probe in 1.33514404296875e-05 seconds.
worker: completed task probe in 1.1205673217773438e-05 seconds.
worker: completed task probe in 1.049041748046875e-05 seconds.
worker: completed task probe in 1.0728836059570312e-05 seconds.
worker: completed task links in 4.982948303222656e-05 seconds.
worker: completed task generators in 0.00015544891357421875 seconds.
worker: completed task links in 4.1484832763671875e-05 seconds.
veriflow: built 1749 rules, stamps {'impl': 'reimpl-literature', 'vf_mode': 'bulk', 'vf_node': 'table', 'vf_ports': 'field', 'vf_fields': 'plain', 'vf_slicing': 'device', 'vf_invert_lpm': False, 'vf_lpm_tables_ordered': 0, 'vf_lpm_rules_ordered': 0, 'vf_field_order': ['related', 'packet.ipv4.source', 'packet.ipv4.destination', 'packet.ipv6.proto', 'packet.upper.dport', 'packet.upper.sport'], 'vf_inport_expansion': 1.0, 'vf_budget': 0, 'vf_revisit': 'state'}
worker: completed task check_compliance in 0.1520097255706787 seconds.
worker: completed task report in 0.0007734298706054688 seconds.
worker: initiate stopping
worker: completed task stop in 7.915496826171875e-05 seconds.
worker: stop handler after 1.9485366344451904 seconds.
master: close receiving socket
master: join queue
master: join handler thread
master: finished run
master: stop reporter
