backend: netplumber {'impl': 'authors+fave', 'upstream': 'hassel-public master 697b35c9', 'np_invert_lpm': False}
master: open and bind unix socket
master: start handler thread
master: listen on socket
worker: completed task switch in 0.00039458274841308594 seconds.
worker: completed task switch in 8.0108642578125e-05 seconds.
worker: completed task switch in 0.00010943412780761719 seconds.
worker: completed task switch in 5.4836273193359375e-05 seconds.
worker: completed task switch in 0.00010752677917480469 seconds.
worker: completed task switch in 4.4345855712890625e-05 seconds.
worker: completed task switch in 8.177757263183594e-05 seconds.
worker: completed task switch in 4.553794860839844e-05 seconds.
worker: completed task switch in 6.937980651855469e-05 seconds.
worker: completed task switch in 4.1961669921875e-05 seconds.
worker: completed task switch in 7.772445678710938e-05 seconds.
worker: completed task switch in 4.3392181396484375e-05 seconds.
worker: completed task switch in 6.723403930664062e-05 seconds.
worker: completed task switch in 4.315376281738281e-05 seconds.
worker: completed task switch in 7.128715515136719e-05 seconds.
worker: completed task switch in 4.3392181396484375e-05 seconds.
worker: completed task switch in 8.249282836914062e-05 seconds.
worker: completed task switch in 5.6743621826171875e-05 seconds.
worker: completed task switch in 4.00543212890625e-05 seconds.
worker: completed task switch in 6.628036499023438e-05 seconds.
worker: completed task switch in 8.058547973632812e-05 seconds.
worker: completed task switch in 8.702278137207031e-05 seconds.
worker: completed task switch in 3.933906555175781e-05 seconds.
worker: completed task switch in 6.4849853515625e-05 seconds.
worker: completed task switch in 5.316734313964844e-05 seconds.
worker: completed task switch in 6.556510925292969e-05 seconds.
worker: completed task switch in 4.076957702636719e-05 seconds.
worker: completed task switch in 8.344650268554688e-05 seconds.
worker: completed task switch in 5.459785461425781e-05 seconds.
worker: completed task switch in 6.937980651855469e-05 seconds.
worker: completed task switch in 4.029273986816406e-05 seconds.
worker: completed task switch in 7.414817810058594e-05 seconds.
worker: completed task switch in 3.9577484130859375e-05 seconds.
worker: completed task switch in 6.580352783203125e-05 seconds.
worker: completed task switch in 5.125999450683594e-05 seconds.
worker: completed task switch in 4.57763671875e-05 seconds.
worker: completed task switch in 7.176399230957031e-05 seconds.
worker: completed task switch in 4.029273986816406e-05 seconds.
worker: completed task switch in 6.723403930664062e-05 seconds.
worker: completed task switch in 4.4345855712890625e-05 seconds.
worker: completed task switch in 9.1552734375e-05 seconds.
worker: completed task switch in 4.291534423828125e-05 seconds.
worker: completed task switch in 7.390975952148438e-05 seconds.
worker: completed task switch in 4.553794860839844e-05 seconds.
worker: completed task switch in 0.0001404285430908203 seconds.
worker: completed task switch in 4.482269287109375e-05 seconds.
worker: completed task switch in 7.2479248046875e-05 seconds.
worker: completed task switch in 4.2438507080078125e-05 seconds.
worker: completed task switch in 6.580352783203125e-05 seconds.
worker: completed task switch in 4.1961669921875e-05 seconds.
worker: completed task switch in 7.43865966796875e-05 seconds.
worker: completed task switch in 5.173683166503906e-05 seconds.
worker: completed task switch in 4.076957702636719e-05 seconds.
worker: completed task switch in 6.628036499023438e-05 seconds.
worker: completed task switch in 4.744529724121094e-05 seconds.
worker: completed task switch in 6.961822509765625e-05 seconds.
worker: completed task switch in 4.3392181396484375e-05 seconds.
worker: completed task switch in 7.319450378417969e-05 seconds.
worker: completed task switch in 4.220008850097656e-05 seconds.
worker: completed task switch in 6.556510925292969e-05 seconds.
worker: completed task switch in 4.029273986816406e-05 seconds.
worker: completed task switch in 7.2479248046875e-05 seconds.
worker: completed task switch in 3.981590270996094e-05 seconds.
worker: completed task switch in 6.794929504394531e-05 seconds.
worker: completed task switch in 3.9577484130859375e-05 seconds.
worker: completed task switch in 7.319450378417969e-05 seconds.
worker: completed task switch in 3.886222839355469e-05 seconds.
worker: completed task switch in 6.818771362304688e-05 seconds.
worker: completed task switch in 6.389617919921875e-05 seconds.
worker: completed task switch in 4.076957702636719e-05 seconds.
worker: completed task switch in 6.556510925292969e-05 seconds.
worker: completed task switch in 3.886222839355469e-05 seconds.
worker: completed task switch in 7.128715515136719e-05 seconds.
worker: completed task switch in 4.76837158203125e-05 seconds.
worker: completed task switch in 6.4849853515625e-05 seconds.
worker: completed task switch in 3.910064697265625e-05 seconds.
worker: completed task switch in 7.104873657226562e-05 seconds.
worker: completed task switch in 3.886222839355469e-05 seconds.
worker: completed task switch in 6.532669067382812e-05 seconds.
worker: completed task switch in 5.316734313964844e-05 seconds.
worker: completed task switch in 6.604194641113281e-05 seconds.
worker: completed task switch in 4.2438507080078125e-05 seconds.
worker: completed task switch in 0.000125885009765625 seconds.
worker: completed task switch in 5.316734313964844e-05 seconds.
worker: completed task switch in 8.940696716308594e-05 seconds.
worker: completed task switch in 5.125999450683594e-05 seconds.
worker: completed task links in 0.0046939849853515625 seconds.
worker: completed task switch_command in 0.0016524791717529297 seconds.
worker: completed task switch_command in 0.0002300739288330078 seconds.
worker: completed task switch_command in 0.0007269382476806641 seconds.
worker: completed task switch_command in 0.00019121170043945312 seconds.
worker: completed task switch_command in 0.0006949901580810547 seconds.
worker: completed task switch_command in 0.0012192726135253906 seconds.
worker: completed task switch_command in 0.0007946491241455078 seconds.
worker: completed task switch_command in 0.0011966228485107422 seconds.
worker: completed task switch_command in 0.0008103847503662109 seconds.
worker: completed task switch_command in 0.0005159378051757812 seconds.
worker: completed task switch_command in 0.0006856918334960938 seconds.
worker: completed task switch_command in 0.0005400180816650391 seconds.
worker: completed task switch_command in 0.0007030963897705078 seconds.
worker: completed task switch_command in 0.0012390613555908203 seconds.
worker: completed task switch_command in 0.0007963180541992188 seconds.
worker: completed task switch_command in 0.0012001991271972656 seconds.
worker: completed task switch_command in 0.0007946491241455078 seconds.
worker: completed task switch_command in 0.0003886222839355469 seconds.
worker: completed task switch_command in 0.0001361370086669922 seconds.
worker: completed task switch_command in 0.0006952285766601562 seconds.
worker: completed task switch_command in 0.00013828277587890625 seconds.
worker: completed task switch_command in 0.0006475448608398438 seconds.
worker: completed task switch_command in 0.00013113021850585938 seconds.
worker: completed task switch_command in 0.0006823539733886719 seconds.
worker: completed task switch_command in 0.00014352798461914062 seconds.
worker: completed task switch_command in 0.0006496906280517578 seconds.
worker: completed task switch_command in 0.00014448165893554688 seconds.
worker: completed task switch_command in 0.0006699562072753906 seconds.
worker: completed task switch_command in 0.0001590251922607422 seconds.
worker: completed task switch_command in 0.00061798095703125 seconds.
worker: completed task switch_command in 0.00018024444580078125 seconds.
worker: completed task switch_command in 0.000652313232421875 seconds.
worker: completed task switch_command in 0.00012969970703125 seconds.
worker: completed task switch_command in 0.000640869140625 seconds.
worker: completed task switch_command in 0.0004367828369140625 seconds.
worker: completed task switch_command in 0.00015234947204589844 seconds.
worker: completed task switch_command in 0.0007135868072509766 seconds.
worker: completed task switch_command in 0.00018215179443359375 seconds.
worker: completed task switch_command in 0.0006961822509765625 seconds.
worker: completed task switch_command in 0.00101470947265625 seconds.
worker: completed task switch_command in 0.0007336139678955078 seconds.
worker: completed task switch_command in 0.0007107257843017578 seconds.
worker: completed task switch_command in 0.0007562637329101562 seconds.
worker: completed task switch_command in 0.00014781951904296875 seconds.
worker: completed task switch_command in 0.0006120204925537109 seconds.
worker: completed task switch_command in 0.0001342296600341797 seconds.
worker: completed task switch_command in 0.0006914138793945312 seconds.
worker: completed task switch_command in 0.0007758140563964844 seconds.
worker: completed task switch_command in 0.0007154941558837891 seconds.
worker: completed task switch_command in 0.0007736682891845703 seconds.
worker: completed task switch_command in 0.0007352828979492188 seconds.
worker: completed task switch_command in 0.0004315376281738281 seconds.
worker: completed task switch_command in 0.0005862712860107422 seconds.
worker: completed task switch_command in 0.0007634162902832031 seconds.
worker: completed task switch_command in 0.0006039142608642578 seconds.
worker: completed task switch_command in 0.0007262229919433594 seconds.
worker: completed task switch_command in 0.0005855560302734375 seconds.
worker: completed task switch_command in 0.0007071495056152344 seconds.
worker: completed task switch_command in 0.0005674362182617188 seconds.
worker: completed task switch_command in 0.0007278919219970703 seconds.
worker: completed task switch_command in 0.0007369518280029297 seconds.
worker: completed task switch_command in 0.0007586479187011719 seconds.
worker: completed task switch_command in 0.000728607177734375 seconds.
worker: completed task switch_command in 0.0007505416870117188 seconds.
worker: completed task switch_command in 0.0007700920104980469 seconds.
worker: completed task switch_command in 0.0007200241088867188 seconds.
worker: completed task switch_command in 0.0007328987121582031 seconds.
worker: completed task switch_command in 0.0007665157318115234 seconds.
worker: completed task switch_command in 0.0007145404815673828 seconds.
worker: completed task switch_command in 0.0005347728729248047 seconds.
worker: completed task switch_command in 0.0007348060607910156 seconds.
worker: completed task switch_command in 0.0008761882781982422 seconds.
worker: completed task switch_command in 0.0007863044738769531 seconds.
worker: completed task switch_command in 0.0012395381927490234 seconds.
worker: completed task switch_command in 0.001089334487915039 seconds.
worker: completed task switch_command in 0.0004994869232177734 seconds.
worker: completed task switch_command in 0.000667572021484375 seconds.
worker: completed task switch_command in 0.0008428096771240234 seconds.
worker: completed task switch_command in 0.0007357597351074219 seconds.
worker: completed task switch_command in 0.0007832050323486328 seconds.
worker: completed task switch_command in 0.0007262229919433594 seconds.
worker: completed task switch_command in 0.0006270408630371094 seconds.
worker: completed task switch_command in 0.0007486343383789062 seconds.
worker: completed task switch_command in 0.0006930828094482422 seconds.
worker: completed task switch_command in 0.0007216930389404297 seconds.
worker: completed task switch_command in 0.0009577274322509766 seconds.
worker: completed task probe in 0.00011730194091796875 seconds.
worker: completed task probe in 6.437301635742188e-05 seconds.
worker: completed task probe in 5.173683166503906e-05 seconds.
worker: completed task probe in 4.553794860839844e-05 seconds.
worker: completed task probe in 4.458427429199219e-05 seconds.
worker: completed task probe in 4.291534423828125e-05 seconds.
worker: completed task probe in 4.315376281738281e-05 seconds.
worker: completed task probe in 4.2438507080078125e-05 seconds.
worker: completed task links in 0.00036406517028808594 seconds.
worker: completed task generators in 0.0003762245178222656 seconds.
worker: completed task links in 0.006300449371337891 seconds.
worker: completed task check_compliance in 0.0012316703796386719 seconds.
worker: completed task check_anomalies in 0.00027871131896972656 seconds.
worker: completed task report in 0.0008389949798583984 seconds.
worker: initiate stopping
worker: completed task stop in 0.003795623779296875 seconds.
worker: stop handler after 1.9272210597991943 seconds.
master: close receiving socket
master: join queue
master: join handler thread
master: finished run
master: stop reporter
