backend: veriflow {'impl': 'reimpl-literature', 'vf_fields': 'plain', 'vf_revisit': 'state', 'vf_slicing': 'device', 'vf_budget': 0, 'vf_invert_lpm': False}
master: open and bind unix socket
master: start handler thread
master: listen on socket
worker: completed task packet_filter in 0.0004990100860595703 seconds.
worker: completed task switch in 4.57763671875e-05 seconds.
worker: completed task switch in 1.5497207641601562e-05 seconds.
worker: completed task links in 3.0279159545898438e-05 seconds.
worker: completed task switch_command in 0.0002722740173339844 seconds.
worker: completed task switch_command in 6.031990051269531e-05 seconds.
worker: completed task switch_command in 3.7670135498046875e-05 seconds.
worker: completed task probe in 7.224082946777344e-05 seconds.
worker: completed task probe in 4.124641418457031e-05 seconds.
worker: completed task probe in 3.504753112792969e-05 seconds.
worker: completed task links in 1.7404556274414062e-05 seconds.
worker: completed task generators in 9.560585021972656e-05 seconds.
worker: completed task links in 1.621246337890625e-05 seconds.
veriflow: built 40 rules, stamps {'impl': 'reimpl-literature', 'vf_mode': 'bulk', 'vf_node': 'table', 'vf_ports': 'field', 'vf_fields': 'plain', 'vf_slicing': 'device', 'vf_invert_lpm': False, 'vf_lpm_tables_ordered': 0, 'vf_lpm_rules_ordered': 0, 'vf_field_order': ['related', 'packet.ipv6.source', 'packet.ipv6.destination', 'packet.ipv6.proto', 'packet.upper.dport', 'packet.upper.sport', 'in_port', 'out_port'], 'vf_inport_expansion': 1.0, 'vf_budget': 0, 'vf_revisit': 'state'}
worker: completed task check_compliance in 0.009889841079711914 seconds.
worker: completed task report in 0.0007238388061523438 seconds.
worker: initiate stopping
worker: completed task stop in 7.510185241699219e-05 seconds.
worker: stop handler after 1.7200355529785156 seconds.
master: close receiving socket
master: join queue
master: join handler thread
master: finished run
master: stop reporter
