backend: veriflow {'impl': 'reimpl-literature', 'vf_fields': '4+10', 'vf_revisit': 'state', 'vf_slicing': 'device', 'vf_budget': 0, 'vf_invert_lpm': False}
master: open and bind unix socket
master: start handler thread
master: listen on socket
worker: completed task packet_filter in 0.0005156993865966797 seconds.
worker: completed task switch in 3.552436828613281e-05 seconds.
worker: completed task switch in 1.4781951904296875e-05 seconds.
worker: completed task links in 2.9802322387695312e-05 seconds.
worker: completed task switch_command in 0.0002446174621582031 seconds.
worker: completed task switch_command in 6.079673767089844e-05 seconds.
worker: completed task switch_command in 5.507469177246094e-05 seconds.
worker: completed task probe in 0.00010824203491210938 seconds.
worker: completed task probe in 4.4345855712890625e-05 seconds.
worker: completed task probe in 3.528594970703125e-05 seconds.
worker: completed task links in 1.6927719116210938e-05 seconds.
worker: completed task generators in 0.00010085105895996094 seconds.
worker: completed task links in 1.52587890625e-05 seconds.
veriflow: built 40 rules, stamps {'impl': 'reimpl-literature', 'vf_mode': 'bulk', 'vf_node': 'table', 'vf_ports': 'field', 'vf_fields': "4+10:trie=['packet.ipv6.source', 'packet.ipv6.destination'],scan=['related', 'packet.ipv6.proto', 'packet.upper.dport', 'packet.upper.sport', 'in_port', 'out_port']", 'vf_slicing': 'device', 'vf_invert_lpm': False, 'vf_lpm_tables_ordered': 0, 'vf_lpm_rules_ordered': 0, 'vf_field_order': ['related', 'packet.ipv6.source', 'packet.ipv6.destination', 'packet.ipv6.proto', 'packet.upper.dport', 'packet.upper.sport', 'in_port', 'out_port'], 'vf_inport_expansion': 1.0, 'vf_budget': 0, 'vf_revisit': 'state'}
worker: completed task check_compliance in 0.004339933395385742 seconds.
worker: completed task report in 0.0007534027099609375 seconds.
worker: initiate stopping
worker: completed task stop in 7.82012939453125e-05 seconds.
worker: stop handler after 1.7148585319519043 seconds.
master: close receiving socket
master: join queue
master: join handler thread
master: finished run
master: stop reporter
