backend: netplumber {'impl': 'authors+fave', 'upstream': 'hassel-public master 697b35c9', 'np_invert_lpm': False}
master: open and bind unix socket
master: start handler thread
master: listen on socket
worker: completed task packet_filter in 0.002789735794067383 seconds.
worker: completed task switch in 0.00010013580322265625 seconds.
worker: completed task switch in 5.650520324707031e-05 seconds.
worker: completed task links in 0.00016498565673828125 seconds.
worker: completed task switch_command in 0.000598907470703125 seconds.
worker: completed task switch_command in 0.00020813941955566406 seconds.
worker: completed task switch_command in 0.0001342296600341797 seconds.
worker: completed task probe in 0.00015854835510253906 seconds.
worker: completed task probe in 9.846687316894531e-05 seconds.
worker: completed task probe in 8.416175842285156e-05 seconds.
worker: completed task links in 0.00010132789611816406 seconds.
worker: completed task generators in 0.00024819374084472656 seconds.
worker: completed task links in 0.00023174285888671875 seconds.
worker: completed task check_compliance in 0.00044536590576171875 seconds.
worker: completed task check_anomalies in 0.0003657341003417969 seconds.
worker: completed task report in 0.0008754730224609375 seconds.
worker: initiate stopping
worker: completed task stop in 0.00044989585876464844 seconds.
worker: stop handler after 1.7956089973449707 seconds.
master: close receiving socket
master: join queue
master: join handler thread
master: finished run
master: stop reporter
