backend: veriflow {'impl': 'reimpl-literature', 'vf_fields': 'plain', 'vf_revisit': 'state', 'vf_slicing': 'device', 'vf_budget': 0, 'vf_invert_lpm': False}
master: open and bind unix socket
master: start handler thread
master: listen on socket
worker: completed task router in 0.0026133060455322266 seconds.
worker: completed task switch in 6.008148193359375e-05 seconds.
worker: completed task switch in 3.0040740966796875e-05 seconds.
worker: completed task switch in 1.4066696166992188e-05 seconds.
worker: completed task switch in 1.2636184692382812e-05 seconds.
worker: completed task switch in 1.1205673217773438e-05 seconds.
worker: completed task switch in 1.0967254638671875e-05 seconds.
worker: completed task switch in 1.0728836059570312e-05 seconds.
worker: completed task switch in 1.1444091796875e-05 seconds.
worker: completed task switch in 1.0728836059570312e-05 seconds.
worker: completed task switch in 1.0728836059570312e-05 seconds.
worker: completed task switch in 1.1205673217773438e-05 seconds.
worker: completed task switch in 1.0013580322265625e-05 seconds.
worker: completed task switch in 9.775161743164062e-06 seconds.
worker: completed task switch in 1.0728836059570312e-05 seconds.
worker: completed task switch in 1.0013580322265625e-05 seconds.
worker: completed task switch in 1.0251998901367188e-05 seconds.
worker: completed task links in 6.198883056640625e-05 seconds.
worker: completed task switch_command in 0.0011720657348632812 seconds.
worker: completed task switch_command in 5.054473876953125e-05 seconds.
worker: completed task switch_command in 3.218650817871094e-05 seconds.
worker: completed task switch_command in 2.765655517578125e-05 seconds.
worker: completed task switch_command in 2.9325485229492188e-05 seconds.
worker: completed task switch_command in 2.5272369384765625e-05 seconds.
worker: completed task switch_command in 2.6941299438476562e-05 seconds.
worker: completed task switch_command in 2.5987625122070312e-05 seconds.
worker: completed task switch_command in 2.765655517578125e-05 seconds.
worker: completed task switch_command in 2.86102294921875e-05 seconds.
worker: completed task switch_command in 3.0040740966796875e-05 seconds.
worker: completed task switch_command in 2.7179718017578125e-05 seconds.
worker: completed task switch_command in 2.5033950805664062e-05 seconds.
worker: completed task switch_command in 2.47955322265625e-05 seconds.
worker: completed task switch_command in 2.8133392333984375e-05 seconds.
worker: completed task switch_command in 2.4557113647460938e-05 seconds.
worker: completed task switch_command in 2.6941299438476562e-05 seconds.
worker: completed task probe in 8.082389831542969e-05 seconds.
worker: completed task probe in 5.0067901611328125e-05 seconds.
worker: completed task probe in 4.076957702636719e-05 seconds.
worker: completed task probe in 4.00543212890625e-05 seconds.
worker: completed task probe in 3.695487976074219e-05 seconds.
worker: completed task probe in 3.719329833984375e-05 seconds.
worker: completed task probe in 3.457069396972656e-05 seconds.
worker: completed task probe in 3.457069396972656e-05 seconds.
worker: completed task probe in 3.552436828613281e-05 seconds.
worker: completed task probe in 3.5762786865234375e-05 seconds.
worker: completed task probe in 1.2874603271484375e-05 seconds.
worker: completed task probe in 1.1920928955078125e-05 seconds.
worker: completed task probe in 1.1444091796875e-05 seconds.
worker: completed task probe in 1.0251998901367188e-05 seconds.
worker: completed task probe in 1.0967254638671875e-05 seconds.
worker: completed task probe in 1.0013580322265625e-05 seconds.
worker: completed task probe in 1.0728836059570312e-05 seconds.
worker: completed task links in 3.504753112792969e-05 seconds.
worker: completed task generators in 0.00016570091247558594 seconds.
worker: completed task links in 3.2901763916015625e-05 seconds.
veriflow: built 240 rules, stamps {'impl': 'reimpl-literature', 'vf_mode': 'bulk', 'vf_node': 'table', 'vf_ports': 'field', 'vf_fields': 'plain', 'vf_slicing': 'device', 'vf_invert_lpm': False, 'vf_lpm_tables_ordered': 2, 'vf_lpm_rules_ordered': 10, 'vf_field_order': ['related', 'packet.ether.vlan', 'packet.ipv4.source', 'packet.ipv4.destination', 'in_port', 'out_port'], 'vf_inport_expansion': 1.168, 'vf_budget': 0, 'vf_revisit': 'state'}
worker: completed task check_compliance in 0.010658740997314453 seconds.
worker: completed task report in 0.0007886886596679688 seconds.
worker: task failed:
Traceback (most recent call last):
  File "/home/ubuntu/fave-project/fave/aggregator/aggregator_service.py", line 435, in _handler
    task_type = self._dispatch(j)
                ^^^^^^^^^^^^^^^^^
  File "/home/ubuntu/fave-project/fave/aggregator/aggregator_service.py", line 342, in _dispatch
    self._dump_aggregator(odir)
  File "/home/ubuntu/fave-project/fave/aggregator/aggregator_service.py", line 838, in _dump_aggregator
    j["mapping"] = self.verification_engine.mapping.to_json()
                   ^^^^^^^^^^^^^^^^^^^^^^^^^^^^^^^^
AttributeError: 'VeriFlowAdapter' object has no attribute 'mapping'
worker: completed task unknown in 0.004270792007446289 seconds.
worker: initiate stopping
worker: completed task stop in 4.100799560546875e-05 seconds.
worker: stop handler after 1.7220678329467773 seconds.
master: close receiving socket
master: join queue
master: join handler thread
master: finished run
master: stop reporter
