backend: veriflow {'impl': 'reimpl-literature', 'vf_fields': '4+10', 'vf_revisit': 'state', 'vf_slicing': 'device', 'vf_budget': 0, 'vf_invert_lpm': False}
master: open and bind unix socket
master: start handler thread
master: listen on socket
worker: completed task router in 0.0029833316802978516 seconds.
worker: completed task switch in 7.390975952148438e-05 seconds.
worker: completed task switch in 1.9073486328125e-05 seconds.
worker: completed task switch in 1.3113021850585938e-05 seconds.
worker: completed task switch in 2.09808349609375e-05 seconds.
worker: completed task switch in 1.6927719116210938e-05 seconds.
worker: completed task switch in 1.52587890625e-05 seconds.
worker: completed task switch in 1.7404556274414062e-05 seconds.
worker: completed task switch in 1.5974044799804688e-05 seconds.
worker: completed task switch in 1.5497207641601562e-05 seconds.
worker: completed task switch in 1.4543533325195312e-05 seconds.
worker: completed task switch in 2.0503997802734375e-05 seconds.
worker: completed task switch in 1.2874603271484375e-05 seconds.
worker: completed task switch in 1.4066696166992188e-05 seconds.
worker: completed task switch in 1.33514404296875e-05 seconds.
worker: completed task switch in 1.2159347534179688e-05 seconds.
worker: completed task switch in 1.3113021850585938e-05 seconds.
worker: completed task links in 8.702278137207031e-05 seconds.
worker: completed task switch_command in 0.0013554096221923828 seconds.
worker: completed task switch_command in 5.9604644775390625e-05 seconds.
worker: completed task switch_command in 3.1948089599609375e-05 seconds.
worker: completed task switch_command in 2.9087066650390625e-05 seconds.
worker: completed task switch_command in 2.384185791015625e-05 seconds.
worker: completed task switch_command in 3.147125244140625e-05 seconds.
worker: completed task switch_command in 2.6464462280273438e-05 seconds.
worker: completed task switch_command in 2.6464462280273438e-05 seconds.
worker: completed task switch_command in 2.7894973754882812e-05 seconds.
worker: completed task switch_command in 2.6464462280273438e-05 seconds.
worker: completed task switch_command in 3.2901763916015625e-05 seconds.
worker: completed task switch_command in 2.6464462280273438e-05 seconds.
worker: completed task switch_command in 2.5510787963867188e-05 seconds.
worker: completed task switch_command in 2.574920654296875e-05 seconds.
worker: completed task switch_command in 2.47955322265625e-05 seconds.
worker: completed task switch_command in 3.504753112792969e-05 seconds.
worker: completed task switch_command in 2.6941299438476562e-05 seconds.
worker: completed task probe in 8.416175842285156e-05 seconds.
worker: completed task probe in 5.602836608886719e-05 seconds.
worker: completed task probe in 3.9577484130859375e-05 seconds.
worker: completed task probe in 3.981590270996094e-05 seconds.
worker: completed task probe in 3.790855407714844e-05 seconds.
worker: completed task probe in 3.5762786865234375e-05 seconds.
worker: completed task probe in 4.839897155761719e-05 seconds.
worker: completed task probe in 3.790855407714844e-05 seconds.
worker: completed task probe in 3.552436828613281e-05 seconds.
worker: completed task probe in 4.5299530029296875e-05 seconds.
worker: completed task probe in 1.1205673217773438e-05 seconds.
worker: completed task probe in 1.0728836059570312e-05 seconds.
worker: completed task probe in 1.0967254638671875e-05 seconds.
worker: completed task probe in 1.0967254638671875e-05 seconds.
worker: completed task probe in 1.2636184692382812e-05 seconds.
worker: completed task probe in 1.0013580322265625e-05 seconds.
worker: completed task probe in 9.775161743164062e-06 seconds.
worker: completed task links in 3.62396240234375e-05 seconds.
worker: completed task generators in 0.00017523765563964844 seconds.
worker: completed task links in 4.6253204345703125e-05 seconds.
veriflow: built 240 rules, stamps {'impl': 'reimpl-literature', 'vf_mode': 'bulk', 'vf_node': 'table', 'vf_ports': 'field', 'vf_fields': "4+10:trie=['packet.ipv4.source', 'packet.ipv4.destination'],scan=['related', 'packet.ether.vlan', 'in_port', 'out_port']", 'vf_slicing': 'device', 'vf_invert_lpm': False, 'vf_lpm_tables_ordered': 2, 'vf_lpm_rules_ordered': 10, 'vf_field_order': ['related', 'packet.ether.vlan', 'packet.ipv4.source', 'packet.ipv4.destination', 'in_port', 'out_port'], 'vf_inport_expansion': 1.168, 'vf_budget': 0, 'vf_revisit': 'state'}
worker: completed task check_compliance in 0.0222475528717041 seconds.
worker: completed task report in 0.0009741783142089844 seconds.
worker: task failed:
Traceback (most recent call last):
  File "/home/ubuntu/fave-project/fave/aggregator/aggregator_service.py", line 435, in _handler
    task_type = self._dispatch(j)
                ^^^^^^^^^^^^^^^^^
  File "/home/ubuntu/fave-project/fave/aggregator/aggregator_service.py", line 342, in _dispatch
    self._dump_aggregator(odir)
  File "/home/ubuntu/fave-project/fave/aggregator/aggregator_service.py", line 838, in _dump_aggregator
    j["mapping"] = self.verification_engine.mapping.to_json()
                   ^^^^^^^^^^^^^^^^^^^^^^^^^^^^^^^^
AttributeError: 'VeriFlowAdapter' object has no attribute 'mapping'
worker: completed task unknown in 0.004506111145019531 seconds.
worker: initiate stopping
worker: completed task stop in 9.202957153320312e-05 seconds.
worker: stop handler after 1.723961591720581 seconds.
master: close receiving socket
master: join queue
master: join handler thread
master: finished run
master: stop reporter
