backend: netplumber {'impl': 'authors+fave', 'upstream': 'hassel-public master 697b35c9', 'np_invert_lpm': False}
master: open and bind unix socket
master: start handler thread
master: listen on socket
worker: completed task switch in 0.0004525184631347656 seconds.
worker: completed task switch in 0.0001761913299560547 seconds.
worker: completed task switch in 0.00022339820861816406 seconds.
worker: completed task switch in 6.985664367675781e-05 seconds.
worker: completed task switch in 6.771087646484375e-05 seconds.
worker: completed task switch in 0.00010895729064941406 seconds.
worker: completed task switch in 0.0001533031463623047 seconds.
worker: completed task switch in 0.00013494491577148438 seconds.
worker: completed task switch in 0.0003790855407714844 seconds.
worker: completed task switch in 0.000118255615234375 seconds.
worker: completed task switch in 0.00011754035949707031 seconds.
worker: completed task switch in 0.00030231475830078125 seconds.
worker: completed task switch in 5.2928924560546875e-05 seconds.
worker: completed task switch in 5.245208740234375e-05 seconds.
worker: completed task switch in 6.961822509765625e-05 seconds.
worker: completed task switch in 5.078315734863281e-05 seconds.
worker: completed task switch in 4.744529724121094e-05 seconds.
worker: completed task switch in 5.888938903808594e-05 seconds.
worker: completed task switch in 0.0001361370086669922 seconds.
worker: completed task switch in 0.00013113021850585938 seconds.
worker: completed task switch in 0.0003509521484375 seconds.
worker: completed task switch in 0.00011515617370605469 seconds.
worker: completed task switch in 0.00011157989501953125 seconds.
worker: completed task switch in 0.0003287792205810547 seconds.
worker: completed task switch in 0.00011658668518066406 seconds.
worker: completed task switch in 0.00011587142944335938 seconds.
worker: completed task switch in 0.0002682209014892578 seconds.
worker: completed task switch in 0.00011563301086425781 seconds.
worker: completed task switch in 0.00011181831359863281 seconds.
worker: completed task switch in 0.0002689361572265625 seconds.
worker: completed task switch in 0.00013136863708496094 seconds.
worker: completed task switch in 0.00012612342834472656 seconds.
worker: completed task switch in 0.0003762245178222656 seconds.
worker: completed task switch in 0.00011420249938964844 seconds.
worker: completed task switch in 0.00011038780212402344 seconds.
worker: completed task switch in 0.0002760887145996094 seconds.
worker: completed task switch in 5.4836273193359375e-05 seconds.
worker: completed task switch in 4.863739013671875e-05 seconds.
worker: completed task switch in 5.936622619628906e-05 seconds.
worker: completed task switch in 5.364418029785156e-05 seconds.
worker: completed task switch in 4.935264587402344e-05 seconds.
worker: completed task switch in 8.106231689453125e-05 seconds.
worker: completed task switch in 0.00013780593872070312 seconds.
worker: completed task switch in 0.00021004676818847656 seconds.
worker: completed task switch in 0.0003638267517089844 seconds.
worker: completed task switch in 5.0067901611328125e-05 seconds.
worker: completed task switch in 0.00015974044799804688 seconds.
worker: completed task switch in 6.771087646484375e-05 seconds.
worker: completed task links in 0.024271488189697266 seconds.
worker: completed task switch_command in 0.0010943412780761719 seconds.
worker: lpm ordering: mid.bbra_rtr.1, 869 rules, longest-first
worker: completed task switch_command in 0.0455021858215332 seconds.
worker: completed task switch_command in 0.0013725757598876953 seconds.
worker: completed task switch_command in 0.00036716461181640625 seconds.
worker: lpm ordering: mid.bbrb_rtr.1, 843 rules, longest-first
worker: completed task switch_command in 0.03411102294921875 seconds.
worker: completed task switch_command in 0.000827789306640625 seconds.
worker: completed task switch_command in 0.001718759536743164 seconds.
worker: lpm ordering: mid.boza_rtr.1, 202 rules, longest-first
worker: completed task switch_command in 0.008749723434448242 seconds.
worker: completed task switch_command in 0.0008280277252197266 seconds.
worker: completed task switch_command in 0.0018486976623535156 seconds.
worker: lpm ordering: mid.bozb_rtr.1, 174 rules, longest-first
worker: completed task switch_command in 0.008449077606201172 seconds.
worker: completed task switch_command in 0.0008747577667236328 seconds.
worker: completed task switch_command in 0.007002592086791992 seconds.
worker: lpm ordering: mid.coza_rtr.1, 188 rules, longest-first
worker: completed task switch_command in 0.007964134216308594 seconds.
worker: completed task switch_command in 0.00032901763916015625 seconds.
worker: completed task switch_command in 0.005986213684082031 seconds.
worker: lpm ordering: mid.cozb_rtr.1, 125 rules, longest-first
worker: completed task switch_command in 0.0055389404296875 seconds.
worker: completed task switch_command in 0.00032210350036621094 seconds.
worker: completed task switch_command in 0.002590656280517578 seconds.
worker: lpm ordering: mid.goza_rtr.1, 166 rules, longest-first
worker: completed task switch_command in 0.00963449478149414 seconds.
worker: completed task switch_command in 0.001252889633178711 seconds.
worker: completed task switch_command in 0.0026884078979492188 seconds.
worker: lpm ordering: mid.gozb_rtr.1, 145 rules, longest-first
worker: completed task switch_command in 0.008200645446777344 seconds.
worker: completed task switch_command in 0.0012896060943603516 seconds.
worker: completed task switch_command in 0.0019071102142333984 seconds.
worker: lpm ordering: mid.poza_rtr.1, 123 rules, longest-first
worker: completed task switch_command in 0.006386518478393555 seconds.
worker: completed task switch_command in 0.0007863044738769531 seconds.
worker: completed task switch_command in 0.010387659072875977 seconds.
worker: lpm ordering: mid.pozb_rtr.1, 108 rules, longest-first
worker: completed task switch_command in 0.00539708137512207 seconds.
worker: completed task switch_command in 0.0008137226104736328 seconds.
worker: completed task switch_command in 0.0012390613555908203 seconds.
worker: lpm ordering: mid.roza_rtr.1, 103 rules, longest-first
worker: completed task switch_command in 0.004464626312255859 seconds.
worker: completed task switch_command in 0.000911712646484375 seconds.
worker: completed task switch_command in 0.001194000244140625 seconds.
worker: lpm ordering: mid.rozb_rtr.1, 90 rules, longest-first
worker: completed task switch_command in 0.004038572311401367 seconds.
worker: completed task switch_command in 0.0008311271667480469 seconds.
worker: completed task switch_command in 0.011594533920288086 seconds.
worker: lpm ordering: mid.soza_rtr.1, 204 rules, longest-first
worker: completed task switch_command in 0.008861064910888672 seconds.
worker: completed task switch_command in 0.00036907196044921875 seconds.
worker: completed task switch_command in 0.006293773651123047 seconds.
worker: lpm ordering: mid.sozb_rtr.1, 142 rules, longest-first
worker: completed task switch_command in 0.006337165832519531 seconds.
worker: completed task switch_command in 0.00036144256591796875 seconds.
worker: completed task switch_command in 0.0022618770599365234 seconds.
worker: lpm ordering: mid.yoza_rtr.1, 247 rules, longest-first
worker: completed task switch_command in 0.01324462890625 seconds.
worker: completed task switch_command in 0.08141732215881348 seconds.
worker: completed task switch_command in 0.0018434524536132812 seconds.
worker: lpm ordering: mid.yozb_rtr.1, 115 rules, longest-first
worker: completed task switch_command in 0.003960847854614258 seconds.
worker: completed task switch_command in 0.012325525283813477 seconds.
worker: completed task probe in 0.0002548694610595703 seconds.
worker: completed task probe in 8.749961853027344e-05 seconds.
worker: completed task probe in 6.4849853515625e-05 seconds.
worker: completed task probe in 5.4836273193359375e-05 seconds.
worker: completed task probe in 6.532669067382812e-05 seconds.
worker: completed task probe in 5.316734313964844e-05 seconds.
worker: completed task probe in 4.982948303222656e-05 seconds.
worker: completed task probe in 5.507469177246094e-05 seconds.
worker: completed task probe in 5.173683166503906e-05 seconds.
worker: completed task probe in 4.839897155761719e-05 seconds.
worker: completed task probe in 4.7206878662109375e-05 seconds.
worker: completed task probe in 4.696846008300781e-05 seconds.
worker: completed task probe in 4.7206878662109375e-05 seconds.
worker: completed task probe in 4.8160552978515625e-05 seconds.
worker: completed task probe in 4.76837158203125e-05 seconds.
worker: completed task probe in 4.696846008300781e-05 seconds.
worker: completed task links in 0.02105879783630371 seconds.
worker: completed task generators in 0.0007731914520263672 seconds.
worker: completed task links in 2.269090414047241 seconds.
worker: completed task check_compliance in 0.09687042236328125 seconds.
worker: completed task check_anomalies in 0.00041294097900390625 seconds.
worker: completed task report in 0.0007839202880859375 seconds.
worker: initiate stopping
worker: completed task stop in 0.535635232925415 seconds.
worker: stop handler after 5.038863658905029 seconds.
master: close receiving socket
master: join queue
master: join handler thread
master: finished run
master: stop reporter
