backend: veriflow {'impl': 'reimpl-literature', 'vf_fields': 'plain', 'vf_revisit': 'state', 'vf_slicing': 'device', 'vf_budget': 0, 'vf_invert_lpm': False}
master: open and bind unix socket
master: start handler thread
master: listen on socket
worker: completed task switch in 0.00014710426330566406 seconds.
worker: completed task switch in 4.3392181396484375e-05 seconds.
worker: completed task switch in 6.628036499023438e-05 seconds.
worker: completed task switch in 1.7404556274414062e-05 seconds.
worker: completed task switch in 2.1219253540039062e-05 seconds.
worker: completed task switch in 2.2649765014648438e-05 seconds.
worker: completed task switch in 2.7894973754882812e-05 seconds.
worker: completed task switch in 2.0503997802734375e-05 seconds.
worker: completed task switch in 3.361701965332031e-05 seconds.
worker: completed task switch in 2.1696090698242188e-05 seconds.
worker: completed task switch in 2.2172927856445312e-05 seconds.
worker: completed task switch in 4.887580871582031e-05 seconds.
worker: completed task switch in 1.1682510375976562e-05 seconds.
worker: completed task switch in 1.0013580322265625e-05 seconds.
worker: completed task switch in 1.2159347534179688e-05 seconds.
worker: completed task switch in 1.0728836059570312e-05 seconds.
worker: completed task switch in 1.1682510375976562e-05 seconds.
worker: completed task switch in 3.981590270996094e-05 seconds.
worker: completed task switch in 1.9073486328125e-05 seconds.
worker: completed task switch in 2.002716064453125e-05 seconds.
worker: completed task switch in 3.24249267578125e-05 seconds.
worker: completed task switch in 5.173683166503906e-05 seconds.
worker: completed task switch in 2.7179718017578125e-05 seconds.
worker: completed task switch in 7.486343383789062e-05 seconds.
worker: completed task switch in 1.9311904907226562e-05 seconds.
worker: completed task switch in 1.9311904907226562e-05 seconds.
worker: completed task switch in 2.9087066650390625e-05 seconds.
worker: completed task switch in 2.384185791015625e-05 seconds.
worker: completed task switch in 2.574920654296875e-05 seconds.
worker: completed task switch in 2.9802322387695312e-05 seconds.
worker: completed task switch in 1.8596649169921875e-05 seconds.
worker: completed task switch in 2.5987625122070312e-05 seconds.
worker: completed task switch in 3.600120544433594e-05 seconds.
worker: completed task switch in 1.7881393432617188e-05 seconds.
worker: completed task switch in 2.3365020751953125e-05 seconds.
worker: completed task switch in 3.743171691894531e-05 seconds.
worker: completed task switch in 8.821487426757812e-06 seconds.
worker: completed task switch in 8.821487426757812e-06 seconds.
worker: completed task switch in 1.6927719116210938e-05 seconds.
worker: completed task switch in 6.818771362304688e-05 seconds.
worker: completed task switch in 1.4066696166992188e-05 seconds.
worker: completed task switch in 1.7404556274414062e-05 seconds.
worker: completed task switch in 3.0279159545898438e-05 seconds.
worker: completed task switch in 2.193450927734375e-05 seconds.
worker: completed task switch in 3.719329833984375e-05 seconds.
worker: completed task switch in 1.0967254638671875e-05 seconds.
worker: completed task switch in 6.246566772460938e-05 seconds.
worker: completed task switch in 1.5974044799804688e-05 seconds.
worker: completed task links in 0.001974344253540039 seconds.
worker: completed task switch_command in 0.0003502368927001953 seconds.
worker: completed task switch_command in 0.009114742279052734 seconds.
worker: completed task switch_command in 0.00044798851013183594 seconds.
worker: completed task switch_command in 9.560585021972656e-05 seconds.
worker: completed task switch_command in 0.00821232795715332 seconds.
worker: completed task switch_command in 0.0003535747528076172 seconds.
worker: completed task switch_command in 0.0004482269287109375 seconds.
worker: completed task switch_command in 0.001775979995727539 seconds.
worker: completed task switch_command in 0.00027632713317871094 seconds.
worker: completed task switch_command in 0.0004391670227050781 seconds.
worker: completed task switch_command in 0.0019183158874511719 seconds.
worker: completed task switch_command in 0.0002655982971191406 seconds.
worker: completed task switch_command in 0.0020551681518554688 seconds.
worker: completed task switch_command in 0.0017843246459960938 seconds.
worker: completed task switch_command in 0.00011372566223144531 seconds.
worker: completed task switch_command in 0.0019505023956298828 seconds.
worker: completed task switch_command in 0.0018167495727539062 seconds.
worker: completed task switch_command in 8.916854858398438e-05 seconds.
worker: completed task switch_command in 0.0006496906280517578 seconds.
worker: completed task switch_command in 0.001573324203491211 seconds.
worker: completed task switch_command in 0.00042939186096191406 seconds.
worker: completed task switch_command in 0.0006887912750244141 seconds.
worker: completed task switch_command in 0.0014102458953857422 seconds.
worker: completed task switch_command in 0.00044727325439453125 seconds.
worker: completed task switch_command in 0.0008101463317871094 seconds.
worker: completed task switch_command in 0.0011963844299316406 seconds.
worker: completed task switch_command in 0.0002474784851074219 seconds.
worker: completed task switch_command in 0.0005242824554443359 seconds.
worker: completed task switch_command in 0.0010833740234375 seconds.
worker: completed task switch_command in 0.00026798248291015625 seconds.
worker: completed task switch_command in 0.0003387928009033203 seconds.
worker: completed task switch_command in 0.0010051727294921875 seconds.
worker: completed task switch_command in 0.0002865791320800781 seconds.
worker: completed task switch_command in 0.0003371238708496094 seconds.
worker: completed task switch_command in 0.0009846687316894531 seconds.
worker: completed task switch_command in 0.00026035308837890625 seconds.
worker: completed task switch_command in 0.004936933517456055 seconds.
worker: completed task switch_command in 0.0022640228271484375 seconds.
worker: completed task switch_command in 0.00011372566223144531 seconds.
worker: completed task switch_command in 0.002094268798828125 seconds.
worker: completed task switch_command in 0.001888275146484375 seconds.
worker: completed task switch_command in 0.00011563301086425781 seconds.
worker: completed task switch_command in 0.0009036064147949219 seconds.
worker: completed task switch_command in 0.013314247131347656 seconds.
worker: completed task switch_command in 0.01947784423828125 seconds.
worker: completed task switch_command in 0.0010657310485839844 seconds.
worker: completed task switch_command in 0.0010700225830078125 seconds.
worker: completed task switch_command in 0.003231525421142578 seconds.
worker: completed task probe in 0.00012564659118652344 seconds.
worker: completed task probe in 2.1696090698242188e-05 seconds.
worker: completed task probe in 1.4543533325195312e-05 seconds.
worker: completed task probe in 1.049041748046875e-05 seconds.
worker: completed task probe in 1.049041748046875e-05 seconds.
worker: completed task probe in 1.049041748046875e-05 seconds.
worker: completed task probe in 1.1205673217773438e-05 seconds.
worker: completed task probe in 1.621246337890625e-05 seconds.
worker: completed task probe in 1.71661376953125e-05 seconds.
worker: completed task probe in 2.3365020751953125e-05 seconds.
worker: completed task probe in 2.3365020751953125e-05 seconds.
worker: completed task probe in 2.1457672119140625e-05 seconds.
worker: completed task probe in 2.193450927734375e-05 seconds.
worker: completed task probe in 1.5735626220703125e-05 seconds.
worker: completed task probe in 1.0728836059570312e-05 seconds.
worker: completed task probe in 9.5367431640625e-06 seconds.
worker: completed task links in 0.001218557357788086 seconds.
worker: completed task generators in 0.00018024444580078125 seconds.
worker: completed task links in 3.4332275390625e-05 seconds.
veriflow: built 14396 rules, stamps {'impl': 'reimpl-literature', 'vf_mode': 'bulk', 'vf_node': 'table', 'vf_ports': 'field', 'vf_fields': 'plain', 'vf_slicing': 'device', 'vf_invert_lpm': False, 'vf_lpm_tables_ordered': 32, 'vf_lpm_rules_ordered': 3844, 'vf_field_order': ['packet.ether.vlan', 'packet.ipv4.source', 'packet.ipv4.destination', 'packet.ipv6.proto', 'packet.upper.dport', 'packet.upper.tcp.flags'], 'vf_inport_expansion': 1.636, 'vf_budget': 0, 'vf_revisit': 'state'}
worker: completed task check_compliance in 426.52652049064636 seconds.
worker: completed task report in 0.0009739398956298828 seconds.
worker: initiate stopping
worker: completed task stop in 0.00010371208190917969 seconds.
worker: stop handler after 428.4107675552368 seconds.
master: close receiving socket
master: join queue
master: join handler thread
master: finished run
master: stop reporter
