backend: veriflow {'impl': 'reimpl-literature', 'vf_fields': '4+10', 'vf_revisit': 'state', 'vf_slicing': 'device', 'vf_budget': 0, 'vf_invert_lpm': False}
master: open and bind unix socket
master: start handler thread
master: listen on socket
worker: completed task packet_filter in 0.03410911560058594 seconds.
worker: completed task switch in 0.00037407875061035156 seconds.
worker: completed task switch in 1.71661376953125e-05 seconds.
worker: completed task packet_filter in 0.00013685226440429688 seconds.
worker: completed task packet_filter in 0.0001678466796875 seconds.
worker: completed task packet_filter in 0.0002129077911376953 seconds.
worker: completed task packet_filter in 0.0002205371856689453 seconds.
worker: completed task packet_filter in 0.00016069412231445312 seconds.
worker: completed task packet_filter in 0.00016832351684570312 seconds.
worker: completed task packet_filter in 0.0001735687255859375 seconds.
worker: completed task packet_filter in 0.00021648406982421875 seconds.
worker: completed task packet_filter in 0.00014710426330566406 seconds.
worker: completed task switch in 1.6927719116210938e-05 seconds.
worker: completed task packet_filter in 0.0004930496215820312 seconds.
worker: completed task packet_filter in 0.00043892860412597656 seconds.
worker: completed task packet_filter in 0.0006766319274902344 seconds.
worker: completed task packet_filter in 0.0005087852478027344 seconds.
worker: completed task packet_filter in 0.0010712146759033203 seconds.
worker: completed task packet_filter in 0.00011396408081054688 seconds.
worker: completed task switch in 1.621246337890625e-05 seconds.
worker: completed task packet_filter in 0.00044727325439453125 seconds.
worker: completed task packet_filter in 0.0005519390106201172 seconds.
worker: completed task packet_filter in 0.0006780624389648438 seconds.
worker: completed task packet_filter in 0.00047516822814941406 seconds.
worker: completed task packet_filter in 0.000774383544921875 seconds.
worker: completed task packet_filter in 0.0001289844512939453 seconds.
worker: completed task switch in 1.9311904907226562e-05 seconds.
worker: completed task packet_filter in 0.0004677772521972656 seconds.
worker: completed task packet_filter in 0.0005278587341308594 seconds.
worker: completed task packet_filter in 0.0006821155548095703 seconds.
worker: completed task packet_filter in 0.0005314350128173828 seconds.
worker: completed task packet_filter in 0.0007636547088623047 seconds.
worker: completed task packet_filter in 0.00011301040649414062 seconds.
worker: completed task switch in 1.8596649169921875e-05 seconds.
worker: completed task packet_filter in 0.00047588348388671875 seconds.
worker: completed task packet_filter in 0.0005316734313964844 seconds.
worker: completed task packet_filter in 0.0006780624389648438 seconds.
worker: completed task packet_filter in 0.00047206878662109375 seconds.
worker: completed task packet_filter in 0.0007557868957519531 seconds.
worker: completed task packet_filter in 0.00010704994201660156 seconds.
worker: completed task switch in 1.8358230590820312e-05 seconds.
worker: completed task packet_filter in 0.0004558563232421875 seconds.
worker: completed task packet_filter in 0.0005440711975097656 seconds.
worker: completed task packet_filter in 0.0006878376007080078 seconds.
worker: completed task packet_filter in 0.0005006790161132812 seconds.
worker: completed task packet_filter in 0.0011181831359863281 seconds.
worker: completed task packet_filter in 0.00012183189392089844 seconds.
worker: completed task switch in 1.811981201171875e-05 seconds.
worker: completed task packet_filter in 0.0004620552062988281 seconds.
worker: completed task packet_filter in 0.000522613525390625 seconds.
worker: completed task packet_filter in 0.0006723403930664062 seconds.
worker: completed task packet_filter in 0.00048661231994628906 seconds.
worker: completed task packet_filter in 0.0007114410400390625 seconds.
worker: completed task packet_filter in 9.894371032714844e-05 seconds.
worker: completed task switch in 1.6927719116210938e-05 seconds.
worker: completed task packet_filter in 0.00048041343688964844 seconds.
worker: completed task packet_filter in 0.0005307197570800781 seconds.
worker: completed task packet_filter in 0.00070953369140625 seconds.
worker: completed task packet_filter in 0.000507354736328125 seconds.
worker: completed task packet_filter in 0.0007772445678710938 seconds.
worker: completed task packet_filter in 0.00011086463928222656 seconds.
worker: completed task switch in 1.71661376953125e-05 seconds.
worker: completed task packet_filter in 0.0005056858062744141 seconds.
worker: completed task packet_filter in 0.0005507469177246094 seconds.
worker: completed task packet_filter in 0.0007398128509521484 seconds.
worker: completed task packet_filter in 0.0005235671997070312 seconds.
worker: completed task packet_filter in 0.000759124755859375 seconds.
worker: completed task packet_filter in 0.00011777877807617188 seconds.
worker: completed task switch in 1.7404556274414062e-05 seconds.
worker: completed task packet_filter in 0.0004582405090332031 seconds.
worker: completed task packet_filter in 0.0005414485931396484 seconds.
worker: completed task packet_filter in 0.0006959438323974609 seconds.
worker: completed task packet_filter in 0.0005142688751220703 seconds.
worker: completed task packet_filter in 0.0011372566223144531 seconds.
worker: completed task packet_filter in 0.0001125335693359375 seconds.
worker: completed task switch in 1.8358230590820312e-05 seconds.
worker: completed task packet_filter in 0.0004734992980957031 seconds.
worker: completed task packet_filter in 0.000537872314453125 seconds.
worker: completed task packet_filter in 0.0007081031799316406 seconds.
worker: completed task packet_filter in 0.0005207061767578125 seconds.
worker: completed task packet_filter in 0.000762939453125 seconds.
worker: completed task packet_filter in 0.00010943412780761719 seconds.
worker: completed task switch in 1.7642974853515625e-05 seconds.
worker: completed task packet_filter in 0.00048160552978515625 seconds.
worker: completed task packet_filter in 0.000545501708984375 seconds.
worker: completed task packet_filter in 0.0007116794586181641 seconds.
worker: completed task packet_filter in 0.0005052089691162109 seconds.
worker: completed task packet_filter in 0.0007815361022949219 seconds.
worker: completed task packet_filter in 0.00017118453979492188 seconds.
worker: completed task switch in 1.8596649169921875e-05 seconds.
worker: completed task packet_filter in 0.0004825592041015625 seconds.
worker: completed task packet_filter in 0.0005397796630859375 seconds.
worker: completed task packet_filter in 0.0007109642028808594 seconds.
worker: completed task packet_filter in 0.0004937648773193359 seconds.
worker: completed task packet_filter in 0.0007669925689697266 seconds.
worker: completed task packet_filter in 0.00011396408081054688 seconds.
worker: completed task switch in 1.71661376953125e-05 seconds.
worker: completed task packet_filter in 0.00047898292541503906 seconds.
worker: completed task packet_filter in 0.0005562305450439453 seconds.
worker: completed task packet_filter in 0.0007255077362060547 seconds.
worker: completed task packet_filter in 0.0005133152008056641 seconds.
worker: completed task packet_filter in 0.0011570453643798828 seconds.
worker: completed task packet_filter in 0.00011920928955078125 seconds.
worker: completed task switch in 1.6689300537109375e-05 seconds.
worker: completed task packet_filter in 0.0004968643188476562 seconds.
worker: completed task packet_filter in 0.00055694580078125 seconds.
worker: completed task packet_filter in 0.0007183551788330078 seconds.
worker: completed task packet_filter in 0.0005028247833251953 seconds.
worker: completed task packet_filter in 0.0007700920104980469 seconds.
worker: completed task packet_filter in 0.00010943412780761719 seconds.
worker: completed task switch in 1.6927719116210938e-05 seconds.
worker: completed task packet_filter in 0.0004968643188476562 seconds.
worker: completed task packet_filter in 0.0005581378936767578 seconds.
worker: completed task packet_filter in 0.0007154941558837891 seconds.
worker: completed task packet_filter in 0.0005106925964355469 seconds.
worker: completed task packet_filter in 0.0007693767547607422 seconds.
worker: completed task packet_filter in 0.000118255615234375 seconds.
worker: completed task switch in 1.8358230590820312e-05 seconds.
worker: completed task packet_filter in 0.00047588348388671875 seconds.
worker: completed task packet_filter in 0.0005800724029541016 seconds.
worker: completed task packet_filter in 0.0007205009460449219 seconds.
worker: completed task packet_filter in 0.0005238056182861328 seconds.
worker: completed task packet_filter in 0.0007662773132324219 seconds.
worker: completed task packet_filter in 0.00010800361633300781 seconds.
worker: completed task switch in 1.7404556274414062e-05 seconds.
worker: completed task packet_filter in 0.0004749298095703125 seconds.
worker: completed task packet_filter in 0.0005583763122558594 seconds.
worker: completed task packet_filter in 0.0007617473602294922 seconds.
worker: completed task packet_filter in 0.0005156993865966797 seconds.
worker: completed task packet_filter in 0.0011439323425292969 seconds.
worker: completed task packet_filter in 0.00011086463928222656 seconds.
worker: completed task switch in 1.6689300537109375e-05 seconds.
worker: completed task packet_filter in 0.00047850608825683594 seconds.
worker: completed task packet_filter in 0.0005555152893066406 seconds.
worker: completed task packet_filter in 0.0007207393646240234 seconds.
worker: completed task packet_filter in 0.0005202293395996094 seconds.
worker: completed task packet_filter in 0.0007824897766113281 seconds.
worker: completed task packet_filter in 0.00010585784912109375 seconds.
worker: completed task switch in 1.6689300537109375e-05 seconds.
worker: completed task packet_filter in 0.0004737377166748047 seconds.
worker: completed task packet_filter in 0.0005292892456054688 seconds.
worker: completed task packet_filter in 0.0007665157318115234 seconds.
worker: completed task packet_filter in 0.0005083084106445312 seconds.
worker: completed task packet_filter in 0.0007724761962890625 seconds.
worker: completed task packet_filter in 0.00010919570922851562 seconds.
worker: completed task switch in 2.0742416381835938e-05 seconds.
worker: completed task packet_filter in 0.0004723072052001953 seconds.
worker: completed task packet_filter in 0.0005605220794677734 seconds.
worker: completed task packet_filter in 0.0007169246673583984 seconds.
worker: completed task packet_filter in 0.0005197525024414062 seconds.
worker: completed task packet_filter in 0.0007641315460205078 seconds.
worker: completed task packet_filter in 0.00011587142944335938 seconds.
worker: completed task switch in 1.7881393432617188e-05 seconds.
worker: completed task packet_filter in 0.0004711151123046875 seconds.
worker: completed task packet_filter in 0.0005512237548828125 seconds.
worker: completed task packet_filter in 0.0007483959197998047 seconds.
worker: completed task packet_filter in 0.0005168914794921875 seconds.
worker: completed task packet_filter in 0.0011463165283203125 seconds.
worker: completed task packet_filter in 0.00010728836059570312 seconds.
worker: completed task links in 0.009687423706054688 seconds.
worker: completed task switch_command in 0.0011754035949707031 seconds.
worker: completed task switch_command in 0.00015473365783691406 seconds.
worker: completed task switch_command in 5.364418029785156e-05 seconds.
worker: completed task switch_command in 6.461143493652344e-05 seconds.
worker: completed task switch_command in 4.839897155761719e-05 seconds.
worker: completed task switch_command in 5.269050598144531e-05 seconds.
worker: completed task switch_command in 4.839897155761719e-05 seconds.
worker: completed task switch_command in 4.792213439941406e-05 seconds.
worker: completed task switch_command in 5.316734313964844e-05 seconds.
worker: completed task switch_command in 4.5299530029296875e-05 seconds.
worker: completed task switch_command in 5.1975250244140625e-05 seconds.
worker: completed task switch_command in 7.367134094238281e-05 seconds.
worker: completed task switch_command in 0.0001399517059326172 seconds.
worker: completed task switch_command in 6.008148193359375e-05 seconds.
worker: completed task switch_command in 6.389617919921875e-05 seconds.
worker: completed task switch_command in 5.245208740234375e-05 seconds.
worker: completed task switch_command in 4.982948303222656e-05 seconds.
worker: completed task switch_command in 0.00011277198791503906 seconds.
worker: completed task switch_command in 5.1021575927734375e-05 seconds.
worker: completed task switch_command in 0.00010371208190917969 seconds.
worker: completed task switch_command in 5.936622619628906e-05 seconds.
worker: completed task switch_command in 4.57763671875e-05 seconds.
worker: completed task switch_command in 4.744529724121094e-05 seconds.
worker: completed task switch_command in 4.696846008300781e-05 seconds.
worker: completed task switch_command in 4.4345855712890625e-05 seconds.
worker: completed task switch_command in 4.792213439941406e-05 seconds.
worker: completed task switch_command in 0.00012230873107910156 seconds.
worker: completed task switch_command in 5.745887756347656e-05 seconds.
worker: completed task switch_command in 4.601478576660156e-05 seconds.
worker: completed task switch_command in 5.1021575927734375e-05 seconds.
worker: completed task switch_command in 5.412101745605469e-05 seconds.
worker: completed task switch_command in 4.673004150390625e-05 seconds.
worker: completed task switch_command in 4.7206878662109375e-05 seconds.
worker: completed task switch_command in 9.059906005859375e-05 seconds.
worker: completed task switch_command in 5.054473876953125e-05 seconds.
worker: completed task switch_command in 4.887580871582031e-05 seconds.
worker: completed task switch_command in 5.7220458984375e-05 seconds.
worker: completed task switch_command in 4.9591064453125e-05 seconds.
worker: completed task switch_command in 4.696846008300781e-05 seconds.
worker: completed task switch_command in 7.200241088867188e-05 seconds.
worker: completed task switch_command in 0.00010228157043457031 seconds.
worker: completed task switch_command in 5.888938903808594e-05 seconds.
worker: completed task switch_command in 4.696846008300781e-05 seconds.
worker: completed task switch_command in 4.982948303222656e-05 seconds.
worker: completed task switch_command in 4.76837158203125e-05 seconds.
worker: completed task switch_command in 4.5299530029296875e-05 seconds.
worker: completed task switch_command in 7.295608520507812e-05 seconds.
worker: completed task switch_command in 0.00011110305786132812 seconds.
worker: completed task switch_command in 5.626678466796875e-05 seconds.
worker: completed task switch_command in 6.771087646484375e-05 seconds.
worker: completed task switch_command in 5.53131103515625e-05 seconds.
worker: completed task switch_command in 8.7738037109375e-05 seconds.
worker: completed task switch_command in 4.7206878662109375e-05 seconds.
worker: completed task switch_command in 4.601478576660156e-05 seconds.
worker: completed task switch_command in 9.918212890625e-05 seconds.
worker: completed task switch_command in 5.4836273193359375e-05 seconds.
worker: completed task switch_command in 5.221366882324219e-05 seconds.
worker: completed task switch_command in 4.458427429199219e-05 seconds.
worker: completed task switch_command in 4.839897155761719e-05 seconds.
worker: completed task switch_command in 5.412101745605469e-05 seconds.
worker: completed task switch_command in 4.6253204345703125e-05 seconds.
worker: completed task switch_command in 9.72747802734375e-05 seconds.
worker: completed task switch_command in 5.316734313964844e-05 seconds.
worker: completed task switch_command in 0.00011348724365234375 seconds.
worker: completed task switch_command in 5.412101745605469e-05 seconds.
worker: completed task switch_command in 4.291534423828125e-05 seconds.
worker: completed task switch_command in 4.410743713378906e-05 seconds.
worker: completed task switch_command in 4.601478576660156e-05 seconds.
worker: completed task switch_command in 9.655952453613281e-05 seconds.
worker: completed task switch_command in 5.245208740234375e-05 seconds.
worker: completed task switch_command in 4.7206878662109375e-05 seconds.
worker: completed task switch_command in 5.412101745605469e-05 seconds.
worker: completed task switch_command in 4.506111145019531e-05 seconds.
worker: completed task switch_command in 4.792213439941406e-05 seconds.
worker: completed task switch_command in 4.220008850097656e-05 seconds.
worker: completed task switch_command in 0.0001227855682373047 seconds.
worker: completed task switch_command in 5.245208740234375e-05 seconds.
worker: completed task switch_command in 4.4345855712890625e-05 seconds.
worker: completed task switch_command in 5.14984130859375e-05 seconds.
worker: completed task switch_command in 4.506111145019531e-05 seconds.
worker: completed task switch_command in 4.7206878662109375e-05 seconds.
worker: completed task switch_command in 4.7206878662109375e-05 seconds.
worker: completed task switch_command in 9.322166442871094e-05 seconds.
worker: completed task switch_command in 4.9114227294921875e-05 seconds.
worker: completed task switch_command in 4.76837158203125e-05 seconds.
worker: completed task switch_command in 4.410743713378906e-05 seconds.
worker: completed task switch_command in 4.57763671875e-05 seconds.
worker: completed task switch_command in 4.6253204345703125e-05 seconds.
worker: completed task switch_command in 7.414817810058594e-05 seconds.
worker: completed task switch_command in 0.00010132789611816406 seconds.
worker: completed task switch_command in 5.078315734863281e-05 seconds.
worker: completed task switch_command in 4.76837158203125e-05 seconds.
worker: completed task switch_command in 4.553794860839844e-05 seconds.
worker: completed task switch_command in 4.9114227294921875e-05 seconds.
worker: completed task switch_command in 4.363059997558594e-05 seconds.
worker: completed task switch_command in 4.553794860839844e-05 seconds.
worker: completed task switch_command in 0.000102996826171875 seconds.
worker: completed task switch_command in 5.745887756347656e-05 seconds.
worker: completed task switch_command in 4.7206878662109375e-05 seconds.
worker: completed task switch_command in 4.696846008300781e-05 seconds.
worker: completed task switch_command in 4.506111145019531e-05 seconds.
worker: completed task switch_command in 6.508827209472656e-05 seconds.
worker: completed task switch_command in 5.054473876953125e-05 seconds.
worker: completed task switch_command in 9.679794311523438e-05 seconds.
worker: completed task switch_command in 5.1021575927734375e-05 seconds.
worker: completed task switch_command in 4.8160552978515625e-05 seconds.
worker: completed task switch_command in 4.482269287109375e-05 seconds.
worker: completed task switch_command in 4.7206878662109375e-05 seconds.
worker: completed task switch_command in 4.887580871582031e-05 seconds.
worker: completed task switch_command in 5.030632019042969e-05 seconds.
worker: completed task switch_command in 9.417533874511719e-05 seconds.
worker: completed task switch_command in 4.76837158203125e-05 seconds.
worker: completed task switch_command in 4.696846008300781e-05 seconds.
worker: completed task switch_command in 0.0002925395965576172 seconds.
worker: completed task switch_command in 4.506111145019531e-05 seconds.
worker: completed task switch_command in 4.410743713378906e-05 seconds.
worker: completed task switch_command in 4.363059997558594e-05 seconds.
worker: completed task switch_command in 9.512901306152344e-05 seconds.
worker: completed task switch_command in 5.125999450683594e-05 seconds.
worker: completed task switch_command in 4.458427429199219e-05 seconds.
worker: completed task switch_command in 7.295608520507812e-05 seconds.
worker: completed task switch_command in 5.054473876953125e-05 seconds.
worker: completed task switch_command in 5.030632019042969e-05 seconds.
worker: completed task switch_command in 4.38690185546875e-05 seconds.
worker: completed task switch_command in 9.989738464355469e-05 seconds.
worker: completed task switch_command in 7.414817810058594e-05 seconds.
worker: completed task switch_command in 4.9591064453125e-05 seconds.
worker: completed task switch_command in 4.76837158203125e-05 seconds.
worker: completed task switch_command in 4.601478576660156e-05 seconds.
worker: completed task switch_command in 4.315376281738281e-05 seconds.
worker: completed task switch_command in 4.482269287109375e-05 seconds.
worker: completed task switch_command in 9.441375732421875e-05 seconds.
worker: completed task switch_command in 6.198883056640625e-05 seconds.
worker: completed task switch_command in 4.744529724121094e-05 seconds.
worker: completed task switch_command in 6.890296936035156e-05 seconds.
worker: completed task switch_command in 5.245208740234375e-05 seconds.
worker: completed task switch_command in 4.9114227294921875e-05 seconds.
worker: completed task switch_command in 4.76837158203125e-05 seconds.
worker: completed task switch_command in 0.00012373924255371094 seconds.
worker: completed task switch_command in 5.7697296142578125e-05 seconds.
worker: completed task switch_command in 4.506111145019531e-05 seconds.
worker: completed task switch_command in 5.316734313964844e-05 seconds.
worker: completed task switch_command in 4.506111145019531e-05 seconds.
worker: completed task switch_command in 6.461143493652344e-05 seconds.
worker: completed task switch_command in 4.9591064453125e-05 seconds.
worker: completed task switch_command in 9.703636169433594e-05 seconds.
worker: completed task switch_command in 4.935264587402344e-05 seconds.
worker: completed task switch_command in 5.054473876953125e-05 seconds.
worker: completed task switch_command in 4.553794860839844e-05 seconds.
worker: completed task switch_command in 4.57763671875e-05 seconds.
worker: completed task switch_command in 5.7220458984375e-05 seconds.
worker: completed task switch_command in 6.818771362304688e-05 seconds.
worker: completed task switch_command in 0.00010061264038085938 seconds.
worker: completed task switch_command in 5.2928924560546875e-05 seconds.
worker: completed task switch_command in 4.9591064453125e-05 seconds.
worker: completed task switch_command in 4.792213439941406e-05 seconds.
worker: completed task switch_command in 5.0067901611328125e-05 seconds.
worker: completed task switch_command in 4.839897155761719e-05 seconds.
worker: completed task switch_command in 4.506111145019531e-05 seconds.
worker: completed task probe in 7.033348083496094e-05 seconds.
worker: completed task probe in 4.57763671875e-05 seconds.
worker: completed task probe in 8.20159912109375e-05 seconds.
worker: completed task probe in 3.743171691894531e-05 seconds.
worker: completed task probe in 3.62396240234375e-05 seconds.
worker: completed task probe in 3.266334533691406e-05 seconds.
worker: completed task probe in 3.24249267578125e-05 seconds.
worker: completed task probe in 3.1948089599609375e-05 seconds.
worker: completed task probe in 3.123283386230469e-05 seconds.
worker: completed task probe in 3.0994415283203125e-05 seconds.
worker: completed task probe in 3.0994415283203125e-05 seconds.
worker: completed task probe in 3.123283386230469e-05 seconds.
worker: completed task probe in 3.0517578125e-05 seconds.
worker: completed task probe in 3.075599670410156e-05 seconds.
worker: completed task probe in 3.314018249511719e-05 seconds.
worker: completed task probe in 3.123283386230469e-05 seconds.
worker: completed task probe in 3.743171691894531e-05 seconds.
worker: completed task probe in 3.170967102050781e-05 seconds.
worker: completed task probe in 3.123283386230469e-05 seconds.
worker: completed task probe in 3.075599670410156e-05 seconds.
worker: completed task probe in 3.147125244140625e-05 seconds.
worker: completed task probe in 3.0040740966796875e-05 seconds.
worker: completed task probe in 5.8650970458984375e-05 seconds.
worker: completed task probe in 3.6716461181640625e-05 seconds.
worker: completed task probe in 3.1948089599609375e-05 seconds.
worker: completed task probe in 3.147125244140625e-05 seconds.
worker: completed task probe in 3.123283386230469e-05 seconds.
worker: completed task probe in 3.0994415283203125e-05 seconds.
worker: completed task probe in 3.4809112548828125e-05 seconds.
worker: completed task probe in 3.147125244140625e-05 seconds.
worker: completed task probe in 3.361701965332031e-05 seconds.
worker: completed task probe in 3.0279159545898438e-05 seconds.
worker: completed task probe in 3.0279159545898438e-05 seconds.
worker: completed task probe in 2.9802322387695312e-05 seconds.
worker: completed task probe in 4.553794860839844e-05 seconds.
worker: completed task probe in 3.7670135498046875e-05 seconds.
worker: completed task probe in 3.314018249511719e-05 seconds.
worker: completed task probe in 3.552436828613281e-05 seconds.
worker: completed task probe in 3.1948089599609375e-05 seconds.
worker: completed task probe in 3.075599670410156e-05 seconds.
worker: completed task probe in 3.457069396972656e-05 seconds.
worker: completed task probe in 3.147125244140625e-05 seconds.
worker: completed task probe in 3.314018249511719e-05 seconds.
worker: completed task probe in 3.337860107421875e-05 seconds.
worker: completed task probe in 3.3855438232421875e-05 seconds.
worker: completed task probe in 3.0517578125e-05 seconds.
worker: completed task probe in 3.457069396972656e-05 seconds.
worker: completed task probe in 3.170967102050781e-05 seconds.
worker: completed task probe in 3.170967102050781e-05 seconds.
worker: completed task probe in 3.123283386230469e-05 seconds.
worker: completed task probe in 3.814697265625e-05 seconds.
worker: completed task probe in 3.170967102050781e-05 seconds.
worker: completed task probe in 3.4809112548828125e-05 seconds.
worker: completed task probe in 3.123283386230469e-05 seconds.
worker: completed task probe in 3.0517578125e-05 seconds.
worker: completed task probe in 3.3855438232421875e-05 seconds.
worker: completed task probe in 3.409385681152344e-05 seconds.
worker: completed task probe in 3.075599670410156e-05 seconds.
worker: completed task probe in 3.361701965332031e-05 seconds.
worker: completed task probe in 4.9591064453125e-05 seconds.
worker: completed task probe in 3.123283386230469e-05 seconds.
worker: completed task probe in 4.649162292480469e-05 seconds.
worker: completed task probe in 3.933906555175781e-05 seconds.
worker: completed task probe in 3.266334533691406e-05 seconds.
worker: completed task probe in 3.5762786865234375e-05 seconds.
worker: completed task probe in 3.814697265625e-05 seconds.
worker: completed task probe in 3.0279159545898438e-05 seconds.
worker: completed task probe in 3.0279159545898438e-05 seconds.
worker: completed task probe in 3.266334533691406e-05 seconds.
worker: completed task probe in 3.147125244140625e-05 seconds.
worker: completed task probe in 3.981590270996094e-05 seconds.
worker: completed task probe in 3.075599670410156e-05 seconds.
worker: completed task probe in 3.0279159545898438e-05 seconds.
worker: completed task probe in 3.0040740966796875e-05 seconds.
worker: completed task probe in 2.9802322387695312e-05 seconds.
worker: completed task probe in 3.0279159545898438e-05 seconds.
worker: completed task probe in 3.5762786865234375e-05 seconds.
worker: completed task probe in 3.218650817871094e-05 seconds.
worker: completed task probe in 3.504753112792969e-05 seconds.
worker: completed task probe in 3.075599670410156e-05 seconds.
worker: completed task probe in 3.075599670410156e-05 seconds.
worker: completed task probe in 3.457069396972656e-05 seconds.
worker: completed task probe in 3.361701965332031e-05 seconds.
worker: completed task probe in 3.0517578125e-05 seconds.
worker: completed task probe in 3.0279159545898438e-05 seconds.
worker: completed task probe in 2.956390380859375e-05 seconds.
worker: completed task probe in 3.695487976074219e-05 seconds.
worker: completed task probe in 2.9802322387695312e-05 seconds.
worker: completed task probe in 3.24249267578125e-05 seconds.
worker: completed task probe in 3.123283386230469e-05 seconds.
worker: completed task probe in 3.266334533691406e-05 seconds.
worker: completed task probe in 3.0040740966796875e-05 seconds.
worker: completed task probe in 3.075599670410156e-05 seconds.
worker: completed task probe in 4.1484832763671875e-05 seconds.
worker: completed task probe in 5.91278076171875e-05 seconds.
worker: completed task probe in 3.4809112548828125e-05 seconds.
worker: completed task probe in 3.147125244140625e-05 seconds.
worker: completed task probe in 3.7670135498046875e-05 seconds.
worker: completed task probe in 3.075599670410156e-05 seconds.
worker: completed task probe in 4.076957702636719e-05 seconds.
worker: completed task probe in 4.076957702636719e-05 seconds.
worker: completed task probe in 3.814697265625e-05 seconds.
worker: completed task probe in 3.075599670410156e-05 seconds.
worker: completed task probe in 3.0040740966796875e-05 seconds.
worker: completed task probe in 3.0279159545898438e-05 seconds.
worker: completed task probe in 3.075599670410156e-05 seconds.
worker: completed task probe in 3.647804260253906e-05 seconds.
worker: completed task probe in 3.266334533691406e-05 seconds.
worker: completed task probe in 3.0517578125e-05 seconds.
worker: completed task probe in 2.9802322387695312e-05 seconds.
worker: completed task probe in 2.9325485229492188e-05 seconds.
worker: completed task probe in 2.8848648071289062e-05 seconds.
worker: completed task probe in 3.1948089599609375e-05 seconds.
worker: completed task probe in 2.956390380859375e-05 seconds.
worker: completed task probe in 2.956390380859375e-05 seconds.
worker: completed task probe in 2.956390380859375e-05 seconds.
worker: completed task probe in 3.0040740966796875e-05 seconds.
worker: completed task probe in 3.4809112548828125e-05 seconds.
worker: completed task probe in 3.600120544433594e-05 seconds.
worker: completed task probe in 3.600120544433594e-05 seconds.
worker: completed task probe in 3.075599670410156e-05 seconds.
worker: completed task probe in 3.075599670410156e-05 seconds.
worker: completed task probe in 3.0517578125e-05 seconds.
worker: completed task probe in 2.9802322387695312e-05 seconds.
worker: completed task probe in 4.363059997558594e-05 seconds.
worker: completed task probe in 3.0994415283203125e-05 seconds.
worker: completed task probe in 3.0040740966796875e-05 seconds.
worker: completed task probe in 3.2901763916015625e-05 seconds.
worker: completed task probe in 3.600120544433594e-05 seconds.
worker: completed task probe in 3.0040740966796875e-05 seconds.
worker: completed task probe in 3.24249267578125e-05 seconds.
worker: completed task probe in 3.075599670410156e-05 seconds.
worker: completed task probe in 3.4332275390625e-05 seconds.
worker: completed task probe in 2.9802322387695312e-05 seconds.
worker: completed task probe in 2.9087066650390625e-05 seconds.
worker: completed task probe in 3.0040740966796875e-05 seconds.
worker: completed task probe in 3.361701965332031e-05 seconds.
worker: completed task links in 0.00025773048400878906 seconds.
worker: completed task generators in 0.001795053482055664 seconds.
worker: completed task links in 0.00022172927856445312 seconds.
veriflow: built 7973 rules, stamps {'impl': 'reimpl-literature', 'vf_mode': 'bulk', 'vf_node': 'table', 'vf_ports': 'field', 'vf_fields': "4+10:trie=['packet.ipv6.source', 'packet.ipv6.destination', 'packet.ipv6.icmpv6.type'],scan=['related', 'packet.ipv6.proto', 'packet.upper.dport', 'packet.upper.sport', 'module.limit', 'module.ipv6header.header', 'in_port', 'out_port', 'module.ipv6header.rt.type', 'module.ipv6header.rt.segsleft']", 'vf_slicing': 'device', 'vf_invert_lpm': False, 'vf_lpm_tables_ordered': 0, 'vf_lpm_rules_ordered': 0, 'vf_field_order': ['related', 'packet.ipv6.source', 'packet.ipv6.destination', 'packet.ipv6.proto', 'packet.ipv6.icmpv6.type', 'packet.upper.dport', 'packet.upper.sport', 'module.limit', 'module.ipv6header.header', 'in_port', 'out_port', 'module.ipv6header.rt.type', 'module.ipv6header.rt.segsleft'], 'vf_inport_expansion': 1.001, 'vf_budget': 0, 'vf_revisit': 'state'}
worker: completed task check_compliance in 392.96307396888733 seconds.
worker: completed task report in 0.001657247543334961 seconds.
worker: initiate stopping
worker: completed task stop in 0.00010514259338378906 seconds.
worker: stop handler after 395.40510177612305 seconds.
master: close receiving socket
master: join queue
master: join handler thread
master: finished run
master: stop reporter
