backend: netplumber {'impl': 'authors+fave', 'upstream': 'hassel-public master 697b35c9', 'np_invert_lpm': False}
master: open and bind unix socket
master: start handler thread
master: listen on socket
worker: completed task packet_filter in 0.19951796531677246 seconds.
worker: completed task switch in 0.0012288093566894531 seconds.
worker: completed task switch in 7.343292236328125e-05 seconds.
worker: completed task packet_filter in 0.012910127639770508 seconds.
worker: completed task packet_filter in 0.034508466720581055 seconds.
worker: completed task packet_filter in 0.0019252300262451172 seconds.
worker: completed task packet_filter in 0.0015168190002441406 seconds.
worker: completed task packet_filter in 0.001459360122680664 seconds.
worker: completed task packet_filter in 0.0013833045959472656 seconds.
worker: completed task packet_filter in 0.0016510486602783203 seconds.
worker: completed task packet_filter in 0.0013799667358398438 seconds.
worker: completed task packet_filter in 0.0013384819030761719 seconds.
worker: completed task switch in 7.128715515136719e-05 seconds.
worker: completed task packet_filter in 0.002277851104736328 seconds.
worker: completed task packet_filter in 0.002244234085083008 seconds.
worker: completed task packet_filter in 0.0029451847076416016 seconds.
worker: completed task packet_filter in 0.002221345901489258 seconds.
worker: completed task packet_filter in 0.0028562545776367188 seconds.
worker: completed task packet_filter in 0.0011425018310546875 seconds.
worker: completed task switch in 6.389617919921875e-05 seconds.
worker: completed task packet_filter in 0.0023758411407470703 seconds.
worker: completed task packet_filter in 0.0022728443145751953 seconds.
worker: completed task packet_filter in 0.002850770950317383 seconds.
worker: completed task packet_filter in 0.0023114681243896484 seconds.
worker: completed task packet_filter in 0.002871274948120117 seconds.
worker: completed task packet_filter in 0.0011489391326904297 seconds.
worker: completed task switch in 6.318092346191406e-05 seconds.
worker: completed task packet_filter in 0.002321004867553711 seconds.
worker: completed task packet_filter in 0.002286672592163086 seconds.
worker: completed task packet_filter in 0.003147602081298828 seconds.
worker: completed task packet_filter in 0.0022416114807128906 seconds.
worker: completed task packet_filter in 0.002830982208251953 seconds.
worker: completed task packet_filter in 0.0012614727020263672 seconds.
worker: completed task switch in 6.508827209472656e-05 seconds.
worker: completed task packet_filter in 0.002327442169189453 seconds.
worker: completed task packet_filter in 0.0022385120391845703 seconds.
worker: completed task packet_filter in 0.002811908721923828 seconds.
worker: completed task packet_filter in 0.0022363662719726562 seconds.
worker: completed task packet_filter in 0.0027687549591064453 seconds.
worker: completed task packet_filter in 0.0011394023895263672 seconds.
worker: completed task switch in 7.2479248046875e-05 seconds.
worker: completed task packet_filter in 0.0022928714752197266 seconds.
worker: completed task packet_filter in 0.002264261245727539 seconds.
worker: completed task packet_filter in 0.002819061279296875 seconds.
worker: completed task packet_filter in 0.002231121063232422 seconds.
worker: completed task packet_filter in 0.0027763843536376953 seconds.
worker: completed task packet_filter in 0.0011255741119384766 seconds.
worker: completed task switch in 6.723403930664062e-05 seconds.
worker: completed task packet_filter in 0.002299785614013672 seconds.
worker: completed task packet_filter in 0.0022466182708740234 seconds.
worker: completed task packet_filter in 0.003126382827758789 seconds.
worker: completed task packet_filter in 0.0023317337036132812 seconds.
worker: completed task packet_filter in 0.002797365188598633 seconds.
worker: completed task packet_filter in 0.001108407974243164 seconds.
worker: completed task switch in 6.318092346191406e-05 seconds.
worker: completed task packet_filter in 0.0023679733276367188 seconds.
worker: completed task packet_filter in 0.002310037612915039 seconds.
worker: completed task packet_filter in 0.002846240997314453 seconds.
worker: completed task packet_filter in 0.002348184585571289 seconds.
worker: completed task packet_filter in 0.002867460250854492 seconds.
worker: completed task packet_filter in 0.0010905265808105469 seconds.
worker: completed task switch in 6.270408630371094e-05 seconds.
worker: completed task packet_filter in 0.0023224353790283203 seconds.
worker: completed task packet_filter in 0.0022764205932617188 seconds.
worker: completed task packet_filter in 0.0028269290924072266 seconds.
worker: completed task packet_filter in 0.002364635467529297 seconds.
worker: completed task packet_filter in 0.0028946399688720703 seconds.
worker: completed task packet_filter in 0.0011010169982910156 seconds.
worker: completed task switch in 6.198883056640625e-05 seconds.
worker: completed task packet_filter in 0.002319812774658203 seconds.
worker: completed task packet_filter in 0.002275705337524414 seconds.
worker: completed task packet_filter in 0.0031926631927490234 seconds.
worker: completed task packet_filter in 0.002382516860961914 seconds.
worker: completed task packet_filter in 0.002816438674926758 seconds.
worker: completed task packet_filter in 0.0011126995086669922 seconds.
worker: completed task switch in 6.771087646484375e-05 seconds.
worker: completed task packet_filter in 0.0023174285888671875 seconds.
worker: completed task packet_filter in 0.002409696578979492 seconds.
worker: completed task packet_filter in 0.0029053688049316406 seconds.
worker: completed task packet_filter in 0.002327442169189453 seconds.
worker: completed task packet_filter in 0.002913236618041992 seconds.
worker: completed task packet_filter in 0.001107931137084961 seconds.
worker: completed task switch in 6.508827209472656e-05 seconds.
worker: completed task packet_filter in 0.0023839473724365234 seconds.
worker: completed task packet_filter in 0.0023691654205322266 seconds.
worker: completed task packet_filter in 0.0028533935546875 seconds.
worker: completed task packet_filter in 0.002290487289428711 seconds.
worker: completed task packet_filter in 0.0030291080474853516 seconds.
worker: completed task packet_filter in 0.0011410713195800781 seconds.
worker: completed task switch in 6.532669067382812e-05 seconds.
worker: completed task packet_filter in 0.002380847930908203 seconds.
worker: completed task packet_filter in 0.0023348331451416016 seconds.
worker: completed task packet_filter in 0.0032546520233154297 seconds.
worker: completed task packet_filter in 0.010456085205078125 seconds.
worker: completed task packet_filter in 0.0030252933502197266 seconds.
worker: completed task packet_filter in 0.001150369644165039 seconds.
worker: completed task switch in 6.508827209472656e-05 seconds.
worker: completed task packet_filter in 0.002359151840209961 seconds.
worker: completed task packet_filter in 0.0023818016052246094 seconds.
worker: completed task packet_filter in 0.002943277359008789 seconds.
worker: completed task packet_filter in 0.002407550811767578 seconds.
worker: completed task packet_filter in 0.003130197525024414 seconds.
worker: completed task packet_filter in 0.0013611316680908203 seconds.
worker: completed task switch in 8.416175842285156e-05 seconds.
worker: completed task packet_filter in 0.002901792526245117 seconds.
worker: completed task packet_filter in 0.0024726390838623047 seconds.
worker: completed task packet_filter in 0.0032939910888671875 seconds.
worker: completed task packet_filter in 0.002502918243408203 seconds.
worker: completed task packet_filter in 0.003177642822265625 seconds.
worker: completed task packet_filter in 0.0014581680297851562 seconds.
worker: completed task switch in 8.0108642578125e-05 seconds.
worker: completed task packet_filter in 0.0027840137481689453 seconds.
worker: completed task packet_filter in 0.002637624740600586 seconds.
worker: completed task packet_filter in 0.003086566925048828 seconds.
worker: completed task packet_filter in 0.002655029296875 seconds.
worker: completed task packet_filter in 0.0028226375579833984 seconds.
worker: completed task packet_filter in 0.0011186599731445312 seconds.
worker: completed task switch in 6.246566772460938e-05 seconds.
worker: completed task packet_filter in 0.002364635467529297 seconds.
worker: completed task packet_filter in 0.002274036407470703 seconds.
worker: completed task packet_filter in 0.002892732620239258 seconds.
worker: completed task packet_filter in 0.0022971630096435547 seconds.
worker: completed task packet_filter in 0.002835988998413086 seconds.
worker: completed task packet_filter in 0.0011646747589111328 seconds.
worker: completed task switch in 6.365776062011719e-05 seconds.
worker: completed task packet_filter in 0.0023429393768310547 seconds.
worker: completed task packet_filter in 0.002301454544067383 seconds.
worker: completed task packet_filter in 0.002998828887939453 seconds.
worker: completed task packet_filter in 0.0023164749145507812 seconds.
worker: completed task packet_filter in 0.002882242202758789 seconds.
worker: completed task packet_filter in 0.0011525154113769531 seconds.
worker: completed task switch in 6.365776062011719e-05 seconds.
worker: completed task packet_filter in 0.002328634262084961 seconds.
worker: completed task packet_filter in 0.002303600311279297 seconds.
worker: completed task packet_filter in 0.0029294490814208984 seconds.
worker: completed task packet_filter in 0.0025947093963623047 seconds.
worker: completed task packet_filter in 0.002882242202758789 seconds.
worker: completed task packet_filter in 0.0014414787292480469 seconds.
worker: completed task switch in 6.4849853515625e-05 seconds.
worker: completed task packet_filter in 0.0025954246520996094 seconds.
worker: completed task packet_filter in 0.002419710159301758 seconds.
worker: completed task packet_filter in 0.0031554698944091797 seconds.
worker: completed task packet_filter in 0.0024716854095458984 seconds.
worker: completed task packet_filter in 0.003274202346801758 seconds.
worker: completed task packet_filter in 0.0011806488037109375 seconds.
worker: completed task switch in 7.390975952148438e-05 seconds.
worker: completed task packet_filter in 0.0025310516357421875 seconds.
worker: completed task packet_filter in 0.002503633499145508 seconds.
worker: completed task packet_filter in 0.003122091293334961 seconds.
worker: completed task packet_filter in 0.002499103546142578 seconds.
worker: completed task packet_filter in 0.003206491470336914 seconds.
worker: completed task packet_filter in 0.0013003349304199219 seconds.
worker: completed task switch in 7.82012939453125e-05 seconds.
worker: completed task packet_filter in 0.003072500228881836 seconds.
worker: completed task packet_filter in 0.0025510787963867188 seconds.
worker: completed task packet_filter in 0.0032646656036376953 seconds.
worker: completed task packet_filter in 0.002839326858520508 seconds.
worker: completed task packet_filter in 0.0029206275939941406 seconds.
worker: completed task packet_filter in 0.0011446475982666016 seconds.
worker: completed task links in 0.012726306915283203 seconds.
worker: completed task switch_command in 0.019630908966064453 seconds.
worker: completed task switch_command in 0.0004425048828125 seconds.
worker: completed task switch_command in 0.000156402587890625 seconds.
worker: completed task switch_command in 0.00018739700317382812 seconds.
worker: completed task switch_command in 0.00015020370483398438 seconds.
worker: completed task switch_command in 0.00015878677368164062 seconds.
worker: completed task switch_command in 0.0001468658447265625 seconds.
worker: completed task switch_command in 0.0001430511474609375 seconds.
worker: completed task switch_command in 0.0001392364501953125 seconds.
worker: completed task switch_command in 0.0001819133758544922 seconds.
worker: completed task switch_command in 0.00014734268188476562 seconds.
worker: completed task switch_command in 0.0001552104949951172 seconds.
worker: completed task switch_command in 0.00030040740966796875 seconds.
worker: completed task switch_command in 0.0001628398895263672 seconds.
worker: completed task switch_command in 0.00015974044799804688 seconds.
worker: completed task switch_command in 0.0001499652862548828 seconds.
worker: completed task switch_command in 0.00017189979553222656 seconds.
worker: completed task switch_command in 0.00018262863159179688 seconds.
worker: completed task switch_command in 0.00013947486877441406 seconds.
worker: completed task switch_command in 0.0003154277801513672 seconds.
worker: completed task switch_command in 0.000164031982421875 seconds.
worker: completed task switch_command in 0.000179290771484375 seconds.
worker: completed task switch_command in 0.00020813941955566406 seconds.
worker: completed task switch_command in 0.00016546249389648438 seconds.
worker: completed task switch_command in 0.00015616416931152344 seconds.
worker: completed task switch_command in 0.00013589859008789062 seconds.
worker: completed task switch_command in 0.00030231475830078125 seconds.
worker: completed task switch_command in 0.00016379356384277344 seconds.
worker: completed task switch_command in 0.00015997886657714844 seconds.
worker: completed task switch_command in 0.0001704692840576172 seconds.
worker: completed task switch_command in 0.00015306472778320312 seconds.
worker: completed task switch_command in 0.0001690387725830078 seconds.
worker: completed task switch_command in 0.00015234947204589844 seconds.
worker: completed task switch_command in 0.00030303001403808594 seconds.
worker: completed task switch_command in 0.00020313262939453125 seconds.
worker: completed task switch_command in 0.00016808509826660156 seconds.
worker: completed task switch_command in 0.00017547607421875 seconds.
worker: completed task switch_command in 0.0001575946807861328 seconds.
worker: completed task switch_command in 0.000152587890625 seconds.
worker: completed task switch_command in 0.0001399517059326172 seconds.
worker: completed task switch_command in 0.00030684471130371094 seconds.
worker: completed task switch_command in 0.00017571449279785156 seconds.
worker: completed task switch_command in 0.00016021728515625 seconds.
worker: completed task switch_command in 0.00016641616821289062 seconds.
worker: completed task switch_command in 0.0001518726348876953 seconds.
worker: completed task switch_command in 0.00015497207641601562 seconds.
worker: completed task switch_command in 0.00016570091247558594 seconds.
worker: completed task switch_command in 0.0003399848937988281 seconds.
worker: completed task switch_command in 0.0001685619354248047 seconds.
worker: completed task switch_command in 0.00015854835510253906 seconds.
worker: completed task switch_command in 0.00016570091247558594 seconds.
worker: completed task switch_command in 0.00016880035400390625 seconds.
worker: completed task switch_command in 0.00016236305236816406 seconds.
worker: completed task switch_command in 0.00015020370483398438 seconds.
worker: completed task switch_command in 0.0002963542938232422 seconds.
worker: completed task switch_command in 0.0001614093780517578 seconds.
worker: completed task switch_command in 0.00016117095947265625 seconds.
worker: completed task switch_command in 0.00015687942504882812 seconds.
worker: completed task switch_command in 0.00015735626220703125 seconds.
worker: completed task switch_command in 0.0001800060272216797 seconds.
worker: completed task switch_command in 0.00017714500427246094 seconds.
worker: completed task switch_command in 0.0002956390380859375 seconds.
worker: completed task switch_command in 0.00015544891357421875 seconds.
worker: completed task switch_command in 0.000152587890625 seconds.
worker: completed task switch_command in 0.00015997886657714844 seconds.
worker: completed task switch_command in 0.00017380714416503906 seconds.
worker: completed task switch_command in 0.00016617774963378906 seconds.
worker: completed task switch_command in 0.00014138221740722656 seconds.
worker: completed task switch_command in 0.0002942085266113281 seconds.
worker: completed task switch_command in 0.00016045570373535156 seconds.
worker: completed task switch_command in 0.00016427040100097656 seconds.
worker: completed task switch_command in 0.00018095970153808594 seconds.
worker: completed task switch_command in 0.00018668174743652344 seconds.
worker: completed task switch_command in 0.0001614093780517578 seconds.
worker: completed task switch_command in 0.0001342296600341797 seconds.
worker: completed task switch_command in 0.0003066062927246094 seconds.
worker: completed task switch_command in 0.00017452239990234375 seconds.
worker: completed task switch_command in 0.00016427040100097656 seconds.
worker: completed task switch_command in 0.0001678466796875 seconds.
worker: completed task switch_command in 0.0001595020294189453 seconds.
worker: completed task switch_command in 0.00016117095947265625 seconds.
worker: completed task switch_command in 0.00016021728515625 seconds.
worker: completed task switch_command in 0.0003058910369873047 seconds.
worker: completed task switch_command in 0.0001685619354248047 seconds.
worker: completed task switch_command in 0.00019121170043945312 seconds.
worker: completed task switch_command in 0.00016808509826660156 seconds.
worker: completed task switch_command in 0.00015664100646972656 seconds.
worker: completed task switch_command in 0.0001685619354248047 seconds.
worker: completed task switch_command in 0.00014328956604003906 seconds.
worker: completed task switch_command in 0.00029659271240234375 seconds.
worker: completed task switch_command in 0.00017213821411132812 seconds.
worker: completed task switch_command in 0.00016355514526367188 seconds.
worker: completed task switch_command in 0.00017070770263671875 seconds.
worker: completed task switch_command in 0.00015282630920410156 seconds.
worker: completed task switch_command in 0.0001544952392578125 seconds.
worker: completed task switch_command in 0.0001461505889892578 seconds.
worker: completed task switch_command in 0.0005924701690673828 seconds.
worker: completed task switch_command in 0.00016689300537109375 seconds.
worker: completed task switch_command in 0.00016307830810546875 seconds.
worker: completed task switch_command in 0.00016951560974121094 seconds.
worker: completed task switch_command in 0.0001590251922607422 seconds.
worker: completed task switch_command in 0.0001735687255859375 seconds.
worker: completed task switch_command in 0.0001506805419921875 seconds.
worker: completed task switch_command in 0.0003008842468261719 seconds.
worker: completed task switch_command in 0.00017023086547851562 seconds.
worker: completed task switch_command in 0.00015425682067871094 seconds.
worker: completed task switch_command in 0.00017452239990234375 seconds.
worker: completed task switch_command in 0.00016355514526367188 seconds.
worker: completed task switch_command in 0.00015735626220703125 seconds.
worker: completed task switch_command in 0.00015234947204589844 seconds.
worker: completed task switch_command in 0.0011296272277832031 seconds.
worker: completed task switch_command in 0.00019359588623046875 seconds.
worker: completed task switch_command in 0.00016498565673828125 seconds.
worker: completed task switch_command in 0.00016641616821289062 seconds.
worker: completed task switch_command in 0.00015306472778320312 seconds.
worker: completed task switch_command in 0.00016307830810546875 seconds.
worker: completed task switch_command in 0.0001544952392578125 seconds.
worker: completed task switch_command in 0.00033473968505859375 seconds.
worker: completed task switch_command in 0.00016355514526367188 seconds.
worker: completed task switch_command in 0.000148773193359375 seconds.
worker: completed task switch_command in 0.0001628398895263672 seconds.
worker: completed task switch_command in 0.00015020370483398438 seconds.
worker: completed task switch_command in 0.00015854835510253906 seconds.
worker: completed task switch_command in 0.00018930435180664062 seconds.
worker: completed task switch_command in 0.0003077983856201172 seconds.
worker: completed task switch_command in 0.00017118453979492188 seconds.
worker: completed task switch_command in 0.0001647472381591797 seconds.
worker: completed task switch_command in 0.0001728534698486328 seconds.
worker: completed task switch_command in 0.00015497207641601562 seconds.
worker: completed task switch_command in 0.00016307830810546875 seconds.
worker: completed task switch_command in 0.0001513957977294922 seconds.
worker: completed task switch_command in 0.0003097057342529297 seconds.
worker: completed task switch_command in 0.0001671314239501953 seconds.
worker: completed task switch_command in 0.0001595020294189453 seconds.
worker: completed task switch_command in 0.00016045570373535156 seconds.
worker: completed task switch_command in 0.0001850128173828125 seconds.
worker: completed task switch_command in 0.0001666545867919922 seconds.
worker: completed task switch_command in 0.00015401840209960938 seconds.
worker: completed task switch_command in 0.00029015541076660156 seconds.
worker: completed task switch_command in 0.00016355514526367188 seconds.
worker: completed task switch_command in 0.00015497207641601562 seconds.
worker: completed task switch_command in 0.00016689300537109375 seconds.
worker: completed task switch_command in 0.0001690387725830078 seconds.
worker: completed task switch_command in 0.0001552104949951172 seconds.
worker: completed task switch_command in 0.00013208389282226562 seconds.
worker: completed task switch_command in 0.0002932548522949219 seconds.
worker: completed task switch_command in 0.00015282630920410156 seconds.
worker: completed task switch_command in 0.00020170211791992188 seconds.
worker: completed task switch_command in 0.00016307830810546875 seconds.
worker: completed task switch_command in 0.00014781951904296875 seconds.
worker: completed task switch_command in 0.00016021728515625 seconds.
worker: completed task switch_command in 0.00014781951904296875 seconds.
worker: completed task switch_command in 0.00029468536376953125 seconds.
worker: completed task switch_command in 0.00017023086547851562 seconds.
worker: completed task switch_command in 0.0001513957977294922 seconds.
worker: completed task switch_command in 0.00015783309936523438 seconds.
worker: completed task switch_command in 0.00015497207641601562 seconds.
worker: completed task switch_command in 0.00014925003051757812 seconds.
worker: completed task switch_command in 0.00014853477478027344 seconds.
worker: completed task probe in 0.00015926361083984375 seconds.
worker: completed task probe in 0.00011777877807617188 seconds.
worker: completed task probe in 0.0001552104949951172 seconds.
worker: completed task probe in 9.72747802734375e-05 seconds.
worker: completed task probe in 8.535385131835938e-05 seconds.
worker: completed task probe in 8.726119995117188e-05 seconds.
worker: completed task probe in 8.368492126464844e-05 seconds.
worker: completed task probe in 9.250640869140625e-05 seconds.
worker: completed task probe in 0.000110626220703125 seconds.
worker: completed task probe in 8.177757263183594e-05 seconds.
worker: completed task probe in 7.677078247070312e-05 seconds.
worker: completed task probe in 7.82012939453125e-05 seconds.
worker: completed task probe in 7.82012939453125e-05 seconds.
worker: completed task probe in 8.225440979003906e-05 seconds.
worker: completed task probe in 0.00010251998901367188 seconds.
worker: completed task probe in 0.00011968612670898438 seconds.
worker: completed task probe in 0.00010561943054199219 seconds.
worker: completed task probe in 8.487701416015625e-05 seconds.
worker: completed task probe in 7.700920104980469e-05 seconds.
worker: completed task probe in 7.867813110351562e-05 seconds.
worker: completed task probe in 8.225440979003906e-05 seconds.
worker: completed task probe in 7.724761962890625e-05 seconds.
worker: completed task probe in 8.416175842285156e-05 seconds.
worker: completed task probe in 7.748603820800781e-05 seconds.
worker: completed task probe in 8.678436279296875e-05 seconds.
worker: completed task probe in 7.700920104980469e-05 seconds.
worker: completed task probe in 7.772445678710938e-05 seconds.
worker: completed task probe in 8.320808410644531e-05 seconds.
worker: completed task probe in 0.00010943412780761719 seconds.
worker: completed task probe in 9.322166442871094e-05 seconds.
worker: completed task probe in 8.845329284667969e-05 seconds.
worker: completed task probe in 8.749961853027344e-05 seconds.
worker: completed task probe in 8.106231689453125e-05 seconds.
worker: completed task probe in 7.557868957519531e-05 seconds.
worker: completed task probe in 8.320808410644531e-05 seconds.
worker: completed task probe in 7.677078247070312e-05 seconds.
worker: completed task probe in 7.62939453125e-05 seconds.
worker: completed task probe in 7.772445678710938e-05 seconds.
worker: completed task probe in 8.726119995117188e-05 seconds.
worker: completed task probe in 8.058547973632812e-05 seconds.
worker: completed task probe in 8.296966552734375e-05 seconds.
worker: completed task probe in 7.510185241699219e-05 seconds.
worker: completed task probe in 7.748603820800781e-05 seconds.
worker: completed task probe in 9.822845458984375e-05 seconds.
worker: completed task probe in 8.893013000488281e-05 seconds.
worker: completed task probe in 0.00010013580322265625 seconds.
worker: completed task probe in 9.322166442871094e-05 seconds.
worker: completed task probe in 8.273124694824219e-05 seconds.
worker: completed task probe in 8.440017700195312e-05 seconds.
worker: completed task probe in 7.891654968261719e-05 seconds.
worker: completed task probe in 7.62939453125e-05 seconds.
worker: completed task probe in 7.43865966796875e-05 seconds.
worker: completed task probe in 7.796287536621094e-05 seconds.
worker: completed task probe in 7.748603820800781e-05 seconds.
worker: completed task probe in 7.486343383789062e-05 seconds.
worker: completed task probe in 7.653236389160156e-05 seconds.
worker: completed task probe in 7.796287536621094e-05 seconds.
worker: completed task probe in 7.772445678710938e-05 seconds.
worker: completed task probe in 9.34600830078125e-05 seconds.
worker: completed task probe in 9.417533874511719e-05 seconds.
worker: completed task probe in 0.00010275840759277344 seconds.
worker: completed task probe in 9.1552734375e-05 seconds.
worker: completed task probe in 8.702278137207031e-05 seconds.
worker: completed task probe in 8.153915405273438e-05 seconds.
worker: completed task probe in 8.0108642578125e-05 seconds.
worker: completed task probe in 7.534027099609375e-05 seconds.
worker: completed task probe in 7.987022399902344e-05 seconds.
worker: completed task probe in 7.557868957519531e-05 seconds.
worker: completed task probe in 8.320808410644531e-05 seconds.
worker: completed task probe in 7.534027099609375e-05 seconds.
worker: completed task probe in 9.489059448242188e-05 seconds.
worker: completed task probe in 7.891654968261719e-05 seconds.
worker: completed task probe in 7.557868957519531e-05 seconds.
worker: completed task probe in 8.20159912109375e-05 seconds.
worker: completed task probe in 9.465217590332031e-05 seconds.
worker: completed task probe in 9.560585021972656e-05 seconds.
worker: completed task probe in 9.72747802734375e-05 seconds.
worker: completed task probe in 0.00011134147644042969 seconds.
worker: completed task probe in 8.153915405273438e-05 seconds.
worker: completed task probe in 7.653236389160156e-05 seconds.
worker: completed task probe in 8.654594421386719e-05 seconds.
worker: completed task probe in 7.510185241699219e-05 seconds.
worker: completed task probe in 7.772445678710938e-05 seconds.
worker: completed task probe in 7.510185241699219e-05 seconds.
worker: completed task probe in 7.891654968261719e-05 seconds.
worker: completed task probe in 7.724761962890625e-05 seconds.
worker: completed task probe in 7.724761962890625e-05 seconds.
worker: completed task probe in 7.534027099609375e-05 seconds.
worker: completed task probe in 9.632110595703125e-05 seconds.
worker: completed task probe in 9.632110595703125e-05 seconds.
worker: completed task probe in 9.107589721679688e-05 seconds.
worker: completed task probe in 0.00010228157043457031 seconds.
worker: completed task probe in 8.058547973632812e-05 seconds.
worker: completed task probe in 7.581710815429688e-05 seconds.
worker: completed task probe in 8.249282836914062e-05 seconds.
worker: completed task probe in 7.534027099609375e-05 seconds.
worker: completed task probe in 7.462501525878906e-05 seconds.
worker: completed task probe in 7.677078247070312e-05 seconds.
worker: completed task probe in 7.939338684082031e-05 seconds.
worker: completed task probe in 7.82012939453125e-05 seconds.
worker: completed task probe in 8.058547973632812e-05 seconds.
worker: completed task probe in 7.772445678710938e-05 seconds.
worker: completed task probe in 9.036064147949219e-05 seconds.
worker: completed task probe in 9.489059448242188e-05 seconds.
worker: completed task probe in 9.34600830078125e-05 seconds.
worker: completed task probe in 9.012222290039062e-05 seconds.
worker: completed task probe in 0.0001087188720703125 seconds.
worker: completed task probe in 7.939338684082031e-05 seconds.
worker: completed task probe in 7.510185241699219e-05 seconds.
worker: completed task probe in 8.988380432128906e-05 seconds.
worker: completed task probe in 7.677078247070312e-05 seconds.
worker: completed task probe in 7.62939453125e-05 seconds.
worker: completed task probe in 8.559226989746094e-05 seconds.
worker: completed task probe in 7.62939453125e-05 seconds.
worker: completed task probe in 7.772445678710938e-05 seconds.
worker: completed task probe in 7.486343383789062e-05 seconds.
worker: completed task probe in 7.700920104980469e-05 seconds.
worker: completed task probe in 7.724761962890625e-05 seconds.
worker: completed task probe in 0.00010442733764648438 seconds.
worker: completed task probe in 0.00010991096496582031 seconds.
worker: completed task probe in 8.58306884765625e-05 seconds.
worker: completed task probe in 7.915496826171875e-05 seconds.
worker: completed task probe in 7.43865966796875e-05 seconds.
worker: completed task probe in 8.559226989746094e-05 seconds.
worker: completed task probe in 8.058547973632812e-05 seconds.
worker: completed task probe in 7.677078247070312e-05 seconds.
worker: completed task probe in 7.557868957519531e-05 seconds.
worker: completed task probe in 7.43865966796875e-05 seconds.
worker: completed task probe in 7.486343383789062e-05 seconds.
worker: completed task probe in 7.414817810058594e-05 seconds.
worker: completed task probe in 8.034706115722656e-05 seconds.
worker: completed task probe in 7.939338684082031e-05 seconds.
worker: completed task probe in 9.036064147949219e-05 seconds.
worker: completed task probe in 9.822845458984375e-05 seconds.
worker: completed task probe in 0.00012731552124023438 seconds.
worker: completed task probe in 8.749961853027344e-05 seconds.
worker: completed task probe in 8.0108642578125e-05 seconds.
worker: completed task links in 0.006392240524291992 seconds.
worker: completed task generators in 0.007043123245239258 seconds.
worker: completed task links in 13.763129711151123 seconds.
worker: completed task check_compliance in 0.25557446479797363 seconds.
worker: completed task check_anomalies in 0.0019757747650146484 seconds.
worker: completed task report in 0.0007846355438232422 seconds.
worker: initiate stopping
worker: completed task stop in 1.507352590560913 seconds.
worker: stop handler after 18.055917739868164 seconds.
master: close receiving socket
master: join queue
master: join handler thread
master: finished run
master: stop reporter
