backend: netplumber {'impl': 'authors+fave', 'upstream': 'hassel-public master 697b35c9'}
master: open and bind unix socket
master: start handler thread
master: listen on socket
worker: completed task switch in 0.00038504600524902344 seconds.
worker: completed task switch in 9.465217590332031e-05 seconds.
worker: completed task switch in 0.00012111663818359375 seconds.
worker: completed task switch in 6.413459777832031e-05 seconds.
worker: completed task switch in 8.511543273925781e-05 seconds.
worker: completed task switch in 5.459785461425781e-05 seconds.
worker: completed task switch in 8.392333984375e-05 seconds.
worker: completed task switch in 4.839897155761719e-05 seconds.
worker: completed task switch in 8.225440979003906e-05 seconds.
worker: completed task switch in 5.340576171875e-05 seconds.
worker: completed task switch in 8.702278137207031e-05 seconds.
worker: completed task switch in 5.7697296142578125e-05 seconds.
worker: completed task switch in 7.772445678710938e-05 seconds.
worker: completed task switch in 6.651878356933594e-05 seconds.
worker: completed task switch in 7.414817810058594e-05 seconds.
worker: completed task switch in 6.651878356933594e-05 seconds.
worker: completed task switch in 8.678436279296875e-05 seconds.
worker: completed task switch in 7.62939453125e-05 seconds.
worker: completed task switch in 4.8160552978515625e-05 seconds.
worker: completed task switch in 7.987022399902344e-05 seconds.
worker: completed task switch in 5.91278076171875e-05 seconds.
worker: completed task switch in 9.679794311523438e-05 seconds.
worker: completed task switch in 4.982948303222656e-05 seconds.
worker: completed task switch in 8.320808410644531e-05 seconds.
worker: completed task switch in 5.91278076171875e-05 seconds.
worker: completed task switch in 7.772445678710938e-05 seconds.
worker: completed task switch in 5.2928924560546875e-05 seconds.
worker: completed task switch in 7.843971252441406e-05 seconds.
worker: completed task switch in 5.817413330078125e-05 seconds.
worker: completed task switch in 7.486343383789062e-05 seconds.
worker: completed task switch in 4.863739013671875e-05 seconds.
worker: completed task switch in 9.512901306152344e-05 seconds.
worker: completed task switch in 5.626678466796875e-05 seconds.
worker: completed task switch in 7.343292236328125e-05 seconds.
worker: completed task switch in 6.0558319091796875e-05 seconds.
worker: completed task switch in 5.91278076171875e-05 seconds.
worker: completed task switch in 0.00015878677368164062 seconds.
worker: completed task switch in 5.054473876953125e-05 seconds.
worker: completed task switch in 9.393692016601562e-05 seconds.
worker: completed task switch in 6.4849853515625e-05 seconds.
worker: completed task switch in 0.00010824203491210938 seconds.
worker: completed task switch in 4.9114227294921875e-05 seconds.
worker: completed task switch in 7.867813110351562e-05 seconds.
worker: completed task switch in 6.008148193359375e-05 seconds.
worker: completed task switch in 7.510185241699219e-05 seconds.
worker: completed task switch in 5.0067901611328125e-05 seconds.
worker: completed task switch in 7.605552673339844e-05 seconds.
worker: completed task switch in 5.650520324707031e-05 seconds.
worker: completed task switch in 9.655952453613281e-05 seconds.
worker: completed task switch in 5.245208740234375e-05 seconds.
worker: completed task switch in 8.177757263183594e-05 seconds.
worker: completed task switch in 5.698204040527344e-05 seconds.
worker: completed task switch in 4.9114227294921875e-05 seconds.
worker: completed task switch in 7.390975952148438e-05 seconds.
worker: completed task switch in 4.887580871582031e-05 seconds.
worker: completed task switch in 7.557868957519531e-05 seconds.
worker: completed task switch in 4.792213439941406e-05 seconds.
worker: completed task switch in 7.486343383789062e-05 seconds.
worker: completed task switch in 4.9114227294921875e-05 seconds.
worker: completed task switch in 7.176399230957031e-05 seconds.
worker: completed task switch in 4.5299530029296875e-05 seconds.
worker: completed task switch in 7.915496826171875e-05 seconds.
worker: completed task switch in 4.792213439941406e-05 seconds.
worker: completed task switch in 7.200241088867188e-05 seconds.
worker: completed task switch in 4.601478576660156e-05 seconds.
worker: completed task switch in 9.107589721679688e-05 seconds.
worker: completed task switch in 4.887580871582031e-05 seconds.
worker: completed task switch in 7.557868957519531e-05 seconds.
worker: completed task switch in 5.91278076171875e-05 seconds.
worker: completed task switch in 4.57763671875e-05 seconds.
worker: completed task switch in 7.653236389160156e-05 seconds.
worker: completed task switch in 4.482269287109375e-05 seconds.
worker: completed task switch in 8.344650268554688e-05 seconds.
worker: completed task switch in 4.506111145019531e-05 seconds.
worker: completed task switch in 7.009506225585938e-05 seconds.
worker: completed task switch in 4.8160552978515625e-05 seconds.
worker: completed task switch in 7.843971252441406e-05 seconds.
worker: completed task switch in 4.4345855712890625e-05 seconds.
worker: completed task switch in 7.2479248046875e-05 seconds.
worker: completed task switch in 4.839897155761719e-05 seconds.
worker: completed task switch in 7.295608520507812e-05 seconds.
worker: completed task switch in 4.673004150390625e-05 seconds.
worker: completed task switch in 0.00013327598571777344 seconds.
worker: completed task switch in 4.7206878662109375e-05 seconds.
worker: completed task switch in 7.104873657226562e-05 seconds.
worker: completed task switch in 5.340576171875e-05 seconds.
worker: completed task links in 0.005509138107299805 seconds.
worker: completed task switch_command in 0.0009467601776123047 seconds.
worker: completed task switch_command in 0.00023102760314941406 seconds.
worker: completed task switch_command in 0.0007719993591308594 seconds.
worker: completed task switch_command in 0.00021982192993164062 seconds.
worker: completed task switch_command in 0.0013666152954101562 seconds.
worker: completed task switch_command in 0.0012576580047607422 seconds.
worker: completed task switch_command in 0.0008075237274169922 seconds.
worker: completed task switch_command in 0.0011944770812988281 seconds.
worker: completed task switch_command in 0.00081634521484375 seconds.
worker: completed task switch_command in 0.0005135536193847656 seconds.
worker: completed task switch_command in 0.0006971359252929688 seconds.
worker: completed task switch_command in 0.0005452632904052734 seconds.
worker: completed task switch_command in 0.0007092952728271484 seconds.
worker: completed task switch_command in 0.0011959075927734375 seconds.
worker: completed task switch_command in 0.0007963180541992188 seconds.
worker: completed task switch_command in 0.001214742660522461 seconds.
worker: completed task switch_command in 0.0008168220520019531 seconds.
worker: completed task switch_command in 0.0004134178161621094 seconds.
worker: completed task switch_command in 0.0001442432403564453 seconds.
worker: completed task switch_command in 0.0007464885711669922 seconds.
worker: completed task switch_command in 0.00015664100646972656 seconds.
worker: completed task switch_command in 0.0006387233734130859 seconds.
worker: completed task switch_command in 0.0001533031463623047 seconds.
worker: completed task switch_command in 0.0006821155548095703 seconds.
worker: completed task switch_command in 0.0001552104949951172 seconds.
worker: completed task switch_command in 0.0006427764892578125 seconds.
worker: completed task switch_command in 0.00015044212341308594 seconds.
worker: completed task switch_command in 0.0006666183471679688 seconds.
worker: completed task switch_command in 0.0001392364501953125 seconds.
worker: completed task switch_command in 0.0006327629089355469 seconds.
worker: completed task switch_command in 0.00014257431030273438 seconds.
worker: completed task switch_command in 0.0006818771362304688 seconds.
worker: completed task switch_command in 0.00013828277587890625 seconds.
worker: completed task switch_command in 0.0006210803985595703 seconds.
worker: completed task switch_command in 0.0004711151123046875 seconds.
worker: completed task switch_command in 0.0001392364501953125 seconds.
worker: completed task switch_command in 0.0007164478302001953 seconds.
worker: completed task switch_command in 0.00013899803161621094 seconds.
worker: completed task switch_command in 0.0006308555603027344 seconds.
worker: completed task switch_command in 0.0007345676422119141 seconds.
worker: completed task switch_command in 0.0007212162017822266 seconds.
worker: completed task switch_command in 0.0007092952728271484 seconds.
worker: completed task switch_command in 0.0010197162628173828 seconds.
worker: completed task switch_command in 0.0001647472381591797 seconds.
worker: completed task switch_command in 0.0006673336029052734 seconds.
worker: completed task switch_command in 0.00015115737915039062 seconds.
worker: completed task switch_command in 0.0006699562072753906 seconds.
worker: completed task switch_command in 0.0007741451263427734 seconds.
worker: completed task switch_command in 0.0007266998291015625 seconds.
worker: completed task switch_command in 0.0007989406585693359 seconds.
worker: completed task switch_command in 0.0007421970367431641 seconds.
worker: completed task switch_command in 0.0003955364227294922 seconds.
worker: completed task switch_command in 0.0005910396575927734 seconds.
worker: completed task switch_command in 0.0007796287536621094 seconds.
worker: completed task switch_command in 0.0005984306335449219 seconds.
worker: completed task switch_command in 0.0007395744323730469 seconds.
worker: completed task switch_command in 0.0006098747253417969 seconds.
worker: completed task switch_command in 0.0007021427154541016 seconds.
worker: completed task switch_command in 0.0006024837493896484 seconds.
worker: completed task switch_command in 0.0007455348968505859 seconds.
worker: completed task switch_command in 0.0007646083831787109 seconds.
worker: completed task switch_command in 0.0007674694061279297 seconds.
worker: completed task switch_command in 0.0007436275482177734 seconds.
worker: completed task switch_command in 0.0007338523864746094 seconds.
worker: completed task switch_command in 0.0007588863372802734 seconds.
worker: completed task switch_command in 0.0007491111755371094 seconds.
worker: completed task switch_command in 0.0007531642913818359 seconds.
worker: completed task switch_command in 0.0007572174072265625 seconds.
worker: completed task switch_command in 0.000713348388671875 seconds.
worker: completed task switch_command in 0.0005252361297607422 seconds.
worker: completed task switch_command in 0.0007462501525878906 seconds.
worker: completed task switch_command in 0.0009279251098632812 seconds.
worker: completed task switch_command in 0.0007882118225097656 seconds.
worker: completed task switch_command in 0.0012764930725097656 seconds.
worker: completed task switch_command in 0.0008330345153808594 seconds.
worker: completed task switch_command in 0.0005075931549072266 seconds.
worker: completed task switch_command in 0.0006844997406005859 seconds.
worker: completed task switch_command in 0.0011067390441894531 seconds.
worker: completed task switch_command in 0.0007700920104980469 seconds.
worker: completed task switch_command in 0.0007603168487548828 seconds.
worker: completed task switch_command in 0.0007357597351074219 seconds.
worker: completed task switch_command in 0.00064849853515625 seconds.
worker: completed task switch_command in 0.0007958412170410156 seconds.
worker: completed task switch_command in 0.0007052421569824219 seconds.
worker: completed task switch_command in 0.0007257461547851562 seconds.
worker: completed task switch_command in 0.0009646415710449219 seconds.
worker: completed task probe in 0.00012421607971191406 seconds.
worker: completed task probe in 6.914138793945312e-05 seconds.
worker: completed task probe in 6.0558319091796875e-05 seconds.
worker: completed task probe in 5.269050598144531e-05 seconds.
worker: completed task probe in 5.841255187988281e-05 seconds.
worker: completed task probe in 4.982948303222656e-05 seconds.
worker: completed task probe in 4.982948303222656e-05 seconds.
worker: completed task probe in 4.9114227294921875e-05 seconds.
worker: completed task links in 0.00045609474182128906 seconds.
worker: completed task generators in 0.0004343986511230469 seconds.
worker: completed task links in 0.006180286407470703 seconds.
worker: completed task check_compliance in 0.0010409355163574219 seconds.
worker: completed task check_anomalies in 0.00015783309936523438 seconds.
worker: completed task report in 0.0007083415985107422 seconds.
worker: initiate stopping
worker: completed task stop in 0.0037021636962890625 seconds.
worker: stop handler after 1.8935999870300293 seconds.
master: close receiving socket
master: join queue
master: join handler thread
master: finished run
master: stop reporter
