backend: netplumber {'impl': 'authors+fave', 'upstream': 'hassel-public master 697b35c9'}
master: open and bind unix socket
master: start handler thread
master: listen on socket
worker: completed task packet_filter in 0.1949164867401123 seconds.
worker: completed task switch in 0.0010204315185546875 seconds.
worker: completed task switch in 0.00010204315185546875 seconds.
worker: completed task packet_filter in 0.010393857955932617 seconds.
worker: completed task packet_filter in 0.031539201736450195 seconds.
worker: completed task packet_filter in 0.0017688274383544922 seconds.
worker: completed task packet_filter in 0.0013327598571777344 seconds.
worker: completed task packet_filter in 0.0014324188232421875 seconds.
worker: completed task packet_filter in 0.001409769058227539 seconds.
worker: completed task packet_filter in 0.0016543865203857422 seconds.
worker: completed task packet_filter in 0.0013926029205322266 seconds.
worker: completed task packet_filter in 0.0013659000396728516 seconds.
worker: completed task switch in 6.461143493652344e-05 seconds.
worker: completed task packet_filter in 0.0022308826446533203 seconds.
worker: completed task packet_filter in 0.0022394657135009766 seconds.
worker: completed task packet_filter in 0.0027725696563720703 seconds.
worker: completed task packet_filter in 0.002336740493774414 seconds.
worker: completed task packet_filter in 0.0027151107788085938 seconds.
worker: completed task packet_filter in 0.0011000633239746094 seconds.
worker: completed task switch in 6.29425048828125e-05 seconds.
worker: completed task packet_filter in 0.0022454261779785156 seconds.
worker: completed task packet_filter in 0.002199411392211914 seconds.
worker: completed task packet_filter in 0.0027341842651367188 seconds.
worker: completed task packet_filter in 0.0022547245025634766 seconds.
worker: completed task packet_filter in 0.002798318862915039 seconds.
worker: completed task packet_filter in 0.001074075698852539 seconds.
worker: completed task switch in 5.9604644775390625e-05 seconds.
worker: completed task packet_filter in 0.0022830963134765625 seconds.
worker: completed task packet_filter in 0.0022139549255371094 seconds.
worker: completed task packet_filter in 0.0030357837677001953 seconds.
worker: completed task packet_filter in 0.0023071765899658203 seconds.
worker: completed task packet_filter in 0.0028345584869384766 seconds.
worker: completed task packet_filter in 0.0011022090911865234 seconds.
worker: completed task switch in 6.222724914550781e-05 seconds.
worker: completed task packet_filter in 0.002256155014038086 seconds.
worker: completed task packet_filter in 0.002281665802001953 seconds.
worker: completed task packet_filter in 0.0027489662170410156 seconds.
worker: completed task packet_filter in 0.002173900604248047 seconds.
worker: completed task packet_filter in 0.0027129650115966797 seconds.
worker: completed task packet_filter in 0.0010857582092285156 seconds.
worker: completed task switch in 6.103515625e-05 seconds.
worker: completed task packet_filter in 0.002252817153930664 seconds.
worker: completed task packet_filter in 0.0022156238555908203 seconds.
worker: completed task packet_filter in 0.0027458667755126953 seconds.
worker: completed task packet_filter in 0.0021915435791015625 seconds.
worker: completed task packet_filter in 0.002694845199584961 seconds.
worker: completed task packet_filter in 0.001070261001586914 seconds.
worker: completed task switch in 6.079673767089844e-05 seconds.
worker: completed task packet_filter in 0.0022220611572265625 seconds.
worker: completed task packet_filter in 0.002069234848022461 seconds.
worker: completed task packet_filter in 0.00299835205078125 seconds.
worker: completed task packet_filter in 0.0022122859954833984 seconds.
worker: completed task packet_filter in 0.002827167510986328 seconds.
worker: completed task packet_filter in 0.001116037368774414 seconds.
worker: completed task switch in 5.936622619628906e-05 seconds.
worker: completed task packet_filter in 0.0022563934326171875 seconds.
worker: completed task packet_filter in 0.002132892608642578 seconds.
worker: completed task packet_filter in 0.0027587413787841797 seconds.
worker: completed task packet_filter in 0.002267122268676758 seconds.
worker: completed task packet_filter in 0.002796649932861328 seconds.
worker: completed task packet_filter in 0.0010712146759033203 seconds.
worker: completed task switch in 7.05718994140625e-05 seconds.
worker: completed task packet_filter in 0.002177000045776367 seconds.
worker: completed task packet_filter in 0.0021479129791259766 seconds.
worker: completed task packet_filter in 0.002714872360229492 seconds.
worker: completed task packet_filter in 0.0023279190063476562 seconds.
worker: completed task packet_filter in 0.002747058868408203 seconds.
worker: completed task packet_filter in 0.0010936260223388672 seconds.
worker: completed task switch in 5.936622619628906e-05 seconds.
worker: completed task packet_filter in 0.0022656917572021484 seconds.
worker: completed task packet_filter in 0.00214385986328125 seconds.
worker: completed task packet_filter in 0.002988576889038086 seconds.
worker: completed task packet_filter in 0.0021860599517822266 seconds.
worker: completed task packet_filter in 0.0027680397033691406 seconds.
worker: completed task packet_filter in 0.0010569095611572266 seconds.
worker: completed task switch in 6.747245788574219e-05 seconds.
worker: completed task packet_filter in 0.0022492408752441406 seconds.
worker: completed task packet_filter in 0.0021600723266601562 seconds.
worker: completed task packet_filter in 0.0028188228607177734 seconds.
worker: completed task packet_filter in 0.002204418182373047 seconds.
worker: completed task packet_filter in 0.002729177474975586 seconds.
worker: completed task packet_filter in 0.0011096000671386719 seconds.
worker: completed task switch in 6.151199340820312e-05 seconds.
worker: completed task packet_filter in 0.0022618770599365234 seconds.
worker: completed task packet_filter in 0.002132415771484375 seconds.
worker: completed task packet_filter in 0.00275421142578125 seconds.
worker: completed task packet_filter in 0.002215862274169922 seconds.
worker: completed task packet_filter in 0.002866029739379883 seconds.
worker: completed task packet_filter in 0.0010750293731689453 seconds.
worker: completed task switch in 6.151199340820312e-05 seconds.
worker: completed task packet_filter in 0.002299070358276367 seconds.
worker: completed task packet_filter in 0.002279996871948242 seconds.
worker: completed task packet_filter in 0.0030145645141601562 seconds.
worker: completed task packet_filter in 0.0102081298828125 seconds.
worker: completed task packet_filter in 0.0027396678924560547 seconds.
worker: completed task packet_filter in 0.0011255741119384766 seconds.
worker: completed task switch in 6.794929504394531e-05 seconds.
worker: completed task packet_filter in 0.0022995471954345703 seconds.
worker: completed task packet_filter in 0.0022683143615722656 seconds.
worker: completed task packet_filter in 0.0027518272399902344 seconds.
worker: completed task packet_filter in 0.002190113067626953 seconds.
worker: completed task packet_filter in 0.002923250198364258 seconds.
worker: completed task packet_filter in 0.0014019012451171875 seconds.
worker: completed task switch in 6.318092346191406e-05 seconds.
worker: completed task packet_filter in 0.002608060836791992 seconds.
worker: completed task packet_filter in 0.002462625503540039 seconds.
worker: completed task packet_filter in 0.0030372142791748047 seconds.
worker: completed task packet_filter in 0.0024433135986328125 seconds.
worker: completed task packet_filter in 0.0029518604278564453 seconds.
worker: completed task packet_filter in 0.0011250972747802734 seconds.
worker: completed task switch in 8.106231689453125e-05 seconds.
worker: completed task packet_filter in 0.0026214122772216797 seconds.
worker: completed task packet_filter in 0.002279520034790039 seconds.
worker: completed task packet_filter in 0.0029468536376953125 seconds.
worker: completed task packet_filter in 0.0028591156005859375 seconds.
worker: completed task packet_filter in 0.0029494762420654297 seconds.
worker: completed task packet_filter in 0.0013270378112792969 seconds.
worker: completed task switch in 0.00012874603271484375 seconds.
worker: completed task packet_filter in 0.002228260040283203 seconds.
worker: completed task packet_filter in 0.0022058486938476562 seconds.
worker: completed task packet_filter in 0.0027952194213867188 seconds.
worker: completed task packet_filter in 0.002215862274169922 seconds.
worker: completed task packet_filter in 0.0027506351470947266 seconds.
worker: completed task packet_filter in 0.0010654926300048828 seconds.
worker: completed task switch in 6.103515625e-05 seconds.
worker: completed task packet_filter in 0.0024368762969970703 seconds.
worker: completed task packet_filter in 0.00225067138671875 seconds.
worker: completed task packet_filter in 0.0027594566345214844 seconds.
worker: completed task packet_filter in 0.0022301673889160156 seconds.
worker: completed task packet_filter in 0.0027923583984375 seconds.
worker: completed task packet_filter in 0.0010709762573242188 seconds.
worker: completed task switch in 6.079673767089844e-05 seconds.
worker: completed task packet_filter in 0.002452373504638672 seconds.
worker: completed task packet_filter in 0.002285480499267578 seconds.
worker: completed task packet_filter in 0.00278472900390625 seconds.
worker: completed task packet_filter in 0.0028133392333984375 seconds.
worker: completed task packet_filter in 0.0029511451721191406 seconds.
worker: completed task packet_filter in 0.0012969970703125 seconds.
worker: completed task switch in 0.00012159347534179688 seconds.
worker: completed task packet_filter in 0.0022497177124023438 seconds.
worker: completed task packet_filter in 0.0023441314697265625 seconds.
worker: completed task packet_filter in 0.0029096603393554688 seconds.
worker: completed task packet_filter in 0.0025053024291992188 seconds.
worker: completed task packet_filter in 0.0028879642486572266 seconds.
worker: completed task packet_filter in 0.0011513233184814453 seconds.
worker: completed task switch in 6.0558319091796875e-05 seconds.
worker: completed task packet_filter in 0.0022995471954345703 seconds.
worker: completed task packet_filter in 0.0023903846740722656 seconds.
worker: completed task packet_filter in 0.0029664039611816406 seconds.
worker: completed task packet_filter in 0.0022764205932617188 seconds.
worker: completed task packet_filter in 0.0030345916748046875 seconds.
worker: completed task packet_filter in 0.0012729167938232422 seconds.
worker: completed task switch in 6.29425048828125e-05 seconds.
worker: completed task packet_filter in 0.0024003982543945312 seconds.
worker: completed task packet_filter in 0.0022170543670654297 seconds.
worker: completed task packet_filter in 0.002911806106567383 seconds.
worker: completed task packet_filter in 0.0025877952575683594 seconds.
worker: completed task packet_filter in 0.0027577877044677734 seconds.
worker: completed task packet_filter in 0.0011124610900878906 seconds.
worker: completed task links in 0.011859416961669922 seconds.
worker: completed task switch_command in 0.018538236618041992 seconds.
worker: completed task switch_command in 0.0004410743713378906 seconds.
worker: completed task switch_command in 0.00015401840209960938 seconds.
worker: completed task switch_command in 0.00019979476928710938 seconds.
worker: completed task switch_command in 0.0001590251922607422 seconds.
worker: completed task switch_command in 0.00014591217041015625 seconds.
worker: completed task switch_command in 0.00014352798461914062 seconds.
worker: completed task switch_command in 0.00014710426330566406 seconds.
worker: completed task switch_command in 0.00013709068298339844 seconds.
worker: completed task switch_command in 0.00018525123596191406 seconds.
worker: completed task switch_command in 0.00018715858459472656 seconds.
worker: completed task switch_command in 0.00014281272888183594 seconds.
worker: completed task switch_command in 0.000308990478515625 seconds.
worker: completed task switch_command in 0.0001659393310546875 seconds.
worker: completed task switch_command in 0.00016117095947265625 seconds.
worker: completed task switch_command in 0.00016021728515625 seconds.
worker: completed task switch_command in 0.00015926361083984375 seconds.
worker: completed task switch_command in 0.00018715858459472656 seconds.
worker: completed task switch_command in 0.0001499652862548828 seconds.
worker: completed task switch_command in 0.00031256675720214844 seconds.
worker: completed task switch_command in 0.00016188621520996094 seconds.
worker: completed task switch_command in 0.00014734268188476562 seconds.
worker: completed task switch_command in 0.00020265579223632812 seconds.
worker: completed task switch_command in 0.0001595020294189453 seconds.
worker: completed task switch_command in 0.00016164779663085938 seconds.
worker: completed task switch_command in 0.00013971328735351562 seconds.
worker: completed task switch_command in 0.0002803802490234375 seconds.
worker: completed task switch_command in 0.000156402587890625 seconds.
worker: completed task switch_command in 0.00017142295837402344 seconds.
worker: completed task switch_command in 0.00016999244689941406 seconds.
worker: completed task switch_command in 0.00014829635620117188 seconds.
worker: completed task switch_command in 0.00015616416931152344 seconds.
worker: completed task switch_command in 0.00013685226440429688 seconds.
worker: completed task switch_command in 0.00029587745666503906 seconds.
worker: completed task switch_command in 0.00019550323486328125 seconds.
worker: completed task switch_command in 0.00016188621520996094 seconds.
worker: completed task switch_command in 0.00016188621520996094 seconds.
worker: completed task switch_command in 0.00014448165893554688 seconds.
worker: completed task switch_command in 0.00015926361083984375 seconds.
worker: completed task switch_command in 0.00013637542724609375 seconds.
worker: completed task switch_command in 0.0003018379211425781 seconds.
worker: completed task switch_command in 0.00015974044799804688 seconds.
worker: completed task switch_command in 0.00015425682067871094 seconds.
worker: completed task switch_command in 0.00015401840209960938 seconds.
worker: completed task switch_command in 0.00015854835510253906 seconds.
worker: completed task switch_command in 0.00015783309936523438 seconds.
worker: completed task switch_command in 0.00013494491577148438 seconds.
worker: completed task switch_command in 0.0003292560577392578 seconds.
worker: completed task switch_command in 0.00015783309936523438 seconds.
worker: completed task switch_command in 0.00016236305236816406 seconds.
worker: completed task switch_command in 0.0001575946807861328 seconds.
worker: completed task switch_command in 0.00015616416931152344 seconds.
worker: completed task switch_command in 0.00015687942504882812 seconds.
worker: completed task switch_command in 0.00014090538024902344 seconds.
worker: completed task switch_command in 0.00031113624572753906 seconds.
worker: completed task switch_command in 0.00015926361083984375 seconds.
worker: completed task switch_command in 0.00016164779663085938 seconds.
worker: completed task switch_command in 0.00015592575073242188 seconds.
worker: completed task switch_command in 0.00014901161193847656 seconds.
worker: completed task switch_command in 0.0001499652862548828 seconds.
worker: completed task switch_command in 0.00019741058349609375 seconds.
worker: completed task switch_command in 0.0003101825714111328 seconds.
worker: completed task switch_command in 0.00015473365783691406 seconds.
worker: completed task switch_command in 0.00014781951904296875 seconds.
worker: completed task switch_command in 0.00015306472778320312 seconds.
worker: completed task switch_command in 0.00015544891357421875 seconds.
worker: completed task switch_command in 0.0001761913299560547 seconds.
worker: completed task switch_command in 0.00017261505126953125 seconds.
worker: completed task switch_command in 0.0003116130828857422 seconds.
worker: completed task switch_command in 0.0001697540283203125 seconds.
worker: completed task switch_command in 0.0001652240753173828 seconds.
worker: completed task switch_command in 0.00016641616821289062 seconds.
worker: completed task switch_command in 0.0002009868621826172 seconds.
worker: completed task switch_command in 0.00016069412231445312 seconds.
worker: completed task switch_command in 0.00013947486877441406 seconds.
worker: completed task switch_command in 0.00029850006103515625 seconds.
worker: completed task switch_command in 0.00016570091247558594 seconds.
worker: completed task switch_command in 0.00015592575073242188 seconds.
worker: completed task switch_command in 0.0001633167266845703 seconds.
worker: completed task switch_command in 0.00015616416931152344 seconds.
worker: completed task switch_command in 0.0001575946807861328 seconds.
worker: completed task switch_command in 0.00013327598571777344 seconds.
worker: completed task switch_command in 0.0002932548522949219 seconds.
worker: completed task switch_command in 0.00015544891357421875 seconds.
worker: completed task switch_command in 0.00019311904907226562 seconds.
worker: completed task switch_command in 0.00016760826110839844 seconds.
worker: completed task switch_command in 0.0001461505889892578 seconds.
worker: completed task switch_command in 0.0001621246337890625 seconds.
worker: completed task switch_command in 0.000133514404296875 seconds.
worker: completed task switch_command in 0.0002925395965576172 seconds.
worker: completed task switch_command in 0.0001652240753173828 seconds.
worker: completed task switch_command in 0.0001590251922607422 seconds.
worker: completed task switch_command in 0.0001709461212158203 seconds.
worker: completed task switch_command in 0.00015020370483398438 seconds.
worker: completed task switch_command in 0.00015401840209960938 seconds.
worker: completed task switch_command in 0.00014019012451171875 seconds.
worker: completed task switch_command in 0.0006825923919677734 seconds.
worker: completed task switch_command in 0.00017023086547851562 seconds.
worker: completed task switch_command in 0.00015974044799804688 seconds.
worker: completed task switch_command in 0.0009214878082275391 seconds.
worker: completed task switch_command in 0.0001800060272216797 seconds.
worker: completed task switch_command in 0.00017404556274414062 seconds.
worker: completed task switch_command in 0.00015544891357421875 seconds.
worker: completed task switch_command in 0.0003027915954589844 seconds.
worker: completed task switch_command in 0.00015926361083984375 seconds.
worker: completed task switch_command in 0.00018930435180664062 seconds.
worker: completed task switch_command in 0.00018334388732910156 seconds.
worker: completed task switch_command in 0.00015664100646972656 seconds.
worker: completed task switch_command in 0.00017786026000976562 seconds.
worker: completed task switch_command in 0.00013709068298339844 seconds.
worker: completed task switch_command in 0.0003426074981689453 seconds.
worker: completed task switch_command in 0.0001838207244873047 seconds.
worker: completed task switch_command in 0.00017690658569335938 seconds.
worker: completed task switch_command in 0.0001614093780517578 seconds.
worker: completed task switch_command in 0.00015616416931152344 seconds.
worker: completed task switch_command in 0.00016880035400390625 seconds.
worker: completed task switch_command in 0.00014281272888183594 seconds.
worker: completed task switch_command in 0.00029659271240234375 seconds.
worker: completed task switch_command in 0.0001659393310546875 seconds.
worker: completed task switch_command in 0.00016069412231445312 seconds.
worker: completed task switch_command in 0.0001590251922607422 seconds.
worker: completed task switch_command in 0.00014925003051757812 seconds.
worker: completed task switch_command in 0.0001609325408935547 seconds.
worker: completed task switch_command in 0.0001652240753173828 seconds.
worker: completed task switch_command in 0.0003020763397216797 seconds.
worker: completed task switch_command in 0.00016617774963378906 seconds.
worker: completed task switch_command in 0.00015735626220703125 seconds.
worker: completed task switch_command in 0.00017142295837402344 seconds.
worker: completed task switch_command in 0.000152587890625 seconds.
worker: completed task switch_command in 0.00015783309936523438 seconds.
worker: completed task switch_command in 0.00013875961303710938 seconds.
worker: completed task switch_command in 0.0003070831298828125 seconds.
worker: completed task switch_command in 0.00018286705017089844 seconds.
worker: completed task switch_command in 0.00015854835510253906 seconds.
worker: completed task switch_command in 0.00015807151794433594 seconds.
worker: completed task switch_command in 0.00018095970153808594 seconds.
worker: completed task switch_command in 0.00016236305236816406 seconds.
worker: completed task switch_command in 0.0001480579376220703 seconds.
worker: completed task switch_command in 0.0002951622009277344 seconds.
worker: completed task switch_command in 0.00016069412231445312 seconds.
worker: completed task switch_command in 0.00015616416931152344 seconds.
worker: completed task switch_command in 0.0001990795135498047 seconds.
worker: completed task switch_command in 0.00018477439880371094 seconds.
worker: completed task switch_command in 0.00016880035400390625 seconds.
worker: completed task switch_command in 0.0001373291015625 seconds.
worker: completed task switch_command in 0.00029754638671875 seconds.
worker: completed task switch_command in 0.00016427040100097656 seconds.
worker: completed task switch_command in 0.0001995563507080078 seconds.
worker: completed task switch_command in 0.00022411346435546875 seconds.
worker: completed task switch_command in 0.00016641616821289062 seconds.
worker: completed task switch_command in 0.00015592575073242188 seconds.
worker: completed task switch_command in 0.00014019012451171875 seconds.
worker: completed task switch_command in 0.00029087066650390625 seconds.
worker: completed task switch_command in 0.00016117095947265625 seconds.
worker: completed task switch_command in 0.0001475811004638672 seconds.
worker: completed task switch_command in 0.0001671314239501953 seconds.
worker: completed task switch_command in 0.00019168853759765625 seconds.
worker: completed task switch_command in 0.0001678466796875 seconds.
worker: completed task switch_command in 0.00013947486877441406 seconds.
worker: completed task probe in 0.0001785755157470703 seconds.
worker: completed task probe in 0.00010752677917480469 seconds.
worker: completed task probe in 0.00013899803161621094 seconds.
worker: completed task probe in 0.00015163421630859375 seconds.
worker: completed task probe in 9.751319885253906e-05 seconds.
worker: completed task probe in 8.463859558105469e-05 seconds.
worker: completed task probe in 9.393692016601562e-05 seconds.
worker: completed task probe in 8.296966552734375e-05 seconds.
worker: completed task probe in 0.00010919570922851562 seconds.
worker: completed task probe in 9.1552734375e-05 seconds.
worker: completed task probe in 8.153915405273438e-05 seconds.
worker: completed task probe in 7.891654968261719e-05 seconds.
worker: completed task probe in 7.748603820800781e-05 seconds.
worker: completed task probe in 8.249282836914062e-05 seconds.
worker: completed task probe in 7.700920104980469e-05 seconds.
worker: completed task probe in 0.00010442733764648438 seconds.
worker: completed task probe in 0.0001289844512939453 seconds.
worker: completed task probe in 0.00012803077697753906 seconds.
worker: completed task probe in 0.00010061264038085938 seconds.
worker: completed task probe in 8.249282836914062e-05 seconds.
worker: completed task probe in 8.106231689453125e-05 seconds.
worker: completed task probe in 7.796287536621094e-05 seconds.
worker: completed task probe in 8.845329284667969e-05 seconds.
worker: completed task probe in 8.606910705566406e-05 seconds.
worker: completed task probe in 7.82012939453125e-05 seconds.
worker: completed task probe in 8.225440979003906e-05 seconds.
worker: completed task probe in 9.274482727050781e-05 seconds.
worker: completed task probe in 7.843971252441406e-05 seconds.
worker: completed task probe in 8.058547973632812e-05 seconds.
worker: completed task probe in 7.748603820800781e-05 seconds.
worker: completed task probe in 9.751319885253906e-05 seconds.
worker: completed task probe in 0.00012564659118652344 seconds.
worker: completed task probe in 0.000125885009765625 seconds.
worker: completed task probe in 9.131431579589844e-05 seconds.
worker: completed task probe in 8.273124694824219e-05 seconds.
worker: completed task probe in 8.535385131835938e-05 seconds.
worker: completed task probe in 7.724761962890625e-05 seconds.
worker: completed task probe in 7.700920104980469e-05 seconds.
worker: completed task probe in 7.557868957519531e-05 seconds.
worker: completed task probe in 7.581710815429688e-05 seconds.
worker: completed task probe in 7.939338684082031e-05 seconds.
worker: completed task probe in 7.677078247070312e-05 seconds.
worker: completed task probe in 7.581710815429688e-05 seconds.
worker: completed task probe in 8.511543273925781e-05 seconds.
worker: completed task probe in 7.843971252441406e-05 seconds.
worker: completed task probe in 0.00010323524475097656 seconds.
worker: completed task probe in 0.00011181831359863281 seconds.
worker: completed task probe in 0.0001399517059326172 seconds.
worker: completed task probe in 9.632110595703125e-05 seconds.
worker: completed task probe in 8.344650268554688e-05 seconds.
worker: completed task probe in 7.605552673339844e-05 seconds.
worker: completed task probe in 7.700920104980469e-05 seconds.
worker: completed task probe in 8.177757263183594e-05 seconds.
worker: completed task probe in 8.726119995117188e-05 seconds.
worker: completed task probe in 7.62939453125e-05 seconds.
worker: completed task probe in 7.891654968261719e-05 seconds.
worker: completed task probe in 7.62939453125e-05 seconds.
worker: completed task probe in 8.749961853027344e-05 seconds.
worker: completed task probe in 8.177757263183594e-05 seconds.
worker: completed task probe in 7.724761962890625e-05 seconds.
worker: completed task probe in 0.00010919570922851562 seconds.
worker: completed task probe in 0.00012421607971191406 seconds.
worker: completed task probe in 0.00010943412780761719 seconds.
worker: completed task probe in 9.989738464355469e-05 seconds.
worker: completed task probe in 9.036064147949219e-05 seconds.
worker: completed task probe in 7.82012939453125e-05 seconds.
worker: completed task probe in 8.440017700195312e-05 seconds.
worker: completed task probe in 7.724761962890625e-05 seconds.
worker: completed task probe in 7.653236389160156e-05 seconds.
worker: completed task probe in 7.534027099609375e-05 seconds.
worker: completed task probe in 8.082389831542969e-05 seconds.
worker: completed task probe in 7.62939453125e-05 seconds.
worker: completed task probe in 7.653236389160156e-05 seconds.
worker: completed task probe in 8.034706115722656e-05 seconds.
worker: completed task probe in 8.749961853027344e-05 seconds.
worker: completed task probe in 0.00010561943054199219 seconds.
worker: completed task probe in 0.00012564659118652344 seconds.
worker: completed task probe in 0.00015664100646972656 seconds.
worker: completed task probe in 0.00010013580322265625 seconds.
worker: completed task probe in 8.20159912109375e-05 seconds.
worker: completed task probe in 8.440017700195312e-05 seconds.
worker: completed task probe in 7.62939453125e-05 seconds.
worker: completed task probe in 7.867813110351562e-05 seconds.
worker: completed task probe in 8.487701416015625e-05 seconds.
worker: completed task probe in 7.867813110351562e-05 seconds.
worker: completed task probe in 7.557868957519531e-05 seconds.
worker: completed task probe in 7.534027099609375e-05 seconds.
worker: completed task probe in 8.630752563476562e-05 seconds.
worker: completed task probe in 8.106231689453125e-05 seconds.
worker: completed task probe in 7.486343383789062e-05 seconds.
worker: completed task probe in 9.131431579589844e-05 seconds.
worker: completed task probe in 9.250640869140625e-05 seconds.
worker: completed task probe in 0.000118255615234375 seconds.
worker: completed task probe in 0.00011110305786132812 seconds.
worker: completed task probe in 9.465217590332031e-05 seconds.
worker: completed task probe in 8.177757263183594e-05 seconds.
worker: completed task probe in 7.915496826171875e-05 seconds.
worker: completed task probe in 8.630752563476562e-05 seconds.
worker: completed task probe in 7.581710815429688e-05 seconds.
worker: completed task probe in 7.700920104980469e-05 seconds.
worker: completed task probe in 8.20159912109375e-05 seconds.
worker: completed task probe in 7.772445678710938e-05 seconds.
worker: completed task probe in 7.605552673339844e-05 seconds.
worker: completed task probe in 8.821487426757812e-05 seconds.
worker: completed task probe in 8.821487426757812e-05 seconds.
worker: completed task probe in 8.0108642578125e-05 seconds.
worker: completed task probe in 0.00011181831359863281 seconds.
worker: completed task probe in 9.965896606445312e-05 seconds.
worker: completed task probe in 0.00011897087097167969 seconds.
worker: completed task probe in 9.870529174804688e-05 seconds.
worker: completed task probe in 8.130073547363281e-05 seconds.
worker: completed task probe in 7.82012939453125e-05 seconds.
worker: completed task probe in 7.939338684082031e-05 seconds.
worker: completed task probe in 7.557868957519531e-05 seconds.
worker: completed task probe in 8.225440979003906e-05 seconds.
worker: completed task probe in 7.939338684082031e-05 seconds.
worker: completed task probe in 7.748603820800781e-05 seconds.
worker: completed task probe in 8.249282836914062e-05 seconds.
worker: completed task probe in 8.821487426757812e-05 seconds.
worker: completed task probe in 7.724761962890625e-05 seconds.
worker: completed task probe in 8.440017700195312e-05 seconds.
worker: completed task probe in 0.00011181831359863281 seconds.
worker: completed task probe in 0.0001049041748046875 seconds.
worker: completed task probe in 0.00011372566223144531 seconds.
worker: completed task probe in 0.00011420249938964844 seconds.
worker: completed task probe in 9.1552734375e-05 seconds.
worker: completed task probe in 8.082389831542969e-05 seconds.
worker: completed task probe in 8.058547973632812e-05 seconds.
worker: completed task probe in 7.653236389160156e-05 seconds.
worker: completed task probe in 7.510185241699219e-05 seconds.
worker: completed task probe in 7.963180541992188e-05 seconds.
worker: completed task probe in 7.796287536621094e-05 seconds.
worker: completed task probe in 7.677078247070312e-05 seconds.
worker: completed task probe in 7.510185241699219e-05 seconds.
worker: completed task probe in 7.677078247070312e-05 seconds.
worker: completed task probe in 8.225440979003906e-05 seconds.
worker: completed task probe in 8.0108642578125e-05 seconds.
worker: completed task links in 0.006233692169189453 seconds.
worker: completed task generators in 0.00726771354675293 seconds.
worker: completed task links in 13.14799165725708 seconds.
worker: completed task check_compliance in 0.25368332862854004 seconds.
worker: completed task check_anomalies in 0.0017669200897216797 seconds.
worker: completed task report in 0.0006377696990966797 seconds.
worker: initiate stopping
worker: completed task stop in 1.4631075859069824 seconds.
worker: stop handler after 17.383788108825684 seconds.
master: close receiving socket
master: join queue
master: join handler thread
master: finished run
master: stop reporter
